10:25:40.795 AM [player] request The Magicians — S1 E1 · Unauthorized Magic — http://192.168.1.250:8093/stream/8
10:25:40.795 AM [player] file TV/The Magicians (2015)/Season 1/The Magicians (2015) - 1x01 - Unauthorized Magic.mp4 1920x1080 hdr=false video=h264 High audio=aac stereo
[DBG] Creating an input for playback'8'
10:25:40.803 AM [player] play() called
[DBG] using timeshift granularity of 50 MiB
[DBG] using default timeshift path
[DBG] `http://192.168.1.250:8093/stream/8' gives access `http' demux `any' path `192.168.1.250:8093/stream/8'
[DBG] creating access: http://192.168.1.250:8093/stream/8
[DBG] looking for access module matching "http": 2 candidates
[DBG] looking for keystore module matching "any": 1 candidates
[DBG] using keystore module "keychain"
[DBG] Lookup keychain entry for server 192.168.1.250
[WARN] lookup failed (-25300: 'Item not found')
[DBG] resolving 192.168.1.250 ...
[DBG] outgoing request:
GET /stream/8 HTTP/1.1
Host: 192.168.1.250:8093
Accept: */*
Accept-Language: en_US
User-Agent: VLC/4.0.0-dev LibVLC/4.0.0-dev
Range: bytes=0-


10:25:40.811 AM [player] state Opening at 0 ms
10:25:40.811 AM [player] buffering 0.0
[DBG] incoming response:
HTTP/1.1 206 Partial Content
Accept-Ranges: bytes
Content-Length: 3180161687
Content-Range: bytes 0-3180161686/3180161687
Content-Type: video/mp4
Last-Modified: Fri, 18 Apr 2025 14:27:12 GMT
Date: Mon, 14 Sep 2026 14:25:40 GMT


[DBG] removing "keystore" module "keychain"
[DBG] using access module "http"
[DBG] looking for stream_filter module matching "prefetch,cache": 2 candidates
[DBG] using 16777216 bytes buffer
[DBG] using stream_filter module "prefetch"
[DBG] looking for stream_filter module matching "any": 4 candidates
[DBG] no stream_filter modules matched with name any
[DBG] looking for stream_directory module matching "any": 0 candidates
[DBG] no stream_directory modules matched with name any
[DBG] attachment of directory-extractor failed for http://192.168.1.250:8093/stream/8
[DBG] looking for stream_filter module matching "record": 1 candidates
[DBG] using stream_filter module "record"
[DBG] creating demux "any", URL: http://192.168.1.250:8093/stream/8, path: (null)
[DBG] looking for demux module matching "any": 58 candidates
[DBG] resolving 192.168.1.250 ...
[DBG] outgoing request:
GET /stream/8 HTTP/1.1
Host: 192.168.1.250:8093
Accept: */*
Accept-Language: en_US
User-Agent: VLC/4.0.0-dev LibVLC/4.0.0-dev
If-Unmodified-Since: Fri, 18 Apr 2025 14:27:12 GMT
Range: bytes=3176848131-


[DBG] incoming response:
HTTP/1.1 206 Partial Content
Accept-Ranges: bytes
Content-Length: 3313556
Content-Range: bytes 3176848131-3180161686/3180161687
Content-Type: video/mp4
Last-Modified: Fri, 18 Apr 2025 14:27:12 GMT
Date: Mon, 14 Sep 2026 14:25:40 GMT


[DBG] connection failed
[DBG] end of stream
[DBG] dumping root Box "root"
[DBG] |   + ftyp size 32 offset 0
[DBG] |   + free size 8 offset 32
[DBG] |   + mdat size 3176848091 offset 40
[DBG] |   + moov size 3313556 offset 3176848131
[DBG] |   |   + mvhd size 108 offset 3176848139
[DBG] |   |   + trak size 1146792 offset 3176848247
[DBG] |   |   |   + tkhd size 92 offset 3176848255
[DBG] |   |   |   + edts size 48 offset 3176848347
[DBG] |   |   |   |   + elst size 40 offset 3176848355
[DBG] |   |   |   + mdia size 1146644 offset 3176848395
[DBG] |   |   |   |   + mdhd size 32 offset 3176848403
[DBG] |   |   |   |   + hdlr size 45 offset 3176848435
[DBG] |   |   |   |   + minf size 1146559 offset 3176848480
[DBG] |   |   |   |   |   + vmhd size 20 offset 3176848488
[DBG] |   |   |   |   |   + dinf size 36 offset 3176848508
[DBG] |   |   |   |   |   |   + dref size 28 offset 3176848516
[DBG] |   |   |   |   |   |   |   + url  size 12 offset 3176848532
[DBG] |   |   |   |   |   + stbl size 1146495 offset 3176848544
[DBG] |   |   |   |   |   |   + stsd size 203 offset 3176848552
[DBG] |   |   |   |   |   |   |   + avc1 size 187 offset 3176848568
[DBG] |   |   |   |   |   |   |   |   + avcC size 65 offset 3176848654
[DBG] |   |   |   |   |   |   |   |   + pasp size 16 offset 3176848719
[DBG] |   |   |   |   |   |   |   |   + btrt size 20 offset 3176848735
[DBG] |   |   |   |   |   |   + stts size 24 offset 3176848755
[DBG] |   |   |   |   |   |   + stss size 6268 offset 3176848779
[DBG] |   |   |   |   |   |   + ctts size 389832 offset 3176855047
[DBG] |   |   |   |   |   |   + stsc size 28 offset 3177244879
[DBG] |   |   |   |   |   |   + stsz size 375068 offset 3177244907
[DBG] |   |   |   |   |   |   + stco size 375064 offset 3177619975
[DBG] |   |   + trak size 2166550 offset 3177995039
[DBG] |   |   |   + tkhd size 92 offset 3177995047
[DBG] |   |   |   + edts size 36 offset 3177995139
[DBG] |   |   |   |   + elst size 28 offset 3177995147
[DBG] |   |   |   + mdia size 2166414 offset 3177995175
[DBG] |   |   |   |   + mdhd size 32 offset 3177995183
[DBG] |   |   |   |   + hdlr size 45 offset 3177995215
[DBG] |   |   |   |   + minf size 2166329 offset 3177995260
[DBG] |   |   |   |   |   + smhd size 16 offset 3177995268
[DBG] |   |   |   |   |   + dinf size 36 offset 3177995284
[DBG] |   |   |   |   |   |   + dref size 28 offset 3177995292
[DBG] |   |   |   |   |   |   |   + url  size 12 offset 3177995308
[DBG] |   |   |   |   |   + stbl size 2166269 offset 3177995320
[DBG] |   |   |   |   |   |   + stsd size 123 offset 3177995328
[DBG] |   |   |   |   |   |   |   + mp4a size 107 offset 3177995344
[DBG] |   |   |   |   |   |   |   |   + esds size 51 offset 3177995380
[DBG] |   |   |   |   |   |   |   |   + btrt size 20 offset 3177995431
[DBG] |   |   |   |   |   |   + stts size 268720 offset 3177995451
[DBG] |   |   |   |   |   |   + stsc size 983344 offset 3178264171
[DBG] |   |   |   |   |   |   + stsz size 538956 offset 3179247515
[DBG] |   |   |   |   |   |   + stco size 375064 offset 3179786471
[DBG] |   |   |   |   |   |   + sgpd size 26 offset 3180161535
[DBG] |   |   |   |   |   |   + sbgp size 28 offset 3180161561
[DBG] |   |   + udta size 98 offset 3180161589
[DBG] |   |   |   + meta size 90 offset 3180161597
[DBG] |   |   |   |   + hdlr size 33 offset 3180161609
[DBG] |   |   |   |   + ilst size 45 offset 3180161642
[DBG] |   |   |   |   |   + ctoo size 37 offset 3180161650
[DBG] |   |   |   |   |   |   + data size 29 offset 3180161658
[DBG] ISO Media (isom) version 512.
[DBG] found 2 tracks
[WARN] elst box found
[DBG]    - [0] duration=36ms media time=-1ms) rate=1.0
[DBG]    - [1] duration=3128526ms media time=33ms) rate=1.0
[DBG] track[Id 0x1] read 93762 chunk
[WARN] STTS table of 1 entries
[WARN] CTTS table of 48727 entries
[DBG] track[Id 0x1] read 93762 samples length:3128s
[DBG] selecting program id=0
[DBG] ES track added: 'video/1' (fourcc: 'h264')
[DBG] adding track[Id 0x1] video (enable) language undef
[WARN] elst box found
10:25:41.010 AM [player] track added video/1 type=1
[DBG]    - [0] duration=3128518ms media time=0ms) rate=1.0
[DBG] track[Id 0x2] read 93762 chunk
[WARN] STTS table of 33588 entries
[DBG] track[Id 0x2] read 134734 samples length:3128s
[DBG] ES track added: 'audio/2' (fourcc: 'mp4a')
[DBG] adding track[Id 0x2] audio (enable) language undef
10:25:41.015 AM [player] track added audio/2 type=0
[DBG] using demux module "mp4"
10:25:41.017 AM [player] length 3128562 ms
[DBG] looking for video decoder module matching "any": 14 candidates
[DBG] vout: none found
[DBG] vout change: decoder size
[DBG] vout change: visible size
[DBG] looking for text renderer module matching "freetype": 2 candidates
[DBG] using text renderer module "freetype"
[DBG] looking for video converter module matching "any": 13 candidates
[DBG] 32x32 (32x32) chroma: YUVA colorspace: Undefined -> 16x16 (16x16) chroma: RGBA colorspace: Undefined with scaling using Bicubic (good quality)
[DBG] using video converter module "swscale"
[DBG] looking for video converter module matching "any": 13 candidates
[DBG] YUVP to YUVA converter
[DBG] using video converter module "yuvp"
[DBG] Deinterlacing available
[DBG] deinterlace -1, mode auto, is_needed 0
[DBG] looking for vout window module matching "any": 2 candidates
[DBG] resized to 1920x1080
[DBG] using vout window module "uiview_window"
[DBG] looking for inhibit module matching "any": 1 candidates
[DBG] using inhibit module "uikit_inhibit"
[DBG] looking for decoder device module matching "any": 1 candidates
[DBG] using decoder device module "videotoolbox"
[DBG] new SPS parsed: 0
[DBG] new PPS parsed: 0
[WARN] forcing output chroma (kCVPixelFormatType): 420v
[INF] Using Video Toolbox to decode 'h264'
[DBG] using video decoder module "videotoolbox"
[DBG] ES track selected: 'video/1' (fourcc: 'h264')
[DBG] looking for audio decoder module matching "any": 15 candidates
[DBG] using Lavc63.1.100
[DBG] CPU flags: 0x00062360
10:25:41.028 AM [player] track selected type=1 selected=video/1 unselected=
[DBG] codec (aac) started
[DBG] using audio decoder module "avcodec"
[DBG] ES track selected: 'audio/2' (fourcc: 'mp4a')
[DBG] looking for meta reader module matching "any": 1 candidates
[DBG] no meta reader modules matched with name any
10:25:41.030 AM [player] track selected type=0 selected=audio/2 unselected=
[DBG] `http://192.168.1.250:8093/stream/8' successfully opened
[WARN] elst old=0 new=1
10:25:41.030 AM [player] state Playing at 0 ms
[DBG] elst (0) gives 0ms (movie)-> 0ms (track)
[DBG] track[Id 0x2] preroll offset: -1 samples
[DBG] resolving 192.168.1.250 ...
[DBG] outgoing request:
GET /stream/8 HTTP/1.1
Host: 192.168.1.250:8093
Accept: */*
Accept-Language: en_US
User-Agent: VLC/4.0.0-dev LibVLC/4.0.0-dev
If-Unmodified-Since: Fri, 18 Apr 2025 14:27:12 GMT
Range: bytes=48-


[DBG] incoming response:
HTTP/1.1 206 Partial Content
Accept-Ranges: bytes
Content-Length: 3180161639
Content-Range: bytes 48-3180161686/3180161687
Content-Type: video/mp4
Last-Modified: Fri, 18 Apr 2025 14:27:12 GMT
Date: Mon, 14 Sep 2026 14:25:41 GMT


[DBG] program(0): using clock source: 'audio'
[DBG] Buffering 0%
10:25:41.043 AM [player] buffering 0.0
[DBG] new PPS parsed: 0
[DBG] Buffering 2%
[DBG] Buffering 4%
[DBG] Buffering 6%
[DBG] reusing audio output
[DBG] Buffering 11%
[DBG] Buffering 13%
[DBG] Buffering 18%
[DBG] Buffering 20%
[DBG] Buffering 25%
[DBG] Buffering 27%
[DBG] Buffering 32%
[DBG] Buffering 34%
[DBG] Buffering 37%
[DBG] Buffering 41%
[DBG] Buffering 44%
[DBG] Buffering 48%
[DBG] session accepted first frame 69367
[DBG] Buffering 51%
[DBG] Buffering 55%
[DBG] Buffering 58%
[DBG] Buffering 60%
[DBG] Buffering 65%
[DBG] Buffering 67%
[DBG] Buffering 71%
[DBG] Buffering 74%
[DBG] Buffering 78%
[DBG] Buffering 81%
[DBG] Buffering 85%
[DBG] Buffering 88%
[DBG] Buffering 90%
[DBG] Buffering 95%
[DBG] Buffering 97%
10:25:41.050 AM [player] buffering 1.0
[DBG] Stream buffering done (1021 ms in 7 ms)
[DBG] output chroma (kCVPixelFormatType): 420v
[DBG] vout change: decoder size
[DBG] vout change: chroma
[DBG] requested window size: 1920x1080
[DBG] deinterlace -1, mode auto, is_needed 0
[DBG] Opening vout display wrapper
[DBG] looking for vout display module matching "any": 3 candidates
[DBG] using vout display module "samplebufferdisplay"
[DBG] original format sz 1920x1088, of (0,0), vsz 1920x1080, 4cc CVPN, sar 1:1, orient: normal
[DBG] removing "text renderer" module "freetype"
[DBG] looking for text renderer module matching "freetype": 2 candidates
[DBG] using text renderer module "freetype"
[DBG] requested window size: 1920x1080
[DBG] resetting projection_mode to 0
[DBG] setting projection_mode to 0
[DBG] Received first picture
[DBG] resized to 3840x2160
[DBG] Output on HDMI, channel count: 2
[DBG] output 'f32l' 44100 Hz Stereo frame=1 samples/8 bytes
[DBG] looking for audio volume module matching "any": 2 candidates
[DBG] using audio volume module "float_mixer"
[DBG] input 'f32l' 44100 Hz Stereo frame=1 samples/8 bytes
[DBG] looking for audio filter module matching "scaletempo": 1 candidates
[DBG] format: 44100 rate, 2 nch, 4 bps, fl32
[DBG] params: 30 stride, 0.200 overlap, 14 search
[DBG] 1.000 scale, 1323.000 stride_in, 1323 stride_out, 1059 standing, 264 overlap, 617 search, 2204 queue, fl32 mode
[DBG] using audio filter module "scaletempo"
[DBG] conversion: 'f32l'->'f32l' 44100 Hz->44100 Hz Stereo->Stereo
[DBG] conversion pipeline complete
[DBG] conversion: 'f32l'->'f32l' 44100 Hz->44100 Hz Stereo->Stereo
[DBG] conversion pipeline complete
[DBG] looking for audio resampler module matching "soxr": 2 candidates
[DBG] Using SoX Resampler with 'cr32s' engine and 'Medium 16-bit with medium roll-off' quality to convert f32l/44100Hz to f32l/44100Hz.
[DBG] using audio resampler module "soxr"
[DBG] Decoder wait done in 42 ms
[DBG] deferring start (195658 us)
[DBG] deferring start (168454 us)
[DBG] deferring start (144957 us)
[DBG] deferring start (121576 us)
[DBG] deferring start (98075 us)
[DBG] deferring start (74694 us)
[DBG] deferring start (51310 us)
[DBG] deferring start (51049 us)
[DBG] deferring start (50888 us)
[DBG] deferring start (50730 us)
[DBG] deferring start (50571 us)
[DBG] deferring start (50404 us)
[DBG] deferring start (49946 us)
[DBG] deferring start (49654 us)
[DBG] deferring start (49500 us)
[DBG] deferring start (72525 us)
[DBG] deferring start (49175 us)
[DBG] deferring start (72202 us)
[DBG] deferring start (48850 us)
[DBG] deferring start (71837 us)
[DBG] deferring start (48477 us)
[DBG] deferring start (94670 us)
[DBG] deferring start (71314 us)
[DBG] deferring start (47954 us)
[DBG] deferring start (47804 us)
[DBG] deferring start (47657 us)
[DBG] deferring start (47494 us)
[DBG] deferring start (47335 us)
[DBG] deferring start (47133 us)
[DBG] deferring start (46919 us)
[DBG] deferring start (46721 us)
[DBG] deferring start (46569 us)
[DBG] deferring start (46431 us)
[DBG] deferring start (46286 us)
[DBG] deferring start (46135 us)
[DBG] deferring start (45969 us)
[DBG] deferring start (45840 us)
[DBG] deferring start (45687 us)
[DBG] deferring start (45524 us)
[DBG] deferring start (45372 us)
[DBG] deferring start (45223 us)
[DBG] deferring start (45074 us)
[DBG] deferring start (44909 us)
[DBG] deferring start (44732 us)
[DBG] deferring start (44572 us)
[DBG] deferring start (44414 us)
[DBG] deferring start (44283 us)
[DBG] deferring start (44136 us)
[DBG] deferring start (43991 us)
[DBG] deferring start (43848 us)
[DBG] deferring start (43695 us)
[DBG] deferring start (43534 us)
[DBG] deferring start (43385 us)
[DBG] deferring start (43240 us)
[DBG] deferring start (43087 us)
[DBG] started
10:26:12.358 AM [skip] +30 s (click) before=30657 ms target=60657 ms
[DBG] ES_OUT_RESET_PCR called
10:26:12.370 AM [player] buffering 0.0
[WARN] resetting master clock: coefficient too unstable: 1.236479
[DBG] elst (1) gives 60657ms (movie)-> 60654ms (track)
[DBG] track[Id 0x1] using Sync Sample Box (stss)
[DBG] stss gives 1817 --> 1800 (sample number)
[DBG] track[Id 0x1] sync point found sample 1800(-17)
[DBG] seeking with 594ms preroll (use input-fast-seek to avoid) to 60657000
[DBG] elst (0) gives 60062ms (movie)-> 60062ms (track)
[DBG] track[Id 0x2] preroll offset: -1 samples
[DBG] resolving 192.168.1.250 ...
[DBG] outgoing request:
GET /stream/8 HTTP/1.1
Host: 192.168.1.250:8093
Accept: */*
Accept-Language: en_US
User-Agent: VLC/4.0.0-dev LibVLC/4.0.0-dev
If-Unmodified-Since: Fri, 18 Apr 2025 14:27:12 GMT
Range: bytes=60220983-


[DBG] incoming response:
HTTP/1.1 206 Partial Content
Accept-Ranges: bytes
Content-Length: 3119940704
Content-Range: bytes 60220983-3180161686/3180161687
Content-Type: video/mp4
Last-Modified: Fri, 18 Apr 2025 14:27:12 GMT
Date: Mon, 14 Sep 2026 14:26:12 GMT


[DBG] connection failed
[DBG] Buffering 0%
10:26:12.478 AM [player] buffering 0.0
[DBG] Buffering 1%
[DBG] Buffering 2%
[DBG] Buffering 4%
[DBG] Buffering 5%
[DBG] Buffering 6%
[DBG] Buffering 7%
[DBG] Buffering 8%
[DBG] Buffering 9%
[DBG] Buffering 10%
[DBG] Buffering 11%
[DBG] Buffering 12%
[DBG] Buffering 14%
[DBG] Buffering 15%
[DBG] Buffering 16%
[DBG] Buffering 17%
[DBG] Buffering 18%
[DBG] Buffering 19%
[DBG] Buffering 20%
[DBG] Buffering 21%
[DBG] Buffering 22%
[DBG] Buffering 24%
[DBG] Buffering 25%
[DBG] Buffering 26%
[DBG] Buffering 27%
[DBG] Buffering 28%
[DBG] Buffering 29%
[DBG] Buffering 30%
[DBG] Buffering 31%
[DBG] Buffering 33%
[DBG] Buffering 34%
[DBG] Buffering 35%
[DBG] Buffering 37%
[DBG] Buffering 38%
[DBG] end of audio preroll
[DBG] Buffering 39%
[DBG] Buffering 41%
[DBG] Buffering 43%
[DBG] Buffering 44%
[DBG] Buffering 45%
[DBG] Buffering 47%
[DBG] Buffering 48%
[DBG] Buffering 49%
[DBG] Buffering 51%
[DBG] Buffering 52%
[DBG] Buffering 53%
[DBG] Buffering 54%
[DBG] Buffering 55%
[DBG] Buffering 56%
[DBG] Buffering 57%
[DBG] Buffering 58%
[DBG] Buffering 59%
[DBG] end of video preroll
[DBG] Received first picture
[DBG] Buffering 61%
[DBG] Buffering 62%
[DBG] Buffering 63%
[DBG] Buffering 65%
[DBG] Buffering 66%
[DBG] Buffering 67%
[DBG] Buffering 68%
[DBG] Buffering 69%
[DBG] Buffering 71%
[DBG] Buffering 72%
[DBG] Buffering 73%
[DBG] Buffering 75%
[DBG] Buffering 76%
[DBG] Buffering 77%
[DBG] Buffering 78%
[DBG] Buffering 80%
[DBG] Buffering 81%
[DBG] Buffering 82%
[DBG] Buffering 84%
[DBG] Buffering 85%
[DBG] Buffering 86%
[DBG] Buffering 88%
[DBG] Buffering 89%
[DBG] Buffering 90%
[DBG] Buffering 92%
[DBG] Buffering 94%
[DBG] Buffering 95%
[DBG] Buffering 96%
[DBG] Buffering 98%
[DBG] Buffering 99%
[DBG] Stream buffering done (1640 ms in 90 ms)
[DBG] Decoder wait done in 0 ms
10:26:12.569 AM [player] buffering 1.0
[DBG] deferring start (188272 us)
[DBG] deferring start (158847 us)
[DBG] deferring start (135228 us)
[DBG] deferring start (111634 us)
[DBG] deferring start (88105 us)
[DBG] deferring start (64505 us)
[DBG] deferring start (41011 us)
[DBG] deferring start (109938 us)
[DBG] deferring start (86389 us)
[DBG] deferring start (62859 us)
[DBG] deferring start (39312 us)
[DBG] deferring start (39098 us)
[DBG] deferring start (38888 us)
[DBG] deferring start (38677 us)
[DBG] deferring start (38481 us)
[DBG] deferring start (38275 us)
[DBG] deferring start (38088 us)
[DBG] deferring start (37809 us)
[DBG] deferring start (37563 us)
[DBG] deferring start (37289 us)
[DBG] deferring start (37032 us)
[DBG] deferring start (36836 us)
[DBG] deferring start (36646 us)
[DBG] deferring start (36442 us)
[DBG] deferring start (36233 us)
[DBG] deferring start (36017 us)
[DBG] deferring start (35824 us)
[DBG] deferring start (35608 us)
[DBG] deferring start (35269 us)
[DBG] deferring start (34970 us)
[DBG] deferring start (34694 us)
[DBG] deferring start (34431 us)
[DBG] deferring start (34200 us)
[DBG] deferring start (33975 us)
[DBG] deferring start (33728 us)
[DBG] deferring start (33477 us)
[DBG] deferring start (33253 us)
[DBG] deferring start (33023 us)
[DBG] deferring start (32808 us)
[DBG] deferring start (32601 us)
[DBG] deferring start (32377 us)
[DBG] deferring start (32173 us)
[DBG] deferring start (31960 us)
[DBG] deferring start (31752 us)
[DBG] deferring start (31527 us)
[DBG] deferring start (31302 us)
[DBG] deferring start (77405 us)
[DBG] deferring start (54004 us)
[DBG] deferring start (30603 us)
[DBG] deferring start (30374 us)
[DBG] deferring start (30157 us)
[DBG] deferring start (29946 us)
[DBG] started
[DBG] picture displayed late (missing 12 ms)
10:26:12.899 AM [skip] after=60657 ms
10:26:13.593 AM [skip] +30 s (click) before=60657 ms target=90657 ms
[DBG] ES_OUT_RESET_PCR called
10:26:13.598 AM [player] buffering 0.0
[DBG] elst (1) gives 90657ms (movie)-> 90654ms (track)
[DBG] track[Id 0x1] using Sync Sample Box (stss)
[DBG] stss gives 2716 --> 2700 (sample number)
[DBG] track[Id 0x1] sync point found sample 2700(-16)
[DBG] seeking with 564ms preroll (use input-fast-seek to avoid) to 90657000
[DBG] elst (0) gives 90092ms (movie)-> 90092ms (track)
[DBG] track[Id 0x2] preroll offset: -1 samples
[DBG] resolving 192.168.1.250 ...
[DBG] outgoing request:
GET /stream/8 HTTP/1.1
Host: 192.168.1.250:8093
Accept: */*
Accept-Language: en_US
User-Agent: VLC/4.0.0-dev LibVLC/4.0.0-dev
If-Unmodified-Since: Fri, 18 Apr 2025 14:27:12 GMT
Range: bytes=90977209-


[DBG] incoming response:
HTTP/1.1 206 Partial Content
Accept-Ranges: bytes
Content-Length: 3089184478
Content-Range: bytes 90977209-3180161686/3180161687
Content-Type: video/mp4
Last-Modified: Fri, 18 Apr 2025 14:27:12 GMT
Date: Mon, 14 Sep 2026 14:26:13 GMT


[DBG] connection failed
[DBG] Buffering 0%
10:26:13.727 AM [player] buffering 0.0
[DBG] Buffering 1%
[DBG] Buffering 2%
[DBG] Buffering 4%
[DBG] Buffering 5%
[DBG] Buffering 6%
[DBG] Buffering 7%
[DBG] Buffering 9%
[DBG] Buffering 10%
[DBG] Buffering 11%
[DBG] Buffering 13%
[DBG] Buffering 14%
[DBG] Buffering 15%
[DBG] Buffering 17%
[DBG] Buffering 18%
[DBG] Buffering 19%
[DBG] Buffering 20%
[DBG] Buffering 21%
[DBG] Buffering 23%
[DBG] Buffering 24%
[DBG] Buffering 25%
[DBG] Buffering 27%
[DBG] Buffering 28%
[DBG] Buffering 29%
[DBG] Buffering 30%
[DBG] Buffering 31%
[DBG] Buffering 33%
[DBG] Buffering 34%
[DBG] Buffering 35%
[DBG] Buffering 36%
[DBG] end of audio preroll
[DBG] Buffering 38%
[DBG] Buffering 40%
[DBG] Buffering 42%
[DBG] Buffering 43%
[DBG] Buffering 44%
[DBG] Buffering 46%
[DBG] Buffering 47%
[DBG] Buffering 48%
[DBG] Buffering 49%
[DBG] Buffering 50%
[DBG] Buffering 51%
[DBG] Buffering 52%
[DBG] Buffering 53%
[DBG] Buffering 54%
[DBG] Buffering 56%
[DBG] Buffering 57%
[DBG] Buffering 58%
[DBG] Buffering 59%
[DBG] Buffering 60%
[DBG] Buffering 62%
[DBG] end of video preroll
[DBG] Received first picture
[DBG] Buffering 63%
[DBG] Buffering 65%
[DBG] Buffering 66%
[DBG] Buffering 67%
[DBG] Buffering 69%
[DBG] Buffering 71%
[DBG] Buffering 72%
[DBG] Buffering 73%
[DBG] Buffering 75%
[DBG] Buffering 76%
[DBG] Buffering 77%
[DBG] Buffering 79%
[DBG] Buffering 80%
[DBG] Buffering 81%
[DBG] Buffering 82%
[DBG] Buffering 83%
[DBG] Buffering 85%
[DBG] Buffering 86%
[DBG] Buffering 87%
[DBG] Buffering 89%
[DBG] Buffering 90%
[DBG] Buffering 91%
[DBG] Buffering 92%
[DBG] Buffering 94%
[DBG] Buffering 95%
[DBG] Buffering 96%
[DBG] Buffering 98%
[DBG] Buffering 99%
[DBG] Stream buffering done (1613 ms in 86 ms)
[DBG] Decoder wait done in 0 ms
10:26:13.813 AM [player] buffering 1.0
[DBG] deferring start (835453 us)
[DBG] deferring start (807269 us)
[DBG] deferring start (783764 us)
[DBG] deferring start (760231 us)
[DBG] deferring start (736560 us)
[DBG] deferring start (713115 us)
[DBG] deferring start (689615 us)
[DBG] deferring start (666165 us)
[DBG] deferring start (642725 us)
[DBG] deferring start (619287 us)
[DBG] deferring start (595879 us)
[DBG] deferring start (572318 us)
[DBG] deferring start (548877 us)
[DBG] deferring start (525414 us)
[DBG] deferring start (501999 us)
[DBG] deferring start (478506 us)
[DBG] deferring start (455055 us)
[DBG] deferring start (431495 us)
[DBG] deferring start (408026 us)
[DBG] deferring start (384625 us)
[DBG] deferring start (361230 us)
[DBG] deferring start (337793 us)
[DBG] deferring start (314392 us)
[DBG] deferring start (290992 us)
[DBG] deferring start (267597 us)
[DBG] deferring start (244199 us)
[DBG] deferring start (220801 us)
[DBG] deferring start (197400 us)
[DBG] deferring start (173981 us)
[DBG] deferring start (150584 us)
[DBG] deferring start (127187 us)
[DBG] deferring start (103786 us)
[DBG] deferring start (80380 us)
[DBG] deferring start (56960 us)
[DBG] deferring start (33550 us)
[DBG] deferring start (33330 us)
[DBG] deferring start (33082 us)
[DBG] deferring start (32814 us)
[DBG] deferring start (32606 us)
[DBG] deferring start (32377 us)
[DBG] deferring start (32132 us)
[DBG] deferring start (31922 us)
[DBG] deferring start (31706 us)
[DBG] deferring start (31473 us)
[DBG] deferring start (31205 us)
[DBG] deferring start (30988 us)
[DBG] deferring start (30785 us)
[DBG] deferring start (30586 us)
[DBG] deferring start (30406 us)
[DBG] deferring start (30216 us)
[DBG] deferring start (30027 us)
[DBG] deferring start (29839 us)
[DBG] deferring start (29627 us)
[DBG] deferring start (29449 us)
[DBG] started
[DBG] picture displayed late (missing 16 ms)
10:26:14.112 AM [skip] after=90657 ms
[DBG] ES_OUT_RESET_PCR called
10:26:14.830 AM [skip] +30 s (click) before=90657 ms target=120657 ms
10:26:14.835 AM [player] buffering 0.0
[DBG] elst (1) gives 120657ms (movie)-> 120654ms (track)
[DBG] track[Id 0x1] using Sync Sample Box (stss)
[DBG] stss gives 3616 --> 3600 (sample number)
[DBG] track[Id 0x1] sync point found sample 3600(-16)
[DBG] seeking with 534ms preroll (use input-fast-seek to avoid) to 120657000
[DBG] elst (0) gives 120122ms (movie)-> 120122ms (track)
[DBG] track[Id 0x2] preroll offset: -1 samples
[DBG] resolving 192.168.1.250 ...
[DBG] outgoing request:
GET /stream/8 HTTP/1.1
Host: 192.168.1.250:8093
Accept: */*
Accept-Language: en_US
User-Agent: VLC/4.0.0-dev LibVLC/4.0.0-dev
If-Unmodified-Since: Fri, 18 Apr 2025 14:27:12 GMT
Range: bytes=121511337-


[DBG] incoming response:
HTTP/1.1 206 Partial Content
Accept-Ranges: bytes
Content-Length: 3058650350
Content-Range: bytes 121511337-3180161686/3180161687
Content-Type: video/mp4
Last-Modified: Fri, 18 Apr 2025 14:27:12 GMT
Date: Mon, 14 Sep 2026 14:26:14 GMT


[DBG] connection failed
[DBG] Buffering 0%
10:26:14.938 AM [player] buffering 0.0
[DBG] Buffering 1%
[DBG] Buffering 3%
[DBG] Buffering 4%
[DBG] Buffering 5%
[DBG] Buffering 7%
[DBG] Buffering 8%
[DBG] Buffering 9%
[DBG] Buffering 10%
[DBG] Buffering 11%
[DBG] Buffering 13%
[DBG] Buffering 14%
[DBG] Buffering 15%
[DBG] Buffering 16%
[DBG] Buffering 18%
[DBG] Buffering 19%
[DBG] Buffering 20%
[DBG] Buffering 22%
[DBG] Buffering 23%
[DBG] Buffering 24%
[DBG] Buffering 26%
[DBG] Buffering 27%
[DBG] Buffering 28%
[DBG] Buffering 29%
[DBG] Buffering 30%
[DBG] Buffering 32%
[DBG] Buffering 33%
[DBG] Buffering 34%
[DBG] Buffering 35%
[DBG] end of audio preroll
[DBG] Buffering 36%
[DBG] Buffering 38%
[DBG] Buffering 39%
[DBG] Buffering 41%
[DBG] Buffering 42%
[DBG] Buffering 43%
[DBG] Buffering 45%
[DBG] Buffering 46%
[DBG] Buffering 47%
[DBG] Buffering 48%
[DBG] Buffering 49%
[DBG] Buffering 51%
[DBG] Buffering 52%
[DBG] end of video preroll
[DBG] Received first picture
[DBG] Buffering 53%
[DBG] Buffering 54%
[DBG] Buffering 55%
[DBG] Buffering 57%
[DBG] Buffering 58%
[DBG] Buffering 60%
[DBG] Buffering 61%
[DBG] Buffering 62%
[DBG] Buffering 64%
[DBG] Buffering 66%
[DBG] Buffering 67%
[DBG] Buffering 68%
[DBG] Buffering 70%
[DBG] Buffering 71%
[DBG] Buffering 72%
[DBG] Buffering 73%
[DBG] Buffering 74%
[DBG] Buffering 76%
[DBG] Buffering 77%
[DBG] Buffering 79%
[DBG] Buffering 81%
[DBG] Buffering 83%
[DBG] Buffering 85%
[DBG] Buffering 86%
[DBG] Buffering 87%
[DBG] Buffering 89%
[DBG] Buffering 90%
[DBG] Buffering 91%
[DBG] Buffering 92%
[DBG] Buffering 93%
[DBG] Buffering 95%
[DBG] Buffering 96%
[DBG] Buffering 97%
[DBG] Buffering 98%
[DBG] Stream buffering done (1587 ms in 88 ms)
[DBG] Decoder wait done in 0 ms
10:26:15.027 AM [player] buffering 1.0
[DBG] deferring start (165044 us)
[DBG] deferring start (135275 us)
[DBG] deferring start (111732 us)
[DBG] deferring start (88180 us)
[DBG] deferring start (64587 us)
[DBG] deferring start (41068 us)
[DBG] deferring start (87093 us)
[DBG] deferring start (63616 us)
[DBG] deferring start (40170 us)
[DBG] deferring start (39712 us)
[DBG] deferring start (39434 us)
[DBG] deferring start (39146 us)
[DBG] deferring start (38888 us)
[DBG] deferring start (38624 us)
[DBG] deferring start (38408 us)
[DBG] deferring start (38200 us)
[DBG] deferring start (37975 us)
[DBG] deferring start (60741 us)
[DBG] deferring start (37181 us)
[DBG] deferring start (36949 us)
[DBG] deferring start (36750 us)
[DBG] deferring start (36427 us)
[DBG] deferring start (36090 us)
[DBG] deferring start (35805 us)
[DBG] deferring start (35543 us)
[DBG] deferring start (35302 us)
[DBG] deferring start (35042 us)
[DBG] deferring start (57893 us)
[DBG] deferring start (34423 us)
[DBG] deferring start (34092 us)
[DBG] deferring start (33855 us)
[DBG] deferring start (56850 us)
[DBG] deferring start (33506 us)
[DBG] deferring start (33351 us)
[DBG] deferring start (33224 us)
[DBG] deferring start (33108 us)
[DBG] deferring start (56169 us)
[DBG] deferring start (32847 us)
[DBG] deferring start (32701 us)
[DBG] deferring start (32590 us)
[DBG] deferring start (55642 us)
[DBG] deferring start (32052 us)
[DBG] deferring start (31878 us)
[DBG] deferring start (31776 us)
[DBG] deferring start (31637 us)
[DBG] deferring start (31490 us)
[DBG] deferring start (54569 us)
[DBG] deferring start (31219 us)
[DBG] deferring start (31123 us)
[DBG] deferring start (31021 us)
[DBG] deferring start (30927 us)
[DBG] deferring start (30835 us)
[DBG] deferring start (30745 us)
[DBG] deferring start (30477 us)
[DBG] deferring start (30259 us)
[DBG] started
10:26:15.360 AM [skip] after=120657 ms
[DBG] ES_OUT_RESET_PCR called
10:26:16.065 AM [skip] +30 s (click) before=120657 ms target=150657 ms
10:26:16.070 AM [player] buffering 0.0
[DBG] elst (1) gives 150657ms (movie)-> 150654ms (track)
[DBG] track[Id 0x1] using Sync Sample Box (stss)
[DBG] stss gives 4515 --> 4500 (sample number)
[DBG] track[Id 0x1] sync point found sample 4500(-15)
[DBG] seeking with 504ms preroll (use input-fast-seek to avoid) to 150657000
[DBG] elst (0) gives 150152ms (movie)-> 150152ms (track)
[DBG] track[Id 0x2] preroll offset: -1 samples
[DBG] resolving 192.168.1.250 ...
[DBG] outgoing request:
GET /stream/8 HTTP/1.1
Host: 192.168.1.250:8093
Accept: */*
Accept-Language: en_US
User-Agent: VLC/4.0.0-dev LibVLC/4.0.0-dev
If-Unmodified-Since: Fri, 18 Apr 2025 14:27:12 GMT
Range: bytes=151991555-


[DBG] incoming response:
HTTP/1.1 206 Partial Content
Accept-Ranges: bytes
Content-Length: 3028170132
Content-Range: bytes 151991555-3180161686/3180161687
Content-Type: video/mp4
Last-Modified: Fri, 18 Apr 2025 14:27:12 GMT
Date: Mon, 14 Sep 2026 14:26:16 GMT


[DBG] connection failed
[DBG] Buffering 0%
10:26:16.188 AM [player] buffering 0.0
[DBG] Buffering 1%
[DBG] Buffering 2%
[DBG] Buffering 3%
[DBG] Buffering 4%
[DBG] Buffering 6%
[DBG] Buffering 7%
[DBG] Buffering 8%
[DBG] Buffering 9%
[DBG] Buffering 10%
[DBG] Buffering 12%
[DBG] Buffering 13%
[DBG] Buffering 15%
[DBG] Buffering 16%
[DBG] Buffering 17%
[DBG] Buffering 18%
[DBG] Buffering 19%
[DBG] Buffering 21%
[DBG] Buffering 22%
[DBG] Buffering 23%
[DBG] Buffering 24%
[DBG] Buffering 26%
[DBG] Buffering 27%
[DBG] Buffering 28%
[DBG] Buffering 30%
[DBG] Buffering 31%
[DBG] Buffering 32%
[DBG] Buffering 33%
[DBG] Buffering 34%
[DBG] end of audio preroll
[DBG] Buffering 36%
[DBG] Buffering 37%
[DBG] Buffering 39%
[DBG] Buffering 41%
[DBG] Buffering 42%
[DBG] Buffering 43%
[DBG] Buffering 45%
[DBG] Buffering 46%
[DBG] Buffering 47%
[DBG] Buffering 48%
[DBG] Buffering 49%
[DBG] Buffering 51%
[DBG] Buffering 52%
[DBG] Buffering 54%
[DBG] Buffering 55%
[DBG] end of video preroll
[DBG] Received first picture
[DBG] Buffering 56%
[DBG] Buffering 57%
[DBG] Buffering 58%
[DBG] Buffering 60%
[DBG] Buffering 61%
[DBG] Buffering 62%
[DBG] Buffering 63%
[DBG] Buffering 65%
[DBG] Buffering 66%
[DBG] Buffering 67%
[DBG] Buffering 69%
[DBG] Buffering 70%
[DBG] Buffering 71%
[DBG] Buffering 72%
[DBG] Buffering 73%
[DBG] Buffering 75%
[DBG] Buffering 76%
[DBG] Buffering 78%
[DBG] Buffering 80%
[DBG] Buffering 81%
[DBG] Buffering 82%
[DBG] Buffering 84%
[DBG] Buffering 85%
[DBG] Buffering 86%
[DBG] Buffering 87%
[DBG] Buffering 88%
[DBG] Buffering 90%
[DBG] Buffering 91%
[DBG] Buffering 93%
[DBG] Buffering 95%
[DBG] Buffering 96%
[DBG] Buffering 97%
[DBG] Buffering 98%
[DBG] Buffering 99%
10:26:16.267 AM [player] buffering 1.0
[DBG] Stream buffering done (1555 ms in 78 ms)
[DBG] Decoder wait done in 0 ms
[DBG] deferring start (681484 us)
[DBG] deferring start (652244 us)
[DBG] deferring start (628692 us)
[DBG] deferring start (605234 us)
[DBG] deferring start (581751 us)
[DBG] deferring start (558302 us)
[DBG] deferring start (534887 us)
[DBG] deferring start (511448 us)
[DBG] deferring start (487782 us)
[DBG] deferring start (464242 us)
[DBG] deferring start (440819 us)
[DBG] deferring start (417395 us)
[DBG] deferring start (393827 us)
[DBG] deferring start (370355 us)
[DBG] deferring start (346910 us)
[DBG] deferring start (323491 us)
[DBG] deferring start (300081 us)
[DBG] deferring start (276630 us)
[DBG] deferring start (253115 us)
[DBG] deferring start (229619 us)
[DBG] deferring start (206085 us)
[DBG] deferring start (182677 us)
[DBG] deferring start (159266 us)
[DBG] deferring start (135864 us)
[DBG] deferring start (112449 us)
[DBG] deferring start (89030 us)
[DBG] deferring start (65613 us)
[DBG] deferring start (42182 us)
[DBG] deferring start (41934 us)
[DBG] deferring start (41708 us)
[DBG] deferring start (41491 us)
[DBG] deferring start (41255 us)
[DBG] deferring start (41023 us)
[DBG] deferring start (40741 us)
[DBG] deferring start (40531 us)
[DBG] deferring start (40329 us)
[DBG] deferring start (40123 us)
[DBG] deferring start (39914 us)
[DBG] deferring start (62879 us)
[DBG] deferring start (39459 us)
[DBG] deferring start (39176 us)
[DBG] deferring start (38950 us)
[DBG] deferring start (38712 us)
[DBG] deferring start (38498 us)
[DBG] deferring start (38279 us)
[DBG] deferring start (38026 us)
[DBG] deferring start (37841 us)
[DBG] deferring start (37660 us)
[DBG] deferring start (37482 us)
[DBG] deferring start (37265 us)
[DBG] deferring start (37061 us)
[DBG] deferring start (36872 us)
[DBG] deferring start (36684 us)
[DBG] deferring start (36498 us)
[DBG] deferring start (36297 us)
[DBG] started
10:26:16.575 AM [skip] after=150657 ms
[DBG] ES_OUT_RESET_PCR called
10:26:17.298 AM [skip] +30 s (click) before=150657 ms target=180657 ms
10:26:17.302 AM [player] buffering 0.0
[DBG] elst (1) gives 180657ms (movie)-> 180654ms (track)
[DBG] track[Id 0x1] using Sync Sample Box (stss)
[DBG] stss gives 5414 --> 5400 (sample number)
[DBG] track[Id 0x1] sync point found sample 5400(-14)
[DBG] seeking with 474ms preroll (use input-fast-seek to avoid) to 180657000
[DBG] elst (0) gives 180182ms (movie)-> 180182ms (track)
[DBG] track[Id 0x2] preroll offset: -1 samples
[DBG] resolving 192.168.1.250 ...
[DBG] outgoing request:
GET /stream/8 HTTP/1.1
Host: 192.168.1.250:8093
Accept: */*
Accept-Language: en_US
User-Agent: VLC/4.0.0-dev LibVLC/4.0.0-dev
If-Unmodified-Since: Fri, 18 Apr 2025 14:27:12 GMT
Range: bytes=182062987-


[DBG] incoming response:
HTTP/1.1 206 Partial Content
Accept-Ranges: bytes
Content-Length: 2998098700
Content-Range: bytes 182062987-3180161686/3180161687
Content-Type: video/mp4
Last-Modified: Fri, 18 Apr 2025 14:27:12 GMT
Date: Mon, 14 Sep 2026 14:26:17 GMT


[DBG] connection failed
[DBG] Buffering 0%
10:26:17.422 AM [player] buffering 0.0
[DBG] Buffering 1%
[DBG] Buffering 2%
[DBG] Buffering 3%
[DBG] Buffering 4%
[DBG] Buffering 6%
[DBG] Buffering 7%
[DBG] Buffering 9%
[DBG] Buffering 10%
[DBG] Buffering 11%
[DBG] Buffering 12%
[DBG] Buffering 13%
[DBG] Buffering 15%
[DBG] Buffering 16%
[DBG] Buffering 18%
[DBG] Buffering 20%
[DBG] Buffering 21%
[DBG] Buffering 22%
[DBG] Buffering 24%
[DBG] Buffering 26%
[DBG] Buffering 27%
[DBG] Buffering 29%
[DBG] Buffering 30%
[DBG] Buffering 31%
[DBG] Buffering 32%
[DBG] Buffering 33%
[DBG] Buffering 35%
[DBG] Buffering 36%
[DBG] end of audio preroll
[DBG] Buffering 37%
[DBG] Buffering 38%
[DBG] Buffering 40%
[DBG] Buffering 41%
[DBG] Buffering 42%
[DBG] Buffering 44%
[DBG] Buffering 45%
[DBG] Buffering 46%
[DBG] end of video preroll
[DBG] Buffering 47%
[DBG] Received first picture
[DBG] Buffering 48%
[DBG] Buffering 50%
[DBG] Buffering 51%
[DBG] Buffering 52%
[DBG] Buffering 53%
[DBG] Buffering 55%
[DBG] Buffering 56%
[DBG] Buffering 57%
[DBG] Buffering 58%
[DBG] Buffering 59%
[DBG] Buffering 61%
[DBG] Buffering 62%
[DBG] Buffering 64%
[DBG] Buffering 65%
[DBG] Buffering 66%
[DBG] Buffering 67%
[DBG] Buffering 68%
[DBG] Buffering 70%
[DBG] Buffering 71%
[DBG] Buffering 73%
[DBG] Buffering 75%
[DBG] Buffering 76%
[DBG] Buffering 77%
[DBG] Buffering 78%
[DBG] Buffering 79%
[DBG] Buffering 81%
[DBG] Buffering 82%
[DBG] Buffering 84%
[DBG] Buffering 86%
[DBG] Buffering 87%
[DBG] Buffering 88%
[DBG] Buffering 90%
[DBG] Buffering 91%
[DBG] Buffering 92%
[DBG] Buffering 93%
[DBG] Buffering 95%
[DBG] Buffering 96%
[DBG] Buffering 97%
[DBG] Buffering 99%
[DBG] Stream buffering done (1532 ms in 98 ms)
[DBG] Decoder wait done in 0 ms
10:26:17.521 AM [player] buffering 1.0
[DBG] deferring start (465800 us)
[DBG] deferring start (436824 us)
[DBG] deferring start (412881 us)
[DBG] deferring start (389349 us)
[DBG] deferring start (365738 us)
[DBG] deferring start (342234 us)
[DBG] deferring start (318497 us)
[DBG] deferring start (295012 us)
[DBG] deferring start (271588 us)
[DBG] deferring start (248181 us)
[DBG] deferring start (224736 us)
[DBG] deferring start (201088 us)
[DBG] deferring start (177638 us)
[DBG] deferring start (154147 us)
[DBG] deferring start (130696 us)
[DBG] deferring start (107280 us)
[DBG] deferring start (83872 us)
[DBG] deferring start (60473 us)
[DBG] deferring start (37063 us)
[DBG] deferring start (36840 us)
[DBG] deferring start (36629 us)
[DBG] deferring start (36427 us)
[DBG] deferring start (36173 us)
[DBG] deferring start (35759 us)
[DBG] deferring start (35264 us)
[DBG] deferring start (34947 us)
[DBG] deferring start (34691 us)
[DBG] deferring start (34414 us)
[DBG] deferring start (34194 us)
[DBG] deferring start (33950 us)
[DBG] deferring start (33715 us)
[DBG] deferring start (33493 us)
[DBG] deferring start (33226 us)
[DBG] deferring start (32859 us)
[DBG] deferring start (32524 us)
[DBG] deferring start (32250 us)
[DBG] deferring start (32022 us)
[DBG] deferring start (31737 us)
[DBG] deferring start (31511 us)
[DBG] deferring start (31293 us)
[DBG] deferring start (31088 us)
[DBG] deferring start (30874 us)
[DBG] deferring start (30663 us)
[DBG] deferring start (30434 us)
[DBG] deferring start (30215 us)
[DBG] deferring start (29990 us)
[DBG] deferring start (29772 us)
[DBG] deferring start (29514 us)
[DBG] deferring start (29295 us)
[DBG] deferring start (29101 us)
[DBG] deferring start (28881 us)
[DBG] deferring start (28660 us)
[DBG] deferring start (28442 us)
[DBG] deferring start (51379 us)
[DBG] deferring start (27999 us)
[DBG] deferring start (27815 us)
[DBG] deferring start (27640 us)
[DBG] started
10:26:17.834 AM [skip] after=180657 ms
[DBG] ES_OUT_RESET_PCR called
10:26:18.530 AM [skip] +30 s (click) before=180657 ms target=210657 ms
10:26:18.535 AM [player] buffering 0.0
[DBG] elst (1) gives 210657ms (movie)-> 210654ms (track)
[DBG] track[Id 0x1] using Sync Sample Box (stss)
[DBG] stss gives 6313 --> 6300 (sample number)
[DBG] track[Id 0x1] sync point found sample 6300(-13)
[DBG] seeking with 444ms preroll (use input-fast-seek to avoid) to 210657000
[DBG] elst (0) gives 210212ms (movie)-> 210212ms (track)
[DBG] track[Id 0x2] preroll offset: -1 samples
[DBG] resolving 192.168.1.250 ...
[DBG] outgoing request:
GET /stream/8 HTTP/1.1
Host: 192.168.1.250:8093
Accept: */*
Accept-Language: en_US
User-Agent: VLC/4.0.0-dev LibVLC/4.0.0-dev
If-Unmodified-Since: Fri, 18 Apr 2025 14:27:12 GMT
Range: bytes=213350164-


[DBG] incoming response:
HTTP/1.1 206 Partial Content
Accept-Ranges: bytes
Content-Length: 2966811523
Content-Range: bytes 213350164-3180161686/3180161687
Content-Type: video/mp4
Last-Modified: Fri, 18 Apr 2025 14:27:12 GMT
Date: Mon, 14 Sep 2026 14:26:18 GMT


[DBG] connection failed
[DBG] Buffering 0%
10:26:18.673 AM [player] buffering 0.0
[DBG] Buffering 1%
[DBG] Buffering 3%
[DBG] Buffering 4%
[DBG] Buffering 5%
[DBG] Buffering 6%
[DBG] Buffering 7%
[DBG] Buffering 9%
[DBG] Buffering 10%
[DBG] Buffering 12%
[DBG] Buffering 14%
[DBG] Buffering 15%
[DBG] Buffering 16%
[DBG] Buffering 17%
[DBG] Buffering 18%
[DBG] Buffering 20%
[DBG] Buffering 21%
[DBG] Buffering 23%
[DBG] Buffering 24%
[DBG] Buffering 25%
[DBG] Buffering 26%
[DBG] Buffering 27%
[DBG] Buffering 30%
[DBG] Buffering 31%
[DBG] Buffering 32%
[DBG] end of audio preroll
[DBG] Buffering 34%
[DBG] Buffering 35%
[DBG] Buffering 36%
[DBG] Buffering 37%
[DBG] Buffering 39%
[DBG] Buffering 40%
[DBG] Buffering 41%
[DBG] Buffering 43%
[DBG] Buffering 45%
[DBG] Buffering 46%
[DBG] Buffering 47%
[DBG] Buffering 48%
[DBG] Buffering 50%
[DBG] Buffering 51%
[DBG] Buffering 52%
[DBG] Buffering 54%
[DBG] end of video preroll
[DBG] Received first picture
[DBG] Buffering 55%
[DBG] Buffering 56%
[DBG] Buffering 57%
[DBG] Buffering 59%
[DBG] Buffering 60%
[DBG] Buffering 61%
[DBG] Buffering 62%
[DBG] Buffering 63%
[DBG] Buffering 65%
[DBG] Buffering 66%
[DBG] Buffering 68%
[DBG] Buffering 70%
[DBG] Buffering 71%
[DBG] Buffering 72%
[DBG] Buffering 73%
[DBG] Buffering 74%
[DBG] Buffering 76%
[DBG] Buffering 77%
[DBG] Buffering 79%
[DBG] Buffering 81%
[DBG] Buffering 82%
[DBG] Buffering 83%
[DBG] Buffering 85%
[DBG] Buffering 87%
[DBG] Buffering 88%
[DBG] Buffering 90%
[DBG] Buffering 91%
[DBG] Buffering 92%
[DBG] Buffering 93%
[DBG] Buffering 94%
[DBG] Buffering 96%
[DBG] Buffering 97%
[DBG] Buffering 99%
[DBG] Stream buffering done (1516 ms in 76 ms)
[DBG] Decoder wait done in 0 ms
10:26:18.750 AM [player] buffering 1.0
[DBG] deferring start (380074 us)
[DBG] deferring start (351681 us)
[DBG] deferring start (328153 us)
[DBG] deferring start (304679 us)
[DBG] deferring start (281248 us)
[DBG] deferring start (257698 us)
[DBG] deferring start (234277 us)
[DBG] deferring start (210850 us)
[DBG] deferring start (187378 us)
[DBG] deferring start (163948 us)
[DBG] deferring start (140556 us)
[DBG] deferring start (117158 us)
[DBG] deferring start (93757 us)
[DBG] deferring start (70360 us)
[DBG] deferring start (46965 us)
[DBG] deferring start (46765 us)
[DBG] deferring start (46571 us)
[DBG] deferring start (46337 us)
[DBG] deferring start (69283 us)
[DBG] deferring start (45794 us)
[DBG] deferring start (45545 us)
[DBG] deferring start (45277 us)
[DBG] deferring start (44945 us)
[DBG] deferring start (44706 us)
[DBG] deferring start (44469 us)
[DBG] deferring start (44252 us)
[DBG] deferring start (44027 us)
[DBG] deferring start (43754 us)
[DBG] deferring start (43420 us)
[DBG] deferring start (66227 us)
[DBG] deferring start (42781 us)
[DBG] deferring start (42561 us)
[DBG] deferring start (42271 us)
[DBG] deferring start (42022 us)
[DBG] deferring start (111464 us)
[DBG] deferring start (88098 us)
[DBG] deferring start (64775 us)
[DBG] deferring start (41439 us)
[DBG] deferring start (41339 us)
[DBG] deferring start (41206 us)
[DBG] deferring start (133817 us)
[DBG] deferring start (110485 us)
[DBG] deferring start (87163 us)
[DBG] deferring start (63813 us)
[DBG] deferring start (40296 us)
[DBG] deferring start (40155 us)
[DBG] deferring start (39939 us)
[DBG] deferring start (39828 us)
[DBG] deferring start (39704 us)
[DBG] deferring start (39539 us)
[DBG] deferring start (39366 us)
[DBG] deferring start (39253 us)
[DBG] deferring start (39122 us)
[DBG] deferring start (39001 us)
[DBG] deferring start (38904 us)
[DBG] deferring start (38798 us)
[DBG] deferring start (84974 us)
[DBG] deferring start (61581 us)
[DBG] deferring start (38193 us)
[DBG] started
[WARN] picture is too late to be displayed (missing 46 ms)
[DBG] picture displayed late (missing 13 ms)
10:26:19.051 AM [skip] after=210657 ms
10:26:19.766 AM [skip] +30 s (click) before=210657 ms target=240657 ms
[DBG] ES_OUT_RESET_PCR called
10:26:19.770 AM [player] buffering 0.0
[DBG] elst (1) gives 240657ms (movie)-> 240654ms (track)
[DBG] track[Id 0x1] using Sync Sample Box (stss)
[DBG] stss gives 7212 --> 7200 (sample number)
[DBG] track[Id 0x1] sync point found sample 7200(-12)
[DBG] seeking with 414ms preroll (use input-fast-seek to avoid) to 240657000
[DBG] elst (0) gives 240242ms (movie)-> 240242ms (track)
[DBG] track[Id 0x2] preroll offset: -1 samples
[DBG] resolving 192.168.1.250 ...
[DBG] outgoing request:
GET /stream/8 HTTP/1.1
Host: 192.168.1.250:8093
Accept: */*
Accept-Language: en_US
User-Agent: VLC/4.0.0-dev LibVLC/4.0.0-dev
If-Unmodified-Since: Fri, 18 Apr 2025 14:27:12 GMT
Range: bytes=243410760-


[DBG] incoming response:
HTTP/1.1 206 Partial Content
Accept-Ranges: bytes
Content-Length: 2936750927
Content-Range: bytes 243410760-3180161686/3180161687
Content-Type: video/mp4
Last-Modified: Fri, 18 Apr 2025 14:27:12 GMT
Date: Mon, 14 Sep 2026 14:26:19 GMT


[DBG] connection failed
[DBG] Buffering 0%
10:26:19.901 AM [player] buffering 0.0
[DBG] Buffering 1%
[DBG] Buffering 3%
[DBG] Buffering 4%
[DBG] Buffering 6%
[DBG] Buffering 8%
[DBG] Buffering 9%
[DBG] Buffering 10%
[DBG] Buffering 11%
[DBG] Buffering 12%
[DBG] Buffering 14%
[DBG] Buffering 15%
[DBG] Buffering 17%
[DBG] Buffering 18%
[DBG] Buffering 19%
[DBG] Buffering 20%
[DBG] Buffering 21%
[DBG] Buffering 22%
[DBG] Buffering 24%
[DBG] Buffering 25%
[DBG] Buffering 26%
[DBG] Buffering 28%
[DBG] Buffering 30%
[DBG] Buffering 31%
[DBG] end of audio preroll
[DBG] Buffering 33%
[DBG] Buffering 34%
[DBG] Buffering 35%
[DBG] Buffering 36%
[DBG] Buffering 37%
[DBG] Buffering 40%
[DBG] Buffering 41%
[DBG] Buffering 42%
[DBG] Buffering 44%
[DBG] Buffering 45%
[DBG] Buffering 46%
[DBG] Buffering 47%
[DBG] Buffering 49%
[DBG] Buffering 50%
[DBG] Buffering 51%
[DBG] end of video preroll
[DBG] Received first picture
[DBG] Buffering 52%
[DBG] Buffering 53%
[DBG] Buffering 55%
[DBG] Buffering 56%
[DBG] Buffering 58%
[DBG] Buffering 60%
[DBG] Buffering 61%
[DBG] Buffering 62%
[DBG] Buffering 63%
[DBG] Buffering 65%
[DBG] Buffering 66%
[DBG] Buffering 67%
[DBG] Buffering 69%
[DBG] Buffering 71%
[DBG] Buffering 72%
[DBG] Buffering 74%
[DBG] Buffering 76%
[DBG] Buffering 77%
[DBG] Buffering 78%
[DBG] Buffering 80%
[DBG] Buffering 82%
[DBG] Buffering 83%
[DBG] Buffering 85%
[DBG] Buffering 86%
[DBG] Buffering 87%
[DBG] Buffering 88%
[DBG] Buffering 90%
[DBG] Buffering 91%
[DBG] Buffering 92%
[DBG] Buffering 93%
[DBG] Buffering 94%
[DBG] Buffering 96%
[DBG] Buffering 97%
[DBG] Buffering 99%
[DBG] Stream buffering done (1490 ms in 70 ms)
[DBG] Decoder wait done in 0 ms
10:26:19.971 AM [player] buffering 1.0
[DBG] deferring start (420667 us)
[DBG] deferring start (392358 us)
[DBG] deferring start (368532 us)
[DBG] deferring start (345083 us)
[DBG] deferring start (321675 us)
[DBG] deferring start (298247 us)
[DBG] deferring start (274693 us)
[DBG] deferring start (251181 us)
[DBG] deferring start (227672 us)
[DBG] deferring start (204161 us)
[DBG] deferring start (180623 us)
[DBG] deferring start (157154 us)
[DBG] deferring start (133731 us)
[DBG] deferring start (110299 us)
[DBG] deferring start (86882 us)
[DBG] deferring start (63467 us)
[DBG] deferring start (39990 us)
[DBG] deferring start (39767 us)
[DBG] deferring start (39462 us)
[DBG] deferring start (62362 us)
[DBG] deferring start (38902 us)
[DBG] deferring start (38604 us)
[DBG] deferring start (38377 us)
[DBG] deferring start (38169 us)
[DBG] deferring start (37964 us)
[DBG] deferring start (37694 us)
[DBG] deferring start (37470 us)
[DBG] deferring start (37239 us)
[DBG] deferring start (37004 us)
[DBG] deferring start (36791 us)
[DBG] deferring start (36570 us)
[DBG] deferring start (36373 us)
[DBG] deferring start (36161 us)
[DBG] deferring start (35948 us)
[DBG] deferring start (35725 us)
[DBG] deferring start (35522 us)
[DBG] deferring start (35325 us)
[DBG] deferring start (35108 us)
[DBG] deferring start (34901 us)
[DBG] deferring start (34683 us)
[DBG] deferring start (34430 us)
[DBG] deferring start (34241 us)
[DBG] deferring start (34070 us)
[DBG] deferring start (33895 us)
[DBG] deferring start (33711 us)
[DBG] deferring start (33519 us)
[DBG] deferring start (33334 us)
[DBG] deferring start (33149 us)
[DBG] deferring start (32951 us)
[DBG] deferring start (32773 us)
[DBG] deferring start (32576 us)
[DBG] deferring start (32352 us)
[DBG] deferring start (55336 us)
[DBG] deferring start (31977 us)
[DBG] deferring start (31808 us)
[DBG] deferring start (31624 us)
[DBG] deferring start (31452 us)
[DBG] deferring start (31276 us)
[DBG] deferring start (31104 us)
[DBG] started
10:26:20.296 AM [skip] after=240657 ms
[DBG] ES_OUT_RESET_PCR called
10:26:21.009 AM [skip] +30 s (click) before=240657 ms target=270657 ms
10:26:21.013 AM [player] buffering 0.0
[DBG] elst (1) gives 270657ms (movie)-> 270654ms (track)
[DBG] track[Id 0x1] using Sync Sample Box (stss)
[DBG] stss gives 8111 --> 8100 (sample number)
[DBG] track[Id 0x1] sync point found sample 8100(-11)
[DBG] seeking with 384ms preroll (use input-fast-seek to avoid) to 270657000
[DBG] elst (0) gives 270272ms (movie)-> 270272ms (track)
[DBG] track[Id 0x2] preroll offset: -1 samples
[DBG] resolving 192.168.1.250 ...
[DBG] outgoing request:
GET /stream/8 HTTP/1.1
Host: 192.168.1.250:8093
Accept: */*
Accept-Language: en_US
User-Agent: VLC/4.0.0-dev LibVLC/4.0.0-dev
If-Unmodified-Since: Fri, 18 Apr 2025 14:27:12 GMT
Range: bytes=273991068-


[DBG] incoming response:
HTTP/1.1 206 Partial Content
Accept-Ranges: bytes
Content-Length: 2906170619
Content-Range: bytes 273991068-3180161686/3180161687
Content-Type: video/mp4
Last-Modified: Fri, 18 Apr 2025 14:27:12 GMT
Date: Mon, 14 Sep 2026 14:26:21 GMT


[DBG] connection failed
[DBG] Buffering 0%
10:26:21.132 AM [player] buffering 0.0
[DBG] Buffering 1%
[DBG] Buffering 2%
[DBG] Buffering 3%
[DBG] Buffering 5%
[DBG] Buffering 6%
[DBG] Buffering 7%
[DBG] Buffering 8%
[DBG] Buffering 9%
[DBG] Buffering 12%
[DBG] Buffering 13%
[DBG] Buffering 14%
[DBG] Buffering 16%
[DBG] Buffering 17%
[DBG] Buffering 19%
[DBG] Buffering 21%
[DBG] Buffering 22%
[DBG] Buffering 23%
[DBG] Buffering 24%
[DBG] Buffering 26%
[DBG] Buffering 27%
[DBG] Buffering 28%
[DBG] Buffering 29%
[DBG] end of audio preroll
[DBG] Buffering 30%
[DBG] Buffering 33%
[DBG] Buffering 34%
[DBG] Buffering 35%
[DBG] Buffering 37%
[DBG] Buffering 39%
[DBG] Buffering 40%
[DBG] Buffering 42%
[DBG] Buffering 44%
[DBG] Buffering 45%
[DBG] Buffering 47%
[DBG] Buffering 49%
[DBG] Buffering 50%
[DBG] end of video preroll
[DBG] Received first picture
[DBG] Buffering 51%
[DBG] Buffering 52%
[DBG] Buffering 54%
[DBG] Buffering 55%
[DBG] Buffering 56%
[DBG] Buffering 57%
[DBG] Buffering 58%
[DBG] Buffering 60%
[DBG] Buffering 61%
[DBG] Buffering 63%
[DBG] Buffering 65%
[DBG] Buffering 66%
[DBG] Buffering 68%
[DBG] Buffering 70%
[DBG] Buffering 71%
[DBG] Buffering 73%
[DBG] Buffering 75%
[DBG] Buffering 76%
[DBG] Buffering 77%
[DBG] Buffering 78%
[DBG] Buffering 80%
[DBG] Buffering 81%
[DBG] Buffering 82%
[DBG] Buffering 83%
[DBG] Buffering 84%
[DBG] Buffering 87%
[DBG] Buffering 88%
[DBG] Buffering 89%
[DBG] Buffering 91%
[DBG] Buffering 92%
[DBG] Buffering 94%
[DBG] Buffering 96%
[DBG] Buffering 97%
[DBG] Buffering 98%
[DBG] Buffering 99%
[DBG] Stream buffering done (1440 ms in 75 ms)
[DBG] Decoder wait done in 0 ms
10:26:21.208 AM [player] buffering 1.0
[DBG] deferring start (767157 us)
[DBG] deferring start (739353 us)
[DBG] deferring start (715772 us)
[DBG] deferring start (692307 us)
[DBG] deferring start (668820 us)
[DBG] deferring start (645343 us)
[DBG] deferring start (621772 us)
[DBG] deferring start (598339 us)
[DBG] deferring start (574935 us)
[DBG] deferring start (551531 us)
[DBG] deferring start (528121 us)
[DBG] deferring start (504715 us)
[DBG] deferring start (481313 us)
[DBG] deferring start (457906 us)
[DBG] deferring start (434483 us)
[DBG] deferring start (411038 us)
[DBG] deferring start (387600 us)
[DBG] deferring start (364166 us)
[DBG] deferring start (340654 us)
[DBG] deferring start (317249 us)
[DBG] deferring start (293840 us)
[DBG] deferring start (270431 us)
[DBG] deferring start (247015 us)
[DBG] deferring start (223600 us)
[DBG] deferring start (200190 us)
[DBG] deferring start (176772 us)
[DBG] deferring start (153358 us)
[DBG] deferring start (129944 us)
[DBG] deferring start (106539 us)
[DBG] deferring start (83131 us)
[DBG] deferring start (59715 us)
[DBG] deferring start (36302 us)
[DBG] deferring start (36087 us)
[DBG] deferring start (35879 us)
[DBG] deferring start (35645 us)
[DBG] deferring start (35437 us)
[DBG] deferring start (35220 us)
[DBG] deferring start (35000 us)
[DBG] deferring start (34776 us)
[DBG] deferring start (34576 us)
[DBG] deferring start (34387 us)
[DBG] deferring start (34201 us)
[DBG] deferring start (33905 us)
[DBG] deferring start (33712 us)
[DBG] deferring start (33527 us)
[DBG] deferring start (33346 us)
[DBG] deferring start (33170 us)
[DBG] deferring start (32914 us)
[DBG] deferring start (32653 us)
[DBG] deferring start (32465 us)
[DBG] deferring start (32293 us)
[DBG] deferring start (32124 us)
[DBG] deferring start (31911 us)
[DBG] deferring start (31712 us)
[DBG] deferring start (31550 us)
[DBG] deferring start (31386 us)
[DBG] deferring start (51177 us)
[DBG] deferring start (27776 us)
[DBG] deferring start (27598 us)
[DBG] deferring start (27369 us)
[DBG] deferring start (27181 us)
[DBG] started
[DBG] picture displayed late (missing 0 ms)
10:26:21.516 AM [skip] after=270657 ms
[DBG] ES_OUT_RESET_PCR called
10:26:22.245 AM [skip] +30 s (click) before=270657 ms target=300657 ms
10:26:22.250 AM [player] buffering 0.0
[DBG] elst (1) gives 300657ms (movie)-> 300654ms (track)
[DBG] track[Id 0x1] using Sync Sample Box (stss)
[DBG] stss gives 9010 --> 9000 (sample number)
[DBG] track[Id 0x1] sync point found sample 9000(-10)
[DBG] seeking with 354ms preroll (use input-fast-seek to avoid) to 300657000
[DBG] elst (0) gives 300302ms (movie)-> 300302ms (track)
[DBG] track[Id 0x2] preroll offset: -1 samples
[DBG] resolving 192.168.1.250 ...
[DBG] outgoing request:
GET /stream/8 HTTP/1.1
Host: 192.168.1.250:8093
Accept: */*
Accept-Language: en_US
User-Agent: VLC/4.0.0-dev LibVLC/4.0.0-dev
If-Unmodified-Since: Fri, 18 Apr 2025 14:27:12 GMT
Range: bytes=304666478-


[DBG] incoming response:
HTTP/1.1 206 Partial Content
Accept-Ranges: bytes
Content-Length: 2875495209
Content-Range: bytes 304666478-3180161686/3180161687
Content-Type: video/mp4
Last-Modified: Fri, 18 Apr 2025 14:27:12 GMT
Date: Mon, 14 Sep 2026 14:26:22 GMT


[DBG] connection failed
[DBG] Buffering 0%
10:26:22.365 AM [player] buffering 0.0
[DBG] Buffering 1%
[DBG] Buffering 3%
[DBG] Buffering 5%
[DBG] Buffering 6%
[DBG] Buffering 8%
[DBG] Buffering 10%
[DBG] Buffering 11%
[DBG] Buffering 12%
[DBG] Buffering 13%
[DBG] Buffering 15%
[DBG] Buffering 16%
[DBG] Buffering 17%
[DBG] Buffering 18%
[DBG] Buffering 19%
[DBG] Buffering 21%
[DBG] Buffering 22%
[DBG] Buffering 23%
[DBG] Buffering 24%
[DBG] Buffering 27%
[DBG] Buffering 28%
[DBG] end of audio preroll
[DBG] Buffering 29%
[DBG] Buffering 31%
[DBG] Buffering 33%
[DBG] Buffering 34%
[DBG] Buffering 36%
[DBG] Buffering 38%
[DBG] Buffering 39%
[DBG] Buffering 41%
[DBG] end of video preroll
[DBG] Received first picture
[DBG] Buffering 43%
[DBG] Buffering 44%
[DBG] Buffering 46%
[DBG] Buffering 48%
[DBG] Buffering 49%
[DBG] Buffering 50%
[DBG] Buffering 51%
[DBG] Buffering 53%
[DBG] Buffering 54%
[DBG] Buffering 55%
[DBG] Buffering 56%
[DBG] Buffering 58%
[DBG] Buffering 59%
[DBG] Buffering 60%
[DBG] Buffering 61%
[DBG] Buffering 62%
[DBG] Buffering 63%
[DBG] Buffering 65%
[DBG] Buffering 66%
[DBG] Buffering 67%
[DBG] Buffering 68%
[DBG] Buffering 69%
[DBG] Buffering 71%
[DBG] Buffering 72%
[DBG] Buffering 74%
[DBG] Buffering 76%
[DBG] Buffering 77%
[DBG] Buffering 79%
[DBG] Buffering 81%
[DBG] Buffering 82%
[DBG] Buffering 84%
[DBG] Buffering 86%
[DBG] Buffering 87%
[DBG] Buffering 89%
[DBG] Buffering 91%
[DBG] Buffering 92%
[DBG] Buffering 93%
[DBG] Buffering 94%
[DBG] Buffering 96%
[DBG] Buffering 97%
[DBG] Buffering 98%
[DBG] Buffering 99%
[DBG] Stream buffering done (1413 ms in 80 ms)
10:26:22.445 AM [player] buffering 1.0
[DBG] Decoder wait done in 0 ms
[DBG] deferring start (351302 us)
[DBG] deferring start (320714 us)
[DBG] deferring start (297069 us)
[DBG] deferring start (273462 us)
[DBG] deferring start (249750 us)
[DBG] deferring start (226099 us)
[DBG] deferring start (202638 us)
[DBG] deferring start (179131 us)
[DBG] deferring start (155663 us)
[DBG] deferring start (132194 us)
[DBG] deferring start (108620 us)
[DBG] deferring start (85136 us)
[DBG] deferring start (61493 us)
[DBG] deferring start (38017 us)
[DBG] deferring start (37754 us)
[DBG] deferring start (37451 us)
[DBG] deferring start (37190 us)
[DBG] deferring start (36996 us)
[DBG] deferring start (36803 us)
[DBG] deferring start (36583 us)
[DBG] deferring start (82692 us)
[DBG] deferring start (59229 us)
[DBG] deferring start (35745 us)
[DBG] deferring start (35538 us)
[DBG] deferring start (35323 us)
[DBG] deferring start (35126 us)
[DBG] deferring start (34927 us)
[DBG] deferring start (34730 us)
[DBG] deferring start (34533 us)
[DBG] deferring start (34347 us)
[DBG] deferring start (34138 us)
[DBG] deferring start (33950 us)
[DBG] deferring start (33726 us)
[DBG] deferring start (33516 us)
[DBG] deferring start (33203 us)
[DBG] deferring start (32860 us)
[DBG] deferring start (32603 us)
[DBG] deferring start (32329 us)
[DBG] deferring start (32096 us)
[DBG] deferring start (31865 us)
[DBG] deferring start (31618 us)
[DBG] deferring start (31381 us)
[DBG] deferring start (31108 us)
[DBG] deferring start (30894 us)
[DBG] deferring start (30666 us)
[DBG] deferring start (30433 us)
[DBG] deferring start (30207 us)
[DBG] deferring start (29976 us)
[DBG] deferring start (29764 us)
[DBG] deferring start (29463 us)
[DBG] deferring start (29256 us)
[DBG] deferring start (2544 us)
[DBG] deferring start (2163 us)
[DBG] deferring start (1822 us)
[DBG] deferring start (1537 us)
[DBG] deferring start (1260 us)
[DBG] deferring start (982 us)
[DBG] deferring start (724 us)
[DBG] deferring start (496 us)
[DBG] deferring start (293 us)
[DBG] deferring start (36 us)
[DBG] started
[DBG] picture displayed late (missing 5 ms)
10:26:22.773 AM [skip] after=300657 ms
[DBG] ES_OUT_RESET_PCR called
10:26:23.489 AM [skip] +30 s (click) before=300657 ms target=330657 ms
10:26:23.494 AM [player] buffering 0.0
[DBG] elst (1) gives 330657ms (movie)-> 330654ms (track)
[DBG] track[Id 0x1] using Sync Sample Box (stss)
[DBG] stss gives 9909 --> 9900 (sample number)
[DBG] track[Id 0x1] sync point found sample 9900(-9)
[DBG] seeking with 324ms preroll (use input-fast-seek to avoid) to 330657000
[DBG] elst (0) gives 330332ms (movie)-> 330332ms (track)
[DBG] track[Id 0x2] preroll offset: -1 samples
[DBG] resolving 192.168.1.250 ...
[DBG] outgoing request:
GET /stream/8 HTTP/1.1
Host: 192.168.1.250:8093
Accept: */*
Accept-Language: en_US
User-Agent: VLC/4.0.0-dev LibVLC/4.0.0-dev
If-Unmodified-Since: Fri, 18 Apr 2025 14:27:12 GMT
Range: bytes=335030748-


[DBG] incoming response:
HTTP/1.1 206 Partial Content
Accept-Ranges: bytes
Content-Length: 2845130939
Content-Range: bytes 335030748-3180161686/3180161687
Content-Type: video/mp4
Last-Modified: Fri, 18 Apr 2025 14:27:12 GMT
Date: Mon, 14 Sep 2026 14:26:23 GMT


[DBG] connection failed
[DBG] Buffering 0%
10:26:23.598 AM [player] buffering 0.0
[DBG] Buffering 1%
[DBG] Buffering 3%
[DBG] Buffering 5%
[DBG] Buffering 6%
[DBG] Buffering 8%
[DBG] Buffering 10%
[DBG] Buffering 11%
[DBG] Buffering 13%
[DBG] Buffering 15%
[DBG] Buffering 16%
[DBG] Buffering 18%
[DBG] Buffering 20%
[DBG] Buffering 21%
[DBG] Buffering 23%
[DBG] Buffering 25%
[DBG] Buffering 26%
[DBG] end of audio preroll
[DBG] Buffering 28%
[DBG] Buffering 30%
[DBG] Buffering 32%
[DBG] Buffering 33%
[DBG] Buffering 35%
[DBG] Buffering 37%
[DBG] Buffering 38%
[DBG] Buffering 40%
[DBG] Buffering 42%
[DBG] Buffering 43%
[DBG] end of video preroll
[DBG] Received first picture
[DBG] Buffering 44%
[DBG] Buffering 45%
[DBG] Buffering 47%
[DBG] Buffering 48%
[DBG] Buffering 49%
[DBG] Buffering 50%
[DBG] Buffering 52%
[DBG] Buffering 54%
[DBG] Buffering 55%
[DBG] Buffering 57%
[DBG] Buffering 59%
[DBG] Buffering 60%
[DBG] Buffering 61%
[DBG] Buffering 62%
[DBG] Buffering 64%
[DBG] Buffering 65%
[DBG] Buffering 66%
[DBG] Buffering 67%
[DBG] Buffering 69%
[DBG] Buffering 70%
[DBG] Buffering 71%
[DBG] Buffering 72%
[DBG] Buffering 74%
[DBG] Buffering 76%
[DBG] Buffering 77%
[DBG] Buffering 78%
[DBG] Buffering 79%
[DBG] Buffering 81%
[DBG] Buffering 82%
[DBG] Buffering 83%
[DBG] Buffering 84%
[DBG] Buffering 86%
[DBG] Buffering 87%
[DBG] Buffering 88%
[DBG] Buffering 89%
[DBG] Buffering 91%
[DBG] Buffering 93%
[DBG] Buffering 94%
[DBG] Buffering 95%
[DBG] Buffering 96%
[DBG] Buffering 98%
[DBG] Buffering 99%
[DBG] Stream buffering done (1386 ms in 84 ms)
[DBG] Decoder wait done in 0 ms
10:26:23.682 AM [player] buffering 1.0
[DBG] deferring start (236408 us)
[DBG] deferring start (205419 us)
[DBG] deferring start (181773 us)
[DBG] deferring start (158191 us)
[DBG] deferring start (134680 us)
[DBG] deferring start (110821 us)
[DBG] deferring start (87281 us)
[DBG] deferring start (63727 us)
[DBG] deferring start (40262 us)
[DBG] deferring start (39958 us)
[DBG] deferring start (39668 us)
[DBG] deferring start (39464 us)
[DBG] deferring start (39242 us)
[DBG] deferring start (39006 us)
[DBG] deferring start (38759 us)
[DBG] deferring start (38534 us)
[DBG] deferring start (38279 us)
[DBG] deferring start (38023 us)
[DBG] deferring start (37810 us)
[DBG] deferring start (37502 us)
[DBG] deferring start (37289 us)
[DBG] deferring start (37083 us)
[DBG] deferring start (36891 us)
[DBG] deferring start (59869 us)
[DBG] deferring start (36463 us)
[DBG] deferring start (244515 us)
[DBG] deferring start (221068 us)
[DBG] deferring start (197651 us)
[DBG] deferring start (174228 us)
[DBG] deferring start (150819 us)
[DBG] deferring start (127378 us)
[DBG] deferring start (103941 us)
[DBG] deferring start (80542 us)
[DBG] deferring start (57139 us)
[DBG] deferring start (33748 us)
[DBG] deferring start (33505 us)
[DBG] deferring start (33271 us)
[DBG] deferring start (33050 us)
[DBG] deferring start (32811 us)
[DBG] deferring start (55732 us)
[DBG] deferring start (32325 us)
[DBG] deferring start (32109 us)
[DBG] deferring start (31866 us)
[DBG] deferring start (31653 us)
[DBG] deferring start (31426 us)
[DBG] deferring start (31210 us)
[DBG] deferring start (30998 us)
[DBG] deferring start (54072 us)
[DBG] deferring start (30769 us)
[DBG] deferring start (30677 us)
[DBG] deferring start (30589 us)
[DBG] deferring start (30505 us)
[DBG] started
10:26:24.026 AM [skip] after=330657 ms
10:30:22.575 AM [player] dismiss at 568747 ms, state Playing
10:30:22.576 AM [player] state Stopping at 569285 ms
[DBG] killing decoder fourcc `h264'
[DBG] removing "video decoder" module "videotoolbox"
[DBG] saving a free vout
[DBG] ES track unselected: 'video/1' (fourcc: 'h264')
10:30:22.605 AM [player] track selected type=1 selected= unselected=video/1
[DBG] killing decoder fourcc `mp4a'
[DBG] removing "audio decoder" module "avcodec"
[DBG] removing "audio resampler" module "soxr"
[DBG] removing "audio filter" module "scaletempo"
[DBG] removing "audio volume" module "float_mixer"
[DBG] keeping audio output
[DBG] ES track unselected: 'audio/2' (fourcc: 'mp4a')
10:30:22.659 AM [player] track selected type=0 selected= unselected=audio/2
[DBG] removing "demux" module "mp4"
[DBG] freeing all memory
[DBG] ES track deleted: 'video/1' (fourcc: 'h264')
[DBG] ES track deleted: 'audio/2' (fourcc: 'mp4a')
[DBG] Program doesn't contain anymore ES
[DBG] removing "stream_filter" module "record"
[DBG] removing "stream_filter" module "prefetch"
[DBG] removing "access" module "http"
[DBG] connection failed
[DBG] stop free vout
10:30:22.661 AM [player] state Stopped at 569285 ms
