9:47:51.526 AM [player] request Divergent — Divergent (2014).mkv · 4K HDR · DTS 7.1 — http://192.168.1.250:8093/stream/1
9:47:51.526 AM [player] file Movies/Divergent/Divergent (2014).mkv 3840x1600 hdr=true video=hevc Main 10 audio=dts 7.1
[DBG] Creating an input for playback'1'
9:47:51.537 AM [player] play() called
[DBG] using timeshift granularity of 50 MiB
[DBG] using default timeshift path
[DBG] `http://192.168.1.250:8093/stream/1' gives access `http' demux `mkv_trusted' path `192.168.1.250:8093/stream/1'
[DBG] creating access: http://192.168.1.250:8093/stream/1
[DBG] looking for access module matching "http": 2 candidates
[DBG] looking for keystore module matching "any": 1 candidates
[DBG] using keystore module "keychain"
[DBG] Lookup keychain entry for server 192.168.1.250
[WARN] lookup failed (-25300: 'Item not found')
[DBG] resolving 192.168.1.250 ...
[DBG] outgoing request:
GET /stream/1 HTTP/1.1
Host: 192.168.1.250:8093
Accept: */*
Accept-Language: en_US
User-Agent: VLC/4.0.0-dev LibVLC/4.0.0-dev
Range: bytes=0-


9:47:51.547 AM [player] state Opening at 0 ms
9:47:51.547 AM [player] buffering 0.0
[DBG] incoming response:
HTTP/1.1 206 Partial Content
Accept-Ranges: bytes
Content-Length: 13214700163
Content-Range: bytes 0-13214700162/13214700163
Content-Type: video/x-matroska
Last-Modified: Tue, 04 May 2021 22:49:24 GMT
Date: Mon, 14 Sep 2026 13:47:51 GMT


[DBG] removing "keystore" module "keychain"
[DBG] using access module "http"
[DBG] looking for stream_filter module matching "prefetch,cache": 2 candidates
[DBG] using 16777216 bytes buffer
[DBG] using stream_filter module "prefetch"
[DBG] looking for stream_filter module matching "any": 4 candidates
[DBG] no stream_filter modules matched with name any
[DBG] looking for stream_directory module matching "any": 0 candidates
[DBG] no stream_directory modules matched with name any
[DBG] attachment of directory-extractor failed for http://192.168.1.250:8093/stream/1
[DBG] looking for stream_filter module matching "record": 1 candidates
[DBG] using stream_filter module "record"
[DBG] creating demux "mkv_trusted", URL: http://192.168.1.250:8093/stream/1, path: (null)
[DBG] looking for demux module matching "mkv_trusted": 1 candidates
[DBG] |   + Seek head
[DBG] |   - info at 4151
[DBG] |   + Information
[DBG] |   |   + TimecodeScale=1000000
[DBG] |   |   + Muxing Application=no_variable_data
[DBG] |   |   + Writing Application=no_variable_data
[DBG] |   |   + Duration=8379371
[DBG] |   |   + Date=Thu Jan 01 00:00:00 1970
[DBG] |   |   + UID=0
[DBG] |   - tracks at 4238
[DBG] |   + Tracks
[DBG] |   |   + Track Entry
[DBG] |   |   |   + Track Number=1
[DBG] |   |   |   + Track UID=1
[DBG] |   |   |   + Track Type=video
[DBG] |   |   |   + Track Lacing=0
[DBG] |   |   |   + Track CodecId=V_MPEGH/ISO/HEVC
[DBG] |   |   |   + Track Language=`und'
[DBG] |   |   |   + Track Video
[DBG] |   |   |   |   + width=3840
[DBG] |   |   |   |   + height=1600
[DBG] |   |   |   |   + display width=3840
[DBG] |   |   |   |   + display height=1600
[DBG] |   |   |   + Track CodecPrivate size=2253
[DBG] |   |   |   + Track Default Duration=41708
[DBG] |   |   + Track Entry
[DBG] |   |   |   + Track Number=2
[DBG] |   |   |   + Track UID=2
[DBG] |   |   |   + Track Type=audio
[DBG] |   |   |   + Track CodecId=A_DTS
[DBG] |   |   |   + Track Default Duration=10666
[DBG] |   |   |   + Track Audio
[DBG] |   |   |   |   + afreq=48000
[DBG] |   |   |   |   + achan=8
[DBG] |   |   |   |   + abits=24
[DBG] |   |   + Track Entry
[DBG] |   |   |   + Track Number=3
[DBG] |   |   |   + Track UID=3
[DBG] |   |   |   + Track Type=subtitle
[DBG] |   |   |   + Track Default=0
[DBG] |   |   |   + Track Lacing=0
[DBG] |   |   |   + Track CodecId=S_TEXT/UTF8
[DBG] |   |   |   + Track Name=Stripped SRT
[DBG] |   |   + Track Entry
[DBG] |   |   |   + Track Number=4
[DBG] |   |   |   + Track UID=4
[DBG] |   |   |   + Track Type=subtitle
[DBG] |   |   |   + Track Default=0
[DBG] |   |   |   + Track Lacing=0
[DBG] |   |   |   + Track CodecId=S_TEXT/UTF8
[DBG] |   |   |   + Track Name=SDH SRT
[DBG] |   |   + Track Entry
[DBG] |   |   |   + Track Number=5
[DBG] |   |   |   + Track UID=5
[DBG] |   |   |   + Track Type=subtitle
[DBG] |   |   |   + Track Default=0
[DBG] |   |   |   + Track Lacing=0
[DBG] |   |   |   + Track CodecId=S_HDMV/PGS
[DBG] |   |   |   + Track Name=SDH (White)
[DBG] |   |   |   + Content Encodings
[DBG] |   |   |   |   + Content Encoding
[DBG] |   |   |   |   |   + Content Compression
[DBG] |   |   + Track Entry
[DBG] |   |   |   + Track Number=6
[DBG] |   |   |   + Track UID=6
[DBG] |   |   |   + Track Type=subtitle
[DBG] |   |   |   + Track Default=0
[DBG] |   |   |   + Track Lacing=0
[DBG] |   |   |   + Track CodecId=S_HDMV/PGS
[DBG] |   |   |   + Track Name=SDH (Grey)
[DBG] |   |   |   + Content Encodings
[DBG] |   |   |   |   + Content Encoding
[DBG] |   |   |   |   |   + Content Compression
[DBG] |   |   + Track Entry
[DBG] |   |   |   + Track Number=7
[DBG] |   |   |   + Track UID=7
[DBG] |   |   |   + Track Type=subtitle
[DBG] |   |   |   + Track Default=0
[DBG] |   |   |   + Track Lacing=0
[DBG] |   |   |   + Track CodecId=S_HDMV/PGS
[DBG] |   |   |   + Track Language=`spa'
[DBG] |   |   |   + Track Name=White
[DBG] |   |   |   + Content Encodings
[DBG] |   |   |   |   + Content Encoding
[DBG] |   |   |   |   |   + Content Compression
[DBG] |   |   + Track Entry
[DBG] |   |   |   + Track Number=8
[DBG] |   |   |   + Track UID=8
[DBG] |   |   |   + Track Type=subtitle
[DBG] |   |   |   + Track Default=0
[DBG] |   |   |   + Track Lacing=0
[DBG] |   |   |   + Track CodecId=S_HDMV/PGS
[DBG] |   |   |   + Track Language=`spa'
[DBG] |   |   |   + Track Name=Grey
[DBG] |   |   |   + Content Encodings
[DBG] |   |   |   |   + Content Encoding
[DBG] |   |   |   |   |   + Content Compression
[DBG] |   - cues at 13214293211
[DBG] resolving 192.168.1.250 ...
[DBG] outgoing request:
GET /stream/1 HTTP/1.1
Host: 192.168.1.250:8093
Accept: */*
Accept-Language: en_US
User-Agent: VLC/4.0.0-dev LibVLC/4.0.0-dev
If-Unmodified-Since: Tue, 04 May 2021 22:49:24 GMT
Range: bytes=13214293211-


[DBG] incoming response:
HTTP/1.1 206 Partial Content
Accept-Ranges: bytes
Content-Length: 406952
Content-Range: bytes 13214293211-13214700162/13214700163
Content-Type: video/x-matroska
Last-Modified: Tue, 04 May 2021 22:49:24 GMT
Date: Mon, 14 Sep 2026 13:47:51 GMT


[DBG] connection failed
[DBG] |   + Cues
[DBG] end of stream
[DBG] |   - loading cues done.
[DBG] resolving 192.168.1.250 ...
[DBG] outgoing request:
GET /stream/1 HTTP/1.1
Host: 192.168.1.250:8093
Accept: */*
Accept-Language: en_US
User-Agent: VLC/4.0.0-dev LibVLC/4.0.0-dev
If-Unmodified-Since: Tue, 04 May 2021 22:49:24 GMT
Range: bytes=108-


[DBG] incoming response:
HTTP/1.1 206 Partial Content
Accept-Ranges: bytes
Content-Length: 13214700055
Content-Range: bytes 108-13214700162/13214700163
Content-Type: video/x-matroska
Last-Modified: Tue, 04 May 2021 22:49:24 GMT
Date: Mon, 14 Sep 2026 13:47:51 GMT


[DBG] |   - tags at 13214697117
[DBG] resolving 192.168.1.250 ...
[DBG] outgoing request:
GET /stream/1 HTTP/1.1
Host: 192.168.1.250:8093
Accept: */*
Accept-Language: en_US
User-Agent: VLC/4.0.0-dev LibVLC/4.0.0-dev
If-Unmodified-Since: Tue, 04 May 2021 22:49:24 GMT
Range: bytes=13214697117-


[DBG] incoming response:
HTTP/1.1 206 Partial Content
Accept-Ranges: bytes
Content-Length: 3046
Content-Range: bytes 13214697117-13214700162/13214700163
Content-Type: video/x-matroska
Last-Modified: Tue, 04 May 2021 22:49:24 GMT
Date: Mon, 14 Sep 2026 13:47:51 GMT


[DBG] connection failed
[DBG] end of stream
[DBG] |   + Tags
[DBG] + Tag
[DBG] |   + Targets
[DBG] |   |   + TargetTypeValue: 50
[DBG] |   |   + TrackUID: 1
[DBG] |   |   + TargetType: MOVIE
[DBG] |   + Simple Tag 
[DBG] |   |   + Meta BPS: 8069705
[DBG] |   + Simple Tag 
[DBG] |   |   + Meta DURATION: 02:19:39.371000000
[DBG] |   + Simple Tag 
[DBG] |   |   + Meta NUMBER_OF_FRAMES: 200904
[DBG] |   + Simple Tag 
[DBG] |   |   + Meta NUMBER_OF_BYTES: 8452381613
[DBG] |   + Simple Tag 
[DBG] |   |   + Meta _STATISTICS_WRITING_APP: no_variable_data
[DBG] |   + Simple Tag 
[DBG] |   |   + Meta _STATISTICS_WRITING_DATE_UTC: 1970-01-01 00:00:00
[DBG] |   + Simple Tag 
[DBG] |   |   + Meta _STATISTICS_TAGS: BPS DURATION NUMBER_OF_FRAMES NUMBER_OF_BYTES
[DBG] + Tag
[DBG] |   + Targets
[DBG] |   |   + TargetTypeValue: 50
[DBG] |   |   + TrackUID: 2
[DBG] |   |   + TargetType: MOVIE
[DBG] |   + Simple Tag 
[DBG] |   |   + Meta BPS: 4510921
[DBG] |   + Simple Tag 
[DBG] |   |   + Meta DURATION: 02:19:39.328000000
[DBG] |   + Simple Tag 
[DBG] |   |   + Meta NUMBER_OF_FRAMES: 785562
[DBG] |   + Simple Tag 
[DBG] |   |   + Meta NUMBER_OF_BYTES: 4724811044
[DBG] |   + Simple Tag 
[DBG] |   |   + Meta _STATISTICS_WRITING_APP: no_variable_data
[DBG] |   + Simple Tag 
[DBG] |   |   + Meta _STATISTICS_WRITING_DATE_UTC: 1970-01-01 00:00:00
[DBG] |   + Simple Tag 
[DBG] |   |   + Meta _STATISTICS_TAGS: BPS DURATION NUMBER_OF_FRAMES NUMBER_OF_BYTES
[DBG] + Tag
[DBG] |   + Targets
[DBG] |   |   + TargetTypeValue: 50
[DBG] |   |   + TrackUID: 3
[DBG] |   |   + TargetType: MOVIE
[DBG] |   + Simple Tag 
[DBG] |   |   + Meta BPS: 38
[DBG] |   + Simple Tag 
[DBG] |   |   + Meta DURATION: 02:09:12.996000000
[DBG] |   + Simple Tag 
[DBG] |   |   + Meta NUMBER_OF_FRAMES: 1377
[DBG] |   + Simple Tag 
[DBG] |   |   + Meta NUMBER_OF_BYTES: 36901
[DBG] |   + Simple Tag 
[DBG] |   |   + Meta _STATISTICS_WRITING_APP: no_variable_data
[DBG] |   + Simple Tag 
[DBG] |   |   + Meta _STATISTICS_WRITING_DATE_UTC: 1970-01-01 00:00:00
[DBG] |   + Simple Tag 
[DBG] |   |   + Meta _STATISTICS_TAGS: BPS DURATION NUMBER_OF_FRAMES NUMBER_OF_BYTES
[DBG] + Tag
[DBG] |   + Targets
[DBG] |   |   + TargetTypeValue: 50
[DBG] |   |   + TrackUID: 4
[DBG] |   |   + TargetType: MOVIE
[DBG] |   + Simple Tag 
[DBG] |   |   + Meta BPS: 43
[DBG] |   + Simple Tag 
[DBG] |   |   + Meta DURATION: 02:09:31.014000000
[DBG] |   + Simple Tag 
[DBG] |   |   + Meta NUMBER_OF_FRAMES: 1635
[DBG] |   + Simple Tag 
[DBG] |   |   + Meta NUMBER_OF_BYTES: 42543
[DBG] |   + Simple Tag 
[DBG] |   |   + Meta _STATISTICS_WRITING_APP: no_variable_data
[DBG] |   + Simple Tag 
[DBG] |   |   + Meta _STATISTICS_WRITING_DATE_UTC: 1970-01-01 00:00:00
[DBG] |   + Simple Tag 
[DBG] |   |   + Meta _STATISTICS_TAGS: BPS DURATION NUMBER_OF_FRAMES NUMBER_OF_BYTES
[DBG] + Tag
[DBG] |   + Targets
[DBG] |   |   + TargetTypeValue: 50
[DBG] |   |   + TrackUID: 5
[DBG] |   |   + TargetType: MOVIE
[DBG] |   + Simple Tag 
[DBG] |   |   + Meta BPS: 28993
[DBG] |   + Simple Tag 
[DBG] |   |   + Meta DURATION: 02:09:31.013000000
[DBG] |   + Simple Tag 
[DBG] |   |   + Meta NUMBER_OF_FRAMES: 3270
[DBG] |   + Simple Tag 
[DBG] |   |   + Meta NUMBER_OF_BYTES: 28163980
[DBG] |   + Simple Tag 
[DBG] |   |   + Meta _STATISTICS_WRITING_APP: no_variable_data
[DBG] |   + Simple Tag 
[DBG] |   |   + Meta _STATISTICS_WRITING_DATE_UTC: 1970-01-01 00:00:00
[DBG] |   + Simple Tag 
[DBG] |   |   + Meta _STATISTICS_TAGS: BPS DURATION NUMBER_OF_FRAMES NUMBER_OF_BYTES
[DBG] + Tag
[DBG] |   + Targets
[DBG] |   |   + TargetTypeValue: 50
[DBG] |   |   + TrackUID: 6
[DBG] |   |   + TargetType: MOVIE
[DBG] |   + Simple Tag 
[DBG] |   |   + Meta BPS: 28993
[DBG] |   + Simple Tag 
[DBG] |   |   + Meta DURATION: 02:09:31.013000000
[DBG] |   + Simple Tag 
[DBG] |   |   + Meta NUMBER_OF_FRAMES: 3270
[DBG] |   + Simple Tag 
[DBG] |   |   + Meta NUMBER_OF_BYTES: 28163980
[DBG] |   + Simple Tag 
[DBG] |   |   + Meta _STATISTICS_WRITING_APP: no_variable_data
[DBG] |   + Simple Tag 
[DBG] |   |   + Meta _STATISTICS_WRITING_DATE_UTC: 1970-01-01 00:00:00
[DBG] |   + Simple Tag 
[DBG] |   |   + Meta _STATISTICS_TAGS: BPS DURATION NUMBER_OF_FRAMES NUMBER_OF_BYTES
[DBG] + Tag
[DBG] |   + Targets
[DBG] |   |   + TargetTypeValue: 50
[DBG] |   |   + TrackUID: 7
[DBG] |   |   + TargetType: MOVIE
[DBG] |   + Simple Tag 
[DBG] |   |   + Meta BPS: 23192
[DBG] |   + Simple Tag 
[DBG] |   |   + Meta DURATION: 02:09:13.037000000
[DBG] |   + Simple Tag 
[DBG] |   |   + Meta NUMBER_OF_FRAMES: 2446
[DBG] |   + Simple Tag 
[DBG] |   |   + Meta NUMBER_OF_BYTES: 22476857
[DBG] |   + Simple Tag 
[DBG] |   |   + Meta _STATISTICS_WRITING_APP: no_variable_data
[DBG] |   + Simple Tag 
[DBG] |   |   + Meta _STATISTICS_WRITING_DATE_UTC: 1970-01-01 00:00:00
[DBG] |   + Simple Tag 
[DBG] |   |   + Meta _STATISTICS_TAGS: BPS DURATION NUMBER_OF_FRAMES NUMBER_OF_BYTES
[DBG] + Tag
[DBG] |   + Targets
[DBG] |   |   + TargetTypeValue: 50
[DBG] |   |   + TrackUID: 8
[DBG] |   |   + TargetType: MOVIE
[DBG] |   + Simple Tag 
[DBG] |   |   + Meta BPS: 23192
[DBG] |   + Simple Tag 
[DBG] |   |   + Meta DURATION: 02:09:13.037000000
[DBG] |   + Simple Tag 
[DBG] |   |   + Meta NUMBER_OF_FRAMES: 2446
[DBG] |   + Simple Tag 
[DBG] |   |   + Meta NUMBER_OF_BYTES: 22476857
[DBG] |   + Simple Tag 
[DBG] |   |   + Meta _STATISTICS_WRITING_APP: no_variable_data
[DBG] |   + Simple Tag 
[DBG] |   |   + Meta _STATISTICS_WRITING_DATE_UTC: 1970-01-01 00:00:00
[DBG] |   + Simple Tag 
[DBG] |   |   + Meta _STATISTICS_TAGS: BPS DURATION NUMBER_OF_FRAMES NUMBER_OF_BYTES
[DBG] loading tags done.
[DBG] resolving 192.168.1.250 ...
[DBG] outgoing request:
GET /stream/1 HTTP/1.1
Host: 192.168.1.250:8093
Accept: */*
Accept-Language: en_US
User-Agent: VLC/4.0.0-dev LibVLC/4.0.0-dev
If-Unmodified-Since: Tue, 04 May 2021 22:49:24 GMT
Range: bytes=126-


[DBG] incoming response:
HTTP/1.1 206 Partial Content
Accept-Ranges: bytes
Content-Length: 13214700037
Content-Range: bytes 126-13214700162/13214700163
Content-Type: video/x-matroska
Last-Modified: Tue, 04 May 2021 22:49:24 GMT
Date: Mon, 14 Sep 2026 13:47:51 GMT


[DBG] |   - chapters at 7938
[DBG] |   + Chapters
[DBG] |   |   |   + ChapterAtom (level=0)
[DBG] |   |   |   |   + ChapterUID=1
[DBG] |   |   |   |   + ChapterTimeStart=0
[DBG] |   |   |   |   + ChapterFlagHidden=no
[DBG] |   |   |   |   + ChapterDisplay
[DBG] |   |   |   |   |   + ChapterString=00:00:00.000
[DBG] |   |   |   |   |   + ChapterLanguage=eng
[DBG] |   |   |   + ChapterAtom (level=0)
[DBG] |   |   |   |   + ChapterUID=2
[DBG] |   |   |   |   + ChapterTimeStart=477477000
[DBG] |   |   |   |   + ChapterFlagHidden=no
[DBG] |   |   |   |   + ChapterDisplay
[DBG] |   |   |   |   |   + ChapterString=00:07:57.477
[DBG] |   |   |   |   |   + ChapterLanguage=eng
[DBG] |   |   |   + ChapterAtom (level=0)
[DBG] |   |   |   |   + ChapterUID=3
[DBG] |   |   |   |   + ChapterTimeStart=929595000
[DBG] |   |   |   |   + ChapterFlagHidden=no
[DBG] |   |   |   |   + ChapterDisplay
[DBG] |   |   |   |   |   + ChapterString=00:15:29.595
[DBG] |   |   |   |   |   + ChapterLanguage=eng
[DBG] |   |   |   + ChapterAtom (level=0)
[DBG] |   |   |   |   + ChapterUID=4
[DBG] |   |   |   |   + ChapterTimeStart=1411035000
[DBG] |   |   |   |   + ChapterFlagHidden=no
[DBG] |   |   |   |   + ChapterDisplay
[DBG] |   |   |   |   |   + ChapterString=00:23:31.035
[DBG] |   |   |   |   |   + ChapterLanguage=eng
[DBG] |   |   |   + ChapterAtom (level=0)
[DBG] |   |   |   |   + ChapterUID=5
[DBG] |   |   |   |   + ChapterTimeStart=2036618000
[DBG] |   |   |   |   + ChapterFlagHidden=no
[DBG] |   |   |   |   + ChapterDisplay
[DBG] |   |   |   |   |   + ChapterString=00:33:56.618
[DBG] |   |   |   |   |   + ChapterLanguage=eng
[DBG] |   |   |   + ChapterAtom (level=0)
[DBG] |   |   |   |   + ChapterUID=6
[DBG] |   |   |   |   + ChapterTimeStart=2332664000
[DBG] |   |   |   |   + ChapterFlagHidden=no
[DBG] |   |   |   |   + ChapterDisplay
[DBG] |   |   |   |   |   + ChapterString=00:38:52.664
[DBG] |   |   |   |   |   + ChapterLanguage=eng
[DBG] |   |   |   + ChapterAtom (level=0)
[DBG] |   |   |   |   + ChapterUID=7
[DBG] |   |   |   |   + ChapterTimeStart=2664036000
[DBG] |   |   |   |   + ChapterFlagHidden=no
[DBG] |   |   |   |   + ChapterDisplay
[DBG] |   |   |   |   |   + ChapterString=00:44:24.036
[DBG] |   |   |   |   |   + ChapterLanguage=eng
[DBG] |   |   |   + ChapterAtom (level=0)
[DBG] |   |   |   |   + ChapterUID=8
[DBG] |   |   |   |   + ChapterTimeStart=3217214000
[DBG] |   |   |   |   + ChapterFlagHidden=no
[DBG] |   |   |   |   + ChapterDisplay
[DBG] |   |   |   |   |   + ChapterString=00:53:37.214
[DBG] |   |   |   |   |   + ChapterLanguage=eng
[DBG] |   |   |   + ChapterAtom (level=0)
[DBG] |   |   |   |   + ChapterUID=9
[DBG] |   |   |   |   + ChapterTimeStart=3602390000
[DBG] |   |   |   |   + ChapterFlagHidden=no
[DBG] |   |   |   |   + ChapterDisplay
[DBG] |   |   |   |   |   + ChapterString=01:00:02.390
[DBG] |   |   |   |   |   + ChapterLanguage=eng
[DBG] |   |   |   + ChapterAtom (level=0)
[DBG] |   |   |   |   + ChapterUID=a
[DBG] |   |   |   |   + ChapterTimeStart=3991779000
[DBG] |   |   |   |   + ChapterFlagHidden=no
[DBG] |   |   |   |   + ChapterDisplay
[DBG] |   |   |   |   |   + ChapterString=01:06:31.779
[DBG] |   |   |   |   |   + ChapterLanguage=eng
[DBG] |   |   |   + ChapterAtom (level=0)
[DBG] |   |   |   |   + ChapterUID=b
[DBG] |   |   |   |   + ChapterTimeStart=4399312000
[DBG] |   |   |   |   + ChapterFlagHidden=no
[DBG] |   |   |   |   + ChapterDisplay
[DBG] |   |   |   |   |   + ChapterString=01:13:19.312
[DBG] |   |   |   |   |   + ChapterLanguage=eng
[DBG] |   |   |   + ChapterAtom (level=0)
[DBG] |   |   |   |   + ChapterUID=c
[DBG] |   |   |   |   + ChapterTimeStart=4807845000
[DBG] |   |   |   |   + ChapterFlagHidden=no
[DBG] |   |   |   |   + ChapterDisplay
[DBG] |   |   |   |   |   + ChapterString=01:20:07.845
[DBG] |   |   |   |   |   + ChapterLanguage=eng
[DBG] |   |   |   + ChapterAtom (level=0)
[DBG] |   |   |   |   + ChapterUID=d
[DBG] |   |   |   |   + ChapterTimeStart=5321149000
[DBG] |   |   |   |   + ChapterFlagHidden=no
[DBG] |   |   |   |   + ChapterDisplay
[DBG] |   |   |   |   |   + ChapterString=01:28:41.149
[DBG] |   |   |   |   |   + ChapterLanguage=eng
[DBG] |   |   |   + ChapterAtom (level=0)
[DBG] |   |   |   |   + ChapterUID=e
[DBG] |   |   |   |   + ChapterTimeStart=5754666000
[DBG] |   |   |   |   + ChapterFlagHidden=no
[DBG] |   |   |   |   + ChapterDisplay
[DBG] |   |   |   |   |   + ChapterString=01:35:54.666
[DBG] |   |   |   |   |   + ChapterLanguage=eng
[DBG] |   |   |   + ChapterAtom (level=0)
[DBG] |   |   |   |   + ChapterUID=f
[DBG] |   |   |   |   + ChapterTimeStart=6379081000
[DBG] |   |   |   |   + ChapterFlagHidden=no
[DBG] |   |   |   |   + ChapterDisplay
[DBG] |   |   |   |   |   + ChapterString=01:46:19.081
[DBG] |   |   |   |   |   + ChapterLanguage=eng
[DBG] |   |   |   + ChapterAtom (level=0)
[DBG] |   |   |   |   + ChapterUID=10
[DBG] |   |   |   |   + ChapterTimeStart=7074401000
[DBG] |   |   |   |   + ChapterFlagHidden=no
[DBG] |   |   |   |   + ChapterDisplay
[DBG] |   |   |   |   |   + ChapterString=01:57:54.401
[DBG] |   |   |   |   |   + ChapterLanguage=eng
[DBG] |   + Void
[DBG] |   + Information
[DBG] |   + Tracks
[DBG] |   + Void
[DBG] |   + Chapters
[DBG] |   + Void
[DBG] |   + Cluster
[DBG] Virtual chapter  00:00:00.000 from 0 to -1 - 
[DBG] Virtual chapter  00:07:57.477 from 477477000 to -1 - 
[DBG] Virtual chapter  00:15:29.595 from 929595000 to -1 - 
[DBG] Virtual chapter  00:23:31.035 from 1411035000 to -1 - 
[DBG] Virtual chapter  00:33:56.618 from 2036618000 to -1 - 
[DBG] Virtual chapter  00:38:52.664 from 2332664000 to -1 - 
[DBG] Virtual chapter  00:44:24.036 from 2664036000 to -1 - 
[DBG] Virtual chapter  00:53:37.214 from 3217214000 to -1 - 
[DBG] Virtual chapter  01:00:02.390 from 3602390000 to -1 - 
[DBG] Virtual chapter  01:06:31.779 from 3991779000 to -1 - 
[DBG] Virtual chapter  01:13:19.312 from 4399312000 to -1 - 
[DBG] Virtual chapter  01:20:07.845 from 4807845000 to -1 - 
[DBG] Virtual chapter  01:28:41.149 from 5321149000 to -1 - 
[DBG] Virtual chapter  01:35:54.666 from 5754666000 to -1 - 
[DBG] Virtual chapter  01:46:19.081 from 6379081000 to -1 - 
[DBG] Virtual chapter  01:57:54.401 from 7074401000 to -1 - 
[DBG] Virtual chapter  from 0 to -1 - 
[DBG] NEW START CHAPTER uid=1
[DBG] found 8 es
[DBG] selecting program id=0
[DBG] ES track added: 'video/1' (fourcc: 'hevc')
[DBG] ES track added: 'audio/2' (fourcc: 'dts ')
[DBG] ES track added: 'spu/3' (fourcc: 'subt')
[DBG] ES track added: 'spu/4' (fourcc: 'subt')
9:47:51.690 AM [player] track added video/1 type=1
[DBG] ES track added: 'spu/5' (fourcc: 'bdpg')
[DBG] ES track added: 'spu/6' (fourcc: 'bdpg')
[DBG] ES track added: 'spu/7' (fourcc: 'bdpg')
[DBG] ES track added: 'spu/8' (fourcc: 'bdpg')
9:47:51.691 AM [player] track added audio/2 type=0
[DBG] seek: preroll{ track: 1, pts: 0, fpos: 8744 skip: 8744} 
[DBG] seek: preroll{ req: 1, start-pts: 1, start-fpos: 8744} 
[DBG] using demux module "mkv"
9:47:51.691 AM [player] track added spu/3 type=2
9:47:51.691 AM [player] track added spu/4 type=2
[DBG] looking for video decoder module matching "any": 14 candidates
9:47:51.691 AM [player] track added spu/5 type=2
9:47:51.691 AM [player] track added spu/6 type=2
9:47:51.691 AM [player] track added spu/7 type=2
9:47:51.691 AM [player] track added spu/8 type=2
9:47:51.691 AM [player] length 8379371 ms
[DBG] vout: none found
[DBG] vout change: decoder size
[DBG] vout change: visible size
[DBG] looking for text renderer module matching "freetype": 2 candidates
[DBG] using text renderer module "freetype"
[DBG] looking for video converter module matching "any": 13 candidates
[DBG] 32x32 (32x32) chroma: YUVA colorspace: Undefined -> 16x16 (16x16) chroma: RGBA colorspace: Undefined with scaling using Bicubic (good quality)
[DBG] using video converter module "swscale"
[DBG] looking for video converter module matching "any": 13 candidates
[DBG] YUVP to YUVA converter
[DBG] using video converter module "yuvp"
[DBG] Deinterlacing available
[DBG] deinterlace -1, mode auto, is_needed 0
[DBG] looking for vout window module matching "any": 2 candidates
[DBG] resized to 1920x1080
[DBG] using vout window module "uiview_window"
[DBG] looking for inhibit module matching "any": 1 candidates
[DBG] using inhibit module "uikit_inhibit"
[DBG] looking for decoder device module matching "any": 1 candidates
[DBG] using decoder device module "videotoolbox"
[DBG] new VPS parsed: 0
[DBG] new SPS parsed: 0
[DBG] new PPS parsed: 0
[WARN] forcing output chroma (kCVPixelFormatType): x420
[INF] Using Video Toolbox to decode 'hevc'
[DBG] using video decoder module "videotoolbox"
[DBG] ES track selected: 'video/1' (fourcc: 'hevc')
[DBG] looking for audio packetizer module matching "any": 11 candidates
[DBG] using audio packetizer module "dts"
[DBG] looking for audio decoder module matching "any": 15 candidates
[DBG] reusing audio output
[WARN] failed to start passthrough audio output, failing back to linear format
9:47:51.708 AM [player] track selected type=1 selected=video/1 unselected=
[DBG] keeping audio output
[DBG] using Lavc63.1.100
[DBG] CPU flags: 0x00062360
[DBG] codec (dca) started
[DBG] using audio decoder module "avcodec"
[DBG] ES track selected: 'audio/2' (fourcc: 'dts ')
[DBG] looking for meta reader module matching "any": 1 candidates
[DBG] no meta reader modules matched with name any
9:47:51.708 AM [player] track selected type=0 selected=audio/2 unselected=
[DBG] `http://192.168.1.250:8093/stream/1' successfully opened
9:47:51.708 AM [player] state Playing at 0 ms
[DBG] program(0): using clock source: 'audio'
[DBG] Buffering 0%
9:47:51.709 AM [player] buffering 0.0
[DBG] new PPS parsed: 0
[DBG] DTS samplerate:48000 bitrate:1536000
[DBG] restarting module due to input format change
[DBG] 'decoder in/packetizer out' i_channels 8 / 6
[DBG] 'decoder in/packetizer out' i_physical_channels 0 / 4199
[DBG] 'decoder in/packetizer out' profile -1 / 1
[DBG] removing "audio decoder" module "avcodec"
[DBG] looking for audio decoder module matching "any": 15 candidates
[DBG] reusing audio output
[WARN] failed to start passthrough audio output, failing back to linear format
[DBG] keeping audio output
[DBG] using Lavc63.1.100
[DBG] CPU flags: 0x00062360
[DBG] codec (dca) started
[DBG] using audio decoder module "avcodec"
[DBG] Buffering 4%
[DBG] Buffering 12%
[DBG] reusing audio output
[DBG] Buffering 16%
[DBG] Buffering 33%
[DBG] Buffering 37%
[DBG] Buffering 54%
[DBG] session accepted first frame 1
[DBG] Buffering 58%
[DBG] Buffering 70%
[DBG] output chroma (kCVPixelFormatType): x420
[DBG] vout change: chroma
[DBG] requested window size: 3840x1600
[DBG] deinterlace -1, mode auto, is_needed 0
[DBG] Opening vout display wrapper
[DBG] looking for vout display module matching "any": 3 candidates
[DBG] using vout display module "samplebufferdisplay"
[DBG] original format sz 3840x1600, of (0,0), vsz 3840x1600, 4cc CVPP, sar 1:1, orient: normal
[DBG] removing "text renderer" module "freetype"
[DBG] looking for text renderer module matching "freetype": 2 candidates
[DBG] using text renderer module "freetype"
[DBG] requested window size: 3840x1600
[DBG] resetting projection_mode to 0
[DBG] setting projection_mode to 0
[DBG] Buffering 75%
[DBG] Buffering 87%
[DBG] Received first picture
[DBG] Buffering 99%
[DBG] Stream buffering done (1001 ms in 25 ms)
[DBG] resized to 3840x2160
9:47:51.738 AM [player] buffering 1.0
[DBG] Output on HDMI, channel count: 8
[DBG] swapping Surround and RearSurround channels for 7.1 Rear Surround
[DBG] VLC keeping the same input layout
[DBG] output 'f32l' 48000 Hz 3F2M2R/LFE frame=1 samples/32 bytes
[DBG] looking for audio volume module matching "any": 2 candidates
[DBG] using audio volume module "float_mixer"
[DBG] input 's32l' 48000 Hz 3F2M2R/LFE frame=1 samples/32 bytes
[DBG] looking for audio filter module matching "scaletempo": 1 candidates
[DBG] format: 48000 rate, 8 nch, 4 bps, fl32
[DBG] params: 30 stride, 0.200 overlap, 14 search
[DBG] 1.000 scale, 1440.000 stride_in, 1440 stride_out, 1152 standing, 288 overlap, 672 search, 2400 queue, fl32 mode
[DBG] using audio filter module "scaletempo"
[DBG] conversion: 's32l'->'f32l' 48000 Hz->48000 Hz 3F2M2R/LFE->3F2M2R/LFE
[DBG] looking for audio converter module matching "any": 8 candidates
[DBG] s32l->f32l, bits per sample: 32->32
[DBG] using audio converter module "audio_format"
[DBG] conversion pipeline complete
[DBG] conversion: 'f32l'->'f32l' 48000 Hz->48000 Hz 3F2M2R/LFE->3F2M2R/LFE
[DBG] conversion pipeline complete
[DBG] looking for audio resampler module matching "soxr": 2 candidates
[DBG] Using SoX Resampler with 'cr32s' engine and 'Medium 16-bit with medium roll-off' quality to convert f32l/48000Hz to f32l/48000Hz.
[DBG] using audio resampler module "soxr"
[DBG] Decoder wait done in 79 ms
[DBG] deferring start (100610 us)
[DBG] deferring start (86131 us)
[DBG] deferring start (75290 us)
[DBG] deferring start (64496 us)
[DBG] deferring start (64295 us)
[DBG] deferring start (64104 us)
[DBG] deferring start (63892 us)
[DBG] deferring start (63745 us)
[DBG] deferring start (63603 us)
[DBG] deferring start (63506 us)
[DBG] deferring start (63394 us)
[DBG] deferring start (63306 us)
[DBG] deferring start (63206 us)
[DBG] deferring start (63113 us)
[DBG] deferring start (62950 us)
[DBG] deferring start (62535 us)
[DBG] deferring start (73186 us)
[DBG] deferring start (62300 us)
[DBG] deferring start (62125 us)
[DBG] deferring start (61980 us)
[DBG] deferring start (61805 us)
[DBG] deferring start (61630 us)
[DBG] deferring start (61474 us)
[DBG] deferring start (61236 us)
[DBG] deferring start (61006 us)
[DBG] deferring start (60862 us)
[DBG] deferring start (60691 us)
[DBG] deferring start (60543 us)
[DBG] deferring start (71028 us)
[DBG] deferring start (60284 us)
[DBG] deferring start (60128 us)
[DBG] deferring start (59883 us)
[DBG] deferring start (59636 us)
[DBG] deferring start (59480 us)
[DBG] deferring start (59337 us)
[DBG] deferring start (59201 us)
[DBG] deferring start (69695 us)
[DBG] deferring start (58893 us)
[DBG] deferring start (58681 us)
[DBG] deferring start (58470 us)
[DBG] deferring start (58299 us)
[DBG] deferring start (58040 us)
[DBG] deferring start (57856 us)
[DBG] deferring start (57595 us)
[DBG] deferring start (57405 us)
[DBG] deferring start (57292 us)
[DBG] deferring start (57042 us)
[DBG] deferring start (56904 us)
[DBG] deferring start (56763 us)
[DBG] deferring start (56588 us)
[DBG] deferring start (56428 us)
[DBG] deferring start (56291 us)
[DBG] deferring start (56141 us)
[DBG] deferring start (55901 us)
[DBG] deferring start (55772 us)
[DBG] deferring start (55623 us)
[DBG] deferring start (55468 us)
[DBG] deferring start (55264 us)
[DBG] deferring start (55114 us)
[DBG] deferring start (65512 us)
[DBG] deferring start (54711 us)
[DBG] deferring start (54562 us)
[DBG] deferring start (54437 us)
[DBG] deferring start (54344 us)
[DBG] deferring start (54236 us)
[DBG] deferring start (54146 us)
[DBG] deferring start (53993 us)
[DBG] deferring start (53815 us)
[DBG] deferring start (64284 us)
[DBG] deferring start (53543 us)
[DBG] deferring start (53421 us)
[DBG] deferring start (53291 us)
[DBG] deferring start (63799 us)
[DBG] deferring start (53059 us)
[DBG] deferring start (52984 us)
[DBG] deferring start (52819 us)
[DBG] deferring start (63325 us)
[DBG] deferring start (52574 us)
[DBG] deferring start (52458 us)
[DBG] deferring start (52372 us)
[DBG] deferring start (52265 us)
[DBG] deferring start (52181 us)
[DBG] deferring start (52102 us)
[DBG] deferring start (52023 us)
[DBG] deferring start (51919 us)
[DBG] deferring start (51840 us)
[DBG] deferring start (51767 us)
[DBG] deferring start (51663 us)
[DBG] deferring start (51588 us)
[DBG] deferring start (51420 us)
[DBG] deferring start (51287 us)
[DBG] deferring start (51137 us)
[DBG] deferring start (51055 us)
[DBG] deferring start (50931 us)
[DBG] deferring start (50817 us)
[DBG] deferring start (50721 us)
[DBG] deferring start (50618 us)
[DBG] deferring start (50531 us)
[DBG] deferring start (50438 us)
[DBG] deferring start (50335 us)
[DBG] deferring start (50254 us)
[DBG] deferring start (50168 us)
[DBG] deferring start (50065 us)
[DBG] deferring start (49977 us)
[DBG] deferring start (49895 us)
[DBG] deferring start (49815 us)
[DBG] deferring start (49731 us)
[DBG] deferring start (49645 us)
[DBG] deferring start (49559 us)
[DBG] deferring start (49482 us)
[DBG] deferring start (49399 us)
[DBG] deferring start (49304 us)
[DBG] deferring start (49179 us)
[DBG] deferring start (49108 us)
[DBG] deferring start (49037 us)
[DBG] deferring start (38398 us)
[DBG] deferring start (38252 us)
[DBG] deferring start (38147 us)
[DBG] deferring start (38032 us)
[DBG] deferring start (37939 us)
[DBG] deferring start (37841 us)
[DBG] deferring start (37757 us)
[DBG] deferring start (37665 us)
[DBG] deferring start (37557 us)
[DBG] deferring start (37450 us)
[DBG] deferring start (37352 us)
[DBG] deferring start (37243 us)
[DBG] deferring start (37143 us)
[DBG] deferring start (36997 us)
[DBG] deferring start (36915 us)
[DBG] deferring start (36800 us)
[DBG] deferring start (36699 us)
[DBG] deferring start (36588 us)
[DBG] deferring start (36480 us)
[DBG] deferring start (36372 us)
[DBG] deferring start (36268 us)
[DBG] deferring start (36158 us)
[DBG] deferring start (36059 us)
[DBG] deferring start (35974 us)
[DBG] started
[DBG] new PPS parsed: 0
[DBG] new PPS parsed: 0
[DBG] new PPS parsed: 0
[DBG] ES_OUT_RESET_PCR called
9:48:22.960 AM [skip] +30 s (click) before=30633 ms target=60633 ms
9:48:22.978 AM [player] buffering 0.0
[DBG] SET_TIME to 60633000
[DBG] seek request to i_pos = 60633000
[DBG] seek: preroll{ track: 1, pts: 54763000, fpos: 43978329 skip: 43978329} 
[DBG] seek: preroll{ req: 60633001, start-pts: 54763001, start-fpos: 43978329} 
[DBG] resolving 192.168.1.250 ...
9:48:23.067 AM [player] buffering 0.0
[DBG] Buffering 0%
[DBG] outgoing request:
GET /stream/1 HTTP/1.1
Host: 192.168.1.250:8093
Accept: */*
Accept-Language: en_US
User-Agent: VLC/4.0.0-dev LibVLC/4.0.0-dev
If-Unmodified-Since: Tue, 04 May 2021 22:49:24 GMT
Range: bytes=43978329-


[DBG] incoming response:
HTTP/1.1 206 Partial Content
Accept-Ranges: bytes
Content-Length: 13170721834
Content-Range: bytes 43978329-13214700162/13214700163
Content-Type: video/x-matroska
Last-Modified: Tue, 04 May 2021 22:49:24 GMT
Date: Mon, 14 Sep 2026 13:48:23 GMT


[DBG] connection failed
[DBG] resolving 192.168.1.250 ...
[DBG] outgoing request:
GET /stream/1 HTTP/1.1
Host: 192.168.1.250:8093
Accept: */*
Accept-Language: en_US
User-Agent: VLC/4.0.0-dev LibVLC/4.0.0-dev
If-Unmodified-Since: Tue, 04 May 2021 22:49:24 GMT
Range: bytes=44082590-


[DBG] incoming response:
HTTP/1.1 206 Partial Content
Accept-Ranges: bytes
Content-Length: 13170617573
Content-Range: bytes 44082590-13214700162/13214700163
Content-Type: video/x-matroska
Last-Modified: Tue, 04 May 2021 22:49:24 GMT
Date: Mon, 14 Sep 2026 13:48:23 GMT


[DBG] connection failed
[DBG] Buffering 1%
[DBG] Buffering 2%
[DBG] Buffering 4%
[DBG] Buffering 6%
[DBG] Buffering 7%
[DBG] Buffering 9%
[DBG] Buffering 12%
[DBG] Buffering 14%
[DBG] Buffering 15%
[DBG] Buffering 17%
[DBG] Buffering 18%
[DBG] Buffering 20%
[DBG] Buffering 22%
[DBG] Buffering 23%
[DBG] Buffering 24%
9:48:23.182 AM [skip] +30 s (click) before=60633 ms target=90633 ms
[DBG] ES_OUT_RESET_PCR called
[DBG] SET_TIME to 90633000
[DBG] seek request to i_pos = 90633000
[DBG] seek: preroll{ track: 1, pts: 84793000, fpos: 97414085 skip: 97414085} 
9:48:23.185 AM [player] buffering 0.0
[DBG] resolving 192.168.1.250 ...
[DBG] outgoing request:
GET /stream/1 HTTP/1.1
Host: 192.168.1.250:8093
Accept: */*
Accept-Language: en_US
User-Agent: VLC/4.0.0-dev LibVLC/4.0.0-dev
If-Unmodified-Since: Tue, 04 May 2021 22:49:24 GMT
Range: bytes=97414085-


[DBG] incoming response:
HTTP/1.1 206 Partial Content
Accept-Ranges: bytes
Content-Length: 13117286078
Content-Range: bytes 97414085-13214700162/13214700163
Content-Type: video/x-matroska
Last-Modified: Tue, 04 May 2021 22:49:24 GMT
Date: Mon, 14 Sep 2026 13:48:23 GMT


[DBG] connection failed
[DBG] seek: preroll{ req: 90633001, start-pts: 84793001, start-fpos: 97414085} 
[DBG] Buffering 0%
9:48:23.258 AM [player] buffering 0.0
[DBG] Buffering 1%
[DBG] Buffering 3%
[DBG] Buffering 4%
[DBG] Buffering 6%
[DBG] Buffering 8%
[DBG] Buffering 9%
[DBG] Buffering 10%
[DBG] Buffering 11%
[DBG] Buffering 13%
[DBG] Buffering 14%
[DBG] Buffering 15%
[DBG] Buffering 16%
[DBG] Buffering 18%
[DBG] Buffering 20%
[DBG] Buffering 21%
[DBG] Buffering 23%
[DBG] Buffering 25%
9:48:23.406 AM [skip] +30 s (click) before=90633 ms target=120633 ms
[DBG] ES_OUT_RESET_PCR called
9:48:23.408 AM [player] buffering 0.0
[DBG] SET_TIME to 120633000
[DBG] seek request to i_pos = 120633000
[DBG] seek: preroll{ track: 1, pts: 120537000, fpos: 185172437 skip: 185172437} 
[DBG] resolving 192.168.1.250 ...
[DBG] outgoing request:
GET /stream/1 HTTP/1.1
Host: 192.168.1.250:8093
Accept: */*
Accept-Language: en_US
User-Agent: VLC/4.0.0-dev LibVLC/4.0.0-dev
If-Unmodified-Since: Tue, 04 May 2021 22:49:24 GMT
Range: bytes=185172437-


[DBG] incoming response:
HTTP/1.1 206 Partial Content
Accept-Ranges: bytes
Content-Length: 13029527726
Content-Range: bytes 185172437-13214700162/13214700163
Content-Type: video/x-matroska
Last-Modified: Tue, 04 May 2021 22:49:24 GMT
Date: Mon, 14 Sep 2026 13:48:23 GMT


[DBG] connection failed
[DBG] seek: preroll{ req: 120633001, start-pts: 120537001, start-fpos: 185172437} 
9:48:23.487 AM [player] buffering 0.0
[DBG] Buffering 0%
[DBG] end of audio preroll
[DBG] Buffering 3%
[DBG] Buffering 11%
[DBG] Buffering 15%
[DBG] Buffering 30%
[DBG] Buffering 34%
[DBG] Buffering 45%
[DBG] end of video preroll
[DBG] Received first picture
[DBG] Buffering 49%
[DBG] Buffering 60%
[DBG] Buffering 64%
[DBG] Buffering 76%
[DBG] Buffering 79%
[DBG] Buffering 95%
[DBG] Buffering 98%
[DBG] Stream buffering done (1210 ms in 65 ms)
9:48:23.552 AM [player] buffering 1.0
[DBG] Decoder wait done in 0 ms
[DBG] deferring start (89377 us)
[DBG] deferring start (70363 us)
[DBG] deferring start (59255 us)
[DBG] deferring start (58792 us)
[DBG] deferring start (58439 us)
[DBG] deferring start (57760 us)
[DBG] deferring start (56949 us)
[DBG] deferring start (56647 us)
[DBG] deferring start (56689 us)
[DBG] deferring start (56380 us)
[DBG] deferring start (56094 us)
[DBG] deferring start (55797 us)
[DBG] deferring start (55451 us)
[DBG] deferring start (55140 us)
[DBG] deferring start (54854 us)
[DBG] deferring start (54144 us)
[DBG] deferring start (53707 us)
[DBG] deferring start (53060 us)
[DBG] deferring start (52738 us)
[DBG] deferring start (52464 us)
[DBG] deferring start (52233 us)
[DBG] deferring start (51978 us)
[DBG] deferring start (51702 us)
[DBG] deferring start (51424 us)
[DBG] deferring start (51155 us)
[DBG] deferring start (50640 us)
[DBG] deferring start (50245 us)
[DBG] deferring start (49996 us)
[DBG] deferring start (49476 us)
[DBG] deferring start (49081 us)
[DBG] deferring start (48758 us)
[DBG] deferring start (48447 us)
[DBG] deferring start (48102 us)
[DBG] deferring start (47772 us)
[DBG] deferring start (47430 us)
[DBG] deferring start (47093 us)
[DBG] deferring start (46766 us)
[DBG] deferring start (46348 us)
[DBG] deferring start (45939 us)
[DBG] deferring start (45658 us)
[DBG] deferring start (45290 us)
[DBG] deferring start (44958 us)
[DBG] deferring start (44646 us)
[DBG] deferring start (44303 us)
[DBG] deferring start (43961 us)
[DBG] deferring start (43627 us)
[DBG] deferring start (43299 us)
[DBG] deferring start (42965 us)
[DBG] deferring start (42587 us)
[DBG] deferring start (42296 us)
[DBG] deferring start (41987 us)
[DBG] deferring start (41665 us)
[DBG] deferring start (41353 us)
[DBG] deferring start (41106 us)
[DBG] deferring start (40676 us)
[DBG] deferring start (40478 us)
[DBG] deferring start (40174 us)
[DBG] deferring start (39879 us)
[DBG] deferring start (39518 us)
[DBG] deferring start (39332 us)
[DBG] deferring start (39043 us)
[DBG] deferring start (38771 us)
[DBG] deferring start (38498 us)
[DBG] deferring start (38211 us)
[DBG] deferring start (37923 us)
[DBG] deferring start (37578 us)
[DBG] deferring start (37365 us)
[DBG] deferring start (37043 us)
[DBG] deferring start (36695 us)
[DBG] deferring start (36404 us)
[DBG] deferring start (36156 us)
[DBG] deferring start (35868 us)
[DBG] deferring start (35641 us)
[DBG] deferring start (35344 us)
[DBG] deferring start (35196 us)
[DBG] deferring start (34974 us)
[DBG] deferring start (34760 us)
[DBG] deferring start (34396 us)
[DBG] deferring start (34199 us)
[DBG] deferring start (33925 us)
[DBG] deferring start (33648 us)
[DBG] deferring start (33433 us)
[DBG] deferring start (33190 us)
[DBG] deferring start (32875 us)
[DBG] deferring start (32725 us)
[DBG] deferring start (32480 us)
[DBG] deferring start (32216 us)
[DBG] deferring start (32012 us)
[DBG] deferring start (31734 us)
[DBG] deferring start (31531 us)
[DBG] deferring start (31222 us)
[DBG] deferring start (31023 us)
[DBG] deferring start (30772 us)
[DBG] deferring start (30563 us)
[DBG] deferring start (30327 us)
[DBG] deferring start (30045 us)
[DBG] deferring start (29822 us)
[DBG] deferring start (29589 us)
[DBG] deferring start (29340 us)
[DBG] deferring start (29105 us)
[DBG] deferring start (28814 us)
[DBG] deferring start (28614 us)
[DBG] deferring start (28298 us)
[DBG] deferring start (28109 us)
[DBG] deferring start (27877 us)
[DBG] deferring start (27634 us)
[DBG] deferring start (27421 us)
[DBG] deferring start (27122 us)
[DBG] deferring start (26926 us)
[DBG] deferring start (26673 us)
[DBG] deferring start (26432 us)
[DBG] deferring start (26207 us)
[DBG] deferring start (25991 us)
[DBG] deferring start (25774 us)
[DBG] deferring start (25485 us)
[DBG] deferring start (25347 us)
[DBG] deferring start (25119 us)
[DBG] deferring start (24910 us)
[DBG] deferring start (24608 us)
[DBG] deferring start (24409 us)
[DBG] deferring start (24162 us)
[DBG] deferring start (23981 us)
[DBG] deferring start (23721 us)
[DBG] deferring start (23544 us)
[DBG] deferring start (23353 us)
[DBG] deferring start (23067 us)
[DBG] deferring start (22917 us)
[DBG] deferring start (22703 us)
[DBG] deferring start (22504 us)
[DBG] deferring start (22271 us)
[DBG] deferring start (22078 us)
[DBG] deferring start (21831 us)
[DBG] deferring start (21657 us)
[DBG] started
[DBG] ES_OUT_RESET_PCR called
9:48:23.627 AM [skip] +30 s (click) before=120633 ms target=150633 ms
9:48:23.628 AM [player] buffering 0.0
[DBG] SET_TIME to 150633000
[DBG] seek request to i_pos = 150633000
[DBG] seek: preroll{ track: 1, pts: 145020000, fpos: 233860590 skip: 233860590} 
[DBG] resolving 192.168.1.250 ...
[DBG] outgoing request:
GET /stream/1 HTTP/1.1
Host: 192.168.1.250:8093
Accept: */*
Accept-Language: en_US
User-Agent: VLC/4.0.0-dev LibVLC/4.0.0-dev
If-Unmodified-Since: Tue, 04 May 2021 22:49:24 GMT
Range: bytes=233860590-


[DBG] incoming response:
HTTP/1.1 206 Partial Content
Accept-Ranges: bytes
Content-Length: 12980839573
Content-Range: bytes 233860590-13214700162/13214700163
Content-Type: video/x-matroska
Last-Modified: Tue, 04 May 2021 22:49:24 GMT
Date: Mon, 14 Sep 2026 13:48:23 GMT


[DBG] connection failed
[DBG] seek: preroll{ req: 150633001, start-pts: 145020001, start-fpos: 233860590} 
[DBG] Buffering 0%
9:48:23.817 AM [player] buffering 0.0
[DBG] Buffering 1%
[DBG] Buffering 3%
[DBG] Buffering 5%
9:48:23.855 AM [skip] +30 s (click) before=150633 ms target=180633 ms
[DBG] ES_OUT_RESET_PCR called
[DBG] SET_TIME to 180633000
[DBG] seek request to i_pos = 180633000
[DBG] seek: preroll{ track: 1, pts: 179554000, fpos: 292983336 skip: 292983336} 
9:48:23.857 AM [player] buffering 0.0
[DBG] resolving 192.168.1.250 ...
[DBG] outgoing request:
GET /stream/1 HTTP/1.1
Host: 192.168.1.250:8093
Accept: */*
Accept-Language: en_US
User-Agent: VLC/4.0.0-dev LibVLC/4.0.0-dev
If-Unmodified-Since: Tue, 04 May 2021 22:49:24 GMT
Range: bytes=292983336-


[DBG] incoming response:
HTTP/1.1 206 Partial Content
Accept-Ranges: bytes
Content-Length: 12921716827
Content-Range: bytes 292983336-13214700162/13214700163
Content-Type: video/x-matroska
Last-Modified: Tue, 04 May 2021 22:49:24 GMT
Date: Mon, 14 Sep 2026 13:48:23 GMT


[DBG] connection failed
[DBG] seek: preroll{ req: 180633001, start-pts: 179554001, start-fpos: 292983336} 
[DBG] Buffering 0%
9:48:23.922 AM [player] buffering 0.0
[DBG] Buffering 2%
[DBG] Buffering 4%
[DBG] Buffering 6%
[DBG] Buffering 12%
[DBG] Buffering 14%
[DBG] Buffering 20%
[DBG] Buffering 22%
[DBG] Buffering 28%
[DBG] Buffering 34%
[DBG] Buffering 40%
[DBG] end of audio preroll
[DBG] Buffering 42%
[DBG] Buffering 48%
[DBG] Buffering 50%
[DBG] Buffering 56%
[DBG] Buffering 58%
[DBG] Buffering 64%
[DBG] end of video preroll
[DBG] Received first picture
[DBG] Buffering 66%
[DBG] Buffering 72%
9:48:24.081 AM [skip] +30 s (click) before=180633 ms target=210633 ms
[DBG] ES_OUT_RESET_PCR called
9:48:24.082 AM [player] buffering 0.0
[DBG] SET_TIME to 210633000
[DBG] seek request to i_pos = 210633000
[DBG] seek: preroll{ track: 1, pts: 210001000, fpos: 359417945 skip: 359417945} 
[DBG] resolving 192.168.1.250 ...
[DBG] outgoing request:
GET /stream/1 HTTP/1.1
Host: 192.168.1.250:8093
Accept: */*
Accept-Language: en_US
User-Agent: VLC/4.0.0-dev LibVLC/4.0.0-dev
If-Unmodified-Since: Tue, 04 May 2021 22:49:24 GMT
Range: bytes=359417945-


[DBG] incoming response:
HTTP/1.1 206 Partial Content
Accept-Ranges: bytes
Content-Length: 12855282218
Content-Range: bytes 359417945-13214700162/13214700163
Content-Type: video/x-matroska
Last-Modified: Tue, 04 May 2021 22:49:24 GMT
Date: Mon, 14 Sep 2026 13:48:24 GMT


[DBG] connection failed
[DBG] seek: preroll{ req: 210633001, start-pts: 210001001, start-fpos: 359417945} 
9:48:24.191 AM [player] buffering 0.0
[DBG] Buffering 0%
[DBG] Buffering 2%
[DBG] Buffering 7%
[DBG] Buffering 10%
[DBG] Buffering 17%
[DBG] Buffering 20%
[DBG] Buffering 28%
[DBG] end of audio preroll
[DBG] Buffering 30%
[DBG] Buffering 38%
[DBG] Buffering 40%
[DBG] Buffering 51%
[DBG] Buffering 53%
[DBG] Buffering 63%
[DBG] end of video preroll
[DBG] Buffering 66%
[DBG] Buffering 74%
[DBG] Buffering 76%
[DBG] Buffering 86%
[DBG] Buffering 89%
[DBG] Buffering 99%
9:48:24.318 AM [skip] +30 s (click) before=210633 ms target=240633 ms
[DBG] ES_OUT_RESET_PCR called
[DBG] SET_TIME to 240633000
[DBG] seek request to i_pos = 240633000
[DBG] seek: preroll{ track: 1, pts: 235402000, fpos: 400716196 skip: 400716196} 
9:48:24.319 AM [player] buffering 0.0
[DBG] resolving 192.168.1.250 ...
[DBG] outgoing request:
GET /stream/1 HTTP/1.1
Host: 192.168.1.250:8093
Accept: */*
Accept-Language: en_US
User-Agent: VLC/4.0.0-dev LibVLC/4.0.0-dev
If-Unmodified-Since: Tue, 04 May 2021 22:49:24 GMT
Range: bytes=400716196-


[DBG] incoming response:
HTTP/1.1 206 Partial Content
Accept-Ranges: bytes
Content-Length: 12813983967
Content-Range: bytes 400716196-13214700162/13214700163
Content-Type: video/x-matroska
Last-Modified: Tue, 04 May 2021 22:49:24 GMT
Date: Mon, 14 Sep 2026 13:48:24 GMT


[DBG] connection failed
[DBG] seek: preroll{ req: 240633001, start-pts: 235402001, start-fpos: 400716196} 
9:48:24.378 AM [player] buffering 0.0
[DBG] Buffering 0%
[DBG] Buffering 2%
[DBG] Buffering 4%
[DBG] Buffering 5%
[DBG] Buffering 7%
[DBG] Buffering 8%
[DBG] Buffering 10%
[DBG] Buffering 12%
[DBG] Buffering 13%
[DBG] Buffering 15%
[DBG] Buffering 16%
[DBG] Buffering 18%
[DBG] Buffering 20%
[DBG] Buffering 21%
[DBG] Buffering 23%
[DBG] Buffering 24%
[DBG] Buffering 26%
[DBG] Buffering 28%
[DBG] Buffering 29%
[DBG] Buffering 31%
[DBG] Buffering 32%
[DBG] Buffering 34%
[DBG] Buffering 36%
[DBG] Buffering 37%
[DBG] Buffering 39%
[DBG] Buffering 40%
[DBG] Buffering 42%
[DBG] Buffering 44%
9:48:24.539 AM [skip] +30 s (click) before=240633 ms target=270633 ms
[DBG] ES_OUT_RESET_PCR called
[DBG] SET_TIME to 270633000
[DBG] seek request to i_pos = 270633000
[DBG] seek: preroll{ track: 1, pts: 264473000, fpos: 450967844 skip: 450967844} 
9:48:24.541 AM [player] buffering 0.0
[DBG] resolving 192.168.1.250 ...
[DBG] outgoing request:
GET /stream/1 HTTP/1.1
Host: 192.168.1.250:8093
Accept: */*
Accept-Language: en_US
User-Agent: VLC/4.0.0-dev LibVLC/4.0.0-dev
If-Unmodified-Since: Tue, 04 May 2021 22:49:24 GMT
Range: bytes=450967844-


[DBG] incoming response:
HTTP/1.1 206 Partial Content
Accept-Ranges: bytes
Content-Length: 12763732319
Content-Range: bytes 450967844-13214700162/13214700163
Content-Type: video/x-matroska
Last-Modified: Tue, 04 May 2021 22:49:24 GMT
Date: Mon, 14 Sep 2026 13:48:24 GMT


[DBG] connection failed
[DBG] seek: preroll{ req: 270633001, start-pts: 264473001, start-fpos: 450967844} 
9:48:24.649 AM [player] buffering 0.0
[DBG] Buffering 0%
[DBG] Buffering 1%
[DBG] Buffering 2%
[DBG] Buffering 4%
[DBG] Buffering 5%
[DBG] Buffering 7%
[DBG] Buffering 8%
[DBG] Buffering 10%
[DBG] Buffering 11%
[DBG] Buffering 13%
[DBG] Buffering 15%
[DBG] Buffering 16%
[DBG] Buffering 18%
[DBG] Buffering 19%
[DBG] Buffering 21%
[DBG] Buffering 22%
[DBG] Buffering 24%
9:48:24.762 AM [skip] +30 s (click) before=270633 ms target=300633 ms
[DBG] ES_OUT_RESET_PCR called
[DBG] SET_TIME to 300633000
[DBG] seek request to i_pos = 300633000
[DBG] seek: preroll{ track: 1, pts: 300300000, fpos: 530358349 skip: 530358349} 
[DBG] resolving 192.168.1.250 ...
[DBG] outgoing request:
GET /stream/1 HTTP/1.1
Host: 192.168.1.250:8093
Accept: */*
Accept-Language: en_US
User-Agent: VLC/4.0.0-dev LibVLC/4.0.0-dev
If-Unmodified-Since: Tue, 04 May 2021 22:49:24 GMT
Range: bytes=530358349-


9:48:24.764 AM [player] buffering 0.0
[DBG] incoming response:
HTTP/1.1 206 Partial Content
Accept-Ranges: bytes
Content-Length: 12684341814
Content-Range: bytes 530358349-13214700162/13214700163
Content-Type: video/x-matroska
Last-Modified: Tue, 04 May 2021 22:49:24 GMT
Date: Mon, 14 Sep 2026 13:48:24 GMT


[DBG] connection failed
[DBG] seek: preroll{ req: 300633001, start-pts: 300300001, start-fpos: 530358349} 
9:48:24.824 AM [player] buffering 0.0
[DBG] Buffering 0%
[DBG] Buffering 3%
[DBG] Buffering 6%
[DBG] end of audio preroll
[DBG] Buffering 9%
[DBG] Buffering 18%
[DBG] Buffering 21%
[DBG] Buffering 31%
[DBG] Buffering 34%
[DBG] Buffering 43%
[DBG] Buffering 46%
[DBG] Buffering 56%
[DBG] end of video preroll
[DBG] Buffering 59%
[DBG] Buffering 68%
[DBG] Buffering 71%
[DBG] Buffering 81%
[DBG] Buffering 84%
[DBG] Buffering 93%
[DBG] Buffering 97%
[DBG] Stream buffering done (1418 ms in 98 ms)
9:48:24.923 AM [player] buffering 1.0
[DBG] Decoder wait done in 0 ms
[DBG] deferring start (88828 us)
[DBG] deferring start (71287 us)
[DBG] deferring start (60125 us)
[DBG] deferring start (59238 us)
[DBG] deferring start (58689 us)
[DBG] deferring start (58291 us)
[DBG] deferring start (57797 us)
[DBG] deferring start (57395 us)
[DBG] deferring start (57154 us)
[DBG] deferring start (56632 us)
[DBG] deferring start (55126 us)
[DBG] deferring start (54458 us)
[DBG] deferring start (74696 us)
[DBG] deferring start (62082 us)
[DBG] deferring start (50976 us)
[DBG] deferring start (50728 us)
[DBG] deferring start (69537 us)
[DBG] deferring start (58614 us)
[DBG] deferring start (47741 us)
[DBG] deferring start (47441 us)
[DBG] deferring start (47105 us)
[DBG] deferring start (46809 us)
[DBG] deferring start (46489 us)
[DBG] deferring start (46191 us)
[DBG] deferring start (45862 us)
[DBG] deferring start (45550 us)
[DBG] deferring start (45249 us)
[DBG] deferring start (44947 us)
[DBG] deferring start (44639 us)
[DBG] deferring start (44344 us)
[DBG] deferring start (44036 us)
[DBG] deferring start (43641 us)
[DBG] deferring start (43318 us)
[DBG] deferring start (43019 us)
[DBG] deferring start (42713 us)
[DBG] deferring start (42376 us)
[DBG] deferring start (42106 us)
[DBG] deferring start (41857 us)
[DBG] deferring start (41569 us)
[DBG] deferring start (41301 us)
[DBG] deferring start (41032 us)
[DBG] deferring start (40765 us)
[DBG] deferring start (40512 us)
[DBG] deferring start (40262 us)
[DBG] deferring start (40014 us)
[DBG] deferring start (39721 us)
[DBG] deferring start (39462 us)
[DBG] deferring start (39216 us)
[DBG] deferring start (38977 us)
[DBG] deferring start (38677 us)
[DBG] deferring start (38443 us)
[DBG] deferring start (38149 us)
[DBG] deferring start (37870 us)
[DBG] deferring start (37673 us)
[DBG] deferring start (37415 us)
[DBG] deferring start (37144 us)
[DBG] deferring start (36888 us)
[DBG] deferring start (36656 us)
[DBG] deferring start (36371 us)
[DBG] deferring start (36152 us)
[DBG] deferring start (35875 us)
[DBG] deferring start (35614 us)
[DBG] deferring start (35370 us)
[DBG] deferring start (35096 us)
[DBG] deferring start (34867 us)
[DBG] deferring start (34602 us)
[DBG] deferring start (34358 us)
[DBG] deferring start (34110 us)
[DBG] deferring start (33822 us)
[DBG] deferring start (33586 us)
[DBG] deferring start (33333 us)
[DBG] deferring start (33001 us)
[DBG] deferring start (32800 us)
[DBG] deferring start (32572 us)
[DBG] deferring start (32347 us)
[DBG] deferring start (32141 us)
[DBG] deferring start (31928 us)
[DBG] deferring start (31701 us)
[DBG] deferring start (31422 us)
[DBG] deferring start (31270 us)
[DBG] deferring start (31052 us)
[DBG] deferring start (30828 us)
[DBG] deferring start (30565 us)
[DBG] deferring start (30382 us)
[DBG] deferring start (30152 us)
[DBG] deferring start (29923 us)
[DBG] deferring start (29717 us)
[DBG] deferring start (29489 us)
[DBG] deferring start (29294 us)
[DBG] deferring start (29074 us)
[DBG] deferring start (28852 us)
[DBG] deferring start (28612 us)
[DBG] deferring start (28446 us)
[DBG] deferring start (28209 us)
[DBG] deferring start (27996 us)
[DBG] deferring start (27793 us)
[DBG] deferring start (27572 us)
[DBG] deferring start (27382 us)
[DBG] deferring start (27126 us)
[DBG] deferring start (26939 us)
[DBG] deferring start (26728 us)
[DBG] deferring start (26553 us)
[DBG] deferring start (26374 us)
[DBG] deferring start (26171 us)
[DBG] deferring start (25979 us)
[DBG] deferring start (25671 us)
[DBG] deferring start (25514 us)
[DBG] deferring start (25349 us)
[DBG] deferring start (25141 us)
[DBG] deferring start (24972 us)
[DBG] deferring start (24784 us)
[DBG] deferring start (24537 us)
[DBG] deferring start (24355 us)
[DBG] deferring start (24171 us)
[DBG] deferring start (23963 us)
[DBG] deferring start (23798 us)
[DBG] deferring start (23590 us)
[DBG] deferring start (23422 us)
[DBG] deferring start (23217 us)
[DBG] deferring start (23036 us)
[DBG] deferring start (22743 us)
[DBG] deferring start (22535 us)
[DBG] deferring start (22403 us)
[DBG] deferring start (22200 us)
[DBG] deferring start (22022 us)
[DBG] deferring start (21813 us)
[DBG] deferring start (21633 us)
[DBG] deferring start (21455 us)
[DBG] ES_OUT_RESET_PCR called
9:48:24.989 AM [skip] +30 s (click) before=300633 ms target=330633 ms
9:48:24.990 AM [player] buffering 0.0
[DBG] started
[DBG] SET_TIME to 330633000
[DBG] seek request to i_pos = 330633000
[DBG] seek: preroll{ track: 1, pts: 324741000, fpos: 580576105 skip: 580576105} 
[DBG] resolving 192.168.1.250 ...
[DBG] outgoing request:
GET /stream/1 HTTP/1.1
Host: 192.168.1.250:8093
Accept: */*
Accept-Language: en_US
User-Agent: VLC/4.0.0-dev LibVLC/4.0.0-dev
If-Unmodified-Since: Tue, 04 May 2021 22:49:24 GMT
Range: bytes=580576105-


[DBG] incoming response:
HTTP/1.1 206 Partial Content
Accept-Ranges: bytes
Content-Length: 12634124058
Content-Range: bytes 580576105-13214700162/13214700163
Content-Type: video/x-matroska
Last-Modified: Tue, 04 May 2021 22:49:24 GMT
Date: Mon, 14 Sep 2026 13:48:25 GMT


[DBG] connection failed
[DBG] seek: preroll{ req: 330633001, start-pts: 324741001, start-fpos: 580576105} 
[DBG] Buffering 0%
9:48:25.224 AM [player] buffering 0.0
[DBG] Buffering 1%
[DBG] Buffering 2%
[DBG] Buffering 4%
[DBG] Buffering 5%
[DBG] Buffering 7%
[DBG] Buffering 8%
[DBG] Buffering 10%
[DBG] Buffering 11%
[DBG] Buffering 13%
[DBG] Buffering 14%
[DBG] Buffering 16%
[DBG] Buffering 19%
[DBG] Buffering 21%
[DBG] Buffering 22%
[DBG] Buffering 24%
[DBG] Buffering 26%
[DBG] Buffering 27%
[DBG] Buffering 29%
[DBG] Buffering 30%
[DBG] Buffering 32%
[DBG] Buffering 35%
[DBG] Buffering 38%
[DBG] Buffering 40%
[DBG] Buffering 41%
[DBG] Buffering 42%
[DBG] Buffering 43%
[DBG] Buffering 45%
[DBG] Buffering 47%
[DBG] Buffering 48%
[DBG] Buffering 50%
[DBG] Buffering 52%
[DBG] Buffering 53%
[DBG] Buffering 55%
[DBG] Buffering 57%
[DBG] Buffering 58%
[DBG] Buffering 59%
[DBG] Buffering 60%
[DBG] Buffering 62%
[DBG] Buffering 64%
[DBG] Buffering 65%
[DBG] Buffering 67%
[DBG] Buffering 69%
[DBG] Buffering 70%
[DBG] Buffering 72%
[DBG] Buffering 74%
[DBG] Buffering 75%
[DBG] Buffering 76%
[DBG] Buffering 77%
[DBG] Buffering 79%
[DBG] Buffering 81%
[DBG] Buffering 82%
[DBG] Buffering 84%
[DBG] end of audio preroll
[DBG] Buffering 86%
[DBG] Buffering 87%
[DBG] Buffering 88%
9:48:25.511 AM [skip] after=330633 ms
[DBG] Buffering 89%
[DBG] Buffering 91%
[DBG] Buffering 93%
[DBG] Buffering 94%
[DBG] Buffering 96%
[DBG] Buffering 98%
[DBG] Buffering 99%
[DBG] Stream buffering done (6965 ms in 312 ms)
9:48:25.536 AM [player] buffering 1.0
[DBG] end of video preroll
[DBG] Received first picture
[DBG] Decoder wait done in 263 ms
[DBG] deferring start (88959 us)
[DBG] deferring start (69315 us)
[DBG] deferring start (56776 us)
[DBG] deferring start (55267 us)
[DBG] deferring start (54391 us)
[DBG] deferring start (53801 us)
[DBG] deferring start (52961 us)
[DBG] deferring start (52473 us)
[DBG] deferring start (52144 us)
[DBG] deferring start (51759 us)
[DBG] deferring start (51492 us)
[DBG] deferring start (51188 us)
[DBG] deferring start (50776 us)
[DBG] deferring start (50411 us)
[DBG] deferring start (50117 us)
[DBG] deferring start (49747 us)
[DBG] deferring start (49277 us)
[DBG] deferring start (48997 us)
[DBG] deferring start (48325 us)
[DBG] deferring start (47978 us)
[DBG] deferring start (47711 us)
[DBG] deferring start (47027 us)
[DBG] deferring start (57071 us)
[DBG] deferring start (45976 us)
[DBG] deferring start (55858 us)
[DBG] deferring start (44931 us)
[DBG] deferring start (44563 us)
[DBG] deferring start (44314 us)
[DBG] deferring start (44003 us)
[DBG] deferring start (43778 us)
[DBG] deferring start (43553 us)
[DBG] deferring start (43335 us)
[DBG] deferring start (43091 us)
[DBG] deferring start (42841 us)
[DBG] deferring start (42451 us)
[DBG] deferring start (42197 us)
[DBG] deferring start (41855 us)
[DBG] deferring start (41485 us)
[DBG] deferring start (41147 us)
[DBG] deferring start (40847 us)
[DBG] deferring start (40535 us)
[DBG] deferring start (40215 us)
[DBG] deferring start (39854 us)
[DBG] deferring start (39576 us)
[DBG] deferring start (39167 us)
[DBG] deferring start (38910 us)
[DBG] deferring start (38551 us)
[DBG] deferring start (38229 us)
[DBG] deferring start (37865 us)
[DBG] deferring start (37561 us)
[DBG] deferring start (37260 us)
[DBG] deferring start (36939 us)
[DBG] deferring start (36626 us)
[DBG] deferring start (36367 us)
[DBG] deferring start (36047 us)
[DBG] deferring start (35783 us)
[DBG] deferring start (35504 us)
[DBG] deferring start (35245 us)
[DBG] deferring start (34998 us)
[DBG] deferring start (34708 us)
[DBG] deferring start (34446 us)
[DBG] deferring start (34193 us)
[DBG] deferring start (33916 us)
[DBG] deferring start (33667 us)
[DBG] deferring start (33394 us)
[DBG] deferring start (33097 us)
[DBG] deferring start (32848 us)
[DBG] deferring start (32594 us)
[DBG] deferring start (32291 us)
[DBG] deferring start (32019 us)
[DBG] deferring start (31753 us)
[DBG] deferring start (31456 us)
[DBG] deferring start (31186 us)
[DBG] deferring start (30943 us)
[DBG] deferring start (30660 us)
[DBG] deferring start (30385 us)
[DBG] deferring start (30093 us)
[DBG] deferring start (29824 us)
[DBG] deferring start (29536 us)
[DBG] deferring start (29274 us)
[DBG] deferring start (28821 us)
[DBG] deferring start (28615 us)
[DBG] deferring start (28368 us)
[DBG] deferring start (28079 us)
[DBG] deferring start (27785 us)
[DBG] deferring start (27459 us)
[DBG] deferring start (27070 us)
[DBG] deferring start (26892 us)
[DBG] deferring start (26665 us)
[DBG] deferring start (26426 us)
[DBG] deferring start (26195 us)
[DBG] deferring start (25921 us)
[DBG] deferring start (25667 us)
[DBG] deferring start (25428 us)
[DBG] deferring start (25190 us)
[DBG] deferring start (24882 us)
[DBG] deferring start (24681 us)
[DBG] deferring start (24436 us)
[DBG] deferring start (24208 us)
[DBG] deferring start (23844 us)
[DBG] deferring start (23653 us)
[DBG] deferring start (23422 us)
[DBG] deferring start (23181 us)
[DBG] deferring start (22896 us)
[DBG] deferring start (22694 us)
[DBG] deferring start (22406 us)
[DBG] deferring start (22119 us)
[DBG] deferring start (21886 us)
[DBG] deferring start (21657 us)
[DBG] deferring start (21413 us)
[DBG] deferring start (21111 us)
[DBG] deferring start (20926 us)
[DBG] deferring start (20667 us)
[DBG] deferring start (20512 us)
[DBG] deferring start (20288 us)
[DBG] deferring start (20076 us)
[DBG] deferring start (19790 us)
[DBG] deferring start (19591 us)
[DBG] deferring start (19356 us)
[DBG] deferring start (19152 us)
[DBG] deferring start (18954 us)
[DBG] deferring start (18761 us)
[DBG] deferring start (18426 us)
[DBG] deferring start (18280 us)
[DBG] deferring start (18060 us)
[DBG] deferring start (17847 us)
[DBG] deferring start (17627 us)
[DBG] started
[DBG] picture displayed late (missing 3 ms)
[DBG] new PPS parsed: 0
[DBG] new PPS parsed: 0
[DBG] new PPS parsed: 0
[DBG] new PPS parsed: 0
[DBG] new PPS parsed: 0
[DBG] new PPS parsed: 0
[DBG] new PPS parsed: 0
[DBG] new PPS parsed: 0
[DBG] New Chapter 477477000 uid=2
9:52:22.807 AM [player] dismiss at 567283 ms, state Playing
9:52:22.809 AM [player] state Stopping at 567367 ms
[DBG] killing decoder fourcc `hevc'
[DBG] removing "video decoder" module "videotoolbox"
[DBG] saving a free vout
[DBG] ES track unselected: 'video/1' (fourcc: 'hevc')
9:52:22.851 AM [player] track selected type=1 selected= unselected=video/1
[DBG] killing decoder fourcc `dts '
[DBG] removing "audio decoder" module "avcodec"
[DBG] removing "audio packetizer" module "dts"
[DBG] removing "audio resampler" module "soxr"
[DBG] removing "audio converter" module "audio_format"
[DBG] removing "audio filter" module "scaletempo"
[DBG] removing "audio volume" module "float_mixer"
[DBG] keeping audio output
[DBG] ES track unselected: 'audio/2' (fourcc: 'dts ')
[DBG] removing "demux" module "mkv"
9:52:22.926 AM [player] track selected type=0 selected= unselected=audio/2
[DBG] ES track deleted: 'video/1' (fourcc: 'hevc')
[DBG] ES track deleted: 'audio/2' (fourcc: 'dts ')
[DBG] ES track deleted: 'spu/3' (fourcc: 'subt')
[DBG] ES track deleted: 'spu/4' (fourcc: 'subt')
[DBG] ES track deleted: 'spu/5' (fourcc: 'bdpg')
[DBG] ES track deleted: 'spu/6' (fourcc: 'bdpg')
[DBG] ES track deleted: 'spu/7' (fourcc: 'bdpg')
[DBG] ES track deleted: 'spu/8' (fourcc: 'bdpg')
[DBG] Program doesn't contain anymore ES
[DBG] removing "stream_filter" module "record"
[DBG] removing "stream_filter" module "prefetch"
[DBG] removing "access" module "http"
[DBG] connection failed
[DBG] stop free vout
9:52:22.927 AM [player] state Stopped at 567367 ms
