10:03:54.565 AM [player] request Stargate — Theatrical · SD · AC-3 5.1 — http://192.168.1.250:8093/stream/3
10:03:54.565 AM [player] file Movies/Stargate (1994)/Stargate (1994) {edition-Theatrical}.mkv 720x480 hdr=false video=mpeg2video Main audio=ac3 5.1(side), ac3 stereo
[DBG] Creating an input for playback'3'
10:03:54.578 AM [player] play() called
[DBG] using timeshift granularity of 50 MiB
[DBG] using default timeshift path
[DBG] `http://192.168.1.250:8093/stream/3' gives access `http' demux `mkv_trusted' path `192.168.1.250:8093/stream/3'
[DBG] creating access: http://192.168.1.250:8093/stream/3
[DBG] looking for access module matching "http": 2 candidates
[DBG] looking for keystore module matching "any": 1 candidates
[DBG] using keystore module "keychain"
[DBG] Lookup keychain entry for server 192.168.1.250
[WARN] lookup failed (-25300: 'Item not found')
[DBG] resolving 192.168.1.250 ...
[DBG] outgoing request:
GET /stream/3 HTTP/1.1
Host: 192.168.1.250:8093
Accept: */*
Accept-Language: en_US
User-Agent: VLC/4.0.0-dev LibVLC/4.0.0-dev
Range: bytes=0-


10:03:54.588 AM [player] state Opening at 0 ms
10:03:54.588 AM [player] buffering 0.0
[DBG] incoming response:
HTTP/1.1 206 Partial Content
Accept-Ranges: bytes
Content-Length: 5346213686
Content-Range: bytes 0-5346213685/5346213686
Content-Type: video/x-matroska
Last-Modified: Fri, 17 Jul 2026 19:34:32 GMT
Date: Mon, 14 Sep 2026 14:03:54 GMT


[DBG] removing "keystore" module "keychain"
[DBG] using access module "http"
[DBG] looking for stream_filter module matching "prefetch,cache": 2 candidates
[DBG] using 16777216 bytes buffer
[DBG] using stream_filter module "prefetch"
[DBG] looking for stream_filter module matching "any": 4 candidates
[DBG] no stream_filter modules matched with name any
[DBG] looking for stream_directory module matching "any": 0 candidates
[DBG] no stream_directory modules matched with name any
[DBG] attachment of directory-extractor failed for http://192.168.1.250:8093/stream/3
[DBG] looking for stream_filter module matching "record": 1 candidates
[DBG] using stream_filter module "record"
[DBG] creating demux "mkv_trusted", URL: http://192.168.1.250:8093/stream/3, path: (null)
[DBG] looking for demux module matching "mkv_trusted": 1 candidates
[DBG] |   + Seek head
[DBG] |   - info at 1207
[DBG] |   + Information
[DBG] |   |   + TimecodeScale=1000000
[DBG] |   |   + Muxing Application=libmakemkv v1.18.4 (1.3.10/1.5.2) darwin(arm64-release)
[DBG] |   |   + Writing Application=MakeMKV v1.18.4 darwin(arm64-release)
[DBG] |   |   + Duration=7265591
[DBG] |   |   + Date=Fri Jul 17 19:22:55 2026
[DBG] |   |   + UID=c6822232a7cb0c08
[DBG] |   - tracks at 1355
[DBG] |   + Tracks
[DBG] |   |   + Track Entry
[DBG] |   |   |   + Track Number=1
[DBG] |   |   |   + Track UID=1
[DBG] |   |   |   + Track Type=video
[DBG] |   |   |   + Track Default=0
[DBG] |   |   |   + Track Lacing=0
[DBG] |   |   |   + Track MinCache=2
[DBG] |   |   |   + Track CodecId=V_MPEG2
[DBG] |   |   |   + Track CodecPrivate size=150
[DBG] |   |   |   + Track Default Duration=33366
[DBG] |   |   |   + Track Video
[DBG] |   |   |   |   + width=720
[DBG] |   |   |   |   + height=480
[DBG] |   |   |   |   + display width=640
[DBG] |   |   |   |   + display height=480
[DBG] |   |   + Track Entry
[DBG] |   |   |   + Track Number=2
[DBG] |   |   |   + Track UID=2
[DBG] |   |   |   + Track Type=audio
[DBG] |   |   |   + Track Default=1
[DBG] |   |   |   + Track Lacing=1
[DBG] |   |   |   + Track CodecId=A_AC3
[DBG] |   |   |   + Track Language=`eng'
[DBG] |   |   |   + Track Default Duration=32000
[DBG] |   |   |   + Track Name=Surround 5.1
[DBG] |   |   |   + Track Audio
[DBG] |   |   |   |   + afreq=48000
[DBG] |   |   |   |   + achan=6
[DBG] |   |   + Track Entry
[DBG] |   |   |   + Track Number=3
[DBG] |   |   |   + Track UID=3
[DBG] |   |   |   + Track Type=audio
[DBG] |   |   |   + Track Default=0
[DBG] |   |   |   + Track Lacing=1
[DBG] |   |   |   + Track CodecId=A_AC3
[DBG] |   |   |   + Track Language=`eng'
[DBG] |   |   |   + Track Default Duration=32000
[DBG] |   |   |   + Track Name=Stereo
[DBG] |   |   |   + Track Audio
[DBG] |   |   |   |   + afreq=48000
[DBG] |   |   |   |   + achan=2
[DBG] |   |   + Track Entry
[DBG] |   |   |   + Track Number=4
[DBG] |   |   |   + Track UID=4
[DBG] |   |   |   + Track Type=subtitle
[DBG] |   |   |   + Track Default=1
[DBG] |   |   |   + Track Lacing=0
[DBG] |   |   |   + Track CodecId=S_TEXT/UTF8
[DBG] |   |   |   + Track Language=`eng'
[DBG] |   - cues at 5345950959
[DBG] resolving 192.168.1.250 ...
[DBG] outgoing request:
GET /stream/3 HTTP/1.1
Host: 192.168.1.250:8093
Accept: */*
Accept-Language: en_US
User-Agent: VLC/4.0.0-dev LibVLC/4.0.0-dev
If-Unmodified-Since: Fri, 17 Jul 2026 19:34:32 GMT
Range: bytes=5345950959-


[DBG] incoming response:
HTTP/1.1 206 Partial Content
Accept-Ranges: bytes
Content-Length: 262727
Content-Range: bytes 5345950959-5346213685/5346213686
Content-Type: video/x-matroska
Last-Modified: Fri, 17 Jul 2026 19:34:32 GMT
Date: Mon, 14 Sep 2026 14:03:54 GMT


[DBG] connection failed
[DBG] |   + Cues
[DBG] end of stream
[DBG] |   - loading cues done.
[DBG] resolving 192.168.1.250 ...
[DBG] outgoing request:
GET /stream/3 HTTP/1.1
Host: 192.168.1.250:8093
Accept: */*
Accept-Language: en_US
User-Agent: VLC/4.0.0-dev LibVLC/4.0.0-dev
If-Unmodified-Since: Fri, 17 Jul 2026 19:34:32 GMT
Range: bytes=123-


[DBG] incoming response:
HTTP/1.1 206 Partial Content
Accept-Ranges: bytes
Content-Length: 5346213563
Content-Range: bytes 123-5346213685/5346213686
Content-Type: video/x-matroska
Last-Modified: Fri, 17 Jul 2026 19:34:32 GMT
Date: Mon, 14 Sep 2026 14:03:54 GMT


[DBG] |   - chapters at 1739
[DBG] |   + Chapters
[DBG] |   |   |   + ChapterAtom (level=0)
[DBG] |   |   |   |   + ChapterUID=b7a9f8201e26b64
[DBG] |   |   |   |   + ChapterTimeStart=0
[DBG] |   |   |   |   + ChapterFlagHidden=no
[DBG] |   |   |   |   + ChapterTimeEnd=165398566
[DBG] |   |   |   |   + ChapterDisplay
[DBG] |   |   |   |   |   + ChapterString=Chapter 01
[DBG] |   |   |   |   |   + ChapterLanguage=eng
[DBG] |   |   |   + ChapterAtom (level=0)
[DBG] |   |   |   |   + ChapterUID=154dd4b3318bd12a
[DBG] |   |   |   |   + ChapterTimeStart=165398566
[DBG] |   |   |   |   + ChapterFlagHidden=no
[DBG] |   |   |   |   + ChapterTimeEnd=182415566
[DBG] |   |   |   |   + ChapterDisplay
[DBG] |   |   |   |   |   + ChapterString=Chapter 02
[DBG] |   |   |   |   |   + ChapterLanguage=eng
[DBG] |   |   |   + ChapterAtom (level=0)
[DBG] |   |   |   |   + ChapterUID=f675518a183af1f5
[DBG] |   |   |   |   + ChapterTimeStart=182415566
[DBG] |   |   |   |   + ChapterFlagHidden=no
[DBG] |   |   |   |   + ChapterTimeEnd=299866233
[DBG] |   |   |   |   + ChapterDisplay
[DBG] |   |   |   |   |   + ChapterString=Chapter 03
[DBG] |   |   |   |   |   + ChapterLanguage=eng
[DBG] |   |   |   + ChapterAtom (level=0)
[DBG] |   |   |   |   + ChapterUID=414c680ecc86cc1
[DBG] |   |   |   |   + ChapterTimeStart=299866233
[DBG] |   |   |   |   + ChapterFlagHidden=no
[DBG] |   |   |   |   + ChapterTimeEnd=405338266
[DBG] |   |   |   |   + ChapterDisplay
[DBG] |   |   |   |   |   + ChapterString=Chapter 04
[DBG] |   |   |   |   |   + ChapterLanguage=eng
[DBG] |   |   |   + ChapterAtom (level=0)
[DBG] |   |   |   |   + ChapterUID=5423a1bd6d7a49fb
[DBG] |   |   |   |   + ChapterTimeStart=405338266
[DBG] |   |   |   |   + ChapterFlagHidden=no
[DBG] |   |   |   |   + ChapterTimeEnd=522421900
[DBG] |   |   |   |   + ChapterDisplay
[DBG] |   |   |   |   |   + ChapterString=Chapter 05
[DBG] |   |   |   |   |   + ChapterLanguage=eng
[DBG] |   |   |   + ChapterAtom (level=0)
[DBG] |   |   |   |   + ChapterUID=203acd4cdb792616
[DBG] |   |   |   |   + ChapterTimeStart=522421900
[DBG] |   |   |   |   + ChapterFlagHidden=no
[DBG] |   |   |   |   + ChapterTimeEnd=626225600
[DBG] |   |   |   |   + ChapterDisplay
[DBG] |   |   |   |   |   + ChapterString=Chapter 06
[DBG] |   |   |   |   |   + ChapterLanguage=eng
[DBG] |   |   |   + ChapterAtom (level=0)
[DBG] |   |   |   |   + ChapterUID=fa1c21426f721a91
[DBG] |   |   |   |   + ChapterTimeStart=626225600
[DBG] |   |   |   |   + ChapterFlagHidden=no
[DBG] |   |   |   |   + ChapterTimeEnd=870269400
[DBG] |   |   |   |   + ChapterDisplay
[DBG] |   |   |   |   |   + ChapterString=Chapter 07
[DBG] |   |   |   |   |   + ChapterLanguage=eng
[DBG] |   |   |   + ChapterAtom (level=0)
[DBG] |   |   |   |   + ChapterUID=201d23d1ef285585
[DBG] |   |   |   |   + ChapterTimeStart=870269400
[DBG] |   |   |   |   + ChapterFlagHidden=no
[DBG] |   |   |   |   + ChapterTimeEnd=1128277150
[DBG] |   |   |   |   + ChapterDisplay
[DBG] |   |   |   |   |   + ChapterString=Chapter 08
[DBG] |   |   |   |   |   + ChapterLanguage=eng
[DBG] |   |   |   + ChapterAtom (level=0)
[DBG] |   |   |   |   + ChapterUID=4a040f9babd62b1
[DBG] |   |   |   |   + ChapterTimeStart=1128277150
[DBG] |   |   |   |   + ChapterFlagHidden=no
[DBG] |   |   |   |   + ChapterTimeEnd=1248513933
[DBG] |   |   |   |   + ChapterDisplay
[DBG] |   |   |   |   |   + ChapterString=Chapter 09
[DBG] |   |   |   |   |   + ChapterLanguage=eng
[DBG] |   |   |   + ChapterAtom (level=0)
[DBG] |   |   |   |   + ChapterUID=42e53f2653a02a58
[DBG] |   |   |   |   + ChapterTimeStart=1248513933
[DBG] |   |   |   |   + ChapterFlagHidden=no
[DBG] |   |   |   |   + ChapterTimeEnd=1362794766
[DBG] |   |   |   |   + ChapterDisplay
[DBG] |   |   |   |   |   + ChapterString=Chapter 10
[DBG] |   |   |   |   |   + ChapterLanguage=eng
[DBG] |   |   |   + ChapterAtom (level=0)
[DBG] |   |   |   |   + ChapterUID=913bc32acb3aed44
[DBG] |   |   |   |   + ChapterTimeStart=1362794766
[DBG] |   |   |   |   + ChapterFlagHidden=no
[DBG] |   |   |   |   + ChapterTimeEnd=1484883400
[DBG] |   |   |   |   + ChapterDisplay
[DBG] |   |   |   |   |   + ChapterString=Chapter 11
[DBG] |   |   |   |   |   + ChapterLanguage=eng
[DBG] |   |   |   + ChapterAtom (level=0)
[DBG] |   |   |   |   + ChapterUID=8dad49907f16869
[DBG] |   |   |   |   + ChapterTimeStart=1484883400
[DBG] |   |   |   |   + ChapterFlagHidden=no
[DBG] |   |   |   |   + ChapterTimeEnd=1534966766
[DBG] |   |   |   |   + ChapterDisplay
[DBG] |   |   |   |   |   + ChapterString=Chapter 12
[DBG] |   |   |   |   |   + ChapterLanguage=eng
[DBG] |   |   |   + ChapterAtom (level=0)
[DBG] |   |   |   |   + ChapterUID=98b8b43b8bf0c49
[DBG] |   |   |   |   + ChapterTimeStart=1534966766
[DBG] |   |   |   |   + ChapterFlagHidden=no
[DBG] |   |   |   |   + ChapterTimeEnd=1568133233
[DBG] |   |   |   |   + ChapterDisplay
[DBG] |   |   |   |   |   + ChapterString=Chapter 13
[DBG] |   |   |   |   |   + ChapterLanguage=eng
[DBG] |   |   |   + ChapterAtom (level=0)
[DBG] |   |   |   |   + ChapterUID=47c788d6a840394c
[DBG] |   |   |   |   + ChapterTimeStart=1568133233
[DBG] |   |   |   |   + ChapterFlagHidden=no
[DBG] |   |   |   |   + ChapterTimeEnd=1606671733
[DBG] |   |   |   |   + ChapterDisplay
[DBG] |   |   |   |   |   + ChapterString=Chapter 14
[DBG] |   |   |   |   |   + ChapterLanguage=eng
[DBG] |   |   |   + ChapterAtom (level=0)
[DBG] |   |   |   |   + ChapterUID=c10e835796f1f376
[DBG] |   |   |   |   + ChapterTimeStart=1606671733
[DBG] |   |   |   |   + ChapterFlagHidden=no
[DBG] |   |   |   |   + ChapterTimeEnd=1780712266
[DBG] |   |   |   |   + ChapterDisplay
[DBG] |   |   |   |   |   + ChapterString=Chapter 15
[DBG] |   |   |   |   |   + ChapterLanguage=eng
[DBG] |   |   |   + ChapterAtom (level=0)
[DBG] |   |   |   |   + ChapterUID=8e87a2aa273fcdf9
[DBG] |   |   |   |   + ChapterTimeStart=1780712266
[DBG] |   |   |   |   + ChapterFlagHidden=no
[DBG] |   |   |   |   + ChapterTimeEnd=1840772266
[DBG] |   |   |   |   + ChapterDisplay
[DBG] |   |   |   |   |   + ChapterString=Chapter 16
[DBG] |   |   |   |   |   + ChapterLanguage=eng
[DBG] |   |   |   + ChapterAtom (level=0)
[DBG] |   |   |   |   + ChapterUID=1ccfa24a556deb64
[DBG] |   |   |   |   + ChapterTimeStart=1840772266
[DBG] |   |   |   |   + ChapterFlagHidden=no
[DBG] |   |   |   |   + ChapterTimeEnd=2003568233
[DBG] |   |   |   |   + ChapterDisplay
[DBG] |   |   |   |   |   + ChapterString=Chapter 17
[DBG] |   |   |   |   |   + ChapterLanguage=eng
[DBG] |   |   |   + ChapterAtom (level=0)
[DBG] |   |   |   |   + ChapterUID=ce8830637d402f1
[DBG] |   |   |   |   + ChapterTimeStart=2003568233
[DBG] |   |   |   |   + ChapterFlagHidden=no
[DBG] |   |   |   |   + ChapterTimeEnd=2112176733
[DBG] |   |   |   |   + ChapterDisplay
[DBG] |   |   |   |   |   + ChapterString=Chapter 18
[DBG] |   |   |   |   |   + ChapterLanguage=eng
[DBG] |   |   |   + ChapterAtom (level=0)
[DBG] |   |   |   |   + ChapterUID=744fd155a4fae1d2
[DBG] |   |   |   |   + ChapterTimeStart=2112176733
[DBG] |   |   |   |   + ChapterFlagHidden=no
[DBG] |   |   |   |   + ChapterTimeEnd=2249146900
[DBG] |   |   |   |   + ChapterDisplay
[DBG] |   |   |   |   |   + ChapterString=Chapter 19
[DBG] |   |   |   |   |   + ChapterLanguage=eng
[DBG] |   |   |   + ChapterAtom (level=0)
[DBG] |   |   |   |   + ChapterUID=f182acb1bdf363dd
[DBG] |   |   |   |   + ChapterTimeStart=2249146900
[DBG] |   |   |   |   + ChapterFlagHidden=no
[DBG] |   |   |   |   + ChapterTimeEnd=2444041600
[DBG] |   |   |   |   + ChapterDisplay
[DBG] |   |   |   |   |   + ChapterString=Chapter 20
[DBG] |   |   |   |   |   + ChapterLanguage=eng
[DBG] |   |   |   + ChapterAtom (level=0)
[DBG] |   |   |   |   + ChapterUID=ddf52457cffcc22
[DBG] |   |   |   |   + ChapterTimeStart=2444041600
[DBG] |   |   |   |   + ChapterFlagHidden=no
[DBG] |   |   |   |   + ChapterTimeEnd=2654885566
[DBG] |   |   |   |   + ChapterDisplay
[DBG] |   |   |   |   |   + ChapterString=Chapter 21
[DBG] |   |   |   |   |   + ChapterLanguage=eng
[DBG] |   |   |   + ChapterAtom (level=0)
[DBG] |   |   |   |   + ChapterUID=498f47ea8a580f30
[DBG] |   |   |   |   + ChapterTimeStart=2654885566
[DBG] |   |   |   |   + ChapterFlagHidden=no
[DBG] |   |   |   |   + ChapterTimeEnd=2810457650
[DBG] |   |   |   |   + ChapterDisplay
[DBG] |   |   |   |   |   + ChapterString=Chapter 22
[DBG] |   |   |   |   |   + ChapterLanguage=eng
[DBG] |   |   |   + ChapterAtom (level=0)
[DBG] |   |   |   |   + ChapterUID=6512cf4716008bfd
[DBG] |   |   |   |   + ChapterTimeStart=2810457650
[DBG] |   |   |   |   + ChapterFlagHidden=no
[DBG] |   |   |   |   + ChapterTimeEnd=2968699066
[DBG] |   |   |   |   + ChapterDisplay
[DBG] |   |   |   |   |   + ChapterString=Chapter 23
[DBG] |   |   |   |   |   + ChapterLanguage=eng
[DBG] |   |   |   + ChapterAtom (level=0)
[DBG] |   |   |   |   + ChapterUID=11df3abbca3b425c
[DBG] |   |   |   |   + ChapterTimeStart=2968699066
[DBG] |   |   |   |   + ChapterFlagHidden=no
[DBG] |   |   |   |   + ChapterTimeEnd=3041438400
[DBG] |   |   |   |   + ChapterDisplay
[DBG] |   |   |   |   |   + ChapterString=Chapter 24
[DBG] |   |   |   |   |   + ChapterLanguage=eng
[DBG] |   |   |   + ChapterAtom (level=0)
[DBG] |   |   |   |   + ChapterUID=3a512eed3506eae3
[DBG] |   |   |   |   + ChapterTimeStart=3041438400
[DBG] |   |   |   |   + ChapterFlagHidden=no
[DBG] |   |   |   |   + ChapterTimeEnd=3189085900
[DBG] |   |   |   |   + ChapterDisplay
[DBG] |   |   |   |   |   + ChapterString=Chapter 25
[DBG] |   |   |   |   |   + ChapterLanguage=eng
[DBG] |   |   |   + ChapterAtom (level=0)
[DBG] |   |   |   |   + ChapterUID=ac2fa95b004b26e5
[DBG] |   |   |   |   + ChapterTimeStart=3189085900
[DBG] |   |   |   |   + ChapterFlagHidden=no
[DBG] |   |   |   |   + ChapterTimeEnd=3392155433
[DBG] |   |   |   |   + ChapterDisplay
[DBG] |   |   |   |   |   + ChapterString=Chapter 26
[DBG] |   |   |   |   |   + ChapterLanguage=eng
[DBG] |   |   |   + ChapterAtom (level=0)
[DBG] |   |   |   |   + ChapterUID=125622fc33b66bfa
[DBG] |   |   |   |   + ChapterTimeStart=3392155433
[DBG] |   |   |   |   + ChapterFlagHidden=no
[DBG] |   |   |   |   + ChapterTimeEnd=3410840766
[DBG] |   |   |   |   + ChapterDisplay
[DBG] |   |   |   |   |   + ChapterString=Chapter 27
[DBG] |   |   |   |   |   + ChapterLanguage=eng
[DBG] |   |   |   + ChapterAtom (level=0)
[DBG] |   |   |   |   + ChapterUID=98745fd467e52289
[DBG] |   |   |   |   + ChapterTimeStart=3410840766
[DBG] |   |   |   |   + ChapterFlagHidden=no
[DBG] |   |   |   |   + ChapterTimeEnd=3533096233
[DBG] |   |   |   |   + ChapterDisplay
[DBG] |   |   |   |   |   + ChapterString=Chapter 28
[DBG] |   |   |   |   |   + ChapterLanguage=eng
[DBG] |   |   |   + ChapterAtom (level=0)
[DBG] |   |   |   |   + ChapterUID=d114153d0c161426
[DBG] |   |   |   |   + ChapterTimeStart=3533096233
[DBG] |   |   |   |   + ChapterFlagHidden=no
[DBG] |   |   |   |   + ChapterTimeEnd=3637300333
[DBG] |   |   |   |   + ChapterDisplay
[DBG] |   |   |   |   |   + ChapterString=Chapter 29
[DBG] |   |   |   |   |   + ChapterLanguage=eng
[DBG] |   |   |   + ChapterAtom (level=0)
[DBG] |   |   |   |   + ChapterUID=d0403b4f267c673
[DBG] |   |   |   |   + ChapterTimeStart=3637300333
[DBG] |   |   |   |   + ChapterFlagHidden=no
[DBG] |   |   |   |   + ChapterTimeEnd=3775738633
[DBG] |   |   |   |   + ChapterDisplay
[DBG] |   |   |   |   |   + ChapterString=Chapter 30
[DBG] |   |   |   |   |   + ChapterLanguage=eng
[DBG] |   |   |   + ChapterAtom (level=0)
[DBG] |   |   |   |   + ChapterUID=48351559d0fd1149
[DBG] |   |   |   |   + ChapterTimeStart=3775738633
[DBG] |   |   |   |   + ChapterFlagHidden=no
[DBG] |   |   |   |   + ChapterTimeEnd=3852515333
[DBG] |   |   |   |   + ChapterDisplay
[DBG] |   |   |   |   |   + ChapterString=Chapter 31
[DBG] |   |   |   |   |   + ChapterLanguage=eng
[DBG] |   |   |   + ChapterAtom (level=0)
[DBG] |   |   |   |   + ChapterUID=4469bce09764ccd1
[DBG] |   |   |   |   + ChapterTimeStart=3852515333
[DBG] |   |   |   |   + ChapterFlagHidden=no
[DBG] |   |   |   |   + ChapterTimeEnd=3922885633
[DBG] |   |   |   |   + ChapterDisplay
[DBG] |   |   |   |   |   + ChapterString=Chapter 32
[DBG] |   |   |   |   |   + ChapterLanguage=eng
[DBG] |   |   |   + ChapterAtom (level=0)
[DBG] |   |   |   |   + ChapterUID=7f97d02cd5145b6b
[DBG] |   |   |   |   + ChapterTimeStart=3922885633
[DBG] |   |   |   |   + ChapterFlagHidden=no
[DBG] |   |   |   |   + ChapterTimeEnd=4067863800
[DBG] |   |   |   |   + ChapterDisplay
[DBG] |   |   |   |   |   + ChapterString=Chapter 33
[DBG] |   |   |   |   |   + ChapterLanguage=eng
[DBG] |   |   |   + ChapterAtom (level=0)
[DBG] |   |   |   |   + ChapterUID=332000f75a0f8a2d
[DBG] |   |   |   |   + ChapterTimeStart=4067863800
[DBG] |   |   |   |   + ChapterFlagHidden=no
[DBG] |   |   |   |   + ChapterTimeEnd=4265060800
[DBG] |   |   |   |   + ChapterDisplay
[DBG] |   |   |   |   |   + ChapterString=Chapter 34
[DBG] |   |   |   |   |   + ChapterLanguage=eng
[DBG] |   |   |   + ChapterAtom (level=0)
[DBG] |   |   |   |   + ChapterUID=e23dc42c1457cbb2
[DBG] |   |   |   |   + ChapterTimeStart=4265060800
[DBG] |   |   |   |   + ChapterFlagHidden=no
[DBG] |   |   |   |   + ChapterTimeEnd=4423719300
[DBG] |   |   |   |   + ChapterDisplay
[DBG] |   |   |   |   |   + ChapterString=Chapter 35
[DBG] |   |   |   |   |   + ChapterLanguage=eng
[DBG] |   |   |   + ChapterAtom (level=0)
[DBG] |   |   |   |   + ChapterUID=3905050c44b5689a
[DBG] |   |   |   |   + ChapterTimeStart=4423719300
[DBG] |   |   |   |   + ChapterFlagHidden=no
[DBG] |   |   |   |   + ChapterTimeEnd=4533362166
[DBG] |   |   |   |   + ChapterDisplay
[DBG] |   |   |   |   |   + ChapterString=Chapter 36
[DBG] |   |   |   |   |   + ChapterLanguage=eng
[DBG] |   |   |   + ChapterAtom (level=0)
[DBG] |   |   |   |   + ChapterUID=55ca3dedddd19aa
[DBG] |   |   |   |   + ChapterTimeStart=4533362166
[DBG] |   |   |   |   + ChapterFlagHidden=no
[DBG] |   |   |   |   + ChapterTimeEnd=4740535800
[DBG] |   |   |   |   + ChapterDisplay
[DBG] |   |   |   |   |   + ChapterString=Chapter 37
[DBG] |   |   |   |   |   + ChapterLanguage=eng
[DBG] |   |   |   + ChapterAtom (level=0)
[DBG] |   |   |   |   + ChapterUID=9f3c3aa57eeae8a5
[DBG] |   |   |   |   + ChapterTimeStart=4740535800
[DBG] |   |   |   |   + ChapterFlagHidden=no
[DBG] |   |   |   |   + ChapterTimeEnd=4903698800
[DBG] |   |   |   |   + ChapterDisplay
[DBG] |   |   |   |   |   + ChapterString=Chapter 38
[DBG] |   |   |   |   |   + ChapterLanguage=eng
[DBG] |   |   |   + ChapterAtom (level=0)
[DBG] |   |   |   |   + ChapterUID=a16682a7f3c5a150
[DBG] |   |   |   |   + ChapterTimeStart=4903698800
[DBG] |   |   |   |   + ChapterFlagHidden=no
[DBG] |   |   |   |   + ChapterTimeEnd=5095056633
[DBG] |   |   |   |   + ChapterDisplay
[DBG] |   |   |   |   |   + ChapterString=Chapter 39
[DBG] |   |   |   |   |   + ChapterLanguage=eng
[DBG] |   |   |   + ChapterAtom (level=0)
[DBG] |   |   |   |   + ChapterUID=e057f40f0031d0c4
[DBG] |   |   |   |   + ChapterTimeStart=5095056633
[DBG] |   |   |   |   + ChapterFlagHidden=no
[DBG] |   |   |   |   + ChapterTimeEnd=5225687133
[DBG] |   |   |   |   + ChapterDisplay
[DBG] |   |   |   |   |   + ChapterString=Chapter 40
[DBG] |   |   |   |   |   + ChapterLanguage=eng
[DBG] |   |   |   + ChapterAtom (level=0)
[DBG] |   |   |   |   + ChapterUID=62fc003cc1fc8a2f
[DBG] |   |   |   |   + ChapterTimeStart=5225687133
[DBG] |   |   |   |   + ChapterFlagHidden=no
[DBG] |   |   |   |   + ChapterTimeEnd=5278106166
[DBG] |   |   |   |   + ChapterDisplay
[DBG] |   |   |   |   |   + ChapterString=Chapter 41
[DBG] |   |   |   |   |   + ChapterLanguage=eng
[DBG] |   |   |   + ChapterAtom (level=0)
[DBG] |   |   |   |   + ChapterUID=980a6bee38debdde
[DBG] |   |   |   |   + ChapterTimeStart=5278106166
[DBG] |   |   |   |   + ChapterFlagHidden=no
[DBG] |   |   |   |   + ChapterTimeEnd=5447742300
[DBG] |   |   |   |   + ChapterDisplay
[DBG] |   |   |   |   |   + ChapterString=Chapter 42
[DBG] |   |   |   |   |   + ChapterLanguage=eng
[DBG] |   |   |   + ChapterAtom (level=0)
[DBG] |   |   |   |   + ChapterUID=ace2a67a9d8ed00e
[DBG] |   |   |   |   + ChapterTimeStart=5447742300
[DBG] |   |   |   |   + ChapterFlagHidden=no
[DBG] |   |   |   |   + ChapterTimeEnd=5512807300
[DBG] |   |   |   |   + ChapterDisplay
[DBG] |   |   |   |   |   + ChapterString=Chapter 43
[DBG] |   |   |   |   |   + ChapterLanguage=eng
[DBG] |   |   |   + ChapterAtom (level=0)
[DBG] |   |   |   |   + ChapterUID=869c0b53ecc75652
[DBG] |   |   |   |   + ChapterTimeStart=5512807300
[DBG] |   |   |   |   + ChapterFlagHidden=no
[DBG] |   |   |   |   + ChapterTimeEnd=5586881300
[DBG] |   |   |   |   + ChapterDisplay
[DBG] |   |   |   |   |   + ChapterString=Chapter 44
[DBG] |   |   |   |   |   + ChapterLanguage=eng
[DBG] |   |   |   + ChapterAtom (level=0)
[DBG] |   |   |   |   + ChapterUID=ddcfee27fba12e12
[DBG] |   |   |   |   + ChapterTimeStart=5586881300
[DBG] |   |   |   |   + ChapterFlagHidden=no
[DBG] |   |   |   |   + ChapterTimeEnd=5747208133
[DBG] |   |   |   |   + ChapterDisplay
[DBG] |   |   |   |   |   + ChapterString=Chapter 45
[DBG] |   |   |   |   |   + ChapterLanguage=eng
[DBG] |   |   |   + ChapterAtom (level=0)
[DBG] |   |   |   |   + ChapterUID=8f21956c0ba86ed5
[DBG] |   |   |   |   + ChapterTimeStart=5747208133
[DBG] |   |   |   |   + ChapterFlagHidden=no
[DBG] |   |   |   |   + ChapterTimeEnd=5820948466
[DBG] |   |   |   |   + ChapterDisplay
[DBG] |   |   |   |   |   + ChapterString=Chapter 46
[DBG] |   |   |   |   |   + ChapterLanguage=eng
[DBG] |   |   |   + ChapterAtom (level=0)
[DBG] |   |   |   |   + ChapterUID=881b95e13738a912
[DBG] |   |   |   |   + ChapterTimeStart=5820948466
[DBG] |   |   |   |   + ChapterFlagHidden=no
[DBG] |   |   |   |   + ChapterTimeEnd=5977304666
[DBG] |   |   |   |   + ChapterDisplay
[DBG] |   |   |   |   |   + ChapterString=Chapter 47
[DBG] |   |   |   |   |   + ChapterLanguage=eng
[DBG] |   |   |   + ChapterAtom (level=0)
[DBG] |   |   |   |   + ChapterUID=2cf22421eedcfd8e
[DBG] |   |   |   |   + ChapterTimeStart=5977304666
[DBG] |   |   |   |   + ChapterFlagHidden=no
[DBG] |   |   |   |   + ChapterTimeEnd=6052679966
[DBG] |   |   |   |   + ChapterDisplay
[DBG] |   |   |   |   |   + ChapterString=Chapter 48
[DBG] |   |   |   |   |   + ChapterLanguage=eng
[DBG] |   |   |   + ChapterAtom (level=0)
[DBG] |   |   |   |   + ChapterUID=334c2c825a92ca2c
[DBG] |   |   |   |   + ChapterTimeStart=6052679966
[DBG] |   |   |   |   + ChapterFlagHidden=no
[DBG] |   |   |   |   + ChapterTimeEnd=6218011800
[DBG] |   |   |   |   + ChapterDisplay
[DBG] |   |   |   |   |   + ChapterString=Chapter 49
[DBG] |   |   |   |   |   + ChapterLanguage=eng
[DBG] |   |   |   + ChapterAtom (level=0)
[DBG] |   |   |   |   + ChapterUID=1de862aeb2479527
[DBG] |   |   |   |   + ChapterTimeStart=6218011800
[DBG] |   |   |   |   + ChapterFlagHidden=no
[DBG] |   |   |   |   + ChapterTimeEnd=6483310166
[DBG] |   |   |   |   + ChapterDisplay
[DBG] |   |   |   |   |   + ChapterString=Chapter 50
[DBG] |   |   |   |   |   + ChapterLanguage=eng
[DBG] |   |   |   + ChapterAtom (level=0)
[DBG] |   |   |   |   + ChapterUID=7cca26ed2dd8a031
[DBG] |   |   |   |   + ChapterTimeStart=6483310166
[DBG] |   |   |   |   + ChapterFlagHidden=no
[DBG] |   |   |   |   + ChapterTimeEnd=6584210966
[DBG] |   |   |   |   + ChapterDisplay
[DBG] |   |   |   |   |   + ChapterString=Chapter 51
[DBG] |   |   |   |   |   + ChapterLanguage=eng
[DBG] |   |   |   + ChapterAtom (level=0)
[DBG] |   |   |   |   + ChapterUID=20eecfcaf46f7536
[DBG] |   |   |   |   + ChapterTimeStart=6584210966
[DBG] |   |   |   |   + ChapterFlagHidden=no
[DBG] |   |   |   |   + ChapterTimeEnd=6772065300
[DBG] |   |   |   |   + ChapterDisplay
[DBG] |   |   |   |   |   + ChapterString=Chapter 52
[DBG] |   |   |   |   |   + ChapterLanguage=eng
[DBG] |   |   |   + ChapterAtom (level=0)
[DBG] |   |   |   |   + ChapterUID=fcb3ab859c53669
[DBG] |   |   |   |   + ChapterTimeStart=6772065300
[DBG] |   |   |   |   + ChapterFlagHidden=no
[DBG] |   |   |   |   + ChapterTimeEnd=6885011466
[DBG] |   |   |   |   + ChapterDisplay
[DBG] |   |   |   |   |   + ChapterString=Chapter 53
[DBG] |   |   |   |   |   + ChapterLanguage=eng
[DBG] |   |   |   + ChapterAtom (level=0)
[DBG] |   |   |   |   + ChapterUID=6dbfaa8e8f0b1de0
[DBG] |   |   |   |   + ChapterTimeStart=6885011466
[DBG] |   |   |   |   + ChapterFlagHidden=no
[DBG] |   |   |   |   + ChapterTimeEnd=7265591666
[DBG] |   |   |   |   + ChapterDisplay
[DBG] |   |   |   |   |   + ChapterString=Chapter 54
[DBG] |   |   |   |   |   + ChapterLanguage=eng
[DBG] |   - tags at 5346212037
[DBG] resolving 192.168.1.250 ...
[DBG] outgoing request:
GET /stream/3 HTTP/1.1
Host: 192.168.1.250:8093
Accept: */*
Accept-Language: en_US
User-Agent: VLC/4.0.0-dev LibVLC/4.0.0-dev
If-Unmodified-Since: Fri, 17 Jul 2026 19:34:32 GMT
Range: bytes=5346212037-


[DBG] incoming response:
HTTP/1.1 206 Partial Content
Accept-Ranges: bytes
Content-Length: 1649
Content-Range: bytes 5346212037-5346213685/5346213686
Content-Type: video/x-matroska
Last-Modified: Fri, 17 Jul 2026 19:34:32 GMT
Date: Mon, 14 Sep 2026 14:03:54 GMT


[DBG] connection failed
[DBG] end of stream
[DBG] |   + Tags
[DBG] + Tag
[DBG] |   + Targets
[DBG] |   |   + TrackUID: 1
[DBG] |   |   + TargetType: MOVIE
[DBG] |   + Simple Tag 
[DBG] |   |   + Meta BPS: 5240727
[DBG] |   + Simple Tag 
[DBG] |   |   + Meta DURATION: 02:01:05.591666666
[DBG] |   + Simple Tag 
[DBG] |   |   + Meta NUMBER_OF_FRAMES: 180045
[DBG] |   + Simple Tag 
[DBG] |   |   + Meta NUMBER_OF_BYTES: 4759622976
[DBG] |   + Simple Tag 
[DBG] |   |   + Meta SOURCE_ID: 0100E0
[DBG] |   + Simple Tag 
[DBG] |   |   + Meta _STATISTICS_WRITING_APP: MakeMKV v1.18.4 darwin(arm64-release)
[DBG] |   + Simple Tag 
[DBG] |   |   + Meta _STATISTICS_WRITING_DATE_UTC: 2026-07-17 19:22:55
[DBG] |   + Simple Tag 
[DBG] |   |   + Meta _STATISTICS_TAGS: BPS DURATION NUMBER_OF_FRAMES NUMBER_OF_BYTES SOURCE_ID
[DBG] + Tag
[DBG] |   + Targets
[DBG] |   |   + TrackUID: 2
[DBG] |   |   + TargetType: MOVIE
[DBG] |   + Simple Tag 
[DBG] |   |   + Meta BPS: 447988
[DBG] |   + Simple Tag 
[DBG] |   |   + Meta DURATION: 02:01:05.569388888
[DBG] |   + Simple Tag 
[DBG] |   |   + Meta NUMBER_OF_FRAMES: 227043
[DBG] |   + Simple Tag 
[DBG] |   |   + Meta NUMBER_OF_BYTES: 406861056
[DBG] |   + Simple Tag 
[DBG] |   |   + Meta SOURCE_ID: 0180BD
[DBG] |   + Simple Tag 
[DBG] |   |   + Meta _STATISTICS_WRITING_APP: MakeMKV v1.18.4 darwin(arm64-release)
[DBG] |   + Simple Tag 
[DBG] |   |   + Meta _STATISTICS_WRITING_DATE_UTC: 2026-07-17 19:22:55
[DBG] |   + Simple Tag 
[DBG] |   |   + Meta _STATISTICS_TAGS: BPS DURATION NUMBER_OF_FRAMES NUMBER_OF_BYTES SOURCE_ID
[DBG] + Tag
[DBG] |   + Targets
[DBG] |   |   + TrackUID: 3
[DBG] |   |   + TargetType: MOVIE
[DBG] |   + Simple Tag 
[DBG] |   |   + Meta BPS: 191994
[DBG] |   + Simple Tag 
[DBG] |   |   + Meta DURATION: 02:01:05.569400000
[DBG] |   + Simple Tag 
[DBG] |   |   + Meta NUMBER_OF_FRAMES: 227043
[DBG] |   + Simple Tag 
[DBG] |   |   + Meta NUMBER_OF_BYTES: 174369024
[DBG] |   + Simple Tag 
[DBG] |   |   + Meta SOURCE_ID: 0181BD
[DBG] |   + Simple Tag 
[DBG] |   |   + Meta _STATISTICS_WRITING_APP: MakeMKV v1.18.4 darwin(arm64-release)
[DBG] |   + Simple Tag 
[DBG] |   |   + Meta _STATISTICS_WRITING_DATE_UTC: 2026-07-17 19:22:55
[DBG] |   + Simple Tag 
[DBG] |   |   + Meta _STATISTICS_TAGS: BPS DURATION NUMBER_OF_FRAMES NUMBER_OF_BYTES SOURCE_ID
[DBG] + Tag
[DBG] |   + Targets
[DBG] |   |   + TrackUID: 4
[DBG] |   |   + TargetType: MOVIE
[DBG] |   + Simple Tag 
[DBG] |   |   + Meta BPS: 54
[DBG] |   + Simple Tag 
[DBG] |   |   + Meta DURATION: 01:53:45.600300000
[DBG] |   + Simple Tag 
[DBG] |   |   + Meta NUMBER_OF_FRAMES: 914
[DBG] |   + Simple Tag 
[DBG] |   |   + Meta NUMBER_OF_BYTES: 46727
[DBG] |   + Simple Tag 
[DBG] |   |   + Meta SOURCE_ID: 0100E0
[DBG] |   + Simple Tag 
[DBG] |   |   + Meta _STATISTICS_WRITING_APP: MakeMKV v1.18.4 darwin(arm64-release)
[DBG] |   + Simple Tag 
[DBG] |   |   + Meta _STATISTICS_WRITING_DATE_UTC: 2026-07-17 19:22:55
[DBG] |   + Simple Tag 
[DBG] |   |   + Meta _STATISTICS_TAGS: BPS DURATION NUMBER_OF_FRAMES NUMBER_OF_BYTES SOURCE_ID
[DBG] loading tags done.
[DBG] resolving 192.168.1.250 ...
[DBG] outgoing request:
GET /stream/3 HTTP/1.1
Host: 192.168.1.250:8093
Accept: */*
Accept-Language: en_US
User-Agent: VLC/4.0.0-dev LibVLC/4.0.0-dev
If-Unmodified-Since: Fri, 17 Jul 2026 19:34:32 GMT
Range: bytes=183-


[DBG] incoming response:
HTTP/1.1 206 Partial Content
Accept-Ranges: bytes
Content-Length: 5346213503
Content-Range: bytes 183-5346213685/5346213686
Content-Type: video/x-matroska
Last-Modified: Fri, 17 Jul 2026 19:34:32 GMT
Date: Mon, 14 Sep 2026 14:03:54 GMT


[DBG] |   + Void
[DBG] |   + Information
[DBG] |   + Tracks
[DBG] |   + Chapters
[DBG] |   + Void
[DBG] |   + Cluster
[DBG] Virtual chapter  Chapter 01 from 0 to 165398566 - 
[DBG] Virtual chapter  Chapter 02 from 165398566 to 182415566 - 
[DBG] Virtual chapter  Chapter 03 from 182415566 to 299866233 - 
[DBG] Virtual chapter  Chapter 04 from 299866233 to 405338266 - 
[DBG] Virtual chapter  Chapter 05 from 405338266 to 522421900 - 
[DBG] Virtual chapter  Chapter 06 from 522421900 to 626225600 - 
[DBG] Virtual chapter  Chapter 07 from 626225600 to 870269400 - 
[DBG] Virtual chapter  Chapter 08 from 870269400 to 1128277150 - 
[DBG] Virtual chapter  Chapter 09 from 1128277150 to 1248513933 - 
[DBG] Virtual chapter  Chapter 10 from 1248513933 to 1362794766 - 
[DBG] Virtual chapter  Chapter 11 from 1362794766 to 1484883400 - 
[DBG] Virtual chapter  Chapter 12 from 1484883400 to 1534966766 - 
[DBG] Virtual chapter  Chapter 13 from 1534966766 to 1568133233 - 
[DBG] Virtual chapter  Chapter 14 from 1568133233 to 1606671733 - 
[DBG] Virtual chapter  Chapter 15 from 1606671733 to 1780712266 - 
[DBG] Virtual chapter  Chapter 16 from 1780712266 to 1840772266 - 
[DBG] Virtual chapter  Chapter 17 from 1840772266 to 2003568233 - 
[DBG] Virtual chapter  Chapter 18 from 2003568233 to 2112176733 - 
[DBG] Virtual chapter  Chapter 19 from 2112176733 to 2249146900 - 
[DBG] Virtual chapter  Chapter 20 from 2249146900 to 2444041600 - 
[DBG] Virtual chapter  Chapter 21 from 2444041600 to 2654885566 - 
[DBG] Virtual chapter  Chapter 22 from 2654885566 to 2810457650 - 
[DBG] Virtual chapter  Chapter 23 from 2810457650 to 2968699066 - 
[DBG] Virtual chapter  Chapter 24 from 2968699066 to 3041438400 - 
[DBG] Virtual chapter  Chapter 25 from 3041438400 to 3189085900 - 
[DBG] Virtual chapter  Chapter 26 from 3189085900 to 3392155433 - 
[DBG] Virtual chapter  Chapter 27 from 3392155433 to 3410840766 - 
[DBG] Virtual chapter  Chapter 28 from 3410840766 to 3533096233 - 
[DBG] Virtual chapter  Chapter 29 from 3533096233 to 3637300333 - 
[DBG] Virtual chapter  Chapter 30 from 3637300333 to 3775738633 - 
[DBG] Virtual chapter  Chapter 31 from 3775738633 to 3852515333 - 
[DBG] Virtual chapter  Chapter 32 from 3852515333 to 3922885633 - 
[DBG] Virtual chapter  Chapter 33 from 3922885633 to 4067863800 - 
[DBG] Virtual chapter  Chapter 34 from 4067863800 to 4265060800 - 
[DBG] Virtual chapter  Chapter 35 from 4265060800 to 4423719300 - 
[DBG] Virtual chapter  Chapter 36 from 4423719300 to 4533362166 - 
[DBG] Virtual chapter  Chapter 37 from 4533362166 to 4740535800 - 
[DBG] Virtual chapter  Chapter 38 from 4740535800 to 4903698800 - 
[DBG] Virtual chapter  Chapter 39 from 4903698800 to 5095056633 - 
[DBG] Virtual chapter  Chapter 40 from 5095056633 to 5225687133 - 
[DBG] Virtual chapter  Chapter 41 from 5225687133 to 5278106166 - 
[DBG] Virtual chapter  Chapter 42 from 5278106166 to 5447742300 - 
[DBG] Virtual chapter  Chapter 43 from 5447742300 to 5512807300 - 
[DBG] Virtual chapter  Chapter 44 from 5512807300 to 5586881300 - 
[DBG] Virtual chapter  Chapter 45 from 5586881300 to 5747208133 - 
[DBG] Virtual chapter  Chapter 46 from 5747208133 to 5820948466 - 
[DBG] Virtual chapter  Chapter 47 from 5820948466 to 5977304666 - 
[DBG] Virtual chapter  Chapter 48 from 5977304666 to 6052679966 - 
[DBG] Virtual chapter  Chapter 49 from 6052679966 to 6218011800 - 
[DBG] Virtual chapter  Chapter 50 from 6218011800 to 6483310166 - 
[DBG] Virtual chapter  Chapter 51 from 6483310166 to 6584210966 - 
[DBG] Virtual chapter  Chapter 52 from 6584210966 to 6772065300 - 
[DBG] Virtual chapter  Chapter 53 from 6772065300 to 6885011466 - 
[DBG] Virtual chapter  Chapter 54 from 6885011466 to 7265591666 - 
[DBG] Virtual chapter  from 0 to -1 - 
[DBG] NEW START CHAPTER uid=827148862302088036
[DBG] found 4 es
[DBG] selecting program id=0
[DBG] ES track added: 'video/1' (fourcc: 'mpgv')
10:03:54.725 AM [player] track added video/1 type=1
[DBG] ES track added: 'audio/2' (fourcc: 'a52 ')
[DBG] ES track added: 'audio/3' (fourcc: 'a52 ')
10:03:54.725 AM [player] track added audio/2 type=0
[DBG] ES track added: 'spu/4' (fourcc: 'subt')
10:03:54.725 AM [player] track added audio/3 type=0
10:03:54.725 AM [player] track added spu/4 type=2
[DBG] seek: preroll{ track: 1, pts: 0, fpos: 5816 skip: 5816} 
[DBG] seek: preroll{ req: 1, start-pts: 1, start-fpos: 5816} 
[DBG] using demux module "mkv"
10:03:54.726 AM [player] length 7265591 ms
[DBG] looking for video packetizer module matching "any": 13 candidates
[DBG] using video packetizer module "mpegvideo"
[DBG] looking for video decoder module matching "any": 14 candidates
[DBG] vout: none found
[DBG] looking for text renderer module matching "freetype": 2 candidates
[DBG] using text renderer module "freetype"
[DBG] looking for video converter module matching "any": 13 candidates
[DBG] 32x32 (32x32) chroma: YUVA colorspace: Undefined -> 16x16 (16x16) chroma: RGBA colorspace: Undefined with scaling using Bicubic (good quality)
[DBG] using video converter module "swscale"
[DBG] looking for video converter module matching "any": 13 candidates
[DBG] YUVP to YUVA converter
[DBG] using video converter module "yuvp"
[DBG] Deinterlacing available
[DBG] deinterlace -1, mode auto, is_needed 0
[DBG] looking for vout window module matching "any": 2 candidates
[DBG] resized to 1920x1080
[DBG] using vout window module "uiview_window"
[DBG] looking for inhibit module matching "any": 1 candidates
[DBG] using inhibit module "uikit_inhibit"
[DBG] looking for decoder device module matching "any": 1 candidates
[DBG] using decoder device module "videotoolbox"
[WARN] vt session error: 'kVTCouldNotFindVideoDecoderErr'
[DBG] using Lavc63.1.100
[DBG] CPU flags: 0x00062360
[DBG] allowing 6 thread(s) for decoding
[DBG] codec (mpeg2video) started
[DBG] using video decoder module "avcodec"
[DBG] ES track selected: 'video/1' (fourcc: 'mpgv')
[DBG] looking for audio packetizer module matching "any": 11 candidates
[DBG] using audio packetizer module "a52"
[DBG] looking for audio decoder module matching "any": 15 candidates
[DBG] reusing audio output
[ERR] too low audio sample frequency (0)
10:03:54.732 AM [player] track selected type=1 selected=video/1 unselected=
[DBG] keeping audio output
[DBG] using Lavc63.1.100
[DBG] CPU flags: 0x00062360
[DBG] codec (ac3) started
[DBG] using audio decoder module "avcodec"
[DBG] ES track selected: 'audio/2' (fourcc: 'a52 ')
[DBG] looking for spu decoder module matching "any": 19 candidates
[DBG] using Lavc63.1.100
[DBG] CPU flags: 0x00062360
[WARN] refusing to decode non validated subtitle codec
10:03:54.732 AM [player] track selected type=0 selected=audio/2 unselected=
[DBG] trying demuxer-specified character encoding: UTF-8
[DBG] using spu decoder module "subsdec"
[DBG] ES track selected: 'spu/4' (fourcc: 'subt')
[DBG] looking for meta reader module matching "any": 1 candidates
[DBG] no meta reader modules matched with name any
10:03:54.732 AM [player] track selected type=2 selected=spu/4 unselected=
[DBG] `http://192.168.1.250:8093/stream/3' successfully opened
10:03:54.732 AM [player] state Playing at 0 ms
[DBG] program(0): using clock source: 'audio'
[DBG] Buffering 0%
[DBG] A/52 channels:6 samplerate:48000 bitrate:448000
[DBG] restarting module due to input format change
[DBG] 'decoder in/packetizer out' i_rate 0 / 48000
[DBG] 'decoder in/packetizer out' i_physical_channels 0 / 4199
[DBG] removing "audio decoder" module "avcodec"
[DBG] looking for audio decoder module matching "any": 15 candidates
[DBG] reusing audio output
[WARN] failed to start passthrough audio output, failing back to linear format
[DBG] keeping audio output
[DBG] using Lavc63.1.100
[DBG] CPU flags: 0x00062360
[DBG] size 720x480/720x480 fps 500000:16683
[DBG] codec (ac3) started
[DBG] restarting module due to input format change
[DBG] using audio decoder module "avcodec"
[DBG] 'decoder in/packetizer out' profile -1 / 4
[DBG] 'decoder in/packetizer out' i_width 0 / 720
[DBG] 'decoder in/packetizer out' i_height 0 / 480
[DBG] 'decoder in/packetizer out' i_visible_width 0 / 720
[DBG] 'decoder in/packetizer out' i_visible_height 0 / 480
[DBG] Buffering 3%
[DBG] removing "video decoder" module "avcodec"
[DBG] reusing audio output
[DBG] looking for video decoder module matching "any": 14 candidates
[DBG] vout change: decoder size
[DBG] vout change: visible size
[DBG] Buffering 6%
[DBG] Buffering 10%
[DBG] Buffering 13%
[DBG] Buffering 16%
[DBG] Buffering 20%
[DBG] Buffering 23%
[WARN] vt session error: 'kVTCouldNotFindVideoDecoderErr'
10:03:54.734 AM [player] buffering 0.0
[DBG] Buffering 26%
[DBG] using Lavc63.1.100
[DBG] Buffering 30%
[DBG] CPU flags: 0x00062360
[DBG] Buffering 33%
[DBG] allowing 6 thread(s) for decoding
[DBG] codec (mpeg2video) started
[DBG] Buffering 36%
[DBG] using video decoder module "avcodec"
[DBG] Buffering 40%
[DBG] available hardware decoder output format 157 (videotoolbox_vld)
[DBG] available software decoder output format 0 (yuv420p)
[DBG] Buffering 43%
[DBG] vout change: chroma
[DBG] vout change: SAR
[DBG] requested window size: 640x480
[DBG] deinterlace -1, mode auto, is_needed 0
[DBG] Opening vout display wrapper
[DBG] looking for vout display module matching "any": 3 candidates
[DBG] looking for video converter module matching "any": 13 candidates
[DBG] Buffering 54%
[DBG] Buffering 56%
[DBG] Buffering 60%
[DBG] Buffering 63%
[DBG] Buffering 66%
[DBG] Buffering 70%
[INF] Trying to use chroma_chain: [c=18|q=100] I420 -> CVPN -> CVPB...
[DBG] Buffering 73%
[DBG] looking for video converter module matching "any": 13 candidates
[DBG] looking for decoder device module matching "any": 1 candidates
[DBG] Buffering 76%
[DBG] using decoder device module "videotoolbox"
[DBG] Buffering 80%
[DBG] Buffering 83%
[DBG] Buffering 86%
[DBG] Buffering 90%
[DBG] Buffering 92%
[DBG] using video converter module "cvpx"
[DBG] Filter 'cvpx' (0x10aac0900) appended to chain (0x1026a4c00)
[DBG] looking for video converter module matching "any": 13 candidates
[DBG] no video converter modules matched with name any
[ERR] Failed to create video converter
[DBG] Buffering 93%
[INF] Trying to use chroma_chain: [c=18|q=100] I420 -> CVPI -> CVPB...
10:03:54.740 AM [player] buffering 1.0
[DBG] Stream buffering done (1056 ms in 7 ms)
[DBG] removing "video converter" module "cvpx"
[DBG] Filter 0x10aac0900 removed from chain
[DBG] looking for video converter module matching "any": 13 candidates
[DBG] looking for decoder device module matching "any": 1 candidates
[DBG] using decoder device module "videotoolbox"
[DBG] using video converter module "cvpx"
[DBG] Filter 'cvpx' (0x10aa4bc00) appended to chain (0x1026a4c00)
[DBG] looking for video converter module matching "any": 13 candidates
[DBG] no video converter modules matched with name any
[ERR] Failed to create video converter
[INF] Trying to use chroma_chain: [c=118|q=90] I420 -> BGRA -> CVPB...
[DBG] removing "video converter" module "cvpx"
[DBG] Filter 0x10aa4bc00 removed from chain
[DBG] looking for video converter module matching "any": 13 candidates
[DBG] 720x480 (720x480) chroma: I420 colorspace: BT601 -> 720x480 (720x480) chroma: BGRA colorspace: BT601 with scaling using Bicubic (good quality)
[DBG] using video converter module "swscale"
[DBG] Filter 'Swscale' (0x10aa4bc00) appended to chain (0x1026a4c00)
[DBG] looking for video converter module matching "any": 13 candidates
[DBG] looking for decoder device module matching "any": 1 candidates
[DBG] using decoder device module "videotoolbox"
[DBG] using video converter module "cvpx"
[DBG] Filter 'cvpx' (0x10aa4b900) appended to chain (0x1026a4c00)
[INF] success
[DBG] using video converter module "chain"
[DBG] using vout display module "samplebufferdisplay"
[DBG] original format sz 720x480, of (0,0), vsz 720x480, 4cc I420, sar 8:9, orient: normal
[DBG] removing "text renderer" module "freetype"
[DBG] looking for text renderer module matching "freetype": 2 candidates
[DBG] using text renderer module "freetype"
[DBG] requested window size: 640x480
[DBG] resetting projection_mode to 0
[DBG] setting projection_mode to 0
[DBG] Received first picture
[DBG] Detected interlaced video
[DBG] deinterlace -1, mode auto, is_needed 1
[DBG] resized to 3840x2160
[DBG] Adding 'deinterlace' as static
[DBG] looking for video filter module matching "deinterlace,chain": 2 candidates
[DBG] using x deinterlace method
[DBG] deinterlacing
[DBG] using video filter module "deinterlace"
[DBG] Filter 'deinterlace' (0x10abcc000) appended to chain (0x10a8c8c00)
[DBG] Output on HDMI, channel count: 6
[DBG] VLC keeping the same input layout
[DBG] output 'f32l' 48000 Hz 3F2M/LFE frame=1 samples/24 bytes
[DBG] looking for audio volume module matching "any": 2 candidates
[DBG] using audio volume module "float_mixer"
[DBG] input 'f32l' 48000 Hz 3F2M/LFE frame=1 samples/24 bytes
[DBG] looking for audio filter module matching "scaletempo": 1 candidates
[DBG] format: 48000 rate, 6 nch, 4 bps, fl32
[DBG] params: 30 stride, 0.200 overlap, 14 search
[DBG] 1.000 scale, 1440.000 stride_in, 1440 stride_out, 1152 standing, 288 overlap, 672 search, 2400 queue, fl32 mode
[DBG] using audio filter module "scaletempo"
[DBG] conversion: 'f32l'->'f32l' 48000 Hz->48000 Hz 3F2M/LFE->3F2M/LFE
[DBG] conversion pipeline complete
[DBG] conversion: 'f32l'->'f32l' 48000 Hz->48000 Hz 3F2M/LFE->3F2M/LFE
[DBG] conversion pipeline complete
[DBG] looking for audio resampler module matching "soxr": 2 candidates
[DBG] Using SoX Resampler with 'cr32s' engine and 'Medium 16-bit with medium roll-off' quality to convert f32l/48000Hz to f32l/48000Hz.
[DBG] using audio resampler module "soxr"
[DBG] Decoder wait done in 101 ms
[DBG] deferring start (79658 us)
[DBG] deferring start (44108 us)
[DBG] deferring start (43903 us)
[DBG] deferring start (43694 us)
[DBG] deferring start (43584 us)
[DBG] deferring start (75411 us)
[DBG] deferring start (43332 us)
[DBG] deferring start (43224 us)
[DBG] deferring start (43131 us)
[DBG] deferring start (43025 us)
[DBG] deferring start (42925 us)
[DBG] deferring start (42834 us)
[DBG] deferring start (42733 us)
[DBG] deferring start (42633 us)
[DBG] deferring start (42523 us)
[DBG] deferring start (42410 us)
[DBG] deferring start (42329 us)
[DBG] deferring start (42233 us)
[DBG] deferring start (42141 us)
[DBG] deferring start (42052 us)
[DBG] deferring start (41958 us)
[DBG] deferring start (41867 us)
[DBG] deferring start (41779 us)
[DBG] deferring start (41666 us)
[DBG] deferring start (41563 us)
[DBG] deferring start (41481 us)
[DBG] deferring start (41383 us)
[DBG] deferring start (41292 us)
[DBG] deferring start (41165 us)
[DBG] deferring start (41025 us)
[DBG] deferring start (40917 us)
[DBG] deferring start (40840 us)
[DBG] deferring start (40748 us)
[DBG] deferring start (40658 us)
[DBG] deferring start (40573 us)
[DBG] deferring start (40479 us)
[DBG] deferring start (40396 us)
[DBG] deferring start (40254 us)
[DBG] deferring start (40171 us)
[DBG] deferring start (40043 us)
[DBG] started
[DBG] picture displayed late (missing 6 ms)
[WARN] picture is too late to be displayed (missing 76 ms)
[WARN] picture is too late to be displayed (missing 44 ms)
[DBG] picture displayed late (missing 9 ms)
[WARN] picture is too late to be displayed (missing 78 ms)
[WARN] picture is too late to be displayed (missing 46 ms)
[DBG] picture displayed late (missing 8 ms)
[DBG] picture displayed late (missing 13 ms)
10:04:26.010 AM [skip] +30 s (click) before=30653 ms target=60653 ms
[DBG] ES_OUT_RESET_PCR called
10:04:26.022 AM [player] buffering 0.0
[DBG] SET_TIME to 60653000
[DBG] seek request to i_pos = 60653000
[DBG] seek: preroll{ track: 1, pts: 60160000, fpos: 33690733 skip: 33690733} 
[DBG] seek: preroll{ req: 60653001, start-pts: 60160001, start-fpos: 33690733} 
[DBG] Buffering 0%
10:04:26.128 AM [player] buffering 0.0
[DBG] Buffering 3%
[DBG] Buffering 5%
[DBG] Buffering 7%
[DBG] Buffering 11%
[DBG] Buffering 12%
[DBG] Buffering 14%
[DBG] Buffering 16%
[DBG] Buffering 19%
[DBG] Buffering 20%
[DBG] Buffering 22%
[DBG] Buffering 32%
[DBG] end of audio preroll
[DBG] Buffering 36%
[DBG] Buffering 38%
[DBG] Buffering 39%
[DBG] Buffering 41%
[DBG] Buffering 44%
[DBG] Buffering 48%
[DBG] Buffering 50%
[DBG] Buffering 53%
[DBG] Buffering 55%
[DBG] Buffering 66%
[DBG] Buffering 70%
[DBG] Buffering 72%
[DBG] Buffering 74%
[DBG] Buffering 78%
[DBG] Buffering 81%
[DBG] Buffering 83%
[DBG] Buffering 85%
[DBG] Buffering 87%
[DBG] Buffering 89%
[DBG] Buffering 98%
[DBG] Buffering 99%
[DBG] Stream buffering done (1552 ms in 11 ms)
10:04:26.140 AM [player] buffering 1.0
[DBG] end of video preroll
[DBG] Received first picture
[DBG] Decoder wait done in 4 ms
[DBG] deferring start (111777 us)
[DBG] deferring start (76068 us)
[DBG] deferring start (43890 us)
[DBG] deferring start (43650 us)
[DBG] deferring start (43431 us)
[DBG] deferring start (43221 us)
[DBG] deferring start (42959 us)
[DBG] deferring start (42571 us)
[DBG] deferring start (42356 us)
[DBG] deferring start (42132 us)
[DBG] deferring start (41936 us)
[DBG] deferring start (41680 us)
[DBG] deferring start (41509 us)
[DBG] deferring start (41281 us)
[DBG] deferring start (41014 us)
[DBG] deferring start (40803 us)
[DBG] deferring start (40482 us)
[DBG] deferring start (40281 us)
[DBG] deferring start (40073 us)
[DBG] deferring start (39870 us)
[DBG] deferring start (39613 us)
[DBG] deferring start (39426 us)
[DBG] deferring start (39219 us)
[DBG] deferring start (38884 us)
[DBG] deferring start (38679 us)
[DBG] deferring start (38469 us)
[DBG] deferring start (38270 us)
[DBG] deferring start (38079 us)
[DBG] deferring start (37884 us)
[DBG] deferring start (37573 us)
[DBG] deferring start (37372 us)
[DBG] deferring start (37181 us)
[DBG] deferring start (37004 us)
[DBG] deferring start (36792 us)
[DBG] deferring start (36578 us)
[DBG] deferring start (36368 us)
[DBG] deferring start (36226 us)
[DBG] deferring start (17318 us)
[DBG] deferring start (17156 us)
[DBG] deferring start (17021 us)
[DBG] started
[DBG] picture displayed late (missing 32 ms)
10:04:26.553 AM [skip] after=60653 ms
[DBG] ES_OUT_RESET_PCR called
10:04:27.242 AM [skip] +30 s (click) before=60653 ms target=90653 ms
10:04:27.247 AM [player] buffering 0.0
[DBG] Detected progressive video
[DBG] deinterlace -1, mode auto, is_needed 0
[DBG] SET_TIME to 90653000
[DBG] seek request to i_pos = 90653000
[DBG] seek: preroll{ track: 1, pts: 90190000, fpos: 51635523 skip: 51635523} 
[DBG] seek: preroll{ req: 90653001, start-pts: 90190001, start-fpos: 51635523} 
[DBG] Buffering 0%
10:04:27.365 AM [player] buffering 0.0
[DBG] Buffering 3%
[DBG] Buffering 5%
[DBG] Buffering 8%
[DBG] Buffering 11%
[DBG] Buffering 14%
[DBG] Buffering 17%
[DBG] Buffering 18%
[DBG] Buffering 20%
[DBG] Buffering 22%
[DBG] end of audio preroll
[DBG] Buffering 34%
[DBG] Buffering 37%
[DBG] Buffering 39%
[DBG] Buffering 42%
[DBG] Buffering 45%
[DBG] Buffering 47%
[DBG] Buffering 49%
[DBG] Buffering 51%
[DBG] Buffering 53%
[DBG] Buffering 54%
[DBG] Buffering 57%
[DBG] Buffering 66%
[DBG] Buffering 67%
[DBG] Buffering 71%
[DBG] Buffering 73%
[DBG] Buffering 74%
[DBG] Buffering 76%
[DBG] Buffering 79%
[DBG] Buffering 83%
[DBG] Buffering 85%
[DBG] Buffering 88%
[DBG] Buffering 91%
[DBG] Stream buffering done (1490 ms in 13 ms)
10:04:27.378 AM [player] buffering 1.0
[DBG] end of video preroll
[DBG] Received first picture
[DBG] removing "video filter" module "deinterlace"
[DBG] Filter 0x10abcc000 removed from chain
[DBG] Decoder wait done in 2 ms
[DBG] deferring start (79809 us)
[DBG] deferring start (43975 us)
[DBG] deferring start (43702 us)
[DBG] deferring start (43429 us)
[DBG] deferring start (43156 us)
[DBG] deferring start (42913 us)
[DBG] deferring start (42688 us)
[DBG] deferring start (42470 us)
[DBG] deferring start (42251 us)
[DBG] deferring start (42030 us)
[DBG] deferring start (41823 us)
[DBG] deferring start (41517 us)
[DBG] deferring start (41310 us)
[DBG] deferring start (41126 us)
[DBG] deferring start (40982 us)
[DBG] deferring start (40795 us)
[DBG] deferring start (40598 us)
[DBG] deferring start (40391 us)
[DBG] deferring start (40096 us)
[DBG] deferring start (39883 us)
[DBG] deferring start (39691 us)
[DBG] deferring start (39511 us)
[DBG] deferring start (39325 us)
[DBG] deferring start (39106 us)
[DBG] deferring start (38884 us)
[DBG] deferring start (38667 us)
[DBG] deferring start (38485 us)
[DBG] deferring start (38308 us)
[DBG] deferring start (38119 us)
[DBG] deferring start (37896 us)
[DBG] deferring start (37634 us)
[DBG] deferring start (37484 us)
[DBG] deferring start (37136 us)
[DBG] deferring start (36918 us)
[DBG] deferring start (36720 us)
[DBG] deferring start (36121 us)
[DBG] deferring start (35893 us)
[DBG] deferring start (35631 us)
[DBG] deferring start (35442 us)
[DBG] started
[DBG] picture displayed late (missing 19 ms)
10:04:27.758 AM [skip] after=90653 ms
10:04:28.473 AM [skip] +30 s (click) before=90653 ms target=120653 ms
[DBG] ES_OUT_RESET_PCR called
10:04:28.478 AM [player] buffering 0.0
[DBG] SET_TIME to 120653000
[DBG] seek request to i_pos = 120653000
[DBG] seek: preroll{ track: 1, pts: 120220000, fpos: 69915986 skip: 69915986} 
[DBG] seek: preroll{ req: 120653001, start-pts: 120220001, start-fpos: 69915986} 
[DBG] Buffering 0%
10:04:28.601 AM [player] buffering 0.0
[DBG] Buffering 3%
[DBG] Buffering 4%
[DBG] Buffering 5%
[DBG] Buffering 8%
[DBG] Buffering 11%
[DBG] Buffering 15%
[DBG] Buffering 17%
[DBG] Buffering 20%
[DBG] Buffering 23%
[DBG] Buffering 33%
[DBG] end of audio preroll
[DBG] Buffering 38%
[DBG] Buffering 40%
[DBG] Buffering 43%
[DBG] Buffering 46%
[DBG] Buffering 50%
[DBG] Buffering 52%
[DBG] Buffering 53%
[DBG] Buffering 55%
[DBG] Buffering 58%
[DBG] Buffering 69%
[DBG] Buffering 73%
[DBG] Buffering 75%
[DBG] Buffering 78%
[DBG] Buffering 81%
[DBG] Buffering 82%
[DBG] Buffering 84%
[DBG] Buffering 87%
[DBG] Buffering 89%
[DBG] Buffering 90%
[DBG] Buffering 93%
[DBG] Stream buffering done (1476 ms in 8 ms)
10:04:28.610 AM [player] buffering 1.0
[DBG] end of video preroll
[DBG] Received first picture
[DBG] Decoder wait done in 4 ms
[DBG] deferring start (79814 us)
[DBG] deferring start (44222 us)
[DBG] deferring start (43962 us)
[DBG] deferring start (43707 us)
[DBG] deferring start (43470 us)
[DBG] deferring start (43194 us)
[DBG] deferring start (42978 us)
[DBG] deferring start (42780 us)
[DBG] deferring start (42586 us)
[DBG] deferring start (42388 us)
[DBG] deferring start (42190 us)
[DBG] deferring start (41925 us)
[DBG] deferring start (41612 us)
[DBG] deferring start (41426 us)
[DBG] deferring start (41234 us)
[DBG] deferring start (41037 us)
[DBG] deferring start (40819 us)
[DBG] deferring start (40525 us)
[DBG] deferring start (40328 us)
[DBG] deferring start (40137 us)
[DBG] deferring start (39949 us)
[DBG] deferring start (39740 us)
[DBG] deferring start (39574 us)
[DBG] deferring start (39373 us)
[DBG] deferring start (39181 us)
[DBG] deferring start (102642 us)
[DBG] deferring start (70420 us)
[DBG] deferring start (38253 us)
[DBG] deferring start (38061 us)
[DBG] deferring start (37891 us)
[DBG] deferring start (37715 us)
[DBG] deferring start (37527 us)
[DBG] deferring start (37231 us)
[DBG] deferring start (37001 us)
[DBG] deferring start (36813 us)
[DBG] deferring start (36600 us)
[DBG] deferring start (24921 us)
[DBG] deferring start (24738 us)
[DBG] deferring start (24604 us)
[DBG] started
[DBG] picture displayed late (missing 2 ms)
10:04:28.994 AM [skip] after=120653 ms
[DBG] ES_OUT_RESET_PCR called
10:04:29.709 AM [skip] +30 s (click) before=120653 ms target=150653 ms
10:04:29.714 AM [player] buffering 0.0
[DBG] SET_TIME to 150653000
[DBG] seek request to i_pos = 150653000
[DBG] seek: preroll{ track: 1, pts: 150250000, fpos: 90393163 skip: 90393163} 
[DBG] resolving 192.168.1.250 ...
[DBG] outgoing request:
GET /stream/3 HTTP/1.1
Host: 192.168.1.250:8093
Accept: */*
Accept-Language: en_US
User-Agent: VLC/4.0.0-dev LibVLC/4.0.0-dev
If-Unmodified-Since: Fri, 17 Jul 2026 19:34:32 GMT
Range: bytes=90393163-


[DBG] incoming response:
HTTP/1.1 206 Partial Content
Accept-Ranges: bytes
Content-Length: 5255820523
Content-Range: bytes 90393163-5346213685/5346213686
Content-Type: video/x-matroska
Last-Modified: Fri, 17 Jul 2026 19:34:32 GMT
Date: Mon, 14 Sep 2026 14:04:29 GMT


[DBG] connection failed
[DBG] seek: preroll{ req: 150653001, start-pts: 150250001, start-fpos: 90393163} 
[DBG] Buffering 0%
10:04:29.848 AM [player] buffering 0.0
[DBG] Buffering 3%
[DBG] Buffering 5%
[DBG] Buffering 8%
[DBG] Buffering 11%
[DBG] Buffering 15%
[DBG] Buffering 17%
[DBG] Buffering 19%
[DBG] Buffering 21%
[DBG] Buffering 23%
[DBG] end of audio preroll
[DBG] Buffering 33%
[DBG] Buffering 34%
[DBG] Buffering 39%
[DBG] Buffering 40%
[DBG] Buffering 41%
[DBG] end of video preroll
[DBG] Received first picture
[DBG] Buffering 44%
[DBG] Buffering 47%
[DBG] Buffering 51%
[DBG] Buffering 53%
[DBG] Buffering 57%
[DBG] Buffering 59%
[DBG] Buffering 69%
[DBG] Buffering 70%
[DBG] Buffering 74%
[DBG] Buffering 76%
[DBG] Buffering 77%
[DBG] Buffering 79%
[DBG] Buffering 83%
[DBG] Buffering 86%
[DBG] Buffering 89%
[DBG] Buffering 90%
[DBG] Buffering 92%
[DBG] Buffering 95%
10:04:29.896 AM [player] buffering 1.0
[DBG] Stream buffering done (1494 ms in 48 ms)
[DBG] Decoder wait done in 0 ms
[DBG] deferring start (79674 us)
[DBG] deferring start (42882 us)
[DBG] deferring start (42556 us)
[DBG] deferring start (42224 us)
[DBG] deferring start (41957 us)
[DBG] deferring start (41455 us)
[DBG] deferring start (41184 us)
[DBG] deferring start (40883 us)
[DBG] deferring start (40600 us)
[DBG] deferring start (40183 us)
[DBG] deferring start (39791 us)
[DBG] deferring start (39529 us)
[DBG] deferring start (39242 us)
[DBG] deferring start (38918 us)
[DBG] deferring start (38622 us)
[DBG] deferring start (38309 us)
[DBG] deferring start (38017 us)
[DBG] deferring start (37754 us)
[DBG] deferring start (37491 us)
[DBG] deferring start (37198 us)
[DBG] deferring start (36959 us)
[DBG] deferring start (36698 us)
[DBG] deferring start (36365 us)
[DBG] deferring start (36129 us)
[DBG] deferring start (35853 us)
[DBG] deferring start (35598 us)
[DBG] deferring start (35231 us)
[DBG] deferring start (35072 us)
[DBG] deferring start (34637 us)
[DBG] deferring start (34374 us)
[DBG] deferring start (193547 us)
[DBG] deferring start (161466 us)
[DBG] deferring start (129388 us)
[DBG] deferring start (96993 us)
[DBG] deferring start (64780 us)
[DBG] deferring start (32677 us)
[DBG] deferring start (32480 us)
[DBG] deferring start (32337 us)
[DBG] started
10:04:30.245 AM [skip] after=150653 ms
[DBG] ES_OUT_RESET_PCR called
10:04:30.948 AM [skip] +30 s (click) before=150653 ms target=180653 ms
10:04:30.952 AM [player] buffering 0.0
[DBG] SET_TIME to 180653000
[DBG] seek request to i_pos = 180653000
[DBG] seek: preroll{ track: 1, pts: 180280000, fpos: 109868112 skip: 109868112} 
[DBG] resolving 192.168.1.250 ...
[DBG] outgoing request:
GET /stream/3 HTTP/1.1
Host: 192.168.1.250:8093
Accept: */*
Accept-Language: en_US
User-Agent: VLC/4.0.0-dev LibVLC/4.0.0-dev
If-Unmodified-Since: Fri, 17 Jul 2026 19:34:32 GMT
Range: bytes=109868112-


[DBG] incoming response:
HTTP/1.1 206 Partial Content
Accept-Ranges: bytes
Content-Length: 5236345574
Content-Range: bytes 109868112-5346213685/5346213686
Content-Type: video/x-matroska
Last-Modified: Fri, 17 Jul 2026 19:34:32 GMT
Date: Mon, 14 Sep 2026 14:04:31 GMT


[DBG] connection failed
[DBG] seek: preroll{ req: 180653001, start-pts: 180280001, start-fpos: 109868112} 
[DBG] Buffering 0%
10:04:31.061 AM [player] buffering 0.0
[DBG] Buffering 3%
[DBG] Buffering 5%
[DBG] Buffering 6%
[DBG] Buffering 8%
[DBG] Buffering 12%
[DBG] Buffering 15%
[DBG] Buffering 18%
[DBG] Buffering 21%
[DBG] Buffering 24%
[DBG] end of audio preroll
[DBG] Buffering 35%
[DBG] end of video preroll
[DBG] Received first picture
[DBG] Buffering 40%
[DBG] Buffering 42%
[DBG] Buffering 44%
[DBG] Buffering 48%
[DBG] Buffering 52%
[DBG] Buffering 54%
[DBG] Buffering 56%
[DBG] Buffering 58%
[DBG] Buffering 60%
[DBG] Buffering 72%
[DBG] Buffering 76%
[DBG] Buffering 79%
[DBG] Buffering 81%
[DBG] Buffering 85%
[DBG] Buffering 86%
[DBG] Buffering 88%
[DBG] Buffering 91%
[DBG] Buffering 93%
[DBG] Buffering 94%
[DBG] Buffering 97%
[DBG] Stream buffering done (1480 ms in 32 ms)
[DBG] Decoder wait done in 0 ms
10:04:31.094 AM [player] buffering 1.0
[DBG] deferring start (79669 us)
[DBG] deferring start (42098 us)
[DBG] deferring start (41745 us)
[DBG] deferring start (73299 us)
[DBG] deferring start (40852 us)
[DBG] deferring start (40584 us)
[DBG] deferring start (40249 us)
[DBG] deferring start (39909 us)
[DBG] deferring start (39573 us)
[DBG] deferring start (39256 us)
[DBG] deferring start (39000 us)
[DBG] deferring start (38572 us)
[DBG] deferring start (37290 us)
[DBG] deferring start (36943 us)
[DBG] deferring start (36668 us)
[DBG] deferring start (36432 us)
[DBG] deferring start (36215 us)
[DBG] deferring start (35959 us)
[DBG] deferring start (35710 us)
[DBG] deferring start (35331 us)
[DBG] deferring start (35087 us)
[DBG] deferring start (66579 us)
[DBG] deferring start (34335 us)
[DBG] deferring start (33964 us)
[DBG] deferring start (33689 us)
[DBG] deferring start (33435 us)
[DBG] deferring start (33222 us)
[DBG] deferring start (32982 us)
[DBG] deferring start (32751 us)
[DBG] deferring start (32463 us)
[DBG] deferring start (32244 us)
[DBG] deferring start (32009 us)
[DBG] deferring start (31780 us)
[DBG] deferring start (31561 us)
[DBG] deferring start (31277 us)
[DBG] deferring start (31056 us)
[DBG] deferring start (30837 us)
[DBG] deferring start (30662 us)
[DBG] started
10:04:31.478 AM [skip] after=180653 ms
[DBG] New Chapter 182416000 uid=17759190359159271925
10:04:32.182 AM [skip] +30 s (click) before=180653 ms target=210653 ms
[DBG] ES_OUT_RESET_PCR called
10:04:32.187 AM [player] buffering 0.0
[DBG] SET_TIME to 210653000
[DBG] seek request to i_pos = 210653000
[DBG] seek: preroll{ track: 1, pts: 210310000, fpos: 132931832 skip: 132931832} 
[DBG] resolving 192.168.1.250 ...
[DBG] outgoing request:
GET /stream/3 HTTP/1.1
Host: 192.168.1.250:8093
Accept: */*
Accept-Language: en_US
User-Agent: VLC/4.0.0-dev LibVLC/4.0.0-dev
If-Unmodified-Since: Fri, 17 Jul 2026 19:34:32 GMT
Range: bytes=132931832-


[DBG] incoming response:
HTTP/1.1 206 Partial Content
Accept-Ranges: bytes
Content-Length: 5213281854
Content-Range: bytes 132931832-5346213685/5346213686
Content-Type: video/x-matroska
Last-Modified: Fri, 17 Jul 2026 19:34:32 GMT
Date: Mon, 14 Sep 2026 14:04:32 GMT


[DBG] connection failed
[DBG] seek: preroll{ req: 210653001, start-pts: 210310001, start-fpos: 132931832} 
[DBG] Buffering 0%
10:04:32.337 AM [player] buffering 0.0
[DBG] Buffering 3%
[DBG] Buffering 6%
[DBG] Buffering 8%
[DBG] Buffering 12%
[DBG] Buffering 13%
[DBG] Buffering 16%
[DBG] Buffering 18%
[DBG] Buffering 20%
[DBG] Buffering 22%
[DBG] end of audio preroll
[DBG] Buffering 24%
[DBG] Buffering 35%
[DBG] end of video preroll
[DBG] Received first picture
[DBG] Buffering 36%
[DBG] Buffering 41%
[DBG] Buffering 42%
[DBG] Buffering 43%
[DBG] Buffering 45%
[DBG] Buffering 49%
[DBG] Buffering 53%
[DBG] Buffering 55%
[DBG] Buffering 59%
[DBG] Buffering 62%
[DBG] Buffering 73%
[DBG] Buffering 78%
[DBG] Buffering 80%
[DBG] Buffering 83%
[DBG] Buffering 86%
[DBG] Buffering 90%
[DBG] Buffering 93%
[DBG] Buffering 94%
[DBG] Buffering 96%
[DBG] Buffering 99%
[DBG] Stream buffering done (1498 ms in 53 ms)
[DBG] Decoder wait done in 0 ms
10:04:32.391 AM [player] buffering 1.0
[DBG] deferring start (1193183 us)
[DBG] deferring start (1156024 us)
[DBG] deferring start (1123568 us)
[DBG] deferring start (1091198 us)
[DBG] deferring start (1058933 us)
[DBG] deferring start (1026679 us)
[DBG] deferring start (994430 us)
[DBG] deferring start (962235 us)
[DBG] deferring start (929995 us)
[DBG] deferring start (897691 us)
[DBG] deferring start (865447 us)
[DBG] deferring start (833219 us)
[DBG] deferring start (801019 us)
[DBG] deferring start (768817 us)
[DBG] deferring start (736604 us)
[DBG] deferring start (704412 us)
[DBG] deferring start (672002 us)
[DBG] deferring start (639774 us)
[DBG] deferring start (607564 us)
[DBG] deferring start (575334 us)
[DBG] deferring start (543131 us)
[DBG] deferring start (510898 us)
[DBG] deferring start (478696 us)
[DBG] deferring start (446407 us)
[DBG] deferring start (414209 us)
[DBG] deferring start (381954 us)
[DBG] deferring start (349673 us)
[DBG] deferring start (317444 us)
[DBG] deferring start (285231 us)
[DBG] deferring start (253030 us)
[DBG] deferring start (220828 us)
[DBG] deferring start (188615 us)
[DBG] deferring start (156388 us)
[DBG] deferring start (124175 us)
[DBG] deferring start (91886 us)
[DBG] deferring start (59685 us)
[DBG] deferring start (27515 us)
[DBG] started
10:04:32.717 AM [skip] after=210653 ms
[DBG] ES_OUT_RESET_PCR called
10:04:33.409 AM [skip] +30 s (click) before=210653 ms target=240653 ms
10:04:33.412 AM [player] buffering 0.0
[DBG] SET_TIME to 240653000
[DBG] seek request to i_pos = 240653000
[DBG] seek: preroll{ track: 1, pts: 240340000, fpos: 156422014 skip: 156422014} 
[DBG] resolving 192.168.1.250 ...
[DBG] outgoing request:
GET /stream/3 HTTP/1.1
Host: 192.168.1.250:8093
Accept: */*
Accept-Language: en_US
User-Agent: VLC/4.0.0-dev LibVLC/4.0.0-dev
If-Unmodified-Since: Fri, 17 Jul 2026 19:34:32 GMT
Range: bytes=156422014-


[DBG] incoming response:
HTTP/1.1 206 Partial Content
Accept-Ranges: bytes
Content-Length: 5189791672
Content-Range: bytes 156422014-5346213685/5346213686
Content-Type: video/x-matroska
Last-Modified: Fri, 17 Jul 2026 19:34:32 GMT
Date: Mon, 14 Sep 2026 14:04:33 GMT


[DBG] connection failed
[DBG] seek: preroll{ req: 240653001, start-pts: 240340001, start-fpos: 156422014} 
[DBG] Buffering 0%
10:04:33.552 AM [player] buffering 0.0
[DBG] Buffering 3%
[DBG] Buffering 5%
[DBG] Buffering 6%
[DBG] Buffering 8%
[DBG] Buffering 12%
[DBG] Buffering 16%
[DBG] Buffering 19%
[DBG] Buffering 20%
[DBG] Buffering 22%
[DBG] Buffering 25%
[DBG] end of audio preroll
[DBG] end of video preroll
[DBG] Received first picture
[DBG] Buffering 37%
[DBG] Buffering 41%
[DBG] Buffering 44%
[DBG] Buffering 47%
[DBG] Buffering 50%
[DBG] Buffering 54%
[DBG] Buffering 57%
[DBG] Buffering 59%
[DBG] Buffering 61%
[DBG] Buffering 63%
[DBG] Buffering 74%
[DBG] Buffering 80%
[DBG] Buffering 81%
[DBG] Buffering 82%
[DBG] Buffering 85%
[DBG] Buffering 88%
[DBG] Buffering 92%
[DBG] Buffering 95%
[DBG] Buffering 99%
[DBG] Stream buffering done (1335 ms in 52 ms)
[DBG] Decoder wait done in 0 ms
10:04:33.604 AM [player] buffering 1.0
[DBG] deferring start (79574 us)
[DBG] deferring start (42548 us)
[DBG] deferring start (42058 us)
[DBG] deferring start (41747 us)
[DBG] deferring start (73048 us)
[DBG] deferring start (40756 us)
[DBG] deferring start (40423 us)
[DBG] deferring start (40037 us)
[DBG] deferring start (39775 us)
[DBG] deferring start (39511 us)
[DBG] deferring start (39275 us)
[DBG] deferring start (38745 us)
[DBG] deferring start (38052 us)
[DBG] deferring start (37746 us)
[DBG] deferring start (69194 us)
[DBG] deferring start (36997 us)
[DBG] deferring start (36555 us)
[DBG] deferring start (36226 us)
[DBG] deferring start (35918 us)
[DBG] deferring start (67354 us)
[DBG] deferring start (35164 us)
[DBG] deferring start (34949 us)
[DBG] deferring start (34738 us)
[DBG] deferring start (34492 us)
[DBG] deferring start (34233 us)
[DBG] deferring start (33924 us)
[DBG] deferring start (33713 us)
[DBG] deferring start (33376 us)
[DBG] deferring start (33203 us)
[DBG] deferring start (32910 us)
[DBG] deferring start (32714 us)
[DBG] deferring start (32522 us)
[DBG] deferring start (32301 us)
[DBG] deferring start (31942 us)
[DBG] deferring start (31701 us)
[DBG] deferring start (31505 us)
[DBG] deferring start (31354 us)
[DBG] started
[DBG] picture displayed late (missing 23 ms)
10:04:33.933 AM [skip] after=240653 ms
[DBG] ES_OUT_RESET_PCR called
10:04:34.643 AM [skip] +30 s (click) before=240653 ms target=270653 ms
10:04:34.647 AM [player] buffering 0.0
[DBG] SET_TIME to 270653000
[DBG] seek request to i_pos = 270653000
[DBG] seek: preroll{ track: 1, pts: 270370000, fpos: 180215261 skip: 180215261} 
[DBG] resolving 192.168.1.250 ...
[DBG] outgoing request:
GET /stream/3 HTTP/1.1
Host: 192.168.1.250:8093
Accept: */*
Accept-Language: en_US
User-Agent: VLC/4.0.0-dev LibVLC/4.0.0-dev
If-Unmodified-Since: Fri, 17 Jul 2026 19:34:32 GMT
Range: bytes=180215261-


[DBG] incoming response:
HTTP/1.1 206 Partial Content
Accept-Ranges: bytes
Content-Length: 5165998425
Content-Range: bytes 180215261-5346213685/5346213686
Content-Type: video/x-matroska
Last-Modified: Fri, 17 Jul 2026 19:34:32 GMT
Date: Mon, 14 Sep 2026 14:04:34 GMT


[DBG] connection failed
[DBG] seek: preroll{ req: 270653001, start-pts: 270370001, start-fpos: 180215261} 
[DBG] Buffering 0%
10:04:34.775 AM [player] buffering 0.0
[DBG] Buffering 3%
[DBG] Buffering 6%
[DBG] Buffering 9%
[DBG] Buffering 13%
[DBG] Buffering 14%
[DBG] Buffering 16%
[DBG] Buffering 19%
[DBG] Buffering 22%
[DBG] Buffering 23%
[DBG] end of audio preroll
[DBG] Buffering 26%
[DBG] Buffering 37%
[DBG] end of video preroll
[DBG] Received first picture
[DBG] Buffering 42%
[DBG] Buffering 44%
[DBG] Buffering 45%
[DBG] Buffering 48%
[DBG] Buffering 51%
[DBG] Buffering 55%
[DBG] Buffering 58%
[DBG] Buffering 62%
[DBG] Buffering 65%
[DBG] Buffering 77%
[DBG] Buffering 81%
[DBG] Buffering 84%
[DBG] Buffering 87%
[DBG] Buffering 91%
[DBG] Buffering 94%
[DBG] Buffering 97%
[DBG] Buffering 99%
[DBG] Stream buffering done (1301 ms in 36 ms)
[DBG] Decoder wait done in 0 ms
10:04:34.812 AM [player] buffering 1.0
[DBG] deferring start (270761 us)
[DBG] deferring start (233576 us)
[DBG] deferring start (200915 us)
[DBG] deferring start (168584 us)
[DBG] deferring start (136362 us)
[DBG] deferring start (104179 us)
[DBG] deferring start (71976 us)
[DBG] deferring start (39706 us)
[DBG] deferring start (39265 us)
[DBG] deferring start (293690 us)
[DBG] deferring start (260776 us)
[DBG] deferring start (228630 us)
[DBG] deferring start (196246 us)
[DBG] deferring start (163820 us)
[DBG] deferring start (131637 us)
[DBG] deferring start (98592 us)
[DBG] deferring start (66271 us)
[DBG] deferring start (34034 us)
[DBG] deferring start (161293 us)
[DBG] deferring start (129103 us)
[DBG] deferring start (96856 us)
[DBG] deferring start (64679 us)
[DBG] deferring start (32438 us)
[DBG] deferring start (32221 us)
[DBG] deferring start (31910 us)
[DBG] deferring start (31694 us)
[DBG] deferring start (31494 us)
[DBG] deferring start (31294 us)
[DBG] deferring start (31105 us)
[DBG] deferring start (30862 us)
[DBG] deferring start (30651 us)
[DBG] deferring start (30428 us)
[DBG] deferring start (30221 us)
[DBG] deferring start (29950 us)
[DBG] deferring start (29722 us)
[DBG] deferring start (29433 us)
[DBG] deferring start (29271 us)
[DBG] deferring start (29136 us)
[DBG] started
10:04:35.176 AM [skip] after=270653 ms
10:04:35.878 AM [skip] +30 s (click) before=270653 ms target=300653 ms
[DBG] ES_OUT_RESET_PCR called
10:04:35.883 AM [player] buffering 0.0
[DBG] SET_TIME to 300653000
[DBG] seek request to i_pos = 300653000
[DBG] seek: preroll{ track: 1, pts: 300400000, fpos: 203957880 skip: 203957880} 
[DBG] resolving 192.168.1.250 ...
[DBG] outgoing request:
GET /stream/3 HTTP/1.1
Host: 192.168.1.250:8093
Accept: */*
Accept-Language: en_US
User-Agent: VLC/4.0.0-dev LibVLC/4.0.0-dev
If-Unmodified-Since: Fri, 17 Jul 2026 19:34:32 GMT
Range: bytes=203957880-


[DBG] incoming response:
HTTP/1.1 206 Partial Content
Accept-Ranges: bytes
Content-Length: 5142255806
Content-Range: bytes 203957880-5346213685/5346213686
Content-Type: video/x-matroska
Last-Modified: Fri, 17 Jul 2026 19:34:32 GMT
Date: Mon, 14 Sep 2026 14:04:36 GMT


[DBG] connection failed
[DBG] seek: preroll{ req: 300653001, start-pts: 300400001, start-fpos: 203957880} 
[DBG] Buffering 0%
10:04:36.010 AM [player] buffering 0.0
[DBG] Buffering 3%
[DBG] Buffering 6%
[DBG] Buffering 9%
[DBG] Buffering 13%
[DBG] Buffering 17%
[DBG] Buffering 19%
[DBG] Buffering 21%
[DBG] Buffering 23%
[DBG] end of audio preroll
[DBG] Buffering 26%
[DBG] Buffering 39%
[DBG] end of video preroll
[DBG] Received first picture
[DBG] Buffering 43%
[DBG] Buffering 46%
[DBG] Buffering 49%
[DBG] Buffering 53%
[DBG] Buffering 54%
[DBG] Buffering 57%
[DBG] Buffering 59%
[DBG] Buffering 62%
[DBG] Buffering 63%
[DBG] Buffering 66%
[DBG] Buffering 77%
[DBG] Buffering 78%
[DBG] Buffering 83%
[DBG] Buffering 85%
[DBG] Buffering 86%
[DBG] Buffering 89%
[DBG] Buffering 93%
[DBG] Buffering 97%
[DBG] Buffering 99%
10:04:36.051 AM [player] buffering 1.0
[DBG] Stream buffering done (1301 ms in 41 ms)
[DBG] Decoder wait done in 0 ms
[DBG] deferring start (111450 us)
[DBG] deferring start (74881 us)
[DBG] deferring start (42664 us)
[DBG] deferring start (42280 us)
[DBG] deferring start (41687 us)
[DBG] deferring start (41375 us)
[DBG] deferring start (41046 us)
[DBG] deferring start (40752 us)
[DBG] deferring start (40378 us)
[DBG] deferring start (40106 us)
[DBG] deferring start (39782 us)
[DBG] deferring start (39477 us)
[DBG] deferring start (39211 us)
[DBG] deferring start (38944 us)
[DBG] deferring start (38617 us)
[DBG] deferring start (38298 us)
[DBG] deferring start (38014 us)
[DBG] deferring start (37721 us)
[DBG] deferring start (37491 us)
[DBG] deferring start (37102 us)
[DBG] deferring start (36803 us)
[DBG] deferring start (36457 us)
[DBG] deferring start (36229 us)
[DBG] deferring start (35937 us)
[DBG] deferring start (35610 us)
[DBG] deferring start (35411 us)
[DBG] deferring start (35128 us)
[DBG] deferring start (34846 us)
[DBG] deferring start (34581 us)
[DBG] deferring start (34357 us)
[DBG] deferring start (33865 us)
[DBG] deferring start (33602 us)
[DBG] deferring start (33414 us)
[DBG] deferring start (33103 us)
[DBG] deferring start (32924 us)
[DBG] deferring start (32712 us)
[DBG] deferring start (32487 us)
[DBG] deferring start (32181 us)
[DBG] deferring start (31720 us)
[DBG] started
10:04:36.394 AM [skip] after=300653 ms
10:04:37.120 AM [skip] +30 s (click) before=300653 ms target=330653 ms
[DBG] ES_OUT_RESET_PCR called
10:04:37.125 AM [player] buffering 0.0
[DBG] SET_TIME to 330653000
[DBG] seek request to i_pos = 330653000
[DBG] seek: preroll{ track: 1, pts: 330430000, fpos: 223769928 skip: 223769928} 
[DBG] resolving 192.168.1.250 ...
[DBG] outgoing request:
GET /stream/3 HTTP/1.1
Host: 192.168.1.250:8093
Accept: */*
Accept-Language: en_US
User-Agent: VLC/4.0.0-dev LibVLC/4.0.0-dev
If-Unmodified-Since: Fri, 17 Jul 2026 19:34:32 GMT
Range: bytes=223769928-


[DBG] incoming response:
HTTP/1.1 206 Partial Content
Accept-Ranges: bytes
Content-Length: 5122443758
Content-Range: bytes 223769928-5346213685/5346213686
Content-Type: video/x-matroska
Last-Modified: Fri, 17 Jul 2026 19:34:32 GMT
Date: Mon, 14 Sep 2026 14:04:37 GMT


[DBG] connection failed
[DBG] seek: preroll{ req: 330653001, start-pts: 330430001, start-fpos: 223769928} 
[DBG] Buffering 0%
10:04:37.289 AM [player] buffering 0.0
[DBG] Buffering 4%
[DBG] Buffering 5%
[DBG] Buffering 6%
[DBG] Buffering 9%
[DBG] Buffering 13%
[DBG] Buffering 17%
[DBG] end of audio preroll
[DBG] Buffering 20%
[DBG] Buffering 24%
[DBG] Buffering 27%
[DBG] end of video preroll
[DBG] Received first picture
[DBG] Buffering 39%
[DBG] Buffering 45%
[DBG] Buffering 47%
[DBG] Buffering 50%
[DBG] Buffering 54%
[DBG] Buffering 58%
[DBG] Buffering 61%
[DBG] Buffering 62%
[DBG] Buffering 65%
[DBG] Buffering 68%
[DBG] Buffering 81%
[DBG] Buffering 85%
[DBG] Buffering 88%
[DBG] Buffering 91%
[DBG] Buffering 95%
[DBG] Buffering 96%
[DBG] Buffering 99%
[DBG] Stream buffering done (1251 ms in 36 ms)
[DBG] Decoder wait done in 0 ms
10:04:37.326 AM [player] buffering 1.0
[DBG] deferring start (939764 us)
[DBG] deferring start (902767 us)
[DBG] deferring start (870315 us)
[DBG] deferring start (837863 us)
[DBG] deferring start (805506 us)
[DBG] deferring start (773111 us)
[DBG] deferring start (740796 us)
[DBG] deferring start (708465 us)
[DBG] deferring start (676196 us)
[DBG] deferring start (643987 us)
[DBG] deferring start (611824 us)
[DBG] deferring start (579637 us)
[DBG] deferring start (547454 us)
[DBG] deferring start (515285 us)
[DBG] deferring start (483112 us)
[DBG] deferring start (450938 us)
[DBG] deferring start (418765 us)
[DBG] deferring start (386586 us)
[DBG] deferring start (354408 us)
[DBG] deferring start (322220 us)
[DBG] deferring start (289957 us)
[DBG] deferring start (257696 us)
[DBG] deferring start (225494 us)
[DBG] deferring start (193301 us)
[DBG] deferring start (161120 us)
[DBG] deferring start (128926 us)
[DBG] deferring start (96732 us)
[DBG] deferring start (64438 us)
[DBG] deferring start (32202 us)
[DBG] deferring start (31927 us)
[DBG] deferring start (31684 us)
[DBG] deferring start (31502 us)
[DBG] deferring start (31194 us)
[DBG] deferring start (30932 us)
[DBG] deferring start (30647 us)
[DBG] deferring start (30405 us)
[DBG] deferring start (30152 us)
[DBG] deferring start (29892 us)
[DBG] deferring start (29650 us)
[DBG] deferring start (29434 us)
[DBG] started
[DBG] picture displayed late (missing 1 ms)
10:04:37.651 AM [skip] after=330653 ms
[DBG] Detected interlaced video
[DBG] deinterlace -1, mode auto, is_needed 1
[DBG] Adding 'deinterlace' as static
[DBG] looking for video filter module matching "deinterlace,chain": 2 candidates
[DBG] using x deinterlace method
[DBG] deinterlacing
[DBG] using video filter module "deinterlace"
[DBG] Filter 'deinterlace' (0x10abcd500) appended to chain (0x10a8c8c00)
[DBG] picture displayed late (missing 10 ms)
[DBG] Detected progressive video
[DBG] deinterlace -1, mode auto, is_needed 0
[DBG] removing "video filter" module "deinterlace"
[DBG] Filter 0x10abcd500 removed from chain
[DBG] picture displayed late (missing 7 ms)
[DBG] New Chapter 405344000 uid=6062867358328441339
[DBG] Detected interlaced video
[DBG] deinterlace -1, mode auto, is_needed 1
[DBG] Adding 'deinterlace' as static
[DBG] looking for video filter module matching "deinterlace,chain": 2 candidates
[DBG] using x deinterlace method
[DBG] deinterlacing
[DBG] using video filter module "deinterlace"
[DBG] Filter 'deinterlace' (0x10abccf00) appended to chain (0x10a8c8c00)
[DBG] picture displayed late (missing 15 ms)
[DBG] Detected progressive video
[DBG] deinterlace -1, mode auto, is_needed 0
[DBG] removing "video filter" module "deinterlace"
[DBG] Filter 0x10abccf00 removed from chain
[DBG] picture displayed late (missing 9 ms)
[DBG] New Chapter 522422000 uid=2322394287846270486
[DBG] Detected interlaced video
[DBG] deinterlace -1, mode auto, is_needed 1
[DBG] Adding 'deinterlace' as static
[DBG] looking for video filter module matching "deinterlace,chain": 2 candidates
[DBG] using x deinterlace method
[DBG] deinterlacing
[DBG] using video filter module "deinterlace"
[DBG] Filter 'deinterlace' (0x10abcde00) appended to chain (0x10a8c8c00)
[DBG] picture displayed late (missing 16 ms)
[DBG] Detected progressive video
[DBG] deinterlace -1, mode auto, is_needed 0
[DBG] removing "video filter" module "deinterlace"
[DBG] Filter 0x10abcde00 removed from chain
[DBG] picture displayed late (missing 7 ms)
[DBG] Detected interlaced video
[DBG] deinterlace -1, mode auto, is_needed 1
[DBG] Adding 'deinterlace' as static
[DBG] looking for video filter module matching "deinterlace,chain": 2 candidates
[DBG] using x deinterlace method
[DBG] deinterlacing
[DBG] using video filter module "deinterlace"
[DBG] Filter 'deinterlace' (0x10abcde00) appended to chain (0x10a8c8c00)
[DBG] picture displayed late (missing 15 ms)
[WARN] picture is too late to be displayed (missing 83 ms)
[WARN] picture is too late to be displayed (missing 51 ms)
[DBG] picture displayed late (missing 15 ms)
[WARN] picture is too late to be displayed (missing 86 ms)
[WARN] picture is too late to be displayed (missing 53 ms)
[DBG] picture displayed late (missing 13 ms)
[WARN] picture is too late to be displayed (missing 85 ms)
[WARN] picture is too late to be displayed (missing 52 ms)
[DBG] picture displayed late (missing 14 ms)
[WARN] picture is too late to be displayed (missing 84 ms)
[WARN] picture is too late to be displayed (missing 51 ms)
[DBG] picture displayed late (missing 14 ms)
[WARN] picture is too late to be displayed (missing 82 ms)
[WARN] picture is too late to be displayed (missing 50 ms)
[DBG] picture displayed late (missing 13 ms)
[WARN] picture is too late to be displayed (missing 82 ms)
[WARN] picture is too late to be displayed (missing 50 ms)
[DBG] picture displayed late (missing 15 ms)
[WARN] picture is too late to be displayed (missing 83 ms)
[WARN] picture is too late to be displayed (missing 50 ms)
[DBG] picture displayed late (missing 13 ms)
[WARN] picture is too late to be displayed (missing 82 ms)
[WARN] picture is too late to be displayed (missing 50 ms)
[DBG] picture displayed late (missing 10 ms)
[WARN] picture is too late to be displayed (missing 81 ms)
[WARN] picture is too late to be displayed (missing 49 ms)
[DBG] picture displayed late (missing 13 ms)
[WARN] picture is too late to be displayed (missing 81 ms)
[WARN] picture is too late to be displayed (missing 48 ms)
[DBG] picture displayed late (missing 11 ms)
[DBG] picture displayed late (missing 14 ms)
10:08:35.543 AM [player] dismiss at 567812 ms, state Playing
10:08:35.545 AM [player] state Stopping at 568618 ms
[DBG] killing decoder fourcc `mpgv'
[DBG] removing "video decoder" module "avcodec"
[DBG] removing "video packetizer" module "mpegvideo"
[DBG] removing "video converter" module "swscale"
[DBG] Filter 0x10aa4bc00 removed from chain
[DBG] removing "video converter" module "cvpx"
[DBG] Filter 0x10aa4b900 removed from chain
[DBG] removing "video converter" module "chain"
[DBG] removing "video filter" module "deinterlace"
[DBG] Filter 0x10abcde00 removed from chain
[DBG] saving a free vout
[DBG] ES track unselected: 'video/1' (fourcc: 'mpgv')
10:08:35.568 AM [player] track selected type=1 selected= unselected=video/1
[DBG] killing decoder fourcc `a52 '
[DBG] removing "audio decoder" module "avcodec"
[DBG] removing "audio packetizer" module "a52"
[DBG] removing "audio resampler" module "soxr"
[DBG] removing "audio filter" module "scaletempo"
[DBG] removing "audio volume" module "float_mixer"
[DBG] keeping audio output
[DBG] ES track unselected: 'audio/2' (fourcc: 'a52 ')
10:08:35.647 AM [player] track selected type=0 selected= unselected=audio/2
[DBG] killing decoder fourcc `subt'
[DBG] removing "spu decoder" module "subsdec"
[DBG] ES track unselected: 'spu/4' (fourcc: 'subt')
[DBG] removing "demux" module "mkv"
10:08:35.647 AM [player] track selected type=2 selected= unselected=spu/4
[DBG] ES track deleted: 'video/1' (fourcc: 'mpgv')
[DBG] ES track deleted: 'audio/2' (fourcc: 'a52 ')
[DBG] ES track deleted: 'audio/3' (fourcc: 'a52 ')
[DBG] ES track deleted: 'spu/4' (fourcc: 'subt')
[DBG] Program doesn't contain anymore ES
[DBG] removing "stream_filter" module "record"
[DBG] removing "stream_filter" module "prefetch"
[DBG] removing "access" module "http"
[DBG] connection failed
[DBG] stop free vout
10:08:35.648 AM [player] state Stopped at 568618 ms
