10:31:17.895 AM [player] request The Magicians — S1 E1 · Unauthorized Magic — http://192.168.1.250:8093/stream/8
10:31:17.895 AM [player] file TV/The Magicians (2015)/Season 1/The Magicians (2015) - 1x01 - Unauthorized Magic.mp4 1920x1080 hdr=false video=h264 High audio=aac stereo
[DBG] Creating an input for playback'8'
10:31:17.903 AM [player] play() called
[DBG] using timeshift granularity of 50 MiB
[DBG] using default timeshift path
[DBG] `http://192.168.1.250:8093/stream/8' gives access `http' demux `any' path `192.168.1.250:8093/stream/8'
[DBG] creating access: http://192.168.1.250:8093/stream/8
[DBG] looking for access module matching "http": 2 candidates
[DBG] looking for keystore module matching "any": 1 candidates
[DBG] using keystore module "keychain"
[DBG] Lookup keychain entry for server 192.168.1.250
[WARN] lookup failed (-25300: 'Item not found')
[DBG] resolving 192.168.1.250 ...
[DBG] outgoing request:
GET /stream/8 HTTP/1.1
Host: 192.168.1.250:8093
Accept: */*
Accept-Language: en_US
User-Agent: VLC/4.0.0-dev LibVLC/4.0.0-dev
Range: bytes=0-


10:31:17.911 AM [player] state Opening at 0 ms
10:31:17.911 AM [player] buffering 0.0
[DBG] incoming response:
HTTP/1.1 206 Partial Content
Accept-Ranges: bytes
Content-Length: 3180161687
Content-Range: bytes 0-3180161686/3180161687
Content-Type: video/mp4
Last-Modified: Fri, 18 Apr 2025 14:27:12 GMT
Date: Mon, 14 Sep 2026 14:31:17 GMT


[DBG] removing "keystore" module "keychain"
[DBG] using access module "http"
[DBG] looking for stream_filter module matching "prefetch,cache": 2 candidates
[DBG] using 16777216 bytes buffer
[DBG] using stream_filter module "prefetch"
[DBG] looking for stream_filter module matching "any": 4 candidates
[DBG] no stream_filter modules matched with name any
[DBG] looking for stream_directory module matching "any": 0 candidates
[DBG] no stream_directory modules matched with name any
[DBG] attachment of directory-extractor failed for http://192.168.1.250:8093/stream/8
[DBG] looking for stream_filter module matching "record": 1 candidates
[DBG] using stream_filter module "record"
[DBG] creating demux "any", URL: http://192.168.1.250:8093/stream/8, path: (null)
[DBG] looking for demux module matching "any": 58 candidates
[DBG] resolving 192.168.1.250 ...
[DBG] outgoing request:
GET /stream/8 HTTP/1.1
Host: 192.168.1.250:8093
Accept: */*
Accept-Language: en_US
User-Agent: VLC/4.0.0-dev LibVLC/4.0.0-dev
If-Unmodified-Since: Fri, 18 Apr 2025 14:27:12 GMT
Range: bytes=3176848131-


[DBG] incoming response:
HTTP/1.1 206 Partial Content
Accept-Ranges: bytes
Content-Length: 3313556
Content-Range: bytes 3176848131-3180161686/3180161687
Content-Type: video/mp4
Last-Modified: Fri, 18 Apr 2025 14:27:12 GMT
Date: Mon, 14 Sep 2026 14:31:17 GMT


[DBG] connection failed
[DBG] end of stream
[DBG] dumping root Box "root"
[DBG] |   + ftyp size 32 offset 0
[DBG] |   + free size 8 offset 32
[DBG] |   + mdat size 3176848091 offset 40
[DBG] |   + moov size 3313556 offset 3176848131
[DBG] |   |   + mvhd size 108 offset 3176848139
[DBG] |   |   + trak size 1146792 offset 3176848247
[DBG] |   |   |   + tkhd size 92 offset 3176848255
[DBG] |   |   |   + edts size 48 offset 3176848347
[DBG] |   |   |   |   + elst size 40 offset 3176848355
[DBG] |   |   |   + mdia size 1146644 offset 3176848395
[DBG] |   |   |   |   + mdhd size 32 offset 3176848403
[DBG] |   |   |   |   + hdlr size 45 offset 3176848435
[DBG] |   |   |   |   + minf size 1146559 offset 3176848480
[DBG] |   |   |   |   |   + vmhd size 20 offset 3176848488
[DBG] |   |   |   |   |   + dinf size 36 offset 3176848508
[DBG] |   |   |   |   |   |   + dref size 28 offset 3176848516
[DBG] |   |   |   |   |   |   |   + url  size 12 offset 3176848532
[DBG] |   |   |   |   |   + stbl size 1146495 offset 3176848544
[DBG] |   |   |   |   |   |   + stsd size 203 offset 3176848552
[DBG] |   |   |   |   |   |   |   + avc1 size 187 offset 3176848568
[DBG] |   |   |   |   |   |   |   |   + avcC size 65 offset 3176848654
[DBG] |   |   |   |   |   |   |   |   + pasp size 16 offset 3176848719
[DBG] |   |   |   |   |   |   |   |   + btrt size 20 offset 3176848735
[DBG] |   |   |   |   |   |   + stts size 24 offset 3176848755
[DBG] |   |   |   |   |   |   + stss size 6268 offset 3176848779
[DBG] |   |   |   |   |   |   + ctts size 389832 offset 3176855047
[DBG] |   |   |   |   |   |   + stsc size 28 offset 3177244879
[DBG] |   |   |   |   |   |   + stsz size 375068 offset 3177244907
[DBG] |   |   |   |   |   |   + stco size 375064 offset 3177619975
[DBG] |   |   + trak size 2166550 offset 3177995039
[DBG] |   |   |   + tkhd size 92 offset 3177995047
[DBG] |   |   |   + edts size 36 offset 3177995139
[DBG] |   |   |   |   + elst size 28 offset 3177995147
[DBG] |   |   |   + mdia size 2166414 offset 3177995175
[DBG] |   |   |   |   + mdhd size 32 offset 3177995183
[DBG] |   |   |   |   + hdlr size 45 offset 3177995215
[DBG] |   |   |   |   + minf size 2166329 offset 3177995260
[DBG] |   |   |   |   |   + smhd size 16 offset 3177995268
[DBG] |   |   |   |   |   + dinf size 36 offset 3177995284
[DBG] |   |   |   |   |   |   + dref size 28 offset 3177995292
[DBG] |   |   |   |   |   |   |   + url  size 12 offset 3177995308
[DBG] |   |   |   |   |   + stbl size 2166269 offset 3177995320
[DBG] |   |   |   |   |   |   + stsd size 123 offset 3177995328
[DBG] |   |   |   |   |   |   |   + mp4a size 107 offset 3177995344
[DBG] |   |   |   |   |   |   |   |   + esds size 51 offset 3177995380
[DBG] |   |   |   |   |   |   |   |   + btrt size 20 offset 3177995431
[DBG] |   |   |   |   |   |   + stts size 268720 offset 3177995451
[DBG] |   |   |   |   |   |   + stsc size 983344 offset 3178264171
[DBG] |   |   |   |   |   |   + stsz size 538956 offset 3179247515
[DBG] |   |   |   |   |   |   + stco size 375064 offset 3179786471
[DBG] |   |   |   |   |   |   + sgpd size 26 offset 3180161535
[DBG] |   |   |   |   |   |   + sbgp size 28 offset 3180161561
[DBG] |   |   + udta size 98 offset 3180161589
[DBG] |   |   |   + meta size 90 offset 3180161597
[DBG] |   |   |   |   + hdlr size 33 offset 3180161609
[DBG] |   |   |   |   + ilst size 45 offset 3180161642
[DBG] |   |   |   |   |   + ctoo size 37 offset 3180161650
[DBG] |   |   |   |   |   |   + data size 29 offset 3180161658
[DBG] ISO Media (isom) version 512.
[DBG] found 2 tracks
[WARN] elst box found
[DBG]    - [0] duration=36ms media time=-1ms) rate=1.0
[DBG]    - [1] duration=3128526ms media time=33ms) rate=1.0
[DBG] track[Id 0x1] read 93762 chunk
[WARN] STTS table of 1 entries
[WARN] CTTS table of 48727 entries
[DBG] track[Id 0x1] read 93762 samples length:3128s
[DBG] selecting program id=0
[DBG] ES track added: 'video/1' (fourcc: 'h264')
[DBG] adding track[Id 0x1] video (enable) language undef
[WARN] elst box found
[DBG]    - [0] duration=3128518ms media time=0ms) rate=1.0
10:31:18.108 AM [player] track added video/1 type=1
[DBG] track[Id 0x2] read 93762 chunk
[WARN] STTS table of 33588 entries
[DBG] track[Id 0x2] read 134734 samples length:3128s
[DBG] ES track added: 'audio/2' (fourcc: 'mp4a')
[DBG] adding track[Id 0x2] audio (enable) language undef
10:31:18.112 AM [player] track added audio/2 type=0
[DBG] using demux module "mp4"
10:31:18.114 AM [player] length 3128562 ms
[DBG] looking for video decoder module matching "any": 14 candidates
[DBG] vout: none found
[DBG] vout change: decoder size
[DBG] vout change: visible size
[DBG] looking for text renderer module matching "freetype": 2 candidates
[DBG] using text renderer module "freetype"
[DBG] looking for video converter module matching "any": 13 candidates
[DBG] 32x32 (32x32) chroma: YUVA colorspace: Undefined -> 16x16 (16x16) chroma: RGBA colorspace: Undefined with scaling using Bicubic (good quality)
[DBG] using video converter module "swscale"
[DBG] looking for video converter module matching "any": 13 candidates
[DBG] YUVP to YUVA converter
[DBG] using video converter module "yuvp"
[DBG] Deinterlacing available
[DBG] deinterlace -1, mode auto, is_needed 0
[DBG] looking for vout window module matching "any": 2 candidates
[DBG] resized to 1920x1080
[DBG] using vout window module "uiview_window"
[DBG] looking for inhibit module matching "any": 1 candidates
[DBG] using inhibit module "uikit_inhibit"
[DBG] looking for decoder device module matching "any": 1 candidates
[DBG] using decoder device module "videotoolbox"
[DBG] new SPS parsed: 0
[DBG] new PPS parsed: 0
[WARN] forcing output chroma (kCVPixelFormatType): 420v
[INF] Using Video Toolbox to decode 'h264'
[DBG] using video decoder module "videotoolbox"
[DBG] ES track selected: 'video/1' (fourcc: 'h264')
[DBG] looking for audio decoder module matching "any": 15 candidates
[DBG] using Lavc63.1.100
10:31:18.125 AM [player] track selected type=1 selected=video/1 unselected=
[DBG] CPU flags: 0x00062360
[DBG] codec (aac) started
[DBG] using audio decoder module "avcodec"
[DBG] ES track selected: 'audio/2' (fourcc: 'mp4a')
[DBG] looking for meta reader module matching "any": 1 candidates
[DBG] no meta reader modules matched with name any
10:31:18.127 AM [player] track selected type=0 selected=audio/2 unselected=
[DBG] `http://192.168.1.250:8093/stream/8' successfully opened
[WARN] elst old=0 new=1
10:31:18.127 AM [player] state Playing at 0 ms
[DBG] elst (0) gives 0ms (movie)-> 0ms (track)
[DBG] track[Id 0x2] preroll offset: -1 samples
[DBG] resolving 192.168.1.250 ...
[DBG] outgoing request:
GET /stream/8 HTTP/1.1
Host: 192.168.1.250:8093
Accept: */*
Accept-Language: en_US
User-Agent: VLC/4.0.0-dev LibVLC/4.0.0-dev
If-Unmodified-Since: Fri, 18 Apr 2025 14:27:12 GMT
Range: bytes=48-


[DBG] incoming response:
HTTP/1.1 206 Partial Content
Accept-Ranges: bytes
Content-Length: 3180161639
Content-Range: bytes 48-3180161686/3180161687
Content-Type: video/mp4
Last-Modified: Fri, 18 Apr 2025 14:27:12 GMT
Date: Mon, 14 Sep 2026 14:31:18 GMT


[DBG] program(0): using clock source: 'audio'
[DBG] Buffering 0%
10:31:18.139 AM [player] buffering 0.0
[DBG] new PPS parsed: 0
[DBG] Buffering 2%
[DBG] Buffering 4%
[DBG] reusing audio output
[DBG] Buffering 6%
[DBG] Buffering 11%
[DBG] Buffering 13%
[DBG] Buffering 18%
[DBG] Buffering 20%
[DBG] Buffering 25%
[DBG] Buffering 27%
[DBG] Buffering 32%
[DBG] Buffering 34%
[DBG] Buffering 37%
[DBG] Buffering 41%
[DBG] Buffering 44%
[DBG] Buffering 48%
[DBG] session accepted first frame 69367
[DBG] Buffering 51%
[DBG] Buffering 55%
[DBG] Buffering 58%
[DBG] Buffering 60%
[DBG] output chroma (kCVPixelFormatType): 420v
[DBG] vout change: decoder size
[DBG] vout change: chroma
[DBG] requested window size: 1920x1080
[DBG] deinterlace -1, mode auto, is_needed 0
[DBG] Opening vout display wrapper
[DBG] looking for vout display module matching "any": 3 candidates
[DBG] using vout display module "samplebufferdisplay"
[DBG] original format sz 1920x1088, of (0,0), vsz 1920x1080, 4cc CVPN, sar 1:1, orient: normal
[DBG] removing "text renderer" module "freetype"
[DBG] looking for text renderer module matching "freetype": 2 candidates
[DBG] using text renderer module "freetype"
[DBG] requested window size: 1920x1080
[DBG] resetting projection_mode to 0
[DBG] setting projection_mode to 0
[DBG] Buffering 65%
[DBG] Buffering 67%
[DBG] Buffering 71%
[DBG] Buffering 74%
[DBG] Buffering 78%
[DBG] Buffering 81%
[DBG] Buffering 85%
[DBG] Buffering 88%
[DBG] Buffering 90%
[DBG] Buffering 95%
[DBG] Buffering 97%
10:31:18.150 AM [player] buffering 1.0
[DBG] Stream buffering done (1021 ms in 10 ms)
[DBG] Received first picture
[DBG] Output on HDMI, channel count: 2
[DBG] resized to 3840x2160
[DBG] output 'f32l' 44100 Hz Stereo frame=1 samples/8 bytes
[DBG] looking for audio volume module matching "any": 2 candidates
[DBG] using audio volume module "float_mixer"
[DBG] input 'f32l' 44100 Hz Stereo frame=1 samples/8 bytes
[DBG] looking for audio filter module matching "scaletempo": 1 candidates
[DBG] format: 44100 rate, 2 nch, 4 bps, fl32
[DBG] params: 30 stride, 0.200 overlap, 14 search
[DBG] 1.000 scale, 1323.000 stride_in, 1323 stride_out, 1059 standing, 264 overlap, 617 search, 2204 queue, fl32 mode
[DBG] using audio filter module "scaletempo"
[DBG] conversion: 'f32l'->'f32l' 44100 Hz->44100 Hz Stereo->Stereo
[DBG] conversion pipeline complete
[DBG] conversion: 'f32l'->'f32l' 44100 Hz->44100 Hz Stereo->Stereo
[DBG] conversion pipeline complete
[DBG] looking for audio resampler module matching "soxr": 2 candidates
[DBG] Using SoX Resampler with 'cr32s' engine and 'Medium 16-bit with medium roll-off' quality to convert f32l/44100Hz to f32l/44100Hz.
[DBG] using audio resampler module "soxr"
[DBG] Decoder wait done in 16 ms
[DBG] deferring start (1100989 us)
[DBG] deferring start (1073220 us)
[DBG] deferring start (1049792 us)
[DBG] deferring start (1026407 us)
[DBG] deferring start (1003036 us)
[DBG] deferring start (979677 us)
[DBG] deferring start (956290 us)
[DBG] deferring start (932933 us)
[DBG] deferring start (909580 us)
[DBG] deferring start (886234 us)
[DBG] deferring start (862893 us)
[DBG] deferring start (839551 us)
[DBG] deferring start (816209 us)
[DBG] deferring start (792864 us)
[DBG] deferring start (769525 us)
[DBG] deferring start (746182 us)
[DBG] deferring start (722824 us)
[DBG] deferring start (699474 us)
[DBG] deferring start (676129 us)
[DBG] deferring start (652790 us)
[DBG] deferring start (629449 us)
[DBG] deferring start (606064 us)
[DBG] deferring start (582713 us)
[DBG] deferring start (559346 us)
[DBG] deferring start (535979 us)
[DBG] deferring start (512634 us)
[DBG] deferring start (489256 us)
[DBG] deferring start (465715 us)
[DBG] deferring start (442255 us)
[DBG] deferring start (418901 us)
[DBG] deferring start (395524 us)
[DBG] deferring start (372181 us)
[DBG] deferring start (348842 us)
[DBG] deferring start (325503 us)
[DBG] deferring start (302167 us)
[DBG] deferring start (278816 us)
[DBG] deferring start (255440 us)
[DBG] deferring start (232019 us)
[DBG] deferring start (208577 us)
[DBG] deferring start (185234 us)
[DBG] deferring start (161886 us)
[DBG] deferring start (138536 us)
[DBG] deferring start (115187 us)
[DBG] deferring start (91836 us)
[DBG] deferring start (68474 us)
[DBG] deferring start (45000 us)
[DBG] deferring start (44457 us)
[DBG] deferring start (67399 us)
[DBG] deferring start (44049 us)
[DBG] deferring start (43888 us)
[DBG] deferring start (43720 us)
[DBG] deferring start (43568 us)
[DBG] deferring start (43425 us)
[DBG] deferring start (43286 us)
[DBG] deferring start (43139 us)
[DBG] started
[DBG] ES_OUT_RESET_PCR called
10:31:49.474 AM [skip] +30 s (click) before=30606 ms target=60606 ms
10:31:49.483 AM [player] buffering 0.0
[DBG] elst (1) gives 60606ms (movie)-> 60603ms (track)
[DBG] track[Id 0x1] using Sync Sample Box (stss)
[DBG] stss gives 1816 --> 1800 (sample number)
[DBG] track[Id 0x1] sync point found sample 1800(-16)
[DBG] seeking with 543ms preroll (use input-fast-seek to avoid) to 60606000
[DBG] elst (0) gives 60062ms (movie)-> 60062ms (track)
[DBG] track[Id 0x2] preroll offset: -1 samples
[DBG] resolving 192.168.1.250 ...
[DBG] outgoing request:
GET /stream/8 HTTP/1.1
Host: 192.168.1.250:8093
Accept: */*
Accept-Language: en_US
User-Agent: VLC/4.0.0-dev LibVLC/4.0.0-dev
If-Unmodified-Since: Fri, 18 Apr 2025 14:27:12 GMT
Range: bytes=60220983-


[DBG] incoming response:
HTTP/1.1 206 Partial Content
Accept-Ranges: bytes
Content-Length: 3119940704
Content-Range: bytes 60220983-3180161686/3180161687
Content-Type: video/mp4
Last-Modified: Fri, 18 Apr 2025 14:27:12 GMT
Date: Mon, 14 Sep 2026 14:31:49 GMT


[DBG] connection failed
[DBG] Buffering 0%
10:31:49.597 AM [player] buffering 0.0
[DBG] Buffering 1%
[DBG] Buffering 2%
[DBG] Buffering 4%
[DBG] Buffering 5%
[DBG] Buffering 6%
[DBG] Buffering 7%
[DBG] Buffering 8%
[DBG] Buffering 10%
[DBG] Buffering 11%
[DBG] Buffering 13%
[DBG] Buffering 15%
[DBG] Buffering 16%
[DBG] Buffering 17%
[DBG] Buffering 19%
[DBG] Buffering 20%
[DBG] Buffering 21%
[DBG] Buffering 22%
[DBG] Buffering 23%
[DBG] Buffering 24%
[DBG] Buffering 25%
[DBG] Buffering 26%
[DBG] Buffering 27%
[DBG] Buffering 29%
[DBG] Buffering 30%
[DBG] Buffering 31%
[DBG] Buffering 32%
[DBG] Buffering 34%
[DBG] Buffering 35%
[DBG] Buffering 36%
[DBG] end of audio preroll
[DBG] Buffering 38%
[DBG] Buffering 39%
[DBG] Buffering 40%
[DBG] Buffering 41%
[DBG] Buffering 42%
[DBG] Buffering 44%
[DBG] Buffering 45%
[DBG] Buffering 46%
[DBG] Buffering 48%
[DBG] Buffering 49%
[DBG] Buffering 50%
[DBG] Buffering 51%
[DBG] Buffering 53%
[DBG] Buffering 54%
[DBG] end of video preroll
[DBG] Received first picture
[DBG] Buffering 55%
[DBG] Buffering 57%
[DBG] Buffering 58%
[DBG] Buffering 59%
[DBG] Buffering 60%
[DBG] Buffering 61%
[DBG] Buffering 63%
[DBG] Buffering 64%
[DBG] Buffering 65%
[DBG] Buffering 66%
[DBG] Buffering 67%
[DBG] Buffering 68%
[DBG] Buffering 69%
[DBG] Buffering 70%
[DBG] Buffering 72%
[DBG] Buffering 73%
[DBG] Buffering 74%
[DBG] Buffering 76%
[DBG] Buffering 78%
[DBG] Buffering 79%
[DBG] Buffering 80%
[DBG] Buffering 82%
[DBG] Buffering 83%
[DBG] Buffering 84%
[DBG] Buffering 85%
[DBG] Buffering 86%
[DBG] Buffering 88%
[DBG] Buffering 89%
[DBG] Buffering 91%
[DBG] Buffering 92%
[DBG] Buffering 93%
[DBG] Buffering 95%
[DBG] Buffering 97%
[DBG] Buffering 98%
[DBG] Buffering 99%
10:31:49.685 AM [player] buffering 1.0
[DBG] Stream buffering done (1607 ms in 88 ms)
[DBG] Decoder wait done in 0 ms
[DBG] deferring start (466996 us)
10:31:49.697 AM [skip] +30 s (click) before=60606 ms target=90606 ms
[DBG] deferring start (435401 us)
[DBG] deferring start (412019 us)
[DBG] deferring start (388575 us)
[DBG] deferring start (365075 us)
[DBG] deferring start (341743 us)
[DBG] deferring start (318423 us)
[DBG] deferring start (295109 us)
[DBG] deferring start (271798 us)
[DBG] deferring start (248479 us)
[DBG] deferring start (225160 us)
[DBG] deferring start (201795 us)
[DBG] deferring start (178436 us)
[DBG] deferring start (155067 us)
[DBG] deferring start (131706 us)
[DBG] deferring start (108214 us)
[DBG] deferring start (84640 us)
[DBG] deferring start (61238 us)
[DBG] deferring start (37915 us)
[DBG] deferring start (176943 us)
[DBG] deferring start (153630 us)
[DBG] deferring start (130332 us)
[DBG] deferring start (106984 us)
[DBG] deferring start (83625 us)
[DBG] deferring start (60193 us)
[DBG] deferring start (36835 us)
[DBG] deferring start (36668 us)
[DBG] deferring start (36499 us)
[DBG] deferring start (36329 us)
[DBG] deferring start (36140 us)
[DBG] deferring start (35965 us)
[DBG] deferring start (35770 us)
[DBG] deferring start (35586 us)
[DBG] deferring start (35394 us)
[DBG] deferring start (35211 us)
[DBG] deferring start (35029 us)
[DBG] deferring start (34842 us)
[DBG] deferring start (34649 us)
[DBG] deferring start (34454 us)
[DBG] deferring start (34272 us)
[DBG] deferring start (34083 us)
[DBG] deferring start (33892 us)
[DBG] deferring start (33704 us)
[DBG] deferring start (33493 us)
[DBG] deferring start (33298 us)
[DBG] deferring start (33121 us)
[DBG] deferring start (32905 us)
[DBG] deferring start (32714 us)
[DBG] deferring start (32527 us)
[DBG] ES_OUT_RESET_PCR called
10:31:49.708 AM [player] buffering 0.0
[DBG] deferring start (32242 us)
[DBG] deferring start (101555 us)
[DBG] deferring start (78180 us)
[DBG] deferring start (54801 us)
[DBG] deferring start (31385 us)
[DBG] elst (1) gives 90606ms (movie)-> 90603ms (track)
[DBG] track[Id 0x1] using Sync Sample Box (stss)
[DBG] stss gives 2715 --> 2700 (sample number)
[DBG] track[Id 0x1] sync point found sample 2700(-15)
[DBG] seeking with 513ms preroll (use input-fast-seek to avoid) to 90606000
[DBG] elst (0) gives 90092ms (movie)-> 90092ms (track)
[DBG] track[Id 0x2] preroll offset: -1 samples
[DBG] resolving 192.168.1.250 ...
[DBG] outgoing request:
GET /stream/8 HTTP/1.1
Host: 192.168.1.250:8093
Accept: */*
Accept-Language: en_US
User-Agent: VLC/4.0.0-dev LibVLC/4.0.0-dev
If-Unmodified-Since: Fri, 18 Apr 2025 14:27:12 GMT
Range: bytes=90977209-


[DBG] incoming response:
HTTP/1.1 206 Partial Content
Accept-Ranges: bytes
Content-Length: 3089184478
Content-Range: bytes 90977209-3180161686/3180161687
Content-Type: video/mp4
Last-Modified: Fri, 18 Apr 2025 14:27:12 GMT
Date: Mon, 14 Sep 2026 14:31:49 GMT


[DBG] connection failed
10:31:49.735 AM [player] buffering 0.0
[DBG] Buffering 0%
[DBG] Buffering 1%
[DBG] Buffering 2%
[DBG] Buffering 5%
[DBG] Buffering 7%
[DBG] Buffering 9%
[DBG] Buffering 10%
[DBG] Buffering 11%
[DBG] Buffering 13%
[DBG] Buffering 14%
[DBG] Buffering 15%
[DBG] Buffering 16%
[DBG] Buffering 17%
[DBG] Buffering 19%
[DBG] Buffering 20%
[DBG] Buffering 22%
[DBG] Buffering 24%
[DBG] Buffering 25%
[DBG] Buffering 26%
[DBG] Buffering 28%
[DBG] Buffering 29%
[DBG] Buffering 30%
[DBG] Buffering 31%
[DBG] Buffering 32%
[DBG] Buffering 34%
[DBG] Buffering 35%
[DBG] end of audio preroll
[DBG] Buffering 37%
[DBG] Buffering 39%
[DBG] Buffering 40%
[DBG] Buffering 41%
[DBG] Buffering 43%
[DBG] Buffering 44%
[DBG] Buffering 45%
[DBG] Buffering 46%
[DBG] Buffering 47%
[DBG] Buffering 49%
[DBG] Buffering 50%
[DBG] Buffering 52%
[DBG] Buffering 53%
[DBG] Buffering 54%
[DBG] Buffering 55%
[DBG] Buffering 56%
[DBG] Buffering 58%
[DBG] Buffering 59%
[DBG] Buffering 60%
[DBG] Buffering 61%
[DBG] Buffering 62%
[DBG] Buffering 64%
[DBG] Buffering 65%
[DBG] Buffering 67%
[DBG] Buffering 68%
[DBG] Buffering 69%
[DBG] Buffering 70%
[DBG] Buffering 71%
[DBG] end of video preroll
[DBG] Received first picture
[DBG] Buffering 73%
[DBG] Buffering 74%
[DBG] Buffering 75%
[DBG] Buffering 77%
[DBG] Buffering 78%
[DBG] Buffering 79%
[DBG] Buffering 80%
[DBG] Buffering 82%
[DBG] Buffering 83%
[DBG] Buffering 84%
[DBG] Buffering 86%
[DBG] Buffering 87%
[DBG] Buffering 88%
[DBG] Buffering 89%
[DBG] Buffering 90%
[DBG] Buffering 92%
[DBG] Buffering 93%
[DBG] Buffering 94%
[DBG] Buffering 95%
[DBG] Buffering 97%
[DBG] Buffering 98%
[DBG] Buffering 99%
10:31:49.827 AM [player] buffering 1.0
[DBG] Stream buffering done (1580 ms in 91 ms)
[DBG] Decoder wait done in 0 ms
[DBG] deferring start (263530 us)
[DBG] deferring start (236165 us)
[DBG] deferring start (212761 us)
[DBG] deferring start (189421 us)
[DBG] deferring start (166085 us)
[DBG] deferring start (142745 us)
[DBG] deferring start (119420 us)
[DBG] deferring start (96091 us)
[DBG] deferring start (72748 us)
[DBG] deferring start (49386 us)
[DBG] deferring start (118674 us)
[DBG] deferring start (95274 us)
[DBG] deferring start (71934 us)
[DBG] deferring start (48586 us)
[DBG] deferring start (48434 us)
[DBG] deferring start (48264 us)
[DBG] deferring start (48124 us)
[DBG] deferring start (47988 us)
[DBG] deferring start (47834 us)
[DBG] deferring start (47691 us)
[DBG] deferring start (47550 us)
[DBG] deferring start (47401 us)
[DBG] deferring start (47219 us)
[DBG] deferring start (47048 us)
[DBG] deferring start (46790 us)
[DBG] deferring start (69624 us)
[DBG] deferring start (46253 us)
[DBG] deferring start (46097 us)
[DBG] deferring start (45941 us)
[DBG] deferring start (45787 us)
[DBG] deferring start (45622 us)
[DBG] deferring start (45464 us)
[DBG] deferring start (45293 us)
[DBG] deferring start (45122 us)
[DBG] deferring start (44957 us)
[DBG] deferring start (44780 us)
[DBG] deferring start (44605 us)
[DBG] deferring start (44421 us)
[DBG] deferring start (44229 us)
[DBG] deferring start (43939 us)
[DBG] deferring start (43756 us)
[DBG] deferring start (43591 us)
[DBG] deferring start (43433 us)
[DBG] deferring start (43261 us)
[DBG] deferring start (43077 us)
[DBG] deferring start (42818 us)
[DBG] deferring start (42640 us)
[DBG] deferring start (42450 us)
[DBG] deferring start (42278 us)
[DBG] deferring start (42089 us)
[DBG] deferring start (41899 us)
[DBG] deferring start (41712 us)
[DBG] deferring start (41473 us)
[DBG] deferring start (41279 us)
[DBG] deferring start (41097 us)
[DBG] deferring start (40927 us)
[DBG] started
10:31:49.930 AM [skip] +30 s (click) before=90606 ms target=120606 ms
[DBG] ES_OUT_RESET_PCR called
10:31:49.932 AM [player] buffering 0.0
[DBG] elst (1) gives 120606ms (movie)-> 120603ms (track)
[DBG] track[Id 0x1] using Sync Sample Box (stss)
[DBG] stss gives 3614 --> 3600 (sample number)
[DBG] track[Id 0x1] sync point found sample 3600(-14)
[DBG] seeking with 483ms preroll (use input-fast-seek to avoid) to 120606000
[DBG] elst (0) gives 120122ms (movie)-> 120122ms (track)
[DBG] track[Id 0x2] preroll offset: -1 samples
[DBG] resolving 192.168.1.250 ...
[DBG] outgoing request:
GET /stream/8 HTTP/1.1
Host: 192.168.1.250:8093
Accept: */*
Accept-Language: en_US
User-Agent: VLC/4.0.0-dev LibVLC/4.0.0-dev
If-Unmodified-Since: Fri, 18 Apr 2025 14:27:12 GMT
Range: bytes=121511337-


[DBG] incoming response:
HTTP/1.1 206 Partial Content
Accept-Ranges: bytes
Content-Length: 3058650350
Content-Range: bytes 121511337-3180161686/3180161687
Content-Type: video/mp4
Last-Modified: Fri, 18 Apr 2025 14:27:12 GMT
Date: Mon, 14 Sep 2026 14:31:50 GMT


[DBG] connection failed
[DBG] Buffering 0%
10:31:50.109 AM [player] buffering 0.0
[DBG] Buffering 1%
10:31:50.163 AM [skip] +30 s (click) before=120606 ms target=150606 ms
[DBG] Buffering 3%
[DBG] Buffering 4%
[DBG] Buffering 5%
[DBG] Buffering 6%
[DBG] Buffering 7%
[DBG] Buffering 9%
[DBG] Buffering 10%
[DBG] Buffering 12%
[DBG] Buffering 13%
[DBG] Buffering 14%
[DBG] Buffering 15%
[DBG] Buffering 16%
[DBG] Buffering 18%
[DBG] Buffering 19%
[DBG] Buffering 20%
[DBG] ES_OUT_RESET_PCR called
10:31:50.183 AM [player] buffering 0.0
[DBG] elst (1) gives 150606ms (movie)-> 150603ms (track)
[DBG] track[Id 0x1] using Sync Sample Box (stss)
[DBG] stss gives 4513 --> 4500 (sample number)
[DBG] track[Id 0x1] sync point found sample 4500(-13)
[DBG] seeking with 453ms preroll (use input-fast-seek to avoid) to 150606000
[DBG] elst (0) gives 150152ms (movie)-> 150152ms (track)
[DBG] track[Id 0x2] preroll offset: -1 samples
[DBG] resolving 192.168.1.250 ...
[DBG] outgoing request:
GET /stream/8 HTTP/1.1
Host: 192.168.1.250:8093
Accept: */*
Accept-Language: en_US
User-Agent: VLC/4.0.0-dev LibVLC/4.0.0-dev
If-Unmodified-Since: Fri, 18 Apr 2025 14:27:12 GMT
Range: bytes=151991555-


[DBG] incoming response:
HTTP/1.1 206 Partial Content
Accept-Ranges: bytes
Content-Length: 3028170132
Content-Range: bytes 151991555-3180161686/3180161687
Content-Type: video/mp4
Last-Modified: Fri, 18 Apr 2025 14:27:12 GMT
Date: Mon, 14 Sep 2026 14:31:50 GMT


[DBG] connection failed
[DBG] Buffering 0%
10:31:50.201 AM [player] buffering 0.0
[DBG] Buffering 1%
[DBG] Buffering 2%
[DBG] Buffering 3%
[DBG] Buffering 4%
[DBG] Buffering 6%
[DBG] Buffering 7%
[DBG] Buffering 9%
[DBG] Buffering 11%
[DBG] Buffering 12%
[DBG] Buffering 13%
[DBG] Buffering 14%
[DBG] Buffering 15%
[DBG] Buffering 17%
[DBG] Buffering 18%
[DBG] Buffering 20%
[DBG] Buffering 21%
[DBG] Buffering 22%
[DBG] Buffering 23%
[DBG] Buffering 24%
[DBG] Buffering 27%
[DBG] Buffering 28%
[DBG] Buffering 29%
[DBG] Buffering 31%
[DBG] Buffering 32%
[DBG] Buffering 33%
[DBG] end of audio preroll
[DBG] Buffering 34%
[DBG] Buffering 36%
[DBG] Buffering 37%
[DBG] Buffering 38%
[DBG] Buffering 40%
[DBG] Buffering 42%
[DBG] Buffering 43%
[DBG] Buffering 44%
[DBG] Buffering 45%
[DBG] Buffering 47%
[DBG] Buffering 48%
[DBG] Buffering 49%
[DBG] Buffering 51%
[DBG] Buffering 53%
[DBG] Buffering 54%
[DBG] end of video preroll
[DBG] Buffering 56%
[DBG] Received first picture
[DBG] Buffering 57%
[DBG] Buffering 58%
[DBG] Buffering 59%
[DBG] Buffering 60%
[DBG] Buffering 62%
[DBG] Buffering 63%
[DBG] Buffering 65%
[DBG] Buffering 67%
[DBG] Buffering 68%
[DBG] Buffering 69%
[DBG] Buffering 70%
[DBG] Buffering 71%
[DBG] Buffering 73%
[DBG] Buffering 74%
[DBG] Buffering 76%
[DBG] Buffering 78%
[DBG] Buffering 79%
[DBG] Buffering 80%
[DBG] Buffering 81%
[DBG] Buffering 83%
[DBG] Buffering 84%
[DBG] Buffering 85%
[DBG] Buffering 87%
[DBG] Buffering 88%
[DBG] Buffering 89%
[DBG] Buffering 90%
[DBG] Buffering 92%
[DBG] Buffering 93%
[DBG] Buffering 94%
[DBG] Buffering 95%
[DBG] Buffering 96%
[DBG] Buffering 98%
[DBG] Buffering 99%
10:31:50.282 AM [player] buffering 1.0
[DBG] Stream buffering done (1503 ms in 81 ms)
[DBG] Decoder wait done in 0 ms
[DBG] deferring start (310257 us)
[DBG] deferring start (282999 us)
[DBG] deferring start (259611 us)
[DBG] deferring start (236238 us)
[DBG] deferring start (212915 us)
[DBG] deferring start (189599 us)
[DBG] deferring start (166277 us)
[DBG] deferring start (142950 us)
[DBG] deferring start (119625 us)
[DBG] deferring start (96315 us)
[DBG] deferring start (72961 us)
[DBG] deferring start (49636 us)
[DBG] deferring start (72571 us)
[DBG] deferring start (49245 us)
[DBG] deferring start (49127 us)
[DBG] deferring start (49017 us)
[DBG] deferring start (48911 us)
[DBG] deferring start (48799 us)
[DBG] deferring start (48716 us)
[DBG] deferring start (48607 us)
[DBG] deferring start (48499 us)
[DBG] deferring start (48384 us)
[DBG] deferring start (71447 us)
[DBG] deferring start (48137 us)
[DBG] deferring start (48004 us)
[DBG] deferring start (47904 us)
[DBG] deferring start (47792 us)
[DBG] deferring start (47679 us)
[DBG] deferring start (47566 us)
[DBG] deferring start (47451 us)
[DBG] deferring start (47324 us)
[DBG] deferring start (47183 us)
[DBG] deferring start (93402 us)
[DBG] deferring start (69941 us)
[DBG] deferring start (46572 us)
[DBG] deferring start (46467 us)
[DBG] deferring start (46366 us)
[DBG] deferring start (46262 us)
[DBG] deferring start (46162 us)
[DBG] deferring start (46063 us)
[DBG] deferring start (45959 us)
[DBG] deferring start (45826 us)
[DBG] deferring start (45688 us)
[DBG] deferring start (68684 us)
[DBG] deferring start (45369 us)
[DBG] deferring start (45268 us)
[DBG] deferring start (45166 us)
[DBG] deferring start (45065 us)
[DBG] deferring start (44958 us)
[DBG] deferring start (44811 us)
[DBG] deferring start (44685 us)
[DBG] deferring start (44576 us)
[DBG] deferring start (44454 us)
[DBG] deferring start (44310 us)
[DBG] deferring start (44188 us)
[DBG] deferring start (44092 us)
[DBG] deferring start (43992 us)
[DBG] started
[DBG] ES_OUT_RESET_PCR called
10:31:50.380 AM [skip] +30 s (click) before=150606 ms target=180606 ms
10:31:50.381 AM [player] buffering 0.0
[DBG] elst (1) gives 180606ms (movie)-> 180603ms (track)
[DBG] track[Id 0x1] using Sync Sample Box (stss)
[DBG] stss gives 5412 --> 5400 (sample number)
[DBG] track[Id 0x1] sync point found sample 5400(-12)
[DBG] seeking with 423ms preroll (use input-fast-seek to avoid) to 180606000
[DBG] elst (0) gives 180182ms (movie)-> 180182ms (track)
[DBG] track[Id 0x2] preroll offset: -1 samples
[DBG] resolving 192.168.1.250 ...
[DBG] outgoing request:
GET /stream/8 HTTP/1.1
Host: 192.168.1.250:8093
Accept: */*
Accept-Language: en_US
User-Agent: VLC/4.0.0-dev LibVLC/4.0.0-dev
If-Unmodified-Since: Fri, 18 Apr 2025 14:27:12 GMT
Range: bytes=182062987-


[DBG] incoming response:
HTTP/1.1 206 Partial Content
Accept-Ranges: bytes
Content-Length: 2998098700
Content-Range: bytes 182062987-3180161686/3180161687
Content-Type: video/mp4
Last-Modified: Fri, 18 Apr 2025 14:27:12 GMT
Date: Mon, 14 Sep 2026 14:31:50 GMT


[DBG] connection failed
[DBG] Buffering 0%
10:31:50.535 AM [player] buffering 0.0
[DBG] Buffering 1%
[DBG] Buffering 2%
[DBG] Buffering 3%
[DBG] Buffering 5%
[DBG] Buffering 6%
[DBG] Buffering 7%
[DBG] Buffering 9%
[DBG] Buffering 11%
[DBG] Buffering 12%
[DBG] Buffering 14%
[DBG] Buffering 15%
[DBG] Buffering 16%
[DBG] Buffering 17%
[DBG] Buffering 18%
[DBG] Buffering 19%
10:31:50.610 AM [skip] +30 s (click) before=180606 ms target=210606 ms
[DBG] Buffering 21%
[DBG] ES_OUT_RESET_PCR called
[DBG] elst (1) gives 210606ms (movie)-> 210603ms (track)
[DBG] track[Id 0x1] using Sync Sample Box (stss)
[DBG] stss gives 6311 --> 6300 (sample number)
[DBG] track[Id 0x1] sync point found sample 6300(-11)
[DBG] seeking with 393ms preroll (use input-fast-seek to avoid) to 210606000
[DBG] elst (0) gives 210212ms (movie)-> 210212ms (track)
[DBG] track[Id 0x2] preroll offset: -1 samples
[DBG] resolving 192.168.1.250 ...
[DBG] outgoing request:
GET /stream/8 HTTP/1.1
Host: 192.168.1.250:8093
Accept: */*
Accept-Language: en_US
User-Agent: VLC/4.0.0-dev LibVLC/4.0.0-dev
If-Unmodified-Since: Fri, 18 Apr 2025 14:27:12 GMT
Range: bytes=213350164-


10:31:50.612 AM [player] buffering 0.0
[DBG] incoming response:
HTTP/1.1 206 Partial Content
Accept-Ranges: bytes
Content-Length: 2966811523
Content-Range: bytes 213350164-3180161686/3180161687
Content-Type: video/mp4
Last-Modified: Fri, 18 Apr 2025 14:27:12 GMT
Date: Mon, 14 Sep 2026 14:31:50 GMT


[DBG] connection failed
[DBG] Buffering 0%
10:31:50.640 AM [player] buffering 0.0
[DBG] Buffering 1%
[DBG] Buffering 3%
[DBG] Buffering 4%
[DBG] Buffering 5%
[DBG] Buffering 6%
[DBG] Buffering 8%
[DBG] Buffering 10%
[DBG] Buffering 11%
[DBG] Buffering 12%
[DBG] Buffering 14%
[DBG] Buffering 16%
[DBG] Buffering 17%
[DBG] Buffering 19%
[DBG] Buffering 20%
[DBG] Buffering 21%
[DBG] Buffering 22%
[DBG] Buffering 24%
[DBG] Buffering 25%
[DBG] Buffering 26%
[DBG] Buffering 27%
[DBG] Buffering 28%
[DBG] Buffering 31%
[DBG] end of audio preroll
[DBG] Buffering 32%
[DBG] Buffering 33%
[DBG] Buffering 35%
[DBG] Buffering 37%
[DBG] Buffering 38%
[DBG] Buffering 40%
[DBG] Buffering 41%
[DBG] Buffering 42%
[DBG] Buffering 43%
[DBG] Buffering 45%
[DBG] Buffering 47%
[DBG] Buffering 48%
[DBG] Buffering 49%
[DBG] end of video preroll
[DBG] Received first picture
[DBG] Buffering 51%
[DBG] Buffering 53%
[DBG] Buffering 54%
[DBG] Buffering 56%
[DBG] Buffering 57%
[DBG] Buffering 58%
[DBG] Buffering 59%
[DBG] Buffering 61%
[DBG] Buffering 62%
[DBG] Buffering 63%
[DBG] Buffering 64%
[DBG] Buffering 65%
[DBG] Buffering 66%
[DBG] Buffering 68%
[DBG] Buffering 69%
[DBG] Buffering 70%
[DBG] Buffering 72%
[DBG] Buffering 74%
[DBG] Buffering 75%
[DBG] Buffering 77%
[DBG] Buffering 78%
[DBG] Buffering 79%
[DBG] Buffering 80%
[DBG] Buffering 82%
[DBG] Buffering 84%
[DBG] Buffering 85%
[DBG] Buffering 86%
[DBG] Buffering 88%
[DBG] Buffering 90%
[DBG] Buffering 91%
[DBG] Buffering 93%
[DBG] Buffering 94%
[DBG] Buffering 95%
[DBG] Buffering 96%
[DBG] Buffering 98%
[DBG] Buffering 99%
[DBG] Stream buffering done (1450 ms in 87 ms)
10:31:50.728 AM [player] buffering 1.0
[DBG] Decoder wait done in 0 ms
[DBG] deferring start (355682 us)
[DBG] deferring start (325454 us)
[DBG] deferring start (301669 us)
[DBG] deferring start (278122 us)
[DBG] deferring start (254634 us)
[DBG] deferring start (231160 us)
[DBG] deferring start (207615 us)
[DBG] deferring start (184024 us)
[DBG] deferring start (160562 us)
[DBG] deferring start (137109 us)
[DBG] deferring start (113662 us)
[DBG] deferring start (90215 us)
[DBG] deferring start (66775 us)
[DBG] deferring start (43334 us)
[DBG] deferring start (42861 us)
[DBG] deferring start (42552 us)
[DBG] deferring start (42292 us)
[DBG] deferring start (42016 us)
[DBG] deferring start (41763 us)
[DBG] deferring start (41481 us)
[DBG] deferring start (41229 us)
[DBG] deferring start (87260 us)
[DBG] deferring start (63751 us)
[DBG] deferring start (40188 us)
[DBG] deferring start (39880 us)
[DBG] deferring start (39616 us)
[DBG] deferring start (39278 us)
[DBG] deferring start (39020 us)
[DBG] deferring start (38775 us)
[DBG] deferring start (38503 us)
[DBG] deferring start (38283 us)
[DBG] deferring start (37774 us)
[DBG] deferring start (60474 us)
[DBG] deferring start (36840 us)
[DBG] deferring start (36603 us)
[DBG] deferring start (36407 us)
[DBG] deferring start (36185 us)
[DBG] deferring start (35982 us)
[DBG] deferring start (35788 us)
[DBG] deferring start (35589 us)
[DBG] deferring start (35377 us)
[DBG] deferring start (35178 us)
[DBG] deferring start (34973 us)
[DBG] deferring start (34785 us)
[DBG] deferring start (34400 us)
[DBG] deferring start (34064 us)
[DBG] deferring start (33822 us)
[DBG] deferring start (33503 us)
[DBG] deferring start (33254 us)
[DBG] deferring start (33028 us)
[DBG] deferring start (32797 us)
[DBG] deferring start (32571 us)
[DBG] deferring start (32344 us)
[DBG] deferring start (32134 us)
[DBG] deferring start (31880 us)
[DBG] deferring start (31660 us)
[DBG] deferring start (31452 us)
[DBG] deferring start (31235 us)
[DBG] deferring start (31005 us)
[DBG] deferring start (30786 us)
[DBG] deferring start (30558 us)
[DBG] started
[DBG] picture displayed late (missing 14 ms)
[DBG] ES_OUT_RESET_PCR called
10:31:50.837 AM [skip] +30 s (click) before=210606 ms target=240606 ms
10:31:50.839 AM [player] buffering 0.0
[DBG] elst (1) gives 240606ms (movie)-> 240603ms (track)
[DBG] track[Id 0x1] using Sync Sample Box (stss)
[DBG] stss gives 7210 --> 7200 (sample number)
[DBG] track[Id 0x1] sync point found sample 7200(-10)
[DBG] seeking with 363ms preroll (use input-fast-seek to avoid) to 240606000
[DBG] elst (0) gives 240242ms (movie)-> 240242ms (track)
[DBG] track[Id 0x2] preroll offset: -1 samples
[DBG] resolving 192.168.1.250 ...
[DBG] outgoing request:
GET /stream/8 HTTP/1.1
Host: 192.168.1.250:8093
Accept: */*
Accept-Language: en_US
User-Agent: VLC/4.0.0-dev LibVLC/4.0.0-dev
If-Unmodified-Since: Fri, 18 Apr 2025 14:27:12 GMT
Range: bytes=243410760-


[DBG] incoming response:
HTTP/1.1 206 Partial Content
Accept-Ranges: bytes
Content-Length: 2936750927
Content-Range: bytes 243410760-3180161686/3180161687
Content-Type: video/mp4
Last-Modified: Fri, 18 Apr 2025 14:27:12 GMT
Date: Mon, 14 Sep 2026 14:31:50 GMT


[DBG] connection failed
[DBG] Buffering 0%
10:31:50.926 AM [player] buffering 0.0
[DBG] Buffering 1%
[DBG] Buffering 3%
[DBG] Buffering 4%
[DBG] Buffering 6%
[DBG] Buffering 8%
[DBG] Buffering 9%
[DBG] Buffering 10%
[DBG] Buffering 11%
[DBG] Buffering 13%
[DBG] Buffering 14%
[DBG] Buffering 15%
[DBG] Buffering 16%
[DBG] Buffering 18%
[DBG] Buffering 19%
[DBG] Buffering 20%
[DBG] Buffering 21%
[DBG] Buffering 22%
[DBG] Buffering 25%
[DBG] Buffering 26%
[DBG] Buffering 27%
[DBG] end of audio preroll
[DBG] Buffering 29%
[DBG] Buffering 31%
[DBG] Buffering 32%
[DBG] Buffering 34%
[DBG] Buffering 36%
[DBG] Buffering 37%
[DBG] Buffering 39%
[DBG] Buffering 41%
[DBG] Buffering 42%
[DBG] Buffering 43%
[DBG] Buffering 44%
[DBG] Buffering 46%
[DBG] Buffering 47%
[DBG] Buffering 48%
[DBG] Buffering 49%
[DBG] Buffering 50%
[DBG] Buffering 52%
[DBG] end of video preroll
[DBG] Received first picture
[DBG] Buffering 53%
[DBG] Buffering 54%
[DBG] Buffering 55%
[DBG] Buffering 57%
[DBG] Buffering 58%
[DBG] Buffering 60%
[DBG] Buffering 62%
[DBG] Buffering 63%
[DBG] Buffering 65%
[DBG] Buffering 67%
[DBG] Buffering 68%
[DBG] Buffering 69%
[DBG] Buffering 70%
[DBG] Buffering 72%
[DBG] Buffering 73%
[DBG] Buffering 74%
[DBG] Buffering 75%
[DBG] Buffering 76%
[DBG] Buffering 79%
[DBG] Buffering 80%
[DBG] Buffering 81%
[DBG] Buffering 83%
[DBG] Buffering 85%
[DBG] Buffering 86%
[DBG] Buffering 88%
[DBG] Buffering 90%
[DBG] Buffering 91%
[DBG] Buffering 93%
[DBG] Buffering 94%
[DBG] Buffering 95%
[DBG] Buffering 96%
[DBG] Buffering 97%
[DBG] Buffering 98%
[DBG] Stream buffering done (1423 ms in 75 ms)
10:31:51.001 AM [player] buffering 1.0
[DBG] Decoder wait done in 0 ms
[DBG] deferring start (426769 us)
[DBG] deferring start (398164 us)
[DBG] deferring start (374461 us)
[DBG] deferring start (350956 us)
[DBG] deferring start (327406 us)
[DBG] deferring start (303972 us)
[DBG] deferring start (280567 us)
[DBG] deferring start (257147 us)
[DBG] deferring start (233728 us)
[DBG] deferring start (210323 us)
[DBG] deferring start (186921 us)
[DBG] deferring start (163510 us)
[DBG] deferring start (140107 us)
[DBG] deferring start (116624 us)
[DBG] deferring start (93187 us)
[DBG] deferring start (69642 us)
[DBG] deferring start (46210 us)
[DBG] deferring start (45986 us)
[DBG] deferring start (45766 us)
[DBG] deferring start (45559 us)
[DBG] deferring start (45367 us)
[DBG] deferring start (45145 us)
[DBG] deferring start (44868 us)
[DBG] deferring start (67837 us)
[DBG] deferring start (44417 us)
[DBG] deferring start (44194 us)
[DBG] deferring start (43823 us)
[DBG] deferring start (43540 us)
[DBG] deferring start (43340 us)
[DBG] deferring start (43127 us)
[DBG] deferring start (42926 us)
[DBG] deferring start (42709 us)
[DBG] deferring start (42478 us)
[DBG] deferring start (42249 us)
[DBG] deferring start (42046 us)
[DBG] deferring start (41850 us)
[DBG] deferring start (41647 us)
[DBG] deferring start (41467 us)
[DBG] deferring start (41281 us)
[DBG] deferring start (41087 us)
[DBG] deferring start (40902 us)
[DBG] deferring start (40724 us)
[DBG] deferring start (40551 us)
[DBG] deferring start (40345 us)
[DBG] deferring start (109714 us)
[DBG] deferring start (86355 us)
[DBG] deferring start (62984 us)
[DBG] deferring start (39610 us)
[DBG] deferring start (39442 us)
[DBG] deferring start (39252 us)
[DBG] deferring start (39078 us)
[DBG] deferring start (14409 us)
[DBG] deferring start (14266 us)
[DBG] deferring start (14148 us)
[DBG] deferring start (13990 us)
[DBG] deferring start (13836 us)
[DBG] deferring start (13668 us)
[DBG] deferring start (13468 us)
[DBG] deferring start (13216 us)
[DBG] deferring start (13023 us)
[DBG] deferring start (12843 us)
[DBG] started
10:31:51.072 AM [skip] +30 s (click) before=240606 ms target=270606 ms
[DBG] ES_OUT_RESET_PCR called
10:31:51.075 AM [player] buffering 0.0
[DBG] elst (1) gives 270606ms (movie)-> 270603ms (track)
[DBG] track[Id 0x1] using Sync Sample Box (stss)
[DBG] stss gives 8109 --> 8100 (sample number)
[DBG] track[Id 0x1] sync point found sample 8100(-9)
[DBG] seeking with 333ms preroll (use input-fast-seek to avoid) to 270606000
[DBG] elst (0) gives 270272ms (movie)-> 270272ms (track)
[DBG] track[Id 0x2] preroll offset: -1 samples
[DBG] resolving 192.168.1.250 ...
[DBG] outgoing request:
GET /stream/8 HTTP/1.1
Host: 192.168.1.250:8093
Accept: */*
Accept-Language: en_US
User-Agent: VLC/4.0.0-dev LibVLC/4.0.0-dev
If-Unmodified-Since: Fri, 18 Apr 2025 14:27:12 GMT
Range: bytes=273991068-


[DBG] incoming response:
HTTP/1.1 206 Partial Content
Accept-Ranges: bytes
Content-Length: 2906170619
Content-Range: bytes 273991068-3180161686/3180161687
Content-Type: video/mp4
Last-Modified: Fri, 18 Apr 2025 14:27:12 GMT
Date: Mon, 14 Sep 2026 14:31:51 GMT


[DBG] connection failed
[DBG] Buffering 0%
10:31:51.212 AM [player] buffering 0.0
[DBG] Buffering 1%
[DBG] Buffering 2%
[DBG] Buffering 3%
[DBG] Buffering 5%
[DBG] Buffering 6%
[DBG] Buffering 7%
[DBG] Buffering 8%
[DBG] Buffering 10%
[DBG] Buffering 12%
[DBG] Buffering 13%
[DBG] Buffering 14%
[DBG] Buffering 15%
[DBG] Buffering 17%
[DBG] Buffering 18%
[DBG] Buffering 19%
[DBG] Buffering 20%
[DBG] Buffering 22%
[DBG] Buffering 23%
[DBG] Buffering 24%
[DBG] Buffering 25%
[DBG] end of audio preroll
[DBG] Buffering 27%
[DBG] Buffering 28%
[DBG] Buffering 29%
[DBG] Buffering 30%
[DBG] Buffering 32%
[DBG] end of video preroll
[DBG] Received first picture
[DBG] Buffering 34%
[DBG] Buffering 35%
[DBG] Buffering 36%
[DBG] Buffering 37%
[DBG] Buffering 39%
[DBG] Buffering 40%
[DBG] Buffering 41%
[DBG] Buffering 42%
[DBG] Buffering 44%
[DBG] Buffering 45%
[DBG] Buffering 46%
[DBG] Buffering 47%
[DBG] Buffering 49%
[DBG] Buffering 51%
[DBG] Buffering 52%
[DBG] Buffering 53%
[DBG] Buffering 54%
[DBG] Buffering 56%
[DBG] Buffering 57%
[DBG] Buffering 58%
[DBG] Buffering 59%
[DBG] Buffering 61%
[DBG] Buffering 62%
[DBG] Buffering 63%
[DBG] Buffering 64%
[DBG] Buffering 66%
[DBG] Buffering 67%
[DBG] Buffering 68%
[DBG] Buffering 69%
[DBG] Buffering 70%
[DBG] Buffering 71%
[DBG] Buffering 73%
[DBG] Buffering 74%
[DBG] Buffering 75%
[DBG] Buffering 76%
[DBG] Buffering 78%
[DBG] Buffering 79%
[DBG] Buffering 80%
[DBG] Buffering 81%
[DBG] Buffering 83%
[DBG] Buffering 84%
[DBG] Buffering 85%
[DBG] Buffering 86%
[DBG] Buffering 87%
[DBG] Buffering 90%
[DBG] Buffering 91%
10:31:51.300 AM [skip] +30 s (click) before=270606 ms target=300606 ms
[DBG] Buffering 92%
[DBG] Buffering 93%
[DBG] Buffering 95%
[DBG] ES_OUT_RESET_PCR called
10:31:51.311 AM [player] buffering 0.0
[DBG] elst (1) gives 300606ms (movie)-> 300603ms (track)
[DBG] track[Id 0x1] using Sync Sample Box (stss)
[DBG] stss gives 9009 --> 9000 (sample number)
[DBG] track[Id 0x1] sync point found sample 9000(-9)
[DBG] seeking with 303ms preroll (use input-fast-seek to avoid) to 300606000
[DBG] elst (0) gives 300302ms (movie)-> 300302ms (track)
[DBG] track[Id 0x2] preroll offset: -1 samples
[DBG] resolving 192.168.1.250 ...
[DBG] outgoing request:
GET /stream/8 HTTP/1.1
Host: 192.168.1.250:8093
Accept: */*
Accept-Language: en_US
User-Agent: VLC/4.0.0-dev LibVLC/4.0.0-dev
If-Unmodified-Since: Fri, 18 Apr 2025 14:27:12 GMT
Range: bytes=304666478-


[DBG] incoming response:
HTTP/1.1 206 Partial Content
Accept-Ranges: bytes
Content-Length: 2875495209
Content-Range: bytes 304666478-3180161686/3180161687
Content-Type: video/mp4
Last-Modified: Fri, 18 Apr 2025 14:27:12 GMT
Date: Mon, 14 Sep 2026 14:31:51 GMT


[DBG] connection failed
10:31:51.327 AM [player] buffering 0.0
[DBG] Buffering 0%
[DBG] Buffering 1%
[DBG] Buffering 3%
[DBG] Buffering 5%
[DBG] Buffering 6%
[DBG] Buffering 8%
[DBG] Buffering 10%
[DBG] Buffering 12%
[DBG] Buffering 13%
[DBG] Buffering 15%
[DBG] Buffering 17%
[DBG] Buffering 18%
[DBG] Buffering 20%
[DBG] Buffering 22%
[DBG] Buffering 23%
[DBG] Buffering 24%
[DBG] Buffering 25%
[DBG] Buffering 28%
[DBG] end of audio preroll
[DBG] Buffering 29%
[DBG] Buffering 30%
[DBG] Buffering 33%
[DBG] Buffering 34%
[DBG] Buffering 35%
[DBG] Buffering 36%
[DBG] Buffering 38%
[DBG] Buffering 39%
[DBG] Buffering 40%
[DBG] Buffering 41%
[DBG] Buffering 42%
[DBG] Buffering 43%
[DBG] end of video preroll
[DBG] Buffering 45%
[DBG] Buffering 46%
[DBG] Buffering 47%
[DBG] Buffering 48%
[DBG] Buffering 50%
[DBG] Buffering 51%
[DBG] Buffering 52%
[DBG] Buffering 53%
[DBG] Buffering 55%
[DBG] Buffering 56%
[DBG] Buffering 57%
[DBG] Buffering 58%
[DBG] Buffering 60%
[DBG] Buffering 61%
[DBG] Buffering 62%
[DBG] Buffering 63%
[DBG] Buffering 65%
[DBG] Buffering 67%
[DBG] Buffering 68%
[DBG] Buffering 70%
[DBG] Buffering 72%
[DBG] Buffering 74%
[DBG] Buffering 75%
[DBG] Buffering 77%
[DBG] Buffering 79%
[DBG] Buffering 80%
[DBG] Buffering 82%
[DBG] Buffering 85%
[DBG] Buffering 86%
[DBG] Buffering 87%
[DBG] Buffering 89%
[DBG] Buffering 91%
[DBG] Buffering 92%
[DBG] Buffering 94%
[DBG] Buffering 96%
[DBG] Buffering 97%
[DBG] Buffering 98%
[DBG] Buffering 99%
[DBG] Stream buffering done (1370 ms in 82 ms)
10:31:51.409 AM [player] buffering 1.0
[DBG] Decoder wait done in 0 ms
[DBG] deferring start (195704 us)
[DBG] deferring start (168115 us)
[DBG] deferring start (144747 us)
[DBG] deferring start (121358 us)
[DBG] deferring start (98004 us)
[DBG] deferring start (74651 us)
[DBG] deferring start (51311 us)
[DBG] deferring start (51155 us)
[DBG] deferring start (51012 us)
[DBG] deferring start (50828 us)
[DBG] deferring start (73802 us)
[DBG] deferring start (50463 us)
[DBG] deferring start (50322 us)
[DBG] deferring start (50179 us)
[DBG] deferring start (50045 us)
[DBG] deferring start (49901 us)
[DBG] deferring start (49757 us)
[DBG] deferring start (49623 us)
[DBG] deferring start (49464 us)
[DBG] deferring start (72417 us)
[DBG] deferring start (49062 us)
[DBG] deferring start (48946 us)
[DBG] deferring start (48793 us)
[DBG] deferring start (48627 us)
[DBG] deferring start (48455 us)
[DBG] deferring start (48292 us)
[DBG] deferring start (48128 us)
[DBG] deferring start (47966 us)
[DBG] deferring start (47805 us)
[DBG] deferring start (47579 us)
[DBG] deferring start (47415 us)
[DBG] deferring start (47260 us)
[DBG] deferring start (47080 us)
[DBG] deferring start (46911 us)
[DBG] deferring start (46759 us)
[DBG] deferring start (46616 us)
[DBG] deferring start (46433 us)
[DBG] deferring start (46215 us)
[DBG] deferring start (46045 us)
[DBG] deferring start (45893 us)
[DBG] deferring start (45734 us)
[DBG] deferring start (45587 us)
[DBG] deferring start (45424 us)
[DBG] deferring start (45273 us)
[DBG] deferring start (45052 us)
[DBG] deferring start (44887 us)
[DBG] deferring start (44712 us)
[DBG] deferring start (44531 us)
[DBG] deferring start (44304 us)
[DBG] deferring start (44119 us)
[DBG] deferring start (43923 us)
[DBG] deferring start (43726 us)
[DBG] deferring start (43554 us)
[DBG] started
[DBG] ES_OUT_RESET_PCR called
10:31:51.517 AM [skip] +30 s (click) before=300606 ms target=330606 ms
10:31:51.519 AM [player] buffering 0.0
[DBG] elst (1) gives 330606ms (movie)-> 330603ms (track)
[DBG] track[Id 0x1] using Sync Sample Box (stss)
[DBG] stss gives 9908 --> 9900 (sample number)
[DBG] track[Id 0x1] sync point found sample 9900(-8)
[DBG] seeking with 273ms preroll (use input-fast-seek to avoid) to 330606000
[DBG] elst (0) gives 330332ms (movie)-> 330332ms (track)
[DBG] track[Id 0x2] preroll offset: -1 samples
[DBG] resolving 192.168.1.250 ...
[DBG] outgoing request:
GET /stream/8 HTTP/1.1
Host: 192.168.1.250:8093
Accept: */*
Accept-Language: en_US
User-Agent: VLC/4.0.0-dev LibVLC/4.0.0-dev
If-Unmodified-Since: Fri, 18 Apr 2025 14:27:12 GMT
Range: bytes=335030748-


[DBG] incoming response:
HTTP/1.1 206 Partial Content
Accept-Ranges: bytes
Content-Length: 2845130939
Content-Range: bytes 335030748-3180161686/3180161687
Content-Type: video/mp4
Last-Modified: Fri, 18 Apr 2025 14:27:12 GMT
Date: Mon, 14 Sep 2026 14:31:51 GMT


[DBG] connection failed
[DBG] Buffering 0%
10:31:51.630 AM [player] buffering 0.0
[DBG] Buffering 1%
[DBG] Buffering 3%
[DBG] Buffering 5%
[DBG] Buffering 6%
[DBG] Buffering 7%
[DBG] Buffering 8%
[DBG] Buffering 10%
[DBG] Buffering 11%
[DBG] Buffering 12%
[DBG] Buffering 13%
[DBG] Buffering 14%
[DBG] Buffering 16%
[DBG] Buffering 17%
[DBG] Buffering 19%
[DBG] Buffering 21%
[DBG] Buffering 22%
[DBG] Buffering 24%
[DBG] end of audio preroll
[DBG] Buffering 26%
[DBG] Buffering 28%
[DBG] Buffering 29%
[DBG] Buffering 31%
[DBG] Buffering 33%
[DBG] Buffering 34%
[DBG] Buffering 35%
[DBG] Buffering 36%
[DBG] Buffering 39%
[DBG] Buffering 40%
[DBG] Buffering 41%
[DBG] Buffering 42%
[DBG] Buffering 44%
[DBG] Buffering 45%
[DBG] end of video preroll
[DBG] Received first picture
[DBG] Buffering 46%
[DBG] Buffering 47%
[DBG] Buffering 49%
[DBG] Buffering 50%
[DBG] Buffering 51%
[DBG] Buffering 52%
[DBG] Buffering 54%
[DBG] Buffering 56%
[DBG] Buffering 57%
[DBG] Buffering 59%
[DBG] Buffering 61%
[DBG] Buffering 63%
[DBG] Buffering 64%
[DBG] Buffering 66%
[DBG] Buffering 68%
[DBG] Buffering 69%
[DBG] Buffering 70%
[DBG] Buffering 71%
[DBG] Buffering 73%
[DBG] Buffering 74%
[DBG] Buffering 75%
[DBG] Buffering 76%
[DBG] Buffering 77%
[DBG] Buffering 79%
[DBG] Buffering 80%
[DBG] Buffering 81%
[DBG] Buffering 82%
[DBG] Buffering 84%
[DBG] Buffering 85%
[DBG] Buffering 87%
[DBG] Buffering 89%
[DBG] Buffering 91%
[DBG] Buffering 92%
[DBG] Buffering 94%
[DBG] Buffering 97%
[DBG] Buffering 98%
[DBG] Buffering 99%
[DBG] Stream buffering done (1353 ms in 94 ms)
[DBG] Decoder wait done in 0 ms
10:31:51.725 AM [player] buffering 1.0
[DBG] deferring start (1026377 us)
[DBG] deferring start (997317 us)
[DBG] deferring start (973611 us)
[DBG] deferring start (950114 us)
[DBG] deferring start (926619 us)
[DBG] deferring start (903144 us)
[DBG] deferring start (879679 us)
[DBG] deferring start (856212 us)
[DBG] deferring start (832743 us)
[DBG] deferring start (809288 us)
[DBG] deferring start (785792 us)
[DBG] deferring start (762306 us)
[DBG] deferring start (738738 us)
[DBG] deferring start (715047 us)
[DBG] deferring start (691629 us)
[DBG] deferring start (668227 us)
[DBG] deferring start (644824 us)
[DBG] deferring start (621418 us)
[DBG] deferring start (598010 us)
[DBG] deferring start (574606 us)
[DBG] deferring start (551184 us)
[DBG] deferring start (527789 us)
[DBG] deferring start (504395 us)
[DBG] deferring start (480981 us)
[DBG] deferring start (457588 us)
[DBG] deferring start (434199 us)
[DBG] deferring start (410812 us)
[DBG] deferring start (387411 us)
[DBG] deferring start (364007 us)
[DBG] deferring start (340605 us)
[DBG] deferring start (317187 us)
[DBG] deferring start (293793 us)
[DBG] deferring start (270395 us)
[DBG] deferring start (246986 us)
[DBG] deferring start (223466 us)
[DBG] deferring start (199978 us)
[DBG] deferring start (176533 us)
[DBG] deferring start (153127 us)
[DBG] deferring start (129724 us)
[DBG] deferring start (106327 us)
[DBG] deferring start (82938 us)
[DBG] deferring start (59506 us)
[DBG] deferring start (36095 us)
[DBG] deferring start (35871 us)
[DBG] deferring start (35653 us)
[DBG] deferring start (35438 us)
[DBG] deferring start (35233 us)
[DBG] deferring start (35024 us)
[DBG] deferring start (34771 us)
[DBG] deferring start (34496 us)
[DBG] deferring start (34277 us)
[DBG] deferring start (34060 us)
[DBG] deferring start (33855 us)
[DBG] deferring start (33603 us)
[DBG] started
10:31:52.032 AM [skip] after=330606 ms
10:35:49.615 AM [player] dismiss at 567751 ms, state Playing
10:35:49.616 AM [player] state Stopping at 568234 ms
[DBG] killing decoder fourcc `h264'
[DBG] removing "video decoder" module "videotoolbox"
[DBG] saving a free vout
[DBG] ES track unselected: 'video/1' (fourcc: 'h264')
10:35:49.630 AM [player] track selected type=1 selected= unselected=video/1
[DBG] killing decoder fourcc `mp4a'
[DBG] removing "audio decoder" module "avcodec"
[DBG] removing "audio resampler" module "soxr"
[DBG] removing "audio filter" module "scaletempo"
[DBG] removing "audio volume" module "float_mixer"
[DBG] keeping audio output
[DBG] ES track unselected: 'audio/2' (fourcc: 'mp4a')
[DBG] removing "demux" module "mp4"
10:35:49.683 AM [player] track selected type=0 selected= unselected=audio/2
[DBG] freeing all memory
[DBG] ES track deleted: 'video/1' (fourcc: 'h264')
[DBG] ES track deleted: 'audio/2' (fourcc: 'mp4a')
[DBG] Program doesn't contain anymore ES
[DBG] removing "stream_filter" module "record"
[DBG] removing "stream_filter" module "prefetch"
[DBG] removing "access" module "http"
[DBG] connection failed
[DBG] stop free vout
10:35:49.686 AM [player] state Stopped at 568234 ms
