1:11:44.871 PM [player] request The Magicians — S1 E1 · Unauthorized Magic — http://192.168.1.250:8093/stream/8
1:11:44.871 PM [player] file TV/The Magicians (2015)/Season 1/The Magicians (2015) - 1x01 - Unauthorized Magic.mp4 1920x1080 hdr=false video=h264 High audio=aac stereo
1:11:44.890 PM [display] before: maxFPS=60 edrHeadroom=1.00/1.00 gamut=1 matchingEnabled=true switchInProgress=false criteria=nil
[DBG] Creating an input for preparsing '8'
1:11:45.107 PM [display] parse finished with status 6
1:11:45.107 PM [display] request (from parsed media) refresh=29.970 range=SDR (BT.709) codec=H264 - MPEG-4 AVC (part 10) 1920x1080 — after set: maxFPS=60 edrHeadroom=1.00/1.00 gamut=1 matchingEnabled=true switchInProgress=false criteria=set
[DBG] Creating an input for playback'8'
1:11:45.108 PM [player] play() called
[DBG] using timeshift granularity of 50 MiB
[DBG] using default timeshift path
[DBG] `http://192.168.1.250:8093/stream/8' gives access `http' demux `any' path `192.168.1.250:8093/stream/8'
[DBG] creating access: http://192.168.1.250:8093/stream/8
[DBG] looking for access module matching "http": 2 candidates
1:11:45.108 PM [player] state Opening at 0 ms
1:11:45.108 PM [player] buffering 0.0
[DBG] looking for keystore module matching "any": 1 candidates
[DBG] using keystore module "keychain"
[DBG] Lookup keychain entry for server 192.168.1.250
[WARN] lookup failed (-25300: 'Item not found')
[DBG] resolving 192.168.1.250 ...
1:11:45.109 PM [display] mode switch start: maxFPS=60 edrHeadroom=1.00/1.00 gamut=1 matchingEnabled=true switchInProgress=true criteria=set
[DBG] outgoing request:
GET /stream/8 HTTP/1.1
Host: 192.168.1.250:8093
Accept: */*
Accept-Language: en_US
User-Agent: VLC/4.0.0-dev LibVLC/4.0.0-dev
Range: bytes=0-


[DBG] incoming response:
HTTP/1.1 206 Partial Content
Accept-Ranges: bytes
Content-Length: 3180161687
Content-Range: bytes 0-3180161686/3180161687
Content-Type: video/mp4
Last-Modified: Fri, 18 Apr 2025 14:27:12 GMT
Date: Mon, 14 Sep 2026 17:11:45 GMT


[DBG] removing "keystore" module "keychain"
[DBG] using access module "http"
[DBG] looking for stream_filter module matching "prefetch,cache": 2 candidates
[DBG] using 16777216 bytes buffer
[DBG] using stream_filter module "prefetch"
[DBG] looking for stream_filter module matching "any": 4 candidates
[DBG] no stream_filter modules matched with name any
[DBG] looking for stream_directory module matching "any": 0 candidates
[DBG] no stream_directory modules matched with name any
[DBG] attachment of directory-extractor failed for http://192.168.1.250:8093/stream/8
[DBG] looking for stream_filter module matching "record": 1 candidates
[DBG] using stream_filter module "record"
[DBG] creating demux "any", URL: http://192.168.1.250:8093/stream/8, path: (null)
[DBG] looking for demux module matching "any": 58 candidates
[DBG] resolving 192.168.1.250 ...
[DBG] outgoing request:
GET /stream/8 HTTP/1.1
Host: 192.168.1.250:8093
Accept: */*
Accept-Language: en_US
User-Agent: VLC/4.0.0-dev LibVLC/4.0.0-dev
If-Unmodified-Since: Fri, 18 Apr 2025 14:27:12 GMT
Range: bytes=3176848131-


[DBG] incoming response:
HTTP/1.1 206 Partial Content
Accept-Ranges: bytes
Content-Length: 3313556
Content-Range: bytes 3176848131-3180161686/3180161687
Content-Type: video/mp4
Last-Modified: Fri, 18 Apr 2025 14:27:12 GMT
Date: Mon, 14 Sep 2026 17:11:45 GMT


[DBG] connection failed
[DBG] end of stream
[DBG] dumping root Box "root"
[DBG] |   + ftyp size 32 offset 0
[DBG] |   + free size 8 offset 32
[DBG] |   + mdat size 3176848091 offset 40
[DBG] |   + moov size 3313556 offset 3176848131
[DBG] |   |   + mvhd size 108 offset 3176848139
[DBG] |   |   + trak size 1146792 offset 3176848247
[DBG] |   |   |   + tkhd size 92 offset 3176848255
[DBG] |   |   |   + edts size 48 offset 3176848347
[DBG] |   |   |   |   + elst size 40 offset 3176848355
[DBG] |   |   |   + mdia size 1146644 offset 3176848395
[DBG] |   |   |   |   + mdhd size 32 offset 3176848403
[DBG] |   |   |   |   + hdlr size 45 offset 3176848435
[DBG] |   |   |   |   + minf size 1146559 offset 3176848480
[DBG] |   |   |   |   |   + vmhd size 20 offset 3176848488
[DBG] |   |   |   |   |   + dinf size 36 offset 3176848508
[DBG] |   |   |   |   |   |   + dref size 28 offset 3176848516
[DBG] |   |   |   |   |   |   |   + url  size 12 offset 3176848532
[DBG] |   |   |   |   |   + stbl size 1146495 offset 3176848544
[DBG] |   |   |   |   |   |   + stsd size 203 offset 3176848552
[DBG] |   |   |   |   |   |   |   + avc1 size 187 offset 3176848568
[DBG] |   |   |   |   |   |   |   |   + avcC size 65 offset 3176848654
[DBG] |   |   |   |   |   |   |   |   + pasp size 16 offset 3176848719
[DBG] |   |   |   |   |   |   |   |   + btrt size 20 offset 3176848735
[DBG] |   |   |   |   |   |   + stts size 24 offset 3176848755
[DBG] |   |   |   |   |   |   + stss size 6268 offset 3176848779
[DBG] |   |   |   |   |   |   + ctts size 389832 offset 3176855047
[DBG] |   |   |   |   |   |   + stsc size 28 offset 3177244879
[DBG] |   |   |   |   |   |   + stsz size 375068 offset 3177244907
[DBG] |   |   |   |   |   |   + stco size 375064 offset 3177619975
[DBG] |   |   + trak size 2166550 offset 3177995039
[DBG] |   |   |   + tkhd size 92 offset 3177995047
[DBG] |   |   |   + edts size 36 offset 3177995139
[DBG] |   |   |   |   + elst size 28 offset 3177995147
[DBG] |   |   |   + mdia size 2166414 offset 3177995175
[DBG] |   |   |   |   + mdhd size 32 offset 3177995183
[DBG] |   |   |   |   + hdlr size 45 offset 3177995215
[DBG] |   |   |   |   + minf size 2166329 offset 3177995260
[DBG] |   |   |   |   |   + smhd size 16 offset 3177995268
[DBG] |   |   |   |   |   + dinf size 36 offset 3177995284
[DBG] |   |   |   |   |   |   + dref size 28 offset 3177995292
[DBG] |   |   |   |   |   |   |   + url  size 12 offset 3177995308
[DBG] |   |   |   |   |   + stbl size 2166269 offset 3177995320
[DBG] |   |   |   |   |   |   + stsd size 123 offset 3177995328
[DBG] |   |   |   |   |   |   |   + mp4a size 107 offset 3177995344
[DBG] |   |   |   |   |   |   |   |   + esds size 51 offset 3177995380
[DBG] |   |   |   |   |   |   |   |   + btrt size 20 offset 3177995431
[DBG] |   |   |   |   |   |   + stts size 268720 offset 3177995451
[DBG] |   |   |   |   |   |   + stsc size 983344 offset 3178264171
[DBG] |   |   |   |   |   |   + stsz size 538956 offset 3179247515
[DBG] |   |   |   |   |   |   + stco size 375064 offset 3179786471
[DBG] |   |   |   |   |   |   + sgpd size 26 offset 3180161535
[DBG] |   |   |   |   |   |   + sbgp size 28 offset 3180161561
[DBG] |   |   + udta size 98 offset 3180161589
[DBG] |   |   |   + meta size 90 offset 3180161597
[DBG] |   |   |   |   + hdlr size 33 offset 3180161609
[DBG] |   |   |   |   + ilst size 45 offset 3180161642
[DBG] |   |   |   |   |   + ctoo size 37 offset 3180161650
[DBG] |   |   |   |   |   |   + data size 29 offset 3180161658
[DBG] ISO Media (isom) version 512.
[DBG] found 2 tracks
[WARN] elst box found
[DBG]    - [0] duration=36ms media time=-1ms) rate=1.0
[DBG]    - [1] duration=3128526ms media time=33ms) rate=1.0
[DBG] track[Id 0x1] read 93762 chunk
[WARN] STTS table of 1 entries
[WARN] CTTS table of 48727 entries
[DBG] track[Id 0x1] read 93762 samples length:3128s
[DBG] selecting program id=0
[DBG] ES track added: 'video/1' (fourcc: 'h264')
[DBG] adding track[Id 0x1] video (enable) language undef
[WARN] elst box found
[DBG]    - [0] duration=3128518ms media time=0ms) rate=1.0
1:11:45.280 PM [player] track added video/1 type=1
[DBG] track[Id 0x2] read 93762 chunk
[WARN] STTS table of 33588 entries
[DBG] track[Id 0x2] read 134734 samples length:3128s
[DBG] ES track added: 'audio/2' (fourcc: 'mp4a')
[DBG] adding track[Id 0x2] audio (enable) language undef
1:11:45.287 PM [player] track added audio/2 type=0
[DBG] using demux module "mp4"
[DBG] looking for video decoder module matching "any": 14 candidates
1:11:45.289 PM [player] length 3128562 ms
[DBG] vout: none found
[DBG] vout change: decoder size
[DBG] vout change: visible size
[DBG] looking for text renderer module matching "freetype": 2 candidates
[DBG] using text renderer module "freetype"
[DBG] looking for video converter module matching "any": 13 candidates
[DBG] 32x32 (32x32) chroma: YUVA colorspace: Undefined -> 16x16 (16x16) chroma: RGBA colorspace: Undefined with scaling using Bicubic (good quality)
[DBG] using video converter module "swscale"
[DBG] looking for video converter module matching "any": 13 candidates
[DBG] YUVP to YUVA converter
[DBG] using video converter module "yuvp"
[DBG] Deinterlacing available
[DBG] deinterlace -1, mode auto, is_needed 0
[DBG] looking for vout window module matching "any": 2 candidates
[DBG] resized to 1920x1080
[DBG] using vout window module "uiview_window"
[DBG] looking for inhibit module matching "any": 1 candidates
[DBG] using inhibit module "uikit_inhibit"
[DBG] looking for decoder device module matching "any": 1 candidates
[DBG] using decoder device module "videotoolbox"
[DBG] new SPS parsed: 0
[DBG] new PPS parsed: 0
[WARN] forcing output chroma (kCVPixelFormatType): 420v
[INF] Using Video Toolbox to decode 'h264'
[DBG] using video decoder module "videotoolbox"
[DBG] ES track selected: 'video/1' (fourcc: 'h264')
[DBG] looking for audio decoder module matching "any": 15 candidates
1:11:45.305 PM [player] track selected type=1 selected=video/1 unselected=
[DBG] using Lavc63.1.100
[DBG] CPU flags: 0x00062360
[DBG] codec (aac) started
[DBG] using audio decoder module "avcodec"
[DBG] ES track selected: 'audio/2' (fourcc: 'mp4a')
[DBG] `http://192.168.1.250:8093/stream/8' successfully opened
1:11:45.309 PM [player] track selected type=0 selected=audio/2 unselected=
[WARN] elst old=0 new=1
1:11:45.309 PM [player] state Playing at 0 ms
[DBG] elst (0) gives 0ms (movie)-> 0ms (track)
[DBG] track[Id 0x2] preroll offset: -1 samples
[DBG] resolving 192.168.1.250 ...
[DBG] outgoing request:
GET /stream/8 HTTP/1.1
Host: 192.168.1.250:8093
Accept: */*
Accept-Language: en_US
User-Agent: VLC/4.0.0-dev LibVLC/4.0.0-dev
If-Unmodified-Since: Fri, 18 Apr 2025 14:27:12 GMT
Range: bytes=48-


[DBG] incoming response:
HTTP/1.1 206 Partial Content
Accept-Ranges: bytes
Content-Length: 3180161639
Content-Range: bytes 48-3180161686/3180161687
Content-Type: video/mp4
Last-Modified: Fri, 18 Apr 2025 14:27:12 GMT
Date: Mon, 14 Sep 2026 17:11:45 GMT


[DBG] program(0): using clock source: 'audio'
1:11:45.323 PM [player] buffering 0.0
[DBG] Buffering 0%
[DBG] new PPS parsed: 0
[DBG] Buffering 2%
[DBG] Buffering 4%
[DBG] Buffering 6%
[DBG] Buffering 11%
[DBG] reusing audio output
[DBG] Buffering 13%
[DBG] Buffering 18%
[DBG] Buffering 20%
[DBG] Buffering 25%
[DBG] Buffering 27%
[DBG] Buffering 32%
[DBG] Buffering 34%
[DBG] Buffering 37%
[DBG] Buffering 41%
[DBG] Buffering 44%
[DBG] Buffering 48%
[DBG] Buffering 51%
[DBG] Buffering 55%
[DBG] session accepted first frame 69367
[DBG] Buffering 58%
[DBG] Buffering 60%
[DBG] Buffering 65%
[DBG] Buffering 67%
[DBG] Buffering 71%
[DBG] Buffering 74%
[DBG] Buffering 78%
[DBG] Buffering 81%
[DBG] Buffering 85%
[DBG] Buffering 88%
[DBG] Buffering 90%
[DBG] Buffering 95%
[DBG] Buffering 97%
[DBG] Stream buffering done (1021 ms in 7 ms)
1:11:45.331 PM [player] buffering 1.0
[DBG] output chroma (kCVPixelFormatType): 420v
[DBG] vout change: decoder size
[DBG] vout change: chroma
[DBG] requested window size: 1920x1080
[DBG] deinterlace -1, mode auto, is_needed 0
[DBG] Opening vout display wrapper
[DBG] looking for vout display module matching "any": 3 candidates
[DBG] using vout display module "samplebufferdisplay"
[DBG] original format sz 1920x1088, of (0,0), vsz 1920x1080, 4cc CVPN, sar 1:1, orient: normal
[DBG] removing "text renderer" module "freetype"
[DBG] looking for text renderer module matching "freetype": 2 candidates
[DBG] using text renderer module "freetype"
[DBG] requested window size: 1920x1080
[DBG] resetting projection_mode to 0
[DBG] setting projection_mode to 0
[DBG] Received first picture
[DBG] resized to 3840x2160
[DBG] Output on HDMI, channel count: 2
[DBG] output 'f32l' 44100 Hz Stereo frame=1 samples/8 bytes
[DBG] looking for audio volume module matching "any": 2 candidates
[DBG] using audio volume module "float_mixer"
[DBG] input 'f32l' 44100 Hz Stereo frame=1 samples/8 bytes
[DBG] looking for audio filter module matching "scaletempo": 1 candidates
[DBG] format: 44100 rate, 2 nch, 4 bps, fl32
[DBG] params: 30 stride, 0.200 overlap, 14 search
[DBG] 1.000 scale, 1323.000 stride_in, 1323 stride_out, 1059 standing, 264 overlap, 617 search, 2204 queue, fl32 mode
[DBG] using audio filter module "scaletempo"
[DBG] conversion: 'f32l'->'f32l' 44100 Hz->44100 Hz Stereo->Stereo
[DBG] conversion pipeline complete
[DBG] conversion: 'f32l'->'f32l' 44100 Hz->44100 Hz Stereo->Stereo
[DBG] conversion pipeline complete
[DBG] looking for audio resampler module matching "soxr": 2 candidates
[DBG] Using SoX Resampler with 'cr32s' engine and 'Medium 16-bit with medium roll-off' quality to convert f32l/44100Hz to f32l/44100Hz.
[DBG] using audio resampler module "soxr"
[DBG] Decoder wait done in 46 ms
[DBG] deferring start (218735 us)
[DBG] deferring start (192111 us)
[DBG] deferring start (168775 us)
[DBG] deferring start (145434 us)
[DBG] deferring start (121886 us)
[DBG] deferring start (98487 us)
[DBG] deferring start (75171 us)
[DBG] deferring start (51866 us)
[DBG] deferring start (51761 us)
[DBG] deferring start (74846 us)
[DBG] deferring start (51533 us)
[DBG] deferring start (51430 us)
[DBG] deferring start (51335 us)
[DBG] deferring start (51206 us)
[DBG] deferring start (74196 us)
[DBG] deferring start (50755 us)
[DBG] deferring start (50636 us)
[DBG] deferring start (50531 us)
[DBG] deferring start (50413 us)
[DBG] deferring start (50310 us)
[DBG] deferring start (50219 us)
[DBG] deferring start (50113 us)
[DBG] deferring start (50023 us)
[DBG] deferring start (49921 us)
[DBG] deferring start (49813 us)
[DBG] deferring start (119211 us)
[DBG] deferring start (95846 us)
[DBG] deferring start (72549 us)
[DBG] deferring start (49253 us)
[DBG] deferring start (49150 us)
[DBG] deferring start (49049 us)
[DBG] deferring start (48963 us)
[DBG] deferring start (48872 us)
[DBG] deferring start (48782 us)
[DBG] deferring start (48687 us)
[DBG] deferring start (48574 us)
[DBG] deferring start (48511 us)
[DBG] deferring start (48316 us)
[DBG] deferring start (48147 us)
[DBG] deferring start (48053 us)
[DBG] deferring start (47954 us)
[DBG] deferring start (47865 us)
[DBG] deferring start (47772 us)
[DBG] deferring start (47674 us)
[DBG] deferring start (47583 us)
[DBG] deferring start (47488 us)
[DBG] deferring start (47402 us)
[DBG] deferring start (47230 us)
[DBG] deferring start (47132 us)
[DBG] deferring start (47041 us)
[DBG] deferring start (46946 us)
[DBG] deferring start (46853 us)
[DBG] deferring start (46760 us)
[DBG] deferring start (46665 us)
[DBG] deferring start (46495 us)
[DBG] started
[DBG] picture displayed late (missing 10 ms)
1:11:47.974 PM [display] mode switch end: maxFPS=60 edrHeadroom=1.00/1.00 gamut=1 matchingEnabled=true switchInProgress=false criteria=set
1:11:49.149 PM [display] 4 s after request: maxFPS=60 edrHeadroom=1.00/1.00 gamut=1 matchingEnabled=true switchInProgress=false criteria=set
1:12:45.343 PM [stats] min 1 t=59656 ms displayed=1796 late=1 lost=0 decodedVideo=1794 decodedAudio=2634 playedAudio=2634 lostAudio=0 demuxRead=61985965 demuxBitrate=1.1133889 inputBitrate=1.2665247
1:13:45.347 PM [stats] min 2 t=119656 ms displayed=3595 late=1 lost=0 decodedVideo=3593 decodedAudio=5223 playedAudio=5223 lostAudio=0 demuxRead=122912913 demuxBitrate=1.1380019 inputBitrate=1.1334511
1:14:45.351 PM [stats] min 3 t=179656 ms displayed=5392 late=1 lost=0 decodedVideo=5390 decodedAudio=7803 playedAudio=7803 lostAudio=0 demuxRead=184011475 demuxBitrate=1.4585214 inputBitrate=1.4416323
1:14:56.266 PM [player] dismiss at 189656 ms, state Playing
1:14:56.267 PM [display] cleared: maxFPS=60 edrHeadroom=1.00/1.00 gamut=1 matchingEnabled=true switchInProgress=false criteria=nil
1:14:56.268 PM [player] state Stopping at 190612 ms
[DBG] killing decoder fourcc `h264'
[DBG] removing "video decoder" module "videotoolbox"
[DBG] saving a free vout
[DBG] ES track unselected: 'video/1' (fourcc: 'h264')
1:14:56.290 PM [player] track selected type=1 selected= unselected=video/1
[DBG] killing decoder fourcc `mp4a'
[DBG] removing "audio decoder" module "avcodec"
[DBG] removing "audio resampler" module "soxr"
[DBG] removing "audio filter" module "scaletempo"
[DBG] removing "audio volume" module "float_mixer"
[DBG] keeping audio output
[DBG] ES track unselected: 'audio/2' (fourcc: 'mp4a')
1:14:56.358 PM [player] track selected type=0 selected= unselected=audio/2
[DBG] removing "demux" module "mp4"
[DBG] freeing all memory
[DBG] ES track deleted: 'video/1' (fourcc: 'h264')
[DBG] ES track deleted: 'audio/2' (fourcc: 'mp4a')
[DBG] Program doesn't contain anymore ES
[DBG] removing "stream_filter" module "record"
[DBG] removing "stream_filter" module "prefetch"
[DBG] removing "access" module "http"
[DBG] connection failed
[DBG] stop free vout
1:14:56.363 PM [player] state Stopped at 190612 ms
