6:56:10.503 PM [log] started 2026-09-14 22:56:10 +0000 VLCKit 4.0.0-dev Otto Chriek
[DBG] VLC media player - 4.0.0-dev Otto Chriek
[DBG] Copyright © 1996-2026 the VideoLAN team
[DBG] revision 4.0.0-dev-38818-ge50d9ac36a
[DBG] configured with ~/vlckit-build/VLCKit/libvlc/vlc/configure  '--host=aarch64-apple-darwin' '--build=aarch64-apple-darwin25.6.0' '--prefix=~/vlckit-build/VLCKit/libvlc/vlc/build-appletvos-arm64/vlc-appletvos27.0-arm64' '--with-contrib=~/vlckit-build/VLCKit/libvlc/vlc/contrib/arm64-appletvos27.0' '--disable-sse' '--disable-vcd' '--disable-macosx' '--disable-macosx-avfoundation' '--disable-lua' '--disable-qt' '--disable-skins2' '--disable-vlc' '--disable-vlm' '--disable-nls' '--disable-notify' '--disable-projectm' '--disable-goom' '--disable-dvdread' '--disable-dvdnav' '--disable-bluray' '--disable-linsys' '--disable-libva' '--disable-gme' '--disable-tremor' '--disable-fluidsynth' '--disable-jack' '--disable-pulse' '--disable-mtp' '--disable-screen' '--disable-sparkle' '--disable-addonmanagermodules' '--disable-mad' '--disable-upnp-server' '--disable-debug' '--disable-shared' '--enable-static' 'CFLAGS=-mtvos-version-min=11.0 -arch arm64 -isysroot /Applications/Xcode.app/Contents/Developer/Platforms/AppleTVOS.platform/Developer/SDKs/AppleTVOS27.0.sdk -g' 'OBJCFLAGS=-mtvos-version-min=11.0 -arch arm64 -isysroot /Applications/Xcode.app/Contents/Developer/Platforms/AppleTVOS.platform/Developer/SDKs/AppleTVOS27.0.sdk -g' 'CXXFLAGS=-mtvos-version-min=11.0 -arch arm64 -isysroot /Applications/Xcode.app/Contents/Developer/Platforms/AppleTVOS.platform/Developer/SDKs/AppleTVOS27.0.sdk -g' 'OBJCXXFLAGS=-mtvos-version-min=11.0 -arch arm64 -isysroot /Applications/Xcode.app/Contents/Developer/Platforms/AppleTVOS.platform/Developer/SDKs/AppleTVOS27.0.sdk -g' 'ac_cv_prog_cc_c23=no' 'ac_cv_func_basename_r=no' 'ac_cv_func_clock_getres=no' 'ac_cv_func_clock_gettime=no' 'ac_cv_func_clock_settime=no' 'ac_cv_func_dirname_r=no' 'ac_cv_func_getentropy=no' 'ac_cv_func_mkostemp=no' 'ac_cv_func_mkostemps=no' 'ac_cv_func_timingsafe_bcmp=no' 'ac_cv_func_open_wmemstream=no' 'ac_cv_func_fmemopen=no' 'ac_cv_func_open_memstream=no' 'ac_cv_func_futimens=no' 'ac_cv_func_utimensat=no' 'ac_cv_func_dup3=no' 'ac_cv_func_pipe2=no' 'ac_cv_func_thread_get_register_pointer_values=no' 'ac_cv_func_aligned_alloc=no' 'ac_cv_func_timespec_get=no' 'build_alias=aarch64-apple-darwin25.6.0' 'host_alias=aarch64-apple-darwin' 'CC=/Applications/Xcode.app/Contents/Developer/Toolchains/XcodeDefault.xctoolchain/usr/bin/clang' 'LDFLAGS=-mtvos-version-min=11.0 -mtvos-version-min=11.0 -arch arm64 -isysroot /Applications/Xcode.app/Contents/Developer/Platforms/AppleTVOS.platform/Developer/SDKs/AppleTVOS27.0.sdk ' 'CPPFLAGS=-arch arm64 -isysroot /Applications/Xcode.app/Contents/Developer/Platforms/AppleTVOS.platform/Developer/SDKs/AppleTVOS27.0.sdk' 'CXX=/Applications/Xcode.app/Contents/Developer/Toolchains/XcodeDefault.xctoolchain/usr/bin/clang++' 'CPP=/Applications/Xcode.app/Contents/Developer/Toolchains/XcodeDefault.xctoolchain/usr/bin/clang -E' 'OBJC=/Applications/Xcode.app/Contents/Developer/Toolchains/XcodeDefault.xctoolchain/usr/bin/clang' 'OBJCXX=/Applications/Xcode.app/Contents/Developer/Toolchains/XcodeDefault.xctoolchain/usr/bin/clang++' 'PKG_CONFIG_LIBDIR='
[DBG] creating audio output
[DBG] looking for audio output module matching "any": 2 candidates
[DBG] using audio output module "avsamplebuffer"
[DBG] keeping audio output
6:56:10.510 PM [player] request The Magicians — S1 E1 · Unauthorized Magic — http://192.168.1.250:8093/stream/8
6:56:10.510 PM [player] file TV/The Magicians (2015)/Season 1/The Magicians (2015) - 1x01 - Unauthorized Magic.mp4 1920x1080 hdr=false video=h264 High audio=aac stereo
6:56:10.528 PM [display] before: maxFPS=60 edrHeadroom=1.00/1.00 gamut=1 matchingEnabled=true switchInProgress=false criteria=nil
[DBG] Creating an input for preparsing '8'
6:56:10.744 PM [display] parse finished with status 6
6:56:10.745 PM [display] request (from parsed media) refresh=29.970 range=SDR (BT.709) codec=H264 - MPEG-4 AVC (part 10) 1920x1080 — after set: maxFPS=60 edrHeadroom=1.00/1.00 gamut=1 matchingEnabled=true switchInProgress=false criteria=set
[DBG] Creating an input for playback'8'
6:56:10.746 PM [player] play() called
[DBG] using timeshift granularity of 50 MiB
[DBG] using default timeshift path
6:56:10.746 PM [player] state Opening at 0 ms
[DBG] `http://192.168.1.250:8093/stream/8' gives access `http' demux `any' path `192.168.1.250:8093/stream/8'
6:56:10.746 PM [player] buffering 0.0
[DBG] creating access: http://192.168.1.250:8093/stream/8
[DBG] looking for access module matching "http": 2 candidates
[DBG] looking for keystore module matching "any": 1 candidates
[DBG] using keystore module "keychain"
[DBG] Lookup keychain entry for server 192.168.1.250
[WARN] lookup failed (-25300: 'Item not found')
[DBG] resolving 192.168.1.250 ...
[DBG] outgoing request:
GET /stream/8 HTTP/1.1
Host: 192.168.1.250:8093
Accept: */*
Accept-Language: en_US
User-Agent: VLC/4.0.0-dev LibVLC/4.0.0-dev
Range: bytes=0-


6:56:10.747 PM [display] mode switch start: maxFPS=60 edrHeadroom=1.00/1.00 gamut=1 matchingEnabled=true switchInProgress=true criteria=set
[DBG] incoming response:
HTTP/1.1 206 Partial Content
Accept-Ranges: bytes
Content-Length: 3180161687
Content-Range: bytes 0-3180161686/3180161687
Content-Type: video/mp4
Last-Modified: Fri, 18 Apr 2025 14:27:12 GMT
Date: Mon, 14 Sep 2026 22:56:10 GMT


[DBG] removing "keystore" module "keychain"
[DBG] using access module "http"
[DBG] looking for stream_filter module matching "prefetch,cache": 2 candidates
[DBG] using 16777216 bytes buffer
[DBG] using stream_filter module "prefetch"
[DBG] looking for stream_filter module matching "any": 4 candidates
[DBG] no stream_filter modules matched with name any
[DBG] looking for stream_directory module matching "any": 0 candidates
[DBG] no stream_directory modules matched with name any
[DBG] attachment of directory-extractor failed for http://192.168.1.250:8093/stream/8
[DBG] looking for stream_filter module matching "record": 1 candidates
[DBG] using stream_filter module "record"
[DBG] creating demux "any", URL: http://192.168.1.250:8093/stream/8, path: (null)
[DBG] looking for demux module matching "any": 58 candidates
[DBG] resolving 192.168.1.250 ...
[DBG] outgoing request:
GET /stream/8 HTTP/1.1
Host: 192.168.1.250:8093
Accept: */*
Accept-Language: en_US
User-Agent: VLC/4.0.0-dev LibVLC/4.0.0-dev
If-Unmodified-Since: Fri, 18 Apr 2025 14:27:12 GMT
Range: bytes=3176848131-


[DBG] incoming response:
HTTP/1.1 206 Partial Content
Accept-Ranges: bytes
Content-Length: 3313556
Content-Range: bytes 3176848131-3180161686/3180161687
Content-Type: video/mp4
Last-Modified: Fri, 18 Apr 2025 14:27:12 GMT
Date: Mon, 14 Sep 2026 22:56:10 GMT


[DBG] connection failed
[DBG] end of stream
[DBG] dumping root Box "root"
[DBG] |   + ftyp size 32 offset 0
[DBG] |   + free size 8 offset 32
[DBG] |   + mdat size 3176848091 offset 40
[DBG] |   + moov size 3313556 offset 3176848131
[DBG] |   |   + mvhd size 108 offset 3176848139
[DBG] |   |   + trak size 1146792 offset 3176848247
[DBG] |   |   |   + tkhd size 92 offset 3176848255
[DBG] |   |   |   + edts size 48 offset 3176848347
[DBG] |   |   |   |   + elst size 40 offset 3176848355
[DBG] |   |   |   + mdia size 1146644 offset 3176848395
[DBG] |   |   |   |   + mdhd size 32 offset 3176848403
[DBG] |   |   |   |   + hdlr size 45 offset 3176848435
[DBG] |   |   |   |   + minf size 1146559 offset 3176848480
[DBG] |   |   |   |   |   + vmhd size 20 offset 3176848488
[DBG] |   |   |   |   |   + dinf size 36 offset 3176848508
[DBG] |   |   |   |   |   |   + dref size 28 offset 3176848516
[DBG] |   |   |   |   |   |   |   + url  size 12 offset 3176848532
[DBG] |   |   |   |   |   + stbl size 1146495 offset 3176848544
[DBG] |   |   |   |   |   |   + stsd size 203 offset 3176848552
[DBG] |   |   |   |   |   |   |   + avc1 size 187 offset 3176848568
[DBG] |   |   |   |   |   |   |   |   + avcC size 65 offset 3176848654
[DBG] |   |   |   |   |   |   |   |   + pasp size 16 offset 3176848719
[DBG] |   |   |   |   |   |   |   |   + btrt size 20 offset 3176848735
[DBG] |   |   |   |   |   |   + stts size 24 offset 3176848755
[DBG] |   |   |   |   |   |   + stss size 6268 offset 3176848779
[DBG] |   |   |   |   |   |   + ctts size 389832 offset 3176855047
[DBG] |   |   |   |   |   |   + stsc size 28 offset 3177244879
[DBG] |   |   |   |   |   |   + stsz size 375068 offset 3177244907
[DBG] |   |   |   |   |   |   + stco size 375064 offset 3177619975
[DBG] |   |   + trak size 2166550 offset 3177995039
[DBG] |   |   |   + tkhd size 92 offset 3177995047
[DBG] |   |   |   + edts size 36 offset 3177995139
[DBG] |   |   |   |   + elst size 28 offset 3177995147
[DBG] |   |   |   + mdia size 2166414 offset 3177995175
[DBG] |   |   |   |   + mdhd size 32 offset 3177995183
[DBG] |   |   |   |   + hdlr size 45 offset 3177995215
[DBG] |   |   |   |   + minf size 2166329 offset 3177995260
[DBG] |   |   |   |   |   + smhd size 16 offset 3177995268
[DBG] |   |   |   |   |   + dinf size 36 offset 3177995284
[DBG] |   |   |   |   |   |   + dref size 28 offset 3177995292
[DBG] |   |   |   |   |   |   |   + url  size 12 offset 3177995308
[DBG] |   |   |   |   |   + stbl size 2166269 offset 3177995320
[DBG] |   |   |   |   |   |   + stsd size 123 offset 3177995328
[DBG] |   |   |   |   |   |   |   + mp4a size 107 offset 3177995344
[DBG] |   |   |   |   |   |   |   |   + esds size 51 offset 3177995380
[DBG] |   |   |   |   |   |   |   |   + btrt size 20 offset 3177995431
[DBG] |   |   |   |   |   |   + stts size 268720 offset 3177995451
[DBG] |   |   |   |   |   |   + stsc size 983344 offset 3178264171
[DBG] |   |   |   |   |   |   + stsz size 538956 offset 3179247515
[DBG] |   |   |   |   |   |   + stco size 375064 offset 3179786471
[DBG] |   |   |   |   |   |   + sgpd size 26 offset 3180161535
[DBG] |   |   |   |   |   |   + sbgp size 28 offset 3180161561
[DBG] |   |   + udta size 98 offset 3180161589
[DBG] |   |   |   + meta size 90 offset 3180161597
[DBG] |   |   |   |   + hdlr size 33 offset 3180161609
[DBG] |   |   |   |   + ilst size 45 offset 3180161642
[DBG] |   |   |   |   |   + ctoo size 37 offset 3180161650
[DBG] |   |   |   |   |   |   + data size 29 offset 3180161658
[DBG] ISO Media (isom) version 512.
[DBG] found 2 tracks
[WARN] elst box found
[DBG]    - [0] duration=36ms media time=-1ms) rate=1.0
[DBG]    - [1] duration=3128526ms media time=33ms) rate=1.0
[DBG] track[Id 0x1] read 93762 chunk
[WARN] STTS table of 1 entries
[WARN] CTTS table of 48727 entries
[DBG] track[Id 0x1] read 93762 samples length:3128s
[DBG] selecting program id=0
[DBG] ES track added: 'video/1' (fourcc: 'h264')
[DBG] adding track[Id 0x1] video (enable) language undef
[WARN] elst box found
6:56:10.914 PM [player] track added video/1 type=1
[DBG]    - [0] duration=3128518ms media time=0ms) rate=1.0
[DBG] track[Id 0x2] read 93762 chunk
[WARN] STTS table of 33588 entries
[DBG] track[Id 0x2] read 134734 samples length:3128s
[DBG] ES track added: 'audio/2' (fourcc: 'mp4a')
[DBG] adding track[Id 0x2] audio (enable) language undef
6:56:10.922 PM [player] track added audio/2 type=0
[DBG] using demux module "mp4"
[DBG] looking for video decoder module matching "any": 14 candidates
6:56:10.924 PM [player] length 3128562 ms
[DBG] vout: none found
[DBG] vout change: decoder size
[DBG] vout change: visible size
[DBG] looking for text renderer module matching "freetype": 2 candidates
[DBG] using text renderer module "freetype"
[DBG] looking for video converter module matching "any": 13 candidates
[DBG] 32x32 (32x32) chroma: YUVA colorspace: Undefined -> 16x16 (16x16) chroma: RGBA colorspace: Undefined with scaling using Bicubic (good quality)
[DBG] using video converter module "swscale"
[DBG] looking for video converter module matching "any": 13 candidates
[DBG] YUVP to YUVA converter
[DBG] using video converter module "yuvp"
[DBG] Deinterlacing available
[DBG] deinterlace -1, mode auto, is_needed 0
[DBG] looking for vout window module matching "any": 2 candidates
[DBG] resized to 1920x1080
[DBG] using vout window module "uiview_window"
[DBG] looking for inhibit module matching "any": 1 candidates
[DBG] using inhibit module "uikit_inhibit"
[DBG] looking for decoder device module matching "any": 1 candidates
[DBG] using decoder device module "videotoolbox"
[DBG] new SPS parsed: 0
[DBG] new PPS parsed: 0
[WARN] forcing output chroma (kCVPixelFormatType): 420v
[INF] Using Video Toolbox to decode 'h264'
[DBG] using video decoder module "videotoolbox"
[DBG] ES track selected: 'video/1' (fourcc: 'h264')
[DBG] looking for audio decoder module matching "any": 15 candidates
[DBG] using Lavc63.1.100
[DBG] CPU flags: 0x00062360
6:56:10.939 PM [player] track selected type=1 selected=video/1 unselected=
[DBG] codec (aac) started
[DBG] using audio decoder module "avcodec"
[DBG] ES track selected: 'audio/2' (fourcc: 'mp4a')
[DBG] `http://192.168.1.250:8093/stream/8' successfully opened
6:56:10.943 PM [player] track selected type=0 selected=audio/2 unselected=
[WARN] elst old=0 new=1
6:56:10.943 PM [player] state Playing at 0 ms
[DBG] elst (0) gives 0ms (movie)-> 0ms (track)
[DBG] track[Id 0x2] preroll offset: -1 samples
[DBG] resolving 192.168.1.250 ...
[DBG] outgoing request:
GET /stream/8 HTTP/1.1
Host: 192.168.1.250:8093
Accept: */*
Accept-Language: en_US
User-Agent: VLC/4.0.0-dev LibVLC/4.0.0-dev
If-Unmodified-Since: Fri, 18 Apr 2025 14:27:12 GMT
Range: bytes=48-


[DBG] incoming response:
HTTP/1.1 206 Partial Content
Accept-Ranges: bytes
Content-Length: 3180161639
Content-Range: bytes 48-3180161686/3180161687
Content-Type: video/mp4
Last-Modified: Fri, 18 Apr 2025 14:27:12 GMT
Date: Mon, 14 Sep 2026 22:56:11 GMT


[DBG] program(0): using clock source: 'audio'
6:56:10.960 PM [player] buffering 0.0
[DBG] Buffering 0%
[DBG] new PPS parsed: 0
[DBG] Buffering 2%
[DBG] reusing audio output
[DBG] Buffering 4%
[DBG] Buffering 6%
[DBG] Buffering 11%
[DBG] Buffering 13%
[DBG] Buffering 18%
[DBG] Buffering 20%
[DBG] Buffering 25%
[DBG] Buffering 27%
[DBG] Buffering 32%
[DBG] Buffering 34%
[DBG] Buffering 37%
[DBG] Buffering 41%
[DBG] Buffering 44%
[DBG] Buffering 48%
[DBG] session accepted first frame 69367
[DBG] Buffering 51%
[DBG] Buffering 55%
[DBG] Buffering 58%
[DBG] Buffering 60%
[DBG] Buffering 65%
[DBG] Buffering 67%
[DBG] Buffering 71%
[DBG] Buffering 74%
[DBG] Buffering 78%
[DBG] Buffering 81%
[DBG] Buffering 85%
[DBG] Buffering 88%
[DBG] Buffering 90%
[DBG] Buffering 95%
[DBG] Buffering 97%
[DBG] Stream buffering done (1021 ms in 8 ms)
6:56:10.969 PM [player] buffering 1.0
[DBG] output chroma (kCVPixelFormatType): 420v
[DBG] vout change: decoder size
[DBG] vout change: chroma
[DBG] requested window size: 1920x1080
[DBG] deinterlace -1, mode auto, is_needed 0
[DBG] Opening vout display wrapper
[DBG] looking for vout display module matching "any": 3 candidates
[DBG] using vout display module "samplebufferdisplay"
[DBG] original format sz 1920x1088, of (0,0), vsz 1920x1080, 4cc CVPN, sar 1:1, orient: normal
[DBG] removing "text renderer" module "freetype"
[DBG] looking for text renderer module matching "freetype": 2 candidates
[DBG] using text renderer module "freetype"
[DBG] requested window size: 1920x1080
[DBG] resetting projection_mode to 0
[DBG] setting projection_mode to 0
[DBG] Received first picture
[DBG] resized to 3840x2160
[DBG] Output on HDMI, channel count: 2
[DBG] output 'f32l' 44100 Hz Stereo frame=1 samples/8 bytes
[DBG] looking for audio volume module matching "any": 2 candidates
[DBG] using audio volume module "float_mixer"
[DBG] input 'f32l' 44100 Hz Stereo frame=1 samples/8 bytes
[DBG] looking for audio filter module matching "scaletempo": 1 candidates
[DBG] format: 44100 rate, 2 nch, 4 bps, fl32
[DBG] params: 30 stride, 0.200 overlap, 14 search
[DBG] 1.000 scale, 1323.000 stride_in, 1323 stride_out, 1059 standing, 264 overlap, 617 search, 2204 queue, fl32 mode
[DBG] using audio filter module "scaletempo"
[DBG] conversion: 'f32l'->'f32l' 44100 Hz->44100 Hz Stereo->Stereo
[DBG] conversion pipeline complete
[DBG] conversion: 'f32l'->'f32l' 44100 Hz->44100 Hz Stereo->Stereo
[DBG] conversion pipeline complete
[DBG] looking for audio resampler module matching "soxr": 2 candidates
[DBG] Using SoX Resampler with 'cr32s' engine and 'Medium 16-bit with medium roll-off' quality to convert f32l/44100Hz to f32l/44100Hz.
[DBG] using audio resampler module "soxr"
[DBG] Decoder wait done in 43 ms
[DBG] deferring start (79721 us)
[DBG] deferring start (52922 us)
[DBG] deferring start (52761 us)
[DBG] deferring start (52616 us)
[DBG] deferring start (52490 us)
[DBG] deferring start (52388 us)
[DBG] deferring start (52288 us)
[DBG] deferring start (52132 us)
[DBG] deferring start (51847 us)
[DBG] deferring start (51617 us)
[DBG] deferring start (51511 us)
[DBG] deferring start (51425 us)
[DBG] deferring start (51300 us)
[DBG] deferring start (51213 us)
[DBG] deferring start (51120 us)
[DBG] deferring start (50990 us)
[DBG] deferring start (50897 us)
[DBG] deferring start (50802 us)
[DBG] deferring start (50711 us)
[DBG] deferring start (50603 us)
[DBG] deferring start (50300 us)
[DBG] deferring start (50078 us)
[DBG] deferring start (49975 us)
[DBG] deferring start (49883 us)
[DBG] deferring start (49791 us)
[DBG] deferring start (49700 us)
[DBG] deferring start (49614 us)
[DBG] deferring start (49520 us)
[DBG] deferring start (49429 us)
[DBG] deferring start (49342 us)
[DBG] deferring start (49214 us)
[DBG] deferring start (48965 us)
[DBG] deferring start (48766 us)
[DBG] deferring start (48680 us)
[DBG] deferring start (48588 us)
[DBG] deferring start (48496 us)
[DBG] deferring start (48426 us)
[DBG] deferring start (48338 us)
[DBG] deferring start (48244 us)
[DBG] deferring start (48130 us)
[DBG] deferring start (48033 us)
[DBG] deferring start (47937 us)
[DBG] deferring start (47813 us)
[DBG] deferring start (47706 us)
[DBG] deferring start (47607 us)
[DBG] deferring start (47436 us)
[DBG] deferring start (47287 us)
[DBG] deferring start (47199 us)
[DBG] deferring start (47106 us)
[DBG] deferring start (47020 us)
[DBG] deferring start (46909 us)
[DBG] deferring start (46821 us)
[DBG] deferring start (46739 us)
[DBG] deferring start (46654 us)
[DBG] deferring start (46564 us)
[DBG] started
[WARN] picture is too late to be displayed (missing 37 ms)
6:56:13.613 PM [display] mode switch end: maxFPS=60 edrHeadroom=1.00/1.00 gamut=1 matchingEnabled=true switchInProgress=false criteria=set
6:56:14.756 PM [display] 4 s after request: maxFPS=60 edrHeadroom=1.00/1.00 gamut=1 matchingEnabled=true switchInProgress=false criteria=set
6:57:12.572 PM [subtitles] panel opened: 
6:57:14.282 PM [subtitles] off (deselectAllTextTracks)
6:57:14.282 PM [player] panel closed
6:57:14.605 PM [subtitles] now selected: audio=["audio/2"] text=[]
6:58:15.603 PM [subtitles] panel opened: 
6:58:17.307 PM [subtitles] off (deselectAllTextTracks)
6:58:17.307 PM [player] panel closed
6:58:17.614 PM [subtitles] now selected: audio=["audio/2"] text=[]
6:59:18.621 PM [subtitles] panel opened: 
6:59:20.252 PM [subtitles] off (deselectAllTextTracks)
6:59:20.253 PM [player] panel closed
6:59:20.556 PM [subtitles] now selected: audio=["audio/2"] text=[]
6:59:22.834 PM [player] dismiss at 190655 ms, state Playing
6:59:22.835 PM [display] cleared: maxFPS=60 edrHeadroom=1.00/1.00 gamut=1 matchingEnabled=true switchInProgress=false criteria=nil
6:59:22.836 PM [player] state Stopping at 191519 ms
[DBG] killing decoder fourcc `h264'
[DBG] removing "video decoder" module "videotoolbox"
[DBG] saving a free vout
[DBG] ES track unselected: 'video/1' (fourcc: 'h264')
6:59:22.854 PM [player] track selected type=1 selected= unselected=video/1
[DBG] killing decoder fourcc `mp4a'
[DBG] removing "audio decoder" module "avcodec"
[DBG] removing "audio resampler" module "soxr"
[DBG] removing "audio filter" module "scaletempo"
[DBG] removing "audio volume" module "float_mixer"
[DBG] keeping audio output
[DBG] ES track unselected: 'audio/2' (fourcc: 'mp4a')
[DBG] removing "demux" module "mp4"
6:59:22.943 PM [player] track selected type=0 selected= unselected=audio/2
[DBG] freeing all memory
[DBG] ES track deleted: 'video/1' (fourcc: 'h264')
[DBG] ES track deleted: 'audio/2' (fourcc: 'mp4a')
[DBG] Program doesn't contain anymore ES
[DBG] removing "stream_filter" module "record"
[DBG] removing "stream_filter" module "prefetch"
[DBG] removing "access" module "http"
[DBG] connection failed
6:59:22.946 PM [player] state Stopped at 191519 ms
[DBG] stop free vout
