8:54:22.233 PM [continue] 1 entries: movie/2@1800s
8:54:22.247 PM [continue] 1 entries: movie/2@1800s
8:54:48.522 PM [player] request Stargate — Extended · SD · AC-3 5.1 — http://192.168.1.250:8093/stream/2
8:54:48.522 PM [playback] file 2 saved position 1800.0 s watched=false; starting at 1800000 ms
8:54:48.522 PM [thumbs] file 2: 780 stills every 10.0 s, 26 of 26 sheets, state complete
8:54:48.729 PM [player] state Opening at 0 ms
8:54:48.840 PM [player] length 7798056 ms
8:54:48.850 PM [player] state Playing at 0 ms
8:54:48.850 PM [playback] seeking to the saved position 1800000 ms (length 7798056 ms) tick=561447294472
8:54:49.859 PM [playback] resume +1 s time=1800835 ms (wanted 1800000 ms, off by 835 ms) state Playing
8:54:51.884 PM [playback] resume +3 s time=1802167 ms (wanted 1800000 ms, off by 2167 ms) state Playing
8:54:58.856 PM [playback] PUT file 2 position=1809.0 (every 10 s) → 200 position=1809.0 watched=false last_played=2026-09-16T00:54:58Z
8:55:03.927 PM [player] state Paused at 1814224 ms
8:55:03.945 PM [playback] PUT file 2 position=1814.2 (pause) → 200 position=1814.163 watched=false last_played=2026-09-16T00:55:03Z
8:55:06.516 PM [player] state Playing at 1814224 ms
8:55:08.926 PM [playback] PUT file 2 position=1816.4 (every 10 s) → 200 position=1816.41 watched=false last_played=2026-09-16T00:55:08Z
8:55:13.784 PM [player] dismiss at 1821409 ms, state Playing
8:55:13.803 PM [player] state Stopping at 1821678 ms
8:55:13.822 PM [playback] PUT file 2 position=1821.4 (exit) → 200 position=1821.409 watched=false last_played=2026-09-16T00:55:13Z
8:55:13.822 PM [continue] 1 entries: movie/2@1821s
8:55:13.908 PM [player] state Stopped at 1821678 ms
8:55:13.917 PM [playback] PUT file 2 position=1821.7 (stop) → 200 position=1821.678 watched=false last_played=2026-09-16T00:55:13Z
