9:09:04.253 PM [continue] 3 entries: episode/8@968s, episode/5@3560s, movie/2@1821s
9:09:04.271 PM [continue] 3 entries: episode/8@968s, episode/5@3560s, movie/2@1821s
9:09:19.954 PM [player] request The Food That Built America — S4 E2 · Holiday Treats — http://192.168.1.250:8093/stream/5
9:09:19.954 PM [playback] file 5 saved position 3560.0 s watched=false; starting at 3560000 ms
9:09:19.954 PM [thumbs] file 5: 398 stills every 10.0 s, 0 of 14 sheets, state generating
9:09:20.161 PM [player] state Opening at 0 ms
9:09:20.354 PM [player] length 3975982 ms
9:09:20.370 PM [player] state Playing at 0 ms
9:09:20.370 PM [playback] seeking to the saved position 3560000 ms (length 3975982 ms) tick=562318814066
9:09:21.378 PM [playback] resume +1 s time=3560771 ms (wanted 3560000 ms, off by 771 ms) state Playing
9:09:23.388 PM [playback] resume +3 s time=3562411 ms (wanted 3560000 ms, off by 2411 ms) state Playing
9:09:30.278 PM [playback] PUT file 5 position=3569.0 (every 10 s) → 200 position=3568.995 watched=false last_played=2026-09-16T01:09:30Z
9:09:39.371 PM [playback] 90% reached at 3578411 ms of 3975982 ms — marking watched
9:09:39.390 PM [playback] PUT file 5 position=0.0 watched=true (90% watched) → 200 position=0.0 watched=true last_played=2026-09-16T01:09:39Z
9:09:40.336 PM [playback] position not written (every 10 s): already marked watched
9:09:50.446 PM [playback] position not written (every 10 s): already marked watched
9:10:00.535 PM [playback] position not written (every 10 s): already marked watched
9:10:04.681 PM [playback] position not written (exit): already marked watched
9:10:04.681 PM [player] dismiss at 3603411 ms, state Playing
9:10:04.692 PM [player] state Stopping at 3603724 ms
9:10:04.794 PM [player] state Stopped at 3603724 ms
9:10:04.827 PM [continue] 2 entries: episode/8@968s, movie/2@1821s
