9:15:03.953 PM [continue] 2 entries: episode/8@968s, movie/2@1821s
9:15:03.968 PM [continue] 2 entries: episode/8@968s, movie/2@1821s
9:15:23.698 PM [player] request Divergent — Divergent (2014).mkv · 4K HDR · DTS 7.1 — http://192.168.1.250:8093/stream/1
9:15:23.698 PM [playback] file 1 saved position 0.0 s watched=false; starting at 0 ms
9:15:23.699 PM [thumbs] file 1: 838 stills every 10.0 s, 28 of 28 sheets, state complete
9:15:23.871 PM [player] state Opening at 0 ms
9:15:23.994 PM [player] length 8379371 ms
9:15:24.011 PM [player] state Playing at 0 ms
9:15:33.943 PM [playback] position 9.0 s not written (every 10 s): under 120 s
9:15:44.040 PM [playback] position 19.6 s not written (every 10 s): under 120 s
9:15:48.082 PM [skip] +30 s (click) before=23626 ms target=53626 ms
9:15:48.614 PM [skip] after=53626 ms
9:15:51.245 PM [skip] -10 s (click) before=55682 ms target=45682 ms
9:15:51.781 PM [skip] after=45682 ms
9:15:54.045 PM [playback] position 46.7 s not written (every 10 s): under 120 s
9:15:54.431 PM [playback] position 47.7 s not written (pause): under 120 s
9:15:54.432 PM [player] state Paused at 47870 ms
9:15:56.684 PM [framestep] −1 gotoPreviousFrame before=47872 ms
9:15:57.109 PM [framestep] −1 after(400 ms)=47872 ms
9:15:57.608 PM [framestep] previousFrameStepped result=0 time=47872 ms
9:15:59.358 PM [framestep] −1 gotoPreviousFrame before=47881 ms
9:15:59.774 PM [framestep] −1 after(400 ms)=47881 ms
9:16:01.418 PM [framestep] previousFrameStepped result=0 time=47881 ms
9:16:02.046 PM [framestep] −1 gotoPreviousFrame before=47839 ms
9:16:02.457 PM [framestep] −1 after(400 ms)=47839 ms
9:16:03.344 PM [framestep] previousFrameStepped result=0 time=47839 ms
9:16:04.733 PM [framestep] +1 gotoNextFrame before=47798 ms
9:16:04.740 PM [framestep] nextFrameStepped result=0 time=47798 ms
9:16:05.144 PM [framestep] +1 after(400 ms)=47839 ms
9:16:07.421 PM [framestep] +1 gotoNextFrame before=47839 ms
9:16:07.428 PM [framestep] nextFrameStepped result=0 time=47881 ms
9:16:07.843 PM [framestep] +1 after(400 ms)=47881 ms
9:16:10.104 PM [framestep] +1 gotoNextFrame before=47881 ms
9:16:10.112 PM [framestep] nextFrameStepped result=0 time=47923 ms
9:16:10.535 PM [framestep] +1 after(400 ms)=47923 ms
9:16:12.804 PM [scrub] begin at 47923 ms tick=562731248178
9:16:14.850 PM [scrub] lift target=215510 ms tick=562733294778
9:16:16.398 PM [scrub] land select from 47923 ms at 215510 ms tick=562734842766
9:16:16.399 PM [scrub] seek 215510 ms after play tick=562734843365
9:16:16.436 PM [player] state Playing at 215510 ms
9:16:17.460 PM [scrub] land +1 s time=215510 ms (expected 215510 ms) state Playing
9:16:19.541 PM [scrub] land +3 s time=217943 ms (expected 215510 ms) state Playing
9:16:24.372 PM [playback] PUT file 1 position=222.5 (every 10 s) → 200 position=222.52 watched=false last_played=2026-09-16T01:16:24Z
9:16:25.104 PM [player] dismiss at 222944 ms, state Playing
9:16:25.121 PM [player] state Stopping at 223613 ms
9:16:25.146 PM [playback] PUT file 1 position=223.5 (exit) → 200 position=223.52 watched=false last_played=2026-09-16T01:16:25Z
9:16:25.150 PM [continue] 3 entries: movie/1@223s, episode/8@968s, movie/2@1821s
9:16:25.235 PM [player] state Stopped at 223613 ms
