11:12:57.795 PM [log] started 2026-09-16 03:12:57 +0000 VLCKit 4.0.0-dev Otto Chriek
11:12:57.791 PM [continue] 3 entries: movie/4@2444s, episode/8@1224s, movie/2@1821s
11:12:57.834 PM [home] 2 of 2 shows detailed for the TV row
11:12:58.059 PM [focus] launch: asked for the first Continue Watching card 4; focus is now 4
[DBG] VLC media player - 4.0.0-dev Otto Chriek
[DBG] Copyright © 1996-2026 the VideoLAN team
[DBG] revision 4.0.0-dev-38819-g6d62358330
[DBG] configured with /Users/marlin1111/vlckit-build/VLCKit/libvlc/vlc/configure  '--host=aarch64-apple-darwin' '--build=aarch64-apple-darwin25.6.0' '--prefix=/Users/marlin1111/vlckit-build/VLCKit/libvlc/vlc/build-appletvos-arm64/vlc-appletvos27.0-arm64' '--with-contrib=/Users/marlin1111/vlckit-build/VLCKit/libvlc/vlc/contrib/arm64-appletvos27.0' '--disable-sse' '--disable-vcd' '--disable-macosx' '--disable-macosx-avfoundation' '--disable-lua' '--disable-qt' '--disable-skins2' '--disable-vlc' '--disable-vlm' '--disable-nls' '--disable-notify' '--disable-projectm' '--disable-goom' '--disable-dvdread' '--disable-dvdnav' '--disable-bluray' '--disable-linsys' '--disable-libva' '--disable-gme' '--disable-tremor' '--disable-fluidsynth' '--disable-jack' '--disable-pulse' '--disable-mtp' '--disable-screen' '--disable-sparkle' '--disable-addonmanagermodules' '--disable-mad' '--disable-upnp-server' '--disable-debug' '--disable-shared' '--enable-static' 'CFLAGS=-mtvos-version-min=11.0 -arch arm64 -isysroot /Applications/Xcode.app/Contents/Developer/Platforms/AppleTVOS.platform/Developer/SDKs/AppleTVOS27.0.sdk -g' 'OBJCFLAGS=-mtvos-version-min=11.0 -arch arm64 -isysroot /Applications/Xcode.app/Contents/Developer/Platforms/AppleTVOS.platform/Developer/SDKs/AppleTVOS27.0.sdk -g' 'CXXFLAGS=-mtvos-version-min=11.0 -arch arm64 -isysroot /Applications/Xcode.app/Contents/Developer/Platforms/AppleTVOS.platform/Developer/SDKs/AppleTVOS27.0.sdk -g' 'OBJCXXFLAGS=-mtvos-version-min=11.0 -arch arm64 -isysroot /Applications/Xcode.app/Contents/Developer/Platforms/AppleTVOS.platform/Developer/SDKs/AppleTVOS27.0.sdk -g' 'ac_cv_prog_cc_c23=no' 'ac_cv_func_basename_r=no' 'ac_cv_func_clock_getres=no' 'ac_cv_func_clock_gettime=no' 'ac_cv_func_clock_settime=no' 'ac_cv_func_dirname_r=no' 'ac_cv_func_getentropy=no' 'ac_cv_func_mkostemp=no' 'ac_cv_func_mkostemps=no' 'ac_cv_func_timingsafe_bcmp=no' 'ac_cv_func_open_wmemstream=no' 'ac_cv_func_fmemopen=no' 'ac_cv_func_open_memstream=no' 'ac_cv_func_futimens=no' 'ac_cv_func_utimensat=no' 'ac_cv_func_dup3=no' 'ac_cv_func_pipe2=no' 'ac_cv_func_thread_get_register_pointer_values=no' 'ac_cv_func_aligned_alloc=no' 'ac_cv_func_timespec_get=no' 'build_alias=aarch64-apple-darwin25.6.0' 'host_alias=aarch64-apple-darwin' 'CC=/Applications/Xcode.app/Contents/Developer/Toolchains/XcodeDefault.xctoolchain/usr/bin/clang' 'LDFLAGS=-mtvos-version-min=11.0 -mtvos-version-min=11.0 -arch arm64 -isysroot /Applications/Xcode.app/Contents/Developer/Platforms/AppleTVOS.platform/Developer/SDKs/AppleTVOS27.0.sdk ' 'CPPFLAGS=-arch arm64 -isysroot /Applications/Xcode.app/Contents/Developer/Platforms/AppleTVOS.platform/Developer/SDKs/AppleTVOS27.0.sdk' 'CXX=/Applications/Xcode.app/Contents/Developer/Toolchains/XcodeDefault.xctoolchain/usr/bin/clang++' 'CPP=/Applications/Xcode.app/Contents/Developer/Toolchains/XcodeDefault.xctoolchain/usr/bin/clang -E' 'OBJC=/Applications/Xcode.app/Contents/Developer/Toolchains/XcodeDefault.xctoolchain/usr/bin/clang' 'OBJCXX=/Applications/Xcode.app/Contents/Developer/Toolchains/XcodeDefault.xctoolchain/usr/bin/clang++' 'PKG_CONFIG_LIBDIR='
[DBG] creating audio output
[DBG] looking for audio output module matching "any": 2 candidates
[DBG] using audio output module "avsamplebuffer"
[DBG] keeping audio output
11:13:18.237 PM [player] request Divergent — Divergent (2014).mkv · 4K HDR · DTS 7.1 — http://192.168.1.250:8093/stream/1
11:13:18.237 PM [player] file Movies/Divergent/Divergent (2014).mkv 3840x1600 hdr=true video=hevc Main 10 audio=dts 7.1
11:13:18.237 PM [playback] file 1 saved position 0.0 s watched=false; starting at 0 ms
11:13:18.237 PM [thumbs] file 1: 838 stills every 10.0 s, 28 of 28 sheets, state complete
11:13:18.265 PM [display] before: maxFPS=60 edrHeadroom=1.00/1.00 gamut=1 matchingEnabled=false switchInProgress=false criteria=nil
[DBG] Creating an input for preparsing '1'
11:13:18.379 PM [display] parse finished with status 6
11:13:18.379 PM [display] frame rate unknown from the parse (0/0); will use the player's video track once it reports one
[DBG] Creating an input for playback'1'
11:13:18.379 PM [player] play() called
11:13:18.379 PM [player] state Opening at 0 ms
[DBG] using timeshift granularity of 50 MiB
[DBG] using default timeshift path
[DBG] `http://192.168.1.250:8093/stream/1' gives access `http' demux `mkv_trusted' path `192.168.1.250:8093/stream/1'
[DBG] creating access: http://192.168.1.250:8093/stream/1
[DBG] looking for access module matching "http": 2 candidates
11:13:18.379 PM [player] buffering 0.0
[DBG] looking for keystore module matching "any": 1 candidates
[DBG] using keystore module "keychain"
[DBG] Lookup keychain entry for server 192.168.1.250
[WARN] lookup failed (-25300: 'Item not found')
[DBG] resolving 192.168.1.250 ...
[DBG] outgoing request:
GET /stream/1 HTTP/1.1
Host: 192.168.1.250:8093
Accept: */*
Accept-Language: en_US
User-Agent: VLC/4.0.0-dev LibVLC/4.0.0-dev
Range: bytes=0-


[DBG] incoming response:
HTTP/1.1 206 Partial Content
Accept-Ranges: bytes
Content-Length: 13214700163
Content-Range: bytes 0-13214700162/13214700163
Content-Type: video/x-matroska
Last-Modified: Tue, 04 May 2021 22:49:24 GMT
Date: Wed, 16 Sep 2026 03:13:18 GMT


[DBG] removing "keystore" module "keychain"
[DBG] using access module "http"
[DBG] looking for stream_filter module matching "prefetch,cache": 2 candidates
[DBG] using 16777216 bytes buffer
[DBG] using stream_filter module "prefetch"
[DBG] looking for stream_filter module matching "any": 4 candidates
[DBG] no stream_filter modules matched with name any
[DBG] looking for stream_directory module matching "any": 0 candidates
[DBG] no stream_directory modules matched with name any
[DBG] attachment of directory-extractor failed for http://192.168.1.250:8093/stream/1
[DBG] looking for stream_filter module matching "record": 1 candidates
[DBG] using stream_filter module "record"
[DBG] creating demux "mkv_trusted", URL: http://192.168.1.250:8093/stream/1, path: (null)
[DBG] looking for demux module matching "mkv_trusted": 1 candidates
[DBG] |   + Seek head
[DBG] |   - info at 4151
[DBG] |   + Information
[DBG] |   |   + TimecodeScale=1000000
[DBG] |   |   + Muxing Application=no_variable_data
[DBG] |   |   + Writing Application=no_variable_data
[DBG] |   |   + Duration=8379371
[DBG] |   |   + Date=Thu Jan 01 00:00:00 1970
[DBG] |   |   + UID=0
[DBG] |   - tracks at 4238
[DBG] |   + Tracks
[DBG] |   |   + Track Entry
[DBG] |   |   |   + Track Number=1
[DBG] |   |   |   + Track UID=1
[DBG] |   |   |   + Track Type=video
[DBG] |   |   |   + Track Lacing=0
[DBG] |   |   |   + Track CodecId=V_MPEGH/ISO/HEVC
[DBG] |   |   |   + Track Language=`und'
[DBG] |   |   |   + Track Video
[DBG] |   |   |   |   + width=3840
[DBG] |   |   |   |   + height=1600
[DBG] |   |   |   |   + display width=3840
[DBG] |   |   |   |   + display height=1600
[DBG] |   |   |   + Track CodecPrivate size=2253
[DBG] |   |   |   + Track Default Duration=41708
[DBG] |   |   + Track Entry
[DBG] |   |   |   + Track Number=2
[DBG] |   |   |   + Track UID=2
[DBG] |   |   |   + Track Type=audio
[DBG] |   |   |   + Track CodecId=A_DTS
[DBG] |   |   |   + Track Default Duration=10666
[DBG] |   |   |   + Track Audio
[DBG] |   |   |   |   + afreq=48000
[DBG] |   |   |   |   + achan=8
[DBG] |   |   |   |   + abits=24
[DBG] |   |   + Track Entry
[DBG] |   |   |   + Track Number=3
[DBG] |   |   |   + Track UID=3
[DBG] |   |   |   + Track Type=subtitle
[DBG] |   |   |   + Track Default=0
[DBG] |   |   |   + Track Lacing=0
[DBG] |   |   |   + Track CodecId=S_TEXT/UTF8
[DBG] |   |   |   + Track Name=Stripped SRT
[DBG] |   |   + Track Entry
[DBG] |   |   |   + Track Number=4
[DBG] |   |   |   + Track UID=4
[DBG] |   |   |   + Track Type=subtitle
[DBG] |   |   |   + Track Default=0
[DBG] |   |   |   + Track Lacing=0
[DBG] |   |   |   + Track CodecId=S_TEXT/UTF8
[DBG] |   |   |   + Track Name=SDH SRT
[DBG] |   |   + Track Entry
[DBG] |   |   |   + Track Number=5
[DBG] |   |   |   + Track UID=5
[DBG] |   |   |   + Track Type=subtitle
[DBG] |   |   |   + Track Default=0
[DBG] |   |   |   + Track Lacing=0
[DBG] |   |   |   + Track CodecId=S_HDMV/PGS
[DBG] |   |   |   + Track Name=SDH (White)
[DBG] |   |   |   + Content Encodings
[DBG] |   |   |   |   + Content Encoding
[DBG] |   |   |   |   |   + Content Compression
[DBG] |   |   + Track Entry
[DBG] |   |   |   + Track Number=6
[DBG] |   |   |   + Track UID=6
[DBG] |   |   |   + Track Type=subtitle
[DBG] |   |   |   + Track Default=0
[DBG] |   |   |   + Track Lacing=0
[DBG] |   |   |   + Track CodecId=S_HDMV/PGS
[DBG] |   |   |   + Track Name=SDH (Grey)
[DBG] |   |   |   + Content Encodings
[DBG] |   |   |   |   + Content Encoding
[DBG] |   |   |   |   |   + Content Compression
[DBG] |   |   + Track Entry
[DBG] |   |   |   + Track Number=7
[DBG] |   |   |   + Track UID=7
[DBG] |   |   |   + Track Type=subtitle
[DBG] |   |   |   + Track Default=0
[DBG] |   |   |   + Track Lacing=0
[DBG] |   |   |   + Track CodecId=S_HDMV/PGS
[DBG] |   |   |   + Track Language=`spa'
[DBG] |   |   |   + Track Name=White
[DBG] |   |   |   + Content Encodings
[DBG] |   |   |   |   + Content Encoding
[DBG] |   |   |   |   |   + Content Compression
[DBG] |   |   + Track Entry
[DBG] |   |   |   + Track Number=8
[DBG] |   |   |   + Track UID=8
[DBG] |   |   |   + Track Type=subtitle
[DBG] |   |   |   + Track Default=0
[DBG] |   |   |   + Track Lacing=0
[DBG] |   |   |   + Track CodecId=S_HDMV/PGS
[DBG] |   |   |   + Track Language=`spa'
[DBG] |   |   |   + Track Name=Grey
[DBG] |   |   |   + Content Encodings
[DBG] |   |   |   |   + Content Encoding
[DBG] |   |   |   |   |   + Content Compression
[DBG] |   - cues at 13214293211
[DBG] resolving 192.168.1.250 ...
[DBG] outgoing request:
GET /stream/1 HTTP/1.1
Host: 192.168.1.250:8093
Accept: */*
Accept-Language: en_US
User-Agent: VLC/4.0.0-dev LibVLC/4.0.0-dev
If-Unmodified-Since: Tue, 04 May 2021 22:49:24 GMT
Range: bytes=13214293211-


[DBG] incoming response:
HTTP/1.1 206 Partial Content
Accept-Ranges: bytes
Content-Length: 406952
Content-Range: bytes 13214293211-13214700162/13214700163
Content-Type: video/x-matroska
Last-Modified: Tue, 04 May 2021 22:49:24 GMT
Date: Wed, 16 Sep 2026 03:13:18 GMT


[DBG] connection failed
[DBG] |   + Cues
[DBG] end of stream
[DBG] |   - loading cues done.
[DBG] resolving 192.168.1.250 ...
[DBG] outgoing request:
GET /stream/1 HTTP/1.1
Host: 192.168.1.250:8093
Accept: */*
Accept-Language: en_US
User-Agent: VLC/4.0.0-dev LibVLC/4.0.0-dev
If-Unmodified-Since: Tue, 04 May 2021 22:49:24 GMT
Range: bytes=108-


[DBG] incoming response:
HTTP/1.1 206 Partial Content
Accept-Ranges: bytes
Content-Length: 13214700055
Content-Range: bytes 108-13214700162/13214700163
Content-Type: video/x-matroska
Last-Modified: Tue, 04 May 2021 22:49:24 GMT
Date: Wed, 16 Sep 2026 03:13:18 GMT


[DBG] |   - tags at 13214697117
[DBG] resolving 192.168.1.250 ...
[DBG] outgoing request:
GET /stream/1 HTTP/1.1
Host: 192.168.1.250:8093
Accept: */*
Accept-Language: en_US
User-Agent: VLC/4.0.0-dev LibVLC/4.0.0-dev
If-Unmodified-Since: Tue, 04 May 2021 22:49:24 GMT
Range: bytes=13214697117-


[DBG] incoming response:
HTTP/1.1 206 Partial Content
Accept-Ranges: bytes
Content-Length: 3046
Content-Range: bytes 13214697117-13214700162/13214700163
Content-Type: video/x-matroska
Last-Modified: Tue, 04 May 2021 22:49:24 GMT
Date: Wed, 16 Sep 2026 03:13:18 GMT


[DBG] connection failed
[DBG] end of stream
[DBG] |   + Tags
[DBG] + Tag
[DBG] |   + Targets
[DBG] |   |   + TargetTypeValue: 50
[DBG] |   |   + TrackUID: 1
[DBG] |   |   + TargetType: MOVIE
[DBG] |   + Simple Tag 
[DBG] |   |   + Meta BPS: 8069705
[DBG] |   + Simple Tag 
[DBG] |   |   + Meta DURATION: 02:19:39.371000000
[DBG] |   + Simple Tag 
[DBG] |   |   + Meta NUMBER_OF_FRAMES: 200904
[DBG] |   + Simple Tag 
[DBG] |   |   + Meta NUMBER_OF_BYTES: 8452381613
[DBG] |   + Simple Tag 
[DBG] |   |   + Meta _STATISTICS_WRITING_APP: no_variable_data
[DBG] |   + Simple Tag 
[DBG] |   |   + Meta _STATISTICS_WRITING_DATE_UTC: 1970-01-01 00:00:00
[DBG] |   + Simple Tag 
[DBG] |   |   + Meta _STATISTICS_TAGS: BPS DURATION NUMBER_OF_FRAMES NUMBER_OF_BYTES
[DBG] + Tag
[DBG] |   + Targets
[DBG] |   |   + TargetTypeValue: 50
[DBG] |   |   + TrackUID: 2
[DBG] |   |   + TargetType: MOVIE
[DBG] |   + Simple Tag 
[DBG] |   |   + Meta BPS: 4510921
[DBG] |   + Simple Tag 
[DBG] |   |   + Meta DURATION: 02:19:39.328000000
[DBG] |   + Simple Tag 
[DBG] |   |   + Meta NUMBER_OF_FRAMES: 785562
[DBG] |   + Simple Tag 
[DBG] |   |   + Meta NUMBER_OF_BYTES: 4724811044
[DBG] |   + Simple Tag 
[DBG] |   |   + Meta _STATISTICS_WRITING_APP: no_variable_data
[DBG] |   + Simple Tag 
[DBG] |   |   + Meta _STATISTICS_WRITING_DATE_UTC: 1970-01-01 00:00:00
[DBG] |   + Simple Tag 
[DBG] |   |   + Meta _STATISTICS_TAGS: BPS DURATION NUMBER_OF_FRAMES NUMBER_OF_BYTES
[DBG] + Tag
[DBG] |   + Targets
[DBG] |   |   + TargetTypeValue: 50
[DBG] |   |   + TrackUID: 3
[DBG] |   |   + TargetType: MOVIE
[DBG] |   + Simple Tag 
[DBG] |   |   + Meta BPS: 38
[DBG] |   + Simple Tag 
[DBG] |   |   + Meta DURATION: 02:09:12.996000000
[DBG] |   + Simple Tag 
[DBG] |   |   + Meta NUMBER_OF_FRAMES: 1377
[DBG] |   + Simple Tag 
[DBG] |   |   + Meta NUMBER_OF_BYTES: 36901
[DBG] |   + Simple Tag 
[DBG] |   |   + Meta _STATISTICS_WRITING_APP: no_variable_data
[DBG] |   + Simple Tag 
[DBG] |   |   + Meta _STATISTICS_WRITING_DATE_UTC: 1970-01-01 00:00:00
[DBG] |   + Simple Tag 
[DBG] |   |   + Meta _STATISTICS_TAGS: BPS DURATION NUMBER_OF_FRAMES NUMBER_OF_BYTES
[DBG] + Tag
[DBG] |   + Targets
[DBG] |   |   + TargetTypeValue: 50
[DBG] |   |   + TrackUID: 4
[DBG] |   |   + TargetType: MOVIE
[DBG] |   + Simple Tag 
[DBG] |   |   + Meta BPS: 43
[DBG] |   + Simple Tag 
[DBG] |   |   + Meta DURATION: 02:09:31.014000000
[DBG] |   + Simple Tag 
[DBG] |   |   + Meta NUMBER_OF_FRAMES: 1635
[DBG] |   + Simple Tag 
[DBG] |   |   + Meta NUMBER_OF_BYTES: 42543
[DBG] |   + Simple Tag 
[DBG] |   |   + Meta _STATISTICS_WRITING_APP: no_variable_data
[DBG] |   + Simple Tag 
[DBG] |   |   + Meta _STATISTICS_WRITING_DATE_UTC: 1970-01-01 00:00:00
[DBG] |   + Simple Tag 
[DBG] |   |   + Meta _STATISTICS_TAGS: BPS DURATION NUMBER_OF_FRAMES NUMBER_OF_BYTES
[DBG] + Tag
[DBG] |   + Targets
[DBG] |   |   + TargetTypeValue: 50
[DBG] |   |   + TrackUID: 5
[DBG] |   |   + TargetType: MOVIE
[DBG] |   + Simple Tag 
[DBG] |   |   + Meta BPS: 28993
[DBG] |   + Simple Tag 
[DBG] |   |   + Meta DURATION: 02:09:31.013000000
[DBG] |   + Simple Tag 
[DBG] |   |   + Meta NUMBER_OF_FRAMES: 3270
[DBG] |   + Simple Tag 
[DBG] |   |   + Meta NUMBER_OF_BYTES: 28163980
[DBG] |   + Simple Tag 
[DBG] |   |   + Meta _STATISTICS_WRITING_APP: no_variable_data
[DBG] |   + Simple Tag 
[DBG] |   |   + Meta _STATISTICS_WRITING_DATE_UTC: 1970-01-01 00:00:00
[DBG] |   + Simple Tag 
[DBG] |   |   + Meta _STATISTICS_TAGS: BPS DURATION NUMBER_OF_FRAMES NUMBER_OF_BYTES
[DBG] + Tag
[DBG] |   + Targets
[DBG] |   |   + TargetTypeValue: 50
[DBG] |   |   + TrackUID: 6
[DBG] |   |   + TargetType: MOVIE
[DBG] |   + Simple Tag 
[DBG] |   |   + Meta BPS: 28993
[DBG] |   + Simple Tag 
[DBG] |   |   + Meta DURATION: 02:09:31.013000000
[DBG] |   + Simple Tag 
[DBG] |   |   + Meta NUMBER_OF_FRAMES: 3270
[DBG] |   + Simple Tag 
[DBG] |   |   + Meta NUMBER_OF_BYTES: 28163980
[DBG] |   + Simple Tag 
[DBG] |   |   + Meta _STATISTICS_WRITING_APP: no_variable_data
[DBG] |   + Simple Tag 
[DBG] |   |   + Meta _STATISTICS_WRITING_DATE_UTC: 1970-01-01 00:00:00
[DBG] |   + Simple Tag 
[DBG] |   |   + Meta _STATISTICS_TAGS: BPS DURATION NUMBER_OF_FRAMES NUMBER_OF_BYTES
[DBG] + Tag
[DBG] |   + Targets
[DBG] |   |   + TargetTypeValue: 50
[DBG] |   |   + TrackUID: 7
[DBG] |   |   + TargetType: MOVIE
[DBG] |   + Simple Tag 
[DBG] |   |   + Meta BPS: 23192
[DBG] |   + Simple Tag 
[DBG] |   |   + Meta DURATION: 02:09:13.037000000
[DBG] |   + Simple Tag 
[DBG] |   |   + Meta NUMBER_OF_FRAMES: 2446
[DBG] |   + Simple Tag 
[DBG] |   |   + Meta NUMBER_OF_BYTES: 22476857
[DBG] |   + Simple Tag 
[DBG] |   |   + Meta _STATISTICS_WRITING_APP: no_variable_data
[DBG] |   + Simple Tag 
[DBG] |   |   + Meta _STATISTICS_WRITING_DATE_UTC: 1970-01-01 00:00:00
[DBG] |   + Simple Tag 
[DBG] |   |   + Meta _STATISTICS_TAGS: BPS DURATION NUMBER_OF_FRAMES NUMBER_OF_BYTES
[DBG] + Tag
[DBG] |   + Targets
[DBG] |   |   + TargetTypeValue: 50
[DBG] |   |   + TrackUID: 8
[DBG] |   |   + TargetType: MOVIE
[DBG] |   + Simple Tag 
[DBG] |   |   + Meta BPS: 23192
[DBG] |   + Simple Tag 
[DBG] |   |   + Meta DURATION: 02:09:13.037000000
[DBG] |   + Simple Tag 
[DBG] |   |   + Meta NUMBER_OF_FRAMES: 2446
[DBG] |   + Simple Tag 
[DBG] |   |   + Meta NUMBER_OF_BYTES: 22476857
[DBG] |   + Simple Tag 
[DBG] |   |   + Meta _STATISTICS_WRITING_APP: no_variable_data
[DBG] |   + Simple Tag 
[DBG] |   |   + Meta _STATISTICS_WRITING_DATE_UTC: 1970-01-01 00:00:00
[DBG] |   + Simple Tag 
[DBG] |   |   + Meta _STATISTICS_TAGS: BPS DURATION NUMBER_OF_FRAMES NUMBER_OF_BYTES
[DBG] loading tags done.
[DBG] resolving 192.168.1.250 ...
[DBG] outgoing request:
GET /stream/1 HTTP/1.1
Host: 192.168.1.250:8093
Accept: */*
Accept-Language: en_US
User-Agent: VLC/4.0.0-dev LibVLC/4.0.0-dev
If-Unmodified-Since: Tue, 04 May 2021 22:49:24 GMT
Range: bytes=126-


[DBG] incoming response:
HTTP/1.1 206 Partial Content
Accept-Ranges: bytes
Content-Length: 13214700037
Content-Range: bytes 126-13214700162/13214700163
Content-Type: video/x-matroska
Last-Modified: Tue, 04 May 2021 22:49:24 GMT
Date: Wed, 16 Sep 2026 03:13:18 GMT


[DBG] |   - chapters at 7938
[DBG] |   + Chapters
[DBG] |   |   |   + ChapterAtom (level=0)
[DBG] |   |   |   |   + ChapterUID=1
[DBG] |   |   |   |   + ChapterTimeStart=0
[DBG] |   |   |   |   + ChapterFlagHidden=no
[DBG] |   |   |   |   + ChapterDisplay
[DBG] |   |   |   |   |   + ChapterString=00:00:00.000
[DBG] |   |   |   |   |   + ChapterLanguage=eng
[DBG] |   |   |   + ChapterAtom (level=0)
[DBG] |   |   |   |   + ChapterUID=2
[DBG] |   |   |   |   + ChapterTimeStart=477477000
[DBG] |   |   |   |   + ChapterFlagHidden=no
[DBG] |   |   |   |   + ChapterDisplay
[DBG] |   |   |   |   |   + ChapterString=00:07:57.477
[DBG] |   |   |   |   |   + ChapterLanguage=eng
[DBG] |   |   |   + ChapterAtom (level=0)
[DBG] |   |   |   |   + ChapterUID=3
[DBG] |   |   |   |   + ChapterTimeStart=929595000
[DBG] |   |   |   |   + ChapterFlagHidden=no
[DBG] |   |   |   |   + ChapterDisplay
[DBG] |   |   |   |   |   + ChapterString=00:15:29.595
[DBG] |   |   |   |   |   + ChapterLanguage=eng
[DBG] |   |   |   + ChapterAtom (level=0)
[DBG] |   |   |   |   + ChapterUID=4
[DBG] |   |   |   |   + ChapterTimeStart=1411035000
[DBG] |   |   |   |   + ChapterFlagHidden=no
[DBG] |   |   |   |   + ChapterDisplay
[DBG] |   |   |   |   |   + ChapterString=00:23:31.035
[DBG] |   |   |   |   |   + ChapterLanguage=eng
[DBG] |   |   |   + ChapterAtom (level=0)
[DBG] |   |   |   |   + ChapterUID=5
[DBG] |   |   |   |   + ChapterTimeStart=2036618000
[DBG] |   |   |   |   + ChapterFlagHidden=no
[DBG] |   |   |   |   + ChapterDisplay
[DBG] |   |   |   |   |   + ChapterString=00:33:56.618
[DBG] |   |   |   |   |   + ChapterLanguage=eng
[DBG] |   |   |   + ChapterAtom (level=0)
[DBG] |   |   |   |   + ChapterUID=6
[DBG] |   |   |   |   + ChapterTimeStart=2332664000
[DBG] |   |   |   |   + ChapterFlagHidden=no
[DBG] |   |   |   |   + ChapterDisplay
[DBG] |   |   |   |   |   + ChapterString=00:38:52.664
[DBG] |   |   |   |   |   + ChapterLanguage=eng
[DBG] |   |   |   + ChapterAtom (level=0)
[DBG] |   |   |   |   + ChapterUID=7
[DBG] |   |   |   |   + ChapterTimeStart=2664036000
[DBG] |   |   |   |   + ChapterFlagHidden=no
[DBG] |   |   |   |   + ChapterDisplay
[DBG] |   |   |   |   |   + ChapterString=00:44:24.036
[DBG] |   |   |   |   |   + ChapterLanguage=eng
[DBG] |   |   |   + ChapterAtom (level=0)
[DBG] |   |   |   |   + ChapterUID=8
[DBG] |   |   |   |   + ChapterTimeStart=3217214000
[DBG] |   |   |   |   + ChapterFlagHidden=no
[DBG] |   |   |   |   + ChapterDisplay
[DBG] |   |   |   |   |   + ChapterString=00:53:37.214
[DBG] |   |   |   |   |   + ChapterLanguage=eng
[DBG] |   |   |   + ChapterAtom (level=0)
[DBG] |   |   |   |   + ChapterUID=9
[DBG] |   |   |   |   + ChapterTimeStart=3602390000
[DBG] |   |   |   |   + ChapterFlagHidden=no
[DBG] |   |   |   |   + ChapterDisplay
[DBG] |   |   |   |   |   + ChapterString=01:00:02.390
[DBG] |   |   |   |   |   + ChapterLanguage=eng
[DBG] |   |   |   + ChapterAtom (level=0)
[DBG] |   |   |   |   + ChapterUID=a
[DBG] |   |   |   |   + ChapterTimeStart=3991779000
[DBG] |   |   |   |   + ChapterFlagHidden=no
[DBG] |   |   |   |   + ChapterDisplay
[DBG] |   |   |   |   |   + ChapterString=01:06:31.779
[DBG] |   |   |   |   |   + ChapterLanguage=eng
[DBG] |   |   |   + ChapterAtom (level=0)
[DBG] |   |   |   |   + ChapterUID=b
[DBG] |   |   |   |   + ChapterTimeStart=4399312000
[DBG] |   |   |   |   + ChapterFlagHidden=no
[DBG] |   |   |   |   + ChapterDisplay
[DBG] |   |   |   |   |   + ChapterString=01:13:19.312
[DBG] |   |   |   |   |   + ChapterLanguage=eng
[DBG] |   |   |   + ChapterAtom (level=0)
[DBG] |   |   |   |   + ChapterUID=c
[DBG] |   |   |   |   + ChapterTimeStart=4807845000
[DBG] |   |   |   |   + ChapterFlagHidden=no
[DBG] |   |   |   |   + ChapterDisplay
[DBG] |   |   |   |   |   + ChapterString=01:20:07.845
[DBG] |   |   |   |   |   + ChapterLanguage=eng
[DBG] |   |   |   + ChapterAtom (level=0)
[DBG] |   |   |   |   + ChapterUID=d
[DBG] |   |   |   |   + ChapterTimeStart=5321149000
[DBG] |   |   |   |   + ChapterFlagHidden=no
[DBG] |   |   |   |   + ChapterDisplay
[DBG] |   |   |   |   |   + ChapterString=01:28:41.149
[DBG] |   |   |   |   |   + ChapterLanguage=eng
[DBG] |   |   |   + ChapterAtom (level=0)
[DBG] |   |   |   |   + ChapterUID=e
[DBG] |   |   |   |   + ChapterTimeStart=5754666000
[DBG] |   |   |   |   + ChapterFlagHidden=no
[DBG] |   |   |   |   + ChapterDisplay
[DBG] |   |   |   |   |   + ChapterString=01:35:54.666
[DBG] |   |   |   |   |   + ChapterLanguage=eng
[DBG] |   |   |   + ChapterAtom (level=0)
[DBG] |   |   |   |   + ChapterUID=f
[DBG] |   |   |   |   + ChapterTimeStart=6379081000
[DBG] |   |   |   |   + ChapterFlagHidden=no
[DBG] |   |   |   |   + ChapterDisplay
[DBG] |   |   |   |   |   + ChapterString=01:46:19.081
[DBG] |   |   |   |   |   + ChapterLanguage=eng
[DBG] |   |   |   + ChapterAtom (level=0)
[DBG] |   |   |   |   + ChapterUID=10
[DBG] |   |   |   |   + ChapterTimeStart=7074401000
[DBG] |   |   |   |   + ChapterFlagHidden=no
[DBG] |   |   |   |   + ChapterDisplay
[DBG] |   |   |   |   |   + ChapterString=01:57:54.401
[DBG] |   |   |   |   |   + ChapterLanguage=eng
[DBG] |   + Void
[DBG] |   + Information
[DBG] |   + Tracks
[DBG] |   + Void
[DBG] |   + Chapters
[DBG] |   + Void
[DBG] |   + Cluster
[DBG] Virtual chapter  00:00:00.000 from 0 to -1 - 
[DBG] Virtual chapter  00:07:57.477 from 477477000 to -1 - 
[DBG] Virtual chapter  00:15:29.595 from 929595000 to -1 - 
[DBG] Virtual chapter  00:23:31.035 from 1411035000 to -1 - 
[DBG] Virtual chapter  00:33:56.618 from 2036618000 to -1 - 
[DBG] Virtual chapter  00:38:52.664 from 2332664000 to -1 - 
[DBG] Virtual chapter  00:44:24.036 from 2664036000 to -1 - 
[DBG] Virtual chapter  00:53:37.214 from 3217214000 to -1 - 
[DBG] Virtual chapter  01:00:02.390 from 3602390000 to -1 - 
[DBG] Virtual chapter  01:06:31.779 from 3991779000 to -1 - 
[DBG] Virtual chapter  01:13:19.312 from 4399312000 to -1 - 
[DBG] Virtual chapter  01:20:07.845 from 4807845000 to -1 - 
[DBG] Virtual chapter  01:28:41.149 from 5321149000 to -1 - 
[DBG] Virtual chapter  01:35:54.666 from 5754666000 to -1 - 
[DBG] Virtual chapter  01:46:19.081 from 6379081000 to -1 - 
[DBG] Virtual chapter  01:57:54.401 from 7074401000 to -1 - 
[DBG] Virtual chapter  from 0 to -1 - 
[DBG] NEW START CHAPTER uid=1
[DBG] found 8 es
[DBG] selecting program id=0
[DBG] ES track added: 'video/1' (fourcc: 'hevc')
[DBG] ES track added: 'audio/2' (fourcc: 'dts ')
11:13:18.500 PM [player] track added video/1 type=1
[DBG] ES track added: 'spu/3' (fourcc: 'subt')
[DBG] ES track added: 'spu/4' (fourcc: 'subt')
[DBG] ES track added: 'spu/5' (fourcc: 'bdpg')
[DBG] ES track added: 'spu/6' (fourcc: 'bdpg')
[DBG] ES track added: 'spu/7' (fourcc: 'bdpg')
11:13:18.500 PM [player] track added audio/2 type=0
[DBG] ES track added: 'spu/8' (fourcc: 'bdpg')
[DBG] seek: preroll{ track: 1, pts: 0, fpos: 8744 skip: 8744} 
[DBG] seek: preroll{ req: 1, start-pts: 1, start-fpos: 8744} 
11:13:18.501 PM [player] track added spu/3 type=2
[DBG] using demux module "mkv"
11:13:18.501 PM [player] track added spu/4 type=2
[DBG] looking for video decoder module matching "any": 14 candidates
11:13:18.501 PM [player] track added spu/5 type=2
11:13:18.501 PM [player] track added spu/6 type=2
11:13:18.501 PM [player] track added spu/7 type=2
11:13:18.501 PM [player] track added spu/8 type=2
11:13:18.501 PM [player] length 8379371 ms
[DBG] vout: none found
[DBG] vout change: decoder size
[DBG] vout change: visible size
[DBG] looking for text renderer module matching "freetype": 2 candidates
[DBG] using text renderer module "freetype"
[DBG] looking for video converter module matching "any": 13 candidates
[DBG] 32x32 (32x32) chroma: YUVA colorspace: Undefined -> 16x16 (16x16) chroma: RGBA colorspace: Undefined with scaling using Bicubic (good quality)
[DBG] using video converter module "swscale"
[DBG] looking for video converter module matching "any": 13 candidates
[DBG] YUVP to YUVA converter
[DBG] using video converter module "yuvp"
[DBG] Deinterlacing available
[DBG] deinterlace -1, mode auto, is_needed 0
[DBG] looking for vout window module matching "any": 2 candidates
[DBG] resized to 1920x1080
[DBG] using vout window module "uiview_window"
[DBG] looking for inhibit module matching "any": 1 candidates
[DBG] using inhibit module "uikit_inhibit"
[DBG] looking for decoder device module matching "any": 1 candidates
[DBG] using decoder device module "videotoolbox"
[DBG] new VPS parsed: 0
[DBG] new SPS parsed: 0
[DBG] new PPS parsed: 0
[WARN] forcing output chroma (kCVPixelFormatType): x420
[INF] Using Video Toolbox to decode 'hevc'
[DBG] using video decoder module "videotoolbox"
[DBG] ES track selected: 'video/1' (fourcc: 'hevc')
[DBG] looking for audio packetizer module matching "any": 11 candidates
[DBG] using audio packetizer module "dts"
[DBG] looking for audio decoder module matching "any": 15 candidates
[DBG] reusing audio output
[WARN] failed to start passthrough audio output, failing back to linear format
11:13:18.515 PM [player] track selected type=1 selected=video/1 unselected=
[DBG] keeping audio output
[DBG] using Lavc63.1.100
[DBG] CPU flags: 0x00062360
[DBG] codec (dca) started
[DBG] using audio decoder module "avcodec"
[DBG] ES track selected: 'audio/2' (fourcc: 'dts ')
[DBG] `http://192.168.1.250:8093/stream/1' successfully opened
11:13:18.518 PM [player] track selected type=0 selected=audio/2 unselected=
[DBG] program(0): using clock source: 'audio'
11:13:18.518 PM [player] state Playing at 0 ms
[DBG] Buffering 0%
[DBG] new PPS parsed: 0
[DBG] DTS samplerate:48000 bitrate:1536000
[DBG] restarting module due to input format change
[DBG] 'decoder in/packetizer out' i_channels 8 / 6
[DBG] 'decoder in/packetizer out' i_physical_channels 0 / 4199
[DBG] 'decoder in/packetizer out' profile -1 / 1
[DBG] removing "audio decoder" module "avcodec"
[DBG] looking for audio decoder module matching "any": 15 candidates
[DBG] reusing audio output
[WARN] failed to start passthrough audio output, failing back to linear format
[DBG] keeping audio output
[DBG] using Lavc63.1.100
[DBG] CPU flags: 0x00062360
[DBG] codec (dca) started
[DBG] using audio decoder module "avcodec"
[DBG] Buffering 4%
[DBG] Buffering 12%
[DBG] reusing audio output
[DBG] Buffering 16%
[DBG] Buffering 33%
11:13:18.520 PM [player] buffering 0.0
[DBG] Buffering 37%
[DBG] Buffering 54%
[DBG] Buffering 58%
[DBG] Buffering 70%
[DBG] Buffering 75%
[DBG] session accepted first frame 1
[DBG] output chroma (kCVPixelFormatType): x420
[DBG] vout change: chroma
[DBG] requested window size: 3840x1600
[DBG] deinterlace -1, mode auto, is_needed 0
[DBG] Buffering 87%
[DBG] Opening vout display wrapper
[DBG] looking for vout display module matching "any": 3 candidates
[DBG] using vout display module "samplebufferdisplay"
[DBG] original format sz 3840x1600, of (0,0), vsz 3840x1600, 4cc CVPP, sar 1:1, orient: normal
[DBG] removing "text renderer" module "freetype"
[DBG] looking for text renderer module matching "freetype": 2 candidates
[DBG] using text renderer module "freetype"
[DBG] requested window size: 3840x1600
[DBG] resetting projection_mode to 0
[DBG] setting projection_mode to 0
[DBG] Received first picture
[DBG] Buffering 99%
[DBG] Stream buffering done (1001 ms in 27 ms)
[DBG] resized to 3840x2160
11:13:18.548 PM [player] buffering 1.0
[DBG] Output on HDMI, channel count: 8
[DBG] swapping Surround and RearSurround channels for 7.1 Rear Surround
[DBG] VLC keeping the same input layout
[DBG] output 'f32l' 48000 Hz 3F2M2R/LFE frame=1 samples/32 bytes
[DBG] looking for audio volume module matching "any": 2 candidates
[DBG] using audio volume module "float_mixer"
[DBG] input 's32l' 48000 Hz 3F2M2R/LFE frame=1 samples/32 bytes
[DBG] looking for audio filter module matching "scaletempo": 1 candidates
[DBG] format: 48000 rate, 8 nch, 4 bps, fl32
[DBG] params: 30 stride, 0.200 overlap, 14 search
[DBG] 1.000 scale, 1440.000 stride_in, 1440 stride_out, 1152 standing, 288 overlap, 672 search, 2400 queue, fl32 mode
[DBG] using audio filter module "scaletempo"
[DBG] conversion: 's32l'->'f32l' 48000 Hz->48000 Hz 3F2M2R/LFE->3F2M2R/LFE
[DBG] looking for audio converter module matching "any": 8 candidates
[DBG] s32l->f32l, bits per sample: 32->32
[DBG] using audio converter module "audio_format"
[DBG] conversion pipeline complete
[DBG] conversion: 'f32l'->'f32l' 48000 Hz->48000 Hz 3F2M2R/LFE->3F2M2R/LFE
[DBG] conversion pipeline complete
[DBG] looking for audio resampler module matching "soxr": 2 candidates
[DBG] Using SoX Resampler with 'cr32s' engine and 'Medium 16-bit with medium roll-off' quality to convert f32l/48000Hz to f32l/48000Hz.
[DBG] using audio resampler module "soxr"
[DBG] Decoder wait done in 68 ms
[DBG] deferring start (164210 us)
[DBG] deferring start (149616 us)
[DBG] deferring start (138759 us)
[DBG] deferring start (127964 us)
[DBG] deferring start (117196 us)
[DBG] deferring start (106406 us)
[DBG] deferring start (95621 us)
[DBG] deferring start (84876 us)
[DBG] deferring start (74130 us)
[DBG] deferring start (63357 us)
[DBG] deferring start (62937 us)
[DBG] deferring start (62714 us)
[DBG] deferring start (62574 us)
[DBG] deferring start (72982 us)
[DBG] deferring start (62193 us)
[DBG] deferring start (61895 us)
[DBG] deferring start (61691 us)
[DBG] deferring start (61865 us)
[DBG] deferring start (61708 us)
[DBG] deferring start (61534 us)
[DBG] deferring start (61346 us)
[DBG] deferring start (61205 us)
[DBG] deferring start (71709 us)
[DBG] deferring start (60926 us)
[DBG] deferring start (60829 us)
[DBG] deferring start (60738 us)
[DBG] deferring start (60642 us)
[DBG] deferring start (60543 us)
[DBG] deferring start (60454 us)
[DBG] deferring start (60367 us)
[DBG] deferring start (60269 us)
[DBG] deferring start (60166 us)
[DBG] deferring start (59624 us)
[DBG] deferring start (69913 us)
[DBG] deferring start (59107 us)
[DBG] deferring start (69558 us)
[DBG] deferring start (58806 us)
[DBG] deferring start (58663 us)
[DBG] deferring start (58492 us)
[DBG] deferring start (58313 us)
[DBG] deferring start (68718 us)
[DBG] deferring start (57976 us)
[DBG] deferring start (57826 us)
[DBG] deferring start (68248 us)
[DBG] deferring start (57497 us)
[DBG] deferring start (89112 us)
[DBG] deferring start (78350 us)
[DBG] deferring start (67582 us)
[DBG] deferring start (56831 us)
[DBG] deferring start (56670 us)
[DBG] deferring start (56568 us)
[DBG] deferring start (56459 us)
[DBG] deferring start (56383 us)
[DBG] deferring start (56291 us)
[DBG] deferring start (66563 us)
[DBG] deferring start (55682 us)
[DBG] deferring start (66147 us)
[DBG] deferring start (55378 us)
[DBG] deferring start (55135 us)
[DBG] deferring start (54912 us)
[DBG] deferring start (65401 us)
[DBG] deferring start (54367 us)
[DBG] deferring start (54280 us)
[DBG] deferring start (54093 us)
[DBG] deferring start (53995 us)
[DBG] deferring start (53909 us)
[DBG] deferring start (53819 us)
[DBG] deferring start (53726 us)
[DBG] deferring start (53589 us)
[DBG] deferring start (53491 us)
[DBG] deferring start (53409 us)
[DBG] deferring start (53336 us)
[DBG] deferring start (53265 us)
[DBG] deferring start (53184 us)
[DBG] deferring start (53105 us)
[DBG] deferring start (52986 us)
[DBG] deferring start (52895 us)
[DBG] deferring start (52808 us)
[DBG] deferring start (52717 us)
[DBG] deferring start (52640 us)
[DBG] deferring start (52562 us)
[DBG] deferring start (52483 us)
[DBG] deferring start (52404 us)
[DBG] deferring start (52291 us)
[DBG] deferring start (62750 us)
[DBG] deferring start (51988 us)
[DBG] deferring start (51921 us)
[DBG] deferring start (51837 us)
[DBG] deferring start (51762 us)
[DBG] deferring start (51646 us)
[DBG] deferring start (51552 us)
[DBG] deferring start (51473 us)
[DBG] deferring start (51396 us)
[DBG] deferring start (51321 us)
[DBG] deferring start (51246 us)
[DBG] deferring start (51172 us)
[DBG] deferring start (51096 us)
[DBG] deferring start (51017 us)
[DBG] deferring start (50943 us)
[DBG] deferring start (50862 us)
[DBG] deferring start (50783 us)
[DBG] deferring start (50608 us)
[DBG] deferring start (50362 us)
[DBG] deferring start (50283 us)
[DBG] deferring start (50172 us)
[DBG] deferring start (50079 us)
[DBG] deferring start (49996 us)
[DBG] deferring start (49906 us)
[DBG] deferring start (49828 us)
[DBG] deferring start (49751 us)
[DBG] deferring start (49682 us)
[DBG] deferring start (49559 us)
[DBG] deferring start (49485 us)
[DBG] deferring start (49414 us)
[DBG] deferring start (49336 us)
[DBG] deferring start (52810 us)
[DBG] deferring start (42071 us)
[DBG] deferring start (41999 us)
[DBG] deferring start (41863 us)
[DBG] deferring start (41732 us)
[DBG] deferring start (41638 us)
[DBG] deferring start (41472 us)
[DBG] deferring start (41371 us)
[DBG] deferring start (41278 us)
[DBG] deferring start (41185 us)
[DBG] deferring start (41092 us)
[DBG] deferring start (40994 us)
[DBG] deferring start (40897 us)
[DBG] deferring start (40801 us)
[DBG] deferring start (40690 us)
[DBG] deferring start (40558 us)
[DBG] deferring start (40455 us)
[DBG] deferring start (40364 us)
[DBG] deferring start (40254 us)
[DBG] deferring start (40156 us)
[DBG] deferring start (40056 us)
[DBG] deferring start (39966 us)
[DBG] deferring start (39866 us)
[DBG] deferring start (39774 us)
[DBG] started
[DBG] new PPS parsed: 0
11:13:28.383 PM [playback] position 9.0 s not written (every 10 s): under 120 s
[DBG] new PPS parsed: 0
11:13:34.609 PM [player] pause (playPause button) at 15642 ms
11:13:34.609 PM [playback] position 15.6 s not written (pause): under 120 s
[DBG] pausing
[DBG] pausing audio
[DBG] pausing video
11:13:34.632 PM [player] state Paused at 15738 ms
