9:18:44.879 AM [player] request The Magicians — S1 E1 · Unauthorized Magic — http://192.168.1.250:8093/stream/8
9:18:44.879 AM [player] file TV/The Magicians (2015)/Season 1/The Magicians (2015) - 1x01 - Unauthorized Magic.mp4 1920x1080 hdr=false video=h264 High audio=aac stereo
[DBG] Creating an input for playback'8'
9:18:44.886 AM [player] play() called
[DBG] using timeshift granularity of 50 MiB
[DBG] using default timeshift path
[DBG] `http://192.168.1.250:8093/stream/8' gives access `http' demux `any' path `192.168.1.250:8093/stream/8'
[DBG] creating access: http://192.168.1.250:8093/stream/8
[DBG] looking for access module matching "http": 2 candidates
[DBG] looking for keystore module matching "any": 1 candidates
[DBG] using keystore module "keychain"
[DBG] Lookup keychain entry for server 192.168.1.250
[WARN] lookup failed (-25300: 'Item not found')
[DBG] resolving 192.168.1.250 ...
[DBG] outgoing request:
GET /stream/8 HTTP/1.1
Host: 192.168.1.250:8093
Accept: */*
Accept-Language: en_US
User-Agent: VLC/4.0.0-dev LibVLC/4.0.0-dev
Range: bytes=0-


9:18:44.893 AM [player] state Opening at 0 ms
9:18:44.893 AM [player] buffering 0.0
[DBG] incoming response:
HTTP/1.1 206 Partial Content
Accept-Ranges: bytes
Content-Length: 3180161687
Content-Range: bytes 0-3180161686/3180161687
Content-Type: video/mp4
Last-Modified: Fri, 18 Apr 2025 14:27:12 GMT
Date: Mon, 14 Sep 2026 13:18:44 GMT


[DBG] removing "keystore" module "keychain"
[DBG] using access module "http"
[DBG] looking for stream_filter module matching "prefetch,cache": 2 candidates
[DBG] using 16777216 bytes buffer
[DBG] using stream_filter module "prefetch"
[DBG] looking for stream_filter module matching "any": 4 candidates
[DBG] no stream_filter modules matched with name any
[DBG] looking for stream_directory module matching "any": 0 candidates
[DBG] no stream_directory modules matched with name any
[DBG] attachment of directory-extractor failed for http://192.168.1.250:8093/stream/8
[DBG] looking for stream_filter module matching "record": 1 candidates
[DBG] using stream_filter module "record"
[DBG] creating demux "any", URL: http://192.168.1.250:8093/stream/8, path: (null)
[DBG] looking for demux module matching "any": 58 candidates
[DBG] resolving 192.168.1.250 ...
[DBG] outgoing request:
GET /stream/8 HTTP/1.1
Host: 192.168.1.250:8093
Accept: */*
Accept-Language: en_US
User-Agent: VLC/4.0.0-dev LibVLC/4.0.0-dev
If-Unmodified-Since: Fri, 18 Apr 2025 14:27:12 GMT
Range: bytes=3176848131-


[DBG] incoming response:
HTTP/1.1 206 Partial Content
Accept-Ranges: bytes
Content-Length: 3313556
Content-Range: bytes 3176848131-3180161686/3180161687
Content-Type: video/mp4
Last-Modified: Fri, 18 Apr 2025 14:27:12 GMT
Date: Mon, 14 Sep 2026 13:18:44 GMT


[DBG] connection failed
[DBG] end of stream
[DBG] dumping root Box "root"
[DBG] |   + ftyp size 32 offset 0
[DBG] |   + free size 8 offset 32
[DBG] |   + mdat size 3176848091 offset 40
[DBG] |   + moov size 3313556 offset 3176848131
[DBG] |   |   + mvhd size 108 offset 3176848139
[DBG] |   |   + trak size 1146792 offset 3176848247
[DBG] |   |   |   + tkhd size 92 offset 3176848255
[DBG] |   |   |   + edts size 48 offset 3176848347
[DBG] |   |   |   |   + elst size 40 offset 3176848355
[DBG] |   |   |   + mdia size 1146644 offset 3176848395
[DBG] |   |   |   |   + mdhd size 32 offset 3176848403
[DBG] |   |   |   |   + hdlr size 45 offset 3176848435
[DBG] |   |   |   |   + minf size 1146559 offset 3176848480
[DBG] |   |   |   |   |   + vmhd size 20 offset 3176848488
[DBG] |   |   |   |   |   + dinf size 36 offset 3176848508
[DBG] |   |   |   |   |   |   + dref size 28 offset 3176848516
[DBG] |   |   |   |   |   |   |   + url  size 12 offset 3176848532
[DBG] |   |   |   |   |   + stbl size 1146495 offset 3176848544
[DBG] |   |   |   |   |   |   + stsd size 203 offset 3176848552
[DBG] |   |   |   |   |   |   |   + avc1 size 187 offset 3176848568
[DBG] |   |   |   |   |   |   |   |   + avcC size 65 offset 3176848654
[DBG] |   |   |   |   |   |   |   |   + pasp size 16 offset 3176848719
[DBG] |   |   |   |   |   |   |   |   + btrt size 20 offset 3176848735
[DBG] |   |   |   |   |   |   + stts size 24 offset 3176848755
[DBG] |   |   |   |   |   |   + stss size 6268 offset 3176848779
[DBG] |   |   |   |   |   |   + ctts size 389832 offset 3176855047
[DBG] |   |   |   |   |   |   + stsc size 28 offset 3177244879
[DBG] |   |   |   |   |   |   + stsz size 375068 offset 3177244907
[DBG] |   |   |   |   |   |   + stco size 375064 offset 3177619975
[DBG] |   |   + trak size 2166550 offset 3177995039
[DBG] |   |   |   + tkhd size 92 offset 3177995047
[DBG] |   |   |   + edts size 36 offset 3177995139
[DBG] |   |   |   |   + elst size 28 offset 3177995147
[DBG] |   |   |   + mdia size 2166414 offset 3177995175
[DBG] |   |   |   |   + mdhd size 32 offset 3177995183
[DBG] |   |   |   |   + hdlr size 45 offset 3177995215
[DBG] |   |   |   |   + minf size 2166329 offset 3177995260
[DBG] |   |   |   |   |   + smhd size 16 offset 3177995268
[DBG] |   |   |   |   |   + dinf size 36 offset 3177995284
[DBG] |   |   |   |   |   |   + dref size 28 offset 3177995292
[DBG] |   |   |   |   |   |   |   + url  size 12 offset 3177995308
[DBG] |   |   |   |   |   + stbl size 2166269 offset 3177995320
[DBG] |   |   |   |   |   |   + stsd size 123 offset 3177995328
[DBG] |   |   |   |   |   |   |   + mp4a size 107 offset 3177995344
[DBG] |   |   |   |   |   |   |   |   + esds size 51 offset 3177995380
[DBG] |   |   |   |   |   |   |   |   + btrt size 20 offset 3177995431
[DBG] |   |   |   |   |   |   + stts size 268720 offset 3177995451
[DBG] |   |   |   |   |   |   + stsc size 983344 offset 3178264171
[DBG] |   |   |   |   |   |   + stsz size 538956 offset 3179247515
[DBG] |   |   |   |   |   |   + stco size 375064 offset 3179786471
[DBG] |   |   |   |   |   |   + sgpd size 26 offset 3180161535
[DBG] |   |   |   |   |   |   + sbgp size 28 offset 3180161561
[DBG] |   |   + udta size 98 offset 3180161589
[DBG] |   |   |   + meta size 90 offset 3180161597
[DBG] |   |   |   |   + hdlr size 33 offset 3180161609
[DBG] |   |   |   |   + ilst size 45 offset 3180161642
[DBG] |   |   |   |   |   + ctoo size 37 offset 3180161650
[DBG] |   |   |   |   |   |   + data size 29 offset 3180161658
[DBG] ISO Media (isom) version 512.
[DBG] found 2 tracks
[WARN] elst box found
[DBG]    - [0] duration=36ms media time=-1ms) rate=1.0
[DBG]    - [1] duration=3128526ms media time=33ms) rate=1.0
[DBG] track[Id 0x1] read 93762 chunk
[WARN] STTS table of 1 entries
[WARN] CTTS table of 48727 entries
[DBG] track[Id 0x1] read 93762 samples length:3128s
[DBG] selecting program id=0
[DBG] ES track added: 'video/1' (fourcc: 'h264')
[DBG] adding track[Id 0x1] video (enable) language undef
[WARN] elst box found
9:18:45.134 AM [player] track added video/1 type=1
[DBG]    - [0] duration=3128518ms media time=0ms) rate=1.0
[DBG] track[Id 0x2] read 93762 chunk
[WARN] STTS table of 33588 entries
[DBG] track[Id 0x2] read 134734 samples length:3128s
[DBG] ES track added: 'audio/2' (fourcc: 'mp4a')
[DBG] adding track[Id 0x2] audio (enable) language undef
9:18:45.141 AM [player] track added audio/2 type=0
[DBG] using demux module "mp4"
9:18:45.143 AM [player] length 3128562 ms
[DBG] looking for video decoder module matching "any": 14 candidates
[DBG] vout: none found
[DBG] vout change: decoder size
[DBG] vout change: visible size
[DBG] looking for text renderer module matching "freetype": 2 candidates
[DBG] using text renderer module "freetype"
[DBG] looking for video converter module matching "any": 13 candidates
[DBG] 32x32 (32x32) chroma: YUVA colorspace: Undefined -> 16x16 (16x16) chroma: RGBA colorspace: Undefined with scaling using Bicubic (good quality)
[DBG] using video converter module "swscale"
[DBG] looking for video converter module matching "any": 13 candidates
[DBG] YUVP to YUVA converter
[DBG] using video converter module "yuvp"
[DBG] Deinterlacing available
[DBG] deinterlace -1, mode auto, is_needed 0
[DBG] looking for vout window module matching "any": 2 candidates
[DBG] resized to 1920x1080
[DBG] using vout window module "uiview_window"
[DBG] looking for inhibit module matching "any": 1 candidates
[DBG] using inhibit module "uikit_inhibit"
[DBG] looking for decoder device module matching "any": 1 candidates
[DBG] using decoder device module "videotoolbox"
[DBG] new SPS parsed: 0
[DBG] new PPS parsed: 0
[WARN] forcing output chroma (kCVPixelFormatType): 420v
[INF] Using Video Toolbox to decode 'h264'
[DBG] using video decoder module "videotoolbox"
[DBG] ES track selected: 'video/1' (fourcc: 'h264')
[DBG] looking for audio decoder module matching "any": 15 candidates
[DBG] using Lavc63.1.100
9:18:45.156 AM [player] track selected type=1 selected=video/1 unselected=
[DBG] CPU flags: 0x00062360
[DBG] codec (aac) started
[DBG] using audio decoder module "avcodec"
[DBG] ES track selected: 'audio/2' (fourcc: 'mp4a')
[DBG] looking for meta reader module matching "any": 1 candidates
[DBG] no meta reader modules matched with name any
9:18:45.157 AM [player] track selected type=0 selected=audio/2 unselected=
[DBG] `http://192.168.1.250:8093/stream/8' successfully opened
[WARN] elst old=0 new=1
9:18:45.158 AM [player] state Playing at 0 ms
[DBG] elst (0) gives 0ms (movie)-> 0ms (track)
[DBG] track[Id 0x2] preroll offset: -1 samples
[DBG] resolving 192.168.1.250 ...
[DBG] outgoing request:
GET /stream/8 HTTP/1.1
Host: 192.168.1.250:8093
Accept: */*
Accept-Language: en_US
User-Agent: VLC/4.0.0-dev LibVLC/4.0.0-dev
If-Unmodified-Since: Fri, 18 Apr 2025 14:27:12 GMT
Range: bytes=48-


[DBG] incoming response:
HTTP/1.1 206 Partial Content
Accept-Ranges: bytes
Content-Length: 3180161639
Content-Range: bytes 48-3180161686/3180161687
Content-Type: video/mp4
Last-Modified: Fri, 18 Apr 2025 14:27:12 GMT
Date: Mon, 14 Sep 2026 13:18:45 GMT


[DBG] program(0): using clock source: 'audio'
[DBG] Buffering 0%
9:18:45.175 AM [player] buffering 0.0
[DBG] new PPS parsed: 0
[DBG] Buffering 2%
[DBG] Buffering 4%
[DBG] Buffering 6%
[DBG] reusing audio output
[DBG] Buffering 11%
[DBG] Buffering 13%
[DBG] Buffering 18%
[DBG] Buffering 20%
[DBG] Buffering 25%
[DBG] Buffering 27%
[DBG] Buffering 32%
[DBG] Buffering 34%
[DBG] Buffering 37%
[DBG] Buffering 41%
[DBG] Buffering 44%
[DBG] Buffering 48%
[DBG] session accepted first frame 69367
[DBG] Buffering 51%
[DBG] Buffering 55%
[DBG] Buffering 58%
[DBG] Buffering 60%
[DBG] Buffering 65%
[DBG] Buffering 67%
[DBG] Buffering 71%
[DBG] Buffering 74%
[DBG] Buffering 78%
[DBG] output chroma (kCVPixelFormatType): 420v
[DBG] vout change: decoder size
[DBG] vout change: chroma
[DBG] requested window size: 1920x1080
[DBG] deinterlace -1, mode auto, is_needed 0
[DBG] Opening vout display wrapper
[DBG] looking for vout display module matching "any": 3 candidates
[DBG] Buffering 81%
[DBG] using vout display module "samplebufferdisplay"
[DBG] original format sz 1920x1088, of (0,0), vsz 1920x1080, 4cc CVPN, sar 1:1, orient: normal
[DBG] removing "text renderer" module "freetype"
[DBG] looking for text renderer module matching "freetype": 2 candidates
[DBG] using text renderer module "freetype"
[DBG] requested window size: 1920x1080
[DBG] resetting projection_mode to 0
[DBG] setting projection_mode to 0
[DBG] Buffering 85%
[DBG] Buffering 88%
[DBG] Buffering 90%
[DBG] Buffering 95%
[DBG] Buffering 97%
9:18:45.187 AM [player] buffering 1.0
[DBG] Stream buffering done (1021 ms in 11 ms)
[DBG] Received first picture
[DBG] resized to 3840x2160
[DBG] Output on HDMI, channel count: 2
[DBG] output 'f32l' 44100 Hz Stereo frame=1 samples/8 bytes
[DBG] looking for audio volume module matching "any": 2 candidates
[DBG] using audio volume module "float_mixer"
[DBG] input 'f32l' 44100 Hz Stereo frame=1 samples/8 bytes
[DBG] looking for audio filter module matching "scaletempo": 1 candidates
[DBG] format: 44100 rate, 2 nch, 4 bps, fl32
[DBG] params: 30 stride, 0.200 overlap, 14 search
[DBG] 1.000 scale, 1323.000 stride_in, 1323 stride_out, 1059 standing, 264 overlap, 617 search, 2204 queue, fl32 mode
[DBG] using audio filter module "scaletempo"
[DBG] conversion: 'f32l'->'f32l' 44100 Hz->44100 Hz Stereo->Stereo
[DBG] conversion pipeline complete
[DBG] conversion: 'f32l'->'f32l' 44100 Hz->44100 Hz Stereo->Stereo
[DBG] conversion pipeline complete
[DBG] looking for audio resampler module matching "soxr": 2 candidates
[DBG] Using SoX Resampler with 'cr32s' engine and 'Medium 16-bit with medium roll-off' quality to convert f32l/44100Hz to f32l/44100Hz.
[DBG] using audio resampler module "soxr"
[DBG] Decoder wait done in 40 ms
[DBG] deferring start (149221 us)
[DBG] deferring start (122416 us)
[DBG] deferring start (99065 us)
[DBG] deferring start (75755 us)
[DBG] deferring start (52446 us)
[DBG] deferring start (52315 us)
[DBG] deferring start (75302 us)
[DBG] deferring start (51922 us)
[DBG] deferring start (51686 us)
[DBG] deferring start (51576 us)
[DBG] deferring start (74693 us)
[DBG] deferring start (51388 us)
[DBG] deferring start (51296 us)
[DBG] deferring start (51204 us)
[DBG] deferring start (51064 us)
[DBG] deferring start (50972 us)
[DBG] deferring start (50875 us)
[DBG] deferring start (50477 us)
[DBG] deferring start (50274 us)
[DBG] deferring start (50180 us)
[DBG] deferring start (50085 us)
[DBG] deferring start (49993 us)
[DBG] deferring start (49888 us)
[DBG] deferring start (49792 us)
[DBG] deferring start (49691 us)
[DBG] deferring start (49592 us)
[DBG] deferring start (49437 us)
[DBG] deferring start (72424 us)
[DBG] deferring start (49106 us)
[DBG] deferring start (48985 us)
[DBG] deferring start (48886 us)
[DBG] deferring start (48789 us)
[DBG] deferring start (48698 us)
[DBG] deferring start (48607 us)
[DBG] deferring start (48517 us)
[DBG] deferring start (48432 us)
[DBG] deferring start (48276 us)
[DBG] deferring start (48142 us)
[DBG] deferring start (47961 us)
[DBG] deferring start (47872 us)
[DBG] deferring start (47779 us)
[DBG] deferring start (47688 us)
[DBG] deferring start (47604 us)
[DBG] deferring start (47512 us)
[DBG] deferring start (47426 us)
[DBG] deferring start (47345 us)
[DBG] deferring start (47257 us)
[DBG] deferring start (47163 us)
[DBG] deferring start (47073 us)
[DBG] deferring start (46973 us)
[DBG] deferring start (46883 us)
[DBG] deferring start (46800 us)
[DBG] deferring start (46705 us)
[DBG] deferring start (46606 us)
[DBG] deferring start (46519 us)
[DBG] started
9:19:16.383 AM [skip] +30 s (click) before=30649 ms target=60649 ms
[DBG] ES_OUT_RESET_PCR called
9:19:16.398 AM [player] buffering 0.0
[DBG] elst (1) gives 60649ms (movie)-> 60646ms (track)
[DBG] track[Id 0x1] using Sync Sample Box (stss)
[DBG] stss gives 1817 --> 1800 (sample number)
[DBG] track[Id 0x1] sync point found sample 1800(-17)
[DBG] seeking with 586ms preroll (use input-fast-seek to avoid) to 60649000
[DBG] elst (0) gives 60062ms (movie)-> 60062ms (track)
[DBG] track[Id 0x2] preroll offset: -1 samples
[DBG] resolving 192.168.1.250 ...
[DBG] outgoing request:
GET /stream/8 HTTP/1.1
Host: 192.168.1.250:8093
Accept: */*
Accept-Language: en_US
User-Agent: VLC/4.0.0-dev LibVLC/4.0.0-dev
If-Unmodified-Since: Fri, 18 Apr 2025 14:27:12 GMT
Range: bytes=60220983-


[DBG] incoming response:
HTTP/1.1 206 Partial Content
Accept-Ranges: bytes
Content-Length: 3119940704
Content-Range: bytes 60220983-3180161686/3180161687
Content-Type: video/mp4
Last-Modified: Fri, 18 Apr 2025 14:27:12 GMT
Date: Mon, 14 Sep 2026 13:19:16 GMT


[DBG] connection failed
[DBG] Buffering 0%
9:19:16.515 AM [player] buffering 0.0
[DBG] Buffering 1%
[DBG] Buffering 2%
[DBG] Buffering 4%
[DBG] Buffering 5%
[DBG] Buffering 6%
[DBG] Buffering 7%
[DBG] Buffering 8%
[DBG] Buffering 9%
[DBG] Buffering 10%
[DBG] Buffering 11%
[DBG] Buffering 12%
[DBG] Buffering 14%
[DBG] Buffering 15%
[DBG] Buffering 16%
[DBG] Buffering 17%
[DBG] Buffering 18%
[DBG] Buffering 19%
[DBG] Buffering 20%
[DBG] Buffering 21%
[DBG] Buffering 22%
[DBG] Buffering 24%
[DBG] Buffering 25%
[DBG] Buffering 27%
[DBG] Buffering 29%
[DBG] Buffering 31%
[DBG] Buffering 33%
[DBG] Buffering 34%
[DBG] Buffering 35%
[DBG] end of audio preroll
[DBG] Buffering 37%
[DBG] Buffering 38%
[DBG] Buffering 39%
[DBG] Buffering 40%
[DBG] Buffering 41%
[DBG] end of video preroll
[DBG] Received first picture
[DBG] Buffering 43%
[DBG] Buffering 44%
[DBG] Buffering 45%
[DBG] Buffering 47%
[DBG] Buffering 48%
[DBG] Buffering 49%
[DBG] Buffering 51%
[DBG] Buffering 52%
[DBG] Buffering 53%
[DBG] Buffering 54%
[DBG] Buffering 55%
[DBG] Buffering 57%
[DBG] Buffering 58%
[DBG] Buffering 59%
[DBG] Buffering 61%
[DBG] Buffering 62%
[DBG] Buffering 63%
[DBG] Buffering 64%
[DBG] Buffering 66%
[DBG] Buffering 67%
[DBG] Buffering 68%
[DBG] Buffering 70%
[DBG] Buffering 71%
[DBG] Buffering 72%
[DBG] Buffering 74%
[DBG] Buffering 76%
[DBG] Buffering 77%
[DBG] Buffering 78%
[DBG] Buffering 80%
[DBG] Buffering 81%
[DBG] Buffering 82%
[DBG] Buffering 84%
[DBG] Buffering 85%
[DBG] Buffering 86%
[DBG] Buffering 87%
[DBG] Buffering 88%
[DBG] Buffering 89%
[DBG] Buffering 90%
[DBG] Buffering 91%
[DBG] Buffering 92%
[DBG] Buffering 94%
[DBG] Buffering 95%
[DBG] Buffering 96%
[DBG] Buffering 97%
[DBG] Buffering 98%
[DBG] Buffering 99%
[DBG] Stream buffering done (1640 ms in 96 ms)
9:19:16.612 AM [player] buffering 1.0
[DBG] Decoder wait done in 0 ms
[DBG] deferring start (566469 us)
[DBG] deferring start (537407 us)
[DBG] deferring start (513899 us)
[DBG] deferring start (490478 us)
[DBG] deferring start (467061 us)
[DBG] deferring start (443644 us)
[DBG] deferring start (420241 us)
[DBG] deferring start (396837 us)
[DBG] deferring start (373441 us)
[DBG] deferring start (350035 us)
[DBG] deferring start (326614 us)
[DBG] deferring start (303220 us)
[DBG] deferring start (279814 us)
[DBG] deferring start (256405 us)
[DBG] deferring start (233009 us)
[DBG] deferring start (209614 us)
[DBG] deferring start (186208 us)
[DBG] deferring start (162701 us)
[DBG] deferring start (139294 us)
[DBG] deferring start (115763 us)
[DBG] deferring start (92233 us)
[DBG] deferring start (68781 us)
[DBG] deferring start (45286 us)
[DBG] deferring start (21866 us)
[DBG] deferring start (21661 us)
[DBG] deferring start (21329 us)
[DBG] deferring start (20989 us)
[DBG] deferring start (20637 us)
[DBG] deferring start (20390 us)
[DBG] deferring start (20141 us)
[DBG] deferring start (19845 us)
[DBG] deferring start (19612 us)
[DBG] deferring start (19379 us)
[DBG] deferring start (19141 us)
[DBG] deferring start (65303 us)
[DBG] deferring start (41687 us)
[DBG] deferring start (18259 us)
[DBG] deferring start (18114 us)
[DBG] deferring start (17973 us)
[DBG] deferring start (17877 us)
[DBG] deferring start (17779 us)
[DBG] deferring start (17661 us)
[DBG] deferring start (63924 us)
[DBG] deferring start (40456 us)
[DBG] deferring start (17135 us)
[DBG] deferring start (17032 us)
[DBG] deferring start (16916 us)
[DBG] deferring start (63147 us)
[DBG] deferring start (39817 us)
[DBG] deferring start (16513 us)
[DBG] deferring start (16391 us)
[DBG] deferring start (16265 us)
[DBG] deferring start (16106 us)
[DBG] started
[DBG] picture displayed late (missing 11 ms)
9:19:16.922 AM [skip] after=60649 ms
[DBG] ES_OUT_RESET_PCR called
9:19:17.612 AM [skip] +30 s (click) before=60649 ms target=90649 ms
9:19:17.617 AM [player] buffering 0.0
[DBG] elst (1) gives 90649ms (movie)-> 90646ms (track)
[DBG] track[Id 0x1] using Sync Sample Box (stss)
[DBG] stss gives 2716 --> 2700 (sample number)
[DBG] track[Id 0x1] sync point found sample 2700(-16)
[DBG] seeking with 556ms preroll (use input-fast-seek to avoid) to 90649000
[DBG] elst (0) gives 90092ms (movie)-> 90092ms (track)
[DBG] track[Id 0x2] preroll offset: -1 samples
[DBG] resolving 192.168.1.250 ...
[DBG] outgoing request:
GET /stream/8 HTTP/1.1
Host: 192.168.1.250:8093
Accept: */*
Accept-Language: en_US
User-Agent: VLC/4.0.0-dev LibVLC/4.0.0-dev
If-Unmodified-Since: Fri, 18 Apr 2025 14:27:12 GMT
Range: bytes=90977209-


[DBG] incoming response:
HTTP/1.1 206 Partial Content
Accept-Ranges: bytes
Content-Length: 3089184478
Content-Range: bytes 90977209-3180161686/3180161687
Content-Type: video/mp4
Last-Modified: Fri, 18 Apr 2025 14:27:12 GMT
Date: Mon, 14 Sep 2026 13:19:17 GMT


[DBG] connection failed
[DBG] Buffering 0%
9:19:17.746 AM [player] buffering 0.0
[DBG] Buffering 1%
[DBG] Buffering 2%
[DBG] Buffering 4%
[DBG] Buffering 5%
[DBG] Buffering 7%
[DBG] Buffering 9%
[DBG] Buffering 10%
[DBG] Buffering 11%
[DBG] Buffering 13%
[DBG] Buffering 14%
[DBG] Buffering 15%
[DBG] Buffering 17%
[DBG] Buffering 18%
[DBG] Buffering 19%
[DBG] Buffering 20%
[DBG] Buffering 21%
[DBG] Buffering 23%
[DBG] Buffering 24%
[DBG] Buffering 25%
[DBG] Buffering 26%
[DBG] Buffering 27%
[DBG] Buffering 28%
[DBG] Buffering 29%
[DBG] Buffering 30%
[DBG] Buffering 32%
[DBG] Buffering 33%
[DBG] Buffering 34%
[DBG] Buffering 36%
[DBG] end of audio preroll
[DBG] Buffering 38%
[DBG] Buffering 39%
[DBG] Buffering 40%
[DBG] Buffering 42%
[DBG] Buffering 43%
[DBG] Buffering 44%
[DBG] Buffering 46%
[DBG] Buffering 47%
[DBG] Buffering 48%
[DBG] Buffering 49%
[DBG] Buffering 50%
[DBG] Buffering 52%
[DBG] Buffering 53%
[DBG] Buffering 54%
[DBG] Buffering 55%
[DBG] Buffering 57%
[DBG] end of video preroll
[DBG] Received first picture
[DBG] Buffering 59%
[DBG] Buffering 61%
[DBG] Buffering 62%
[DBG] Buffering 63%
[DBG] Buffering 65%
[DBG] Buffering 66%
[DBG] Buffering 67%
[DBG] Buffering 68%
[DBG] Buffering 69%
[DBG] Buffering 71%
[DBG] Buffering 72%
[DBG] Buffering 73%
[DBG] Buffering 75%
[DBG] Buffering 76%
[DBG] Buffering 77%
[DBG] Buffering 78%
[DBG] Buffering 79%
[DBG] Buffering 81%
[DBG] Buffering 82%
[DBG] Buffering 84%
[DBG] Buffering 85%
[DBG] Buffering 86%
[DBG] Buffering 88%
[DBG] Buffering 90%
[DBG] Buffering 91%
[DBG] Buffering 92%
[DBG] Buffering 94%
[DBG] Buffering 95%
[DBG] Buffering 96%
[DBG] Buffering 97%
[DBG] Buffering 98%
[DBG] Stream buffering done (1602 ms in 72 ms)
9:19:17.819 AM [player] buffering 1.0
[DBG] Decoder wait done in 0 ms
[DBG] deferring start (172700 us)
[DBG] deferring start (144104 us)
[DBG] deferring start (120513 us)
[DBG] deferring start (97011 us)
[DBG] deferring start (73441 us)
[DBG] deferring start (49942 us)
[DBG] deferring start (26461 us)
[DBG] deferring start (26222 us)
[DBG] deferring start (25966 us)
[DBG] deferring start (25681 us)
[DBG] deferring start (25300 us)
[DBG] deferring start (25072 us)
[DBG] deferring start (24733 us)
[DBG] deferring start (24513 us)
[DBG] deferring start (24205 us)
[DBG] deferring start (24001 us)
[DBG] deferring start (23808 us)
[DBG] deferring start (23615 us)
[DBG] deferring start (23407 us)
[DBG] deferring start (23172 us)
[DBG] deferring start (22962 us)
[DBG] deferring start (22743 us)
[DBG] deferring start (22481 us)
[DBG] deferring start (22124 us)
[DBG] deferring start (21904 us)
[DBG] deferring start (21690 us)
[DBG] deferring start (21397 us)
[DBG] deferring start (21180 us)
[DBG] deferring start (20975 us)
[DBG] deferring start (20761 us)
[DBG] deferring start (20543 us)
[DBG] deferring start (20305 us)
[DBG] deferring start (20082 us)
[DBG] deferring start (19864 us)
[DBG] deferring start (19639 us)
[DBG] deferring start (19325 us)
[DBG] deferring start (19145 us)
[DBG] deferring start (18982 us)
[DBG] deferring start (41941 us)
[DBG] deferring start (18558 us)
[DBG] deferring start (18363 us)
[DBG] deferring start (18180 us)
[DBG] deferring start (17995 us)
[DBG] deferring start (17797 us)
[DBG] deferring start (17610 us)
[DBG] deferring start (17417 us)
[DBG] deferring start (17227 us)
[DBG] deferring start (17027 us)
[DBG] deferring start (16838 us)
[DBG] deferring start (16641 us)
[DBG] deferring start (16459 us)
[DBG] deferring start (16263 us)
[DBG] deferring start (16079 us)
[DBG] deferring start (15881 us)
[DBG] deferring start (15705 us)
[DBG] started
[DBG] picture displayed late (missing 8 ms)
9:19:18.126 AM [skip] after=90649 ms
9:19:18.847 AM [skip] +30 s (click) before=90649 ms target=120649 ms
[DBG] ES_OUT_RESET_PCR called
9:19:18.850 AM [player] buffering 0.0
[DBG] elst (1) gives 120649ms (movie)-> 120646ms (track)
[DBG] track[Id 0x1] using Sync Sample Box (stss)
[DBG] stss gives 3615 --> 3600 (sample number)
[DBG] track[Id 0x1] sync point found sample 3600(-15)
[DBG] seeking with 526ms preroll (use input-fast-seek to avoid) to 120649000
[DBG] elst (0) gives 120122ms (movie)-> 120122ms (track)
[DBG] track[Id 0x2] preroll offset: -1 samples
[DBG] resolving 192.168.1.250 ...
[DBG] outgoing request:
GET /stream/8 HTTP/1.1
Host: 192.168.1.250:8093
Accept: */*
Accept-Language: en_US
User-Agent: VLC/4.0.0-dev LibVLC/4.0.0-dev
If-Unmodified-Since: Fri, 18 Apr 2025 14:27:12 GMT
Range: bytes=121511337-


[DBG] incoming response:
HTTP/1.1 206 Partial Content
Accept-Ranges: bytes
Content-Length: 3058650350
Content-Range: bytes 121511337-3180161686/3180161687
Content-Type: video/mp4
Last-Modified: Fri, 18 Apr 2025 14:27:12 GMT
Date: Mon, 14 Sep 2026 13:19:19 GMT


[DBG] connection failed
[DBG] Buffering 0%
9:19:18.975 AM [player] buffering 0.0
[DBG] Buffering 1%
[DBG] Buffering 3%
[DBG] Buffering 4%
[DBG] Buffering 5%
[DBG] Buffering 7%
[DBG] Buffering 8%
[DBG] Buffering 9%
[DBG] Buffering 10%
[DBG] Buffering 11%
[DBG] Buffering 13%
[DBG] Buffering 14%
[DBG] Buffering 15%
[DBG] Buffering 16%
[DBG] Buffering 18%
[DBG] Buffering 19%
[DBG] Buffering 20%
[DBG] Buffering 22%
[DBG] Buffering 23%
[DBG] Buffering 24%
[DBG] Buffering 25%
[DBG] Buffering 26%
[DBG] Buffering 27%
[DBG] Buffering 28%
[DBG] Buffering 29%
[DBG] Buffering 30%
[DBG] Buffering 32%
[DBG] Buffering 33%
[DBG] Buffering 35%
[DBG] end of audio preroll
[DBG] Buffering 37%
[DBG] Buffering 38%
[DBG] Buffering 39%
[DBG] Buffering 41%
[DBG] Buffering 42%
[DBG] Buffering 43%
[DBG] Buffering 44%
[DBG] Buffering 45%
[DBG] Buffering 47%
[DBG] Buffering 48%
[DBG] Buffering 49%
[DBG] Buffering 50%
[DBG] Buffering 51%
[DBG] Buffering 52%
[DBG] Buffering 54%
[DBG] end of video preroll
[DBG] Received first picture
[DBG] Buffering 56%
[DBG] Buffering 57%
[DBG] Buffering 58%
[DBG] Buffering 60%
[DBG] Buffering 61%
[DBG] Buffering 62%
[DBG] Buffering 63%
[DBG] Buffering 64%
[DBG] Buffering 66%
[DBG] Buffering 67%
[DBG] Buffering 68%
[DBG] Buffering 69%
[DBG] Buffering 70%
[DBG] Buffering 72%
[DBG] Buffering 73%
[DBG] Buffering 75%
[DBG] Buffering 76%
[DBG] Buffering 77%
[DBG] Buffering 79%
[DBG] Buffering 81%
[DBG] Buffering 82%
[DBG] Buffering 83%
[DBG] Buffering 85%
[DBG] Buffering 86%
[DBG] Buffering 87%
[DBG] Buffering 88%
[DBG] Buffering 89%
[DBG] Buffering 91%
[DBG] Buffering 92%
[DBG] Buffering 94%
[DBG] Buffering 95%
[DBG] Buffering 96%
[DBG] Buffering 97%
[DBG] Buffering 98%
[DBG] Stream buffering done (1587 ms in 94 ms)
[DBG] Decoder wait done in 0 ms
9:19:19.069 AM [player] buffering 1.0
[DBG] deferring start (289060 us)
[DBG] deferring start (258246 us)
[DBG] deferring start (234489 us)
[DBG] deferring start (210945 us)
[DBG] deferring start (187308 us)
[DBG] deferring start (163789 us)
[DBG] deferring start (140044 us)
[DBG] deferring start (116522 us)
[DBG] deferring start (93060 us)
[DBG] deferring start (69527 us)
[DBG] deferring start (45364 us)
[DBG] deferring start (21807 us)
[DBG] deferring start (44496 us)
[DBG] deferring start (21034 us)
[DBG] deferring start (20762 us)
[DBG] deferring start (20497 us)
[DBG] deferring start (20222 us)
[DBG] deferring start (19757 us)
[DBG] deferring start (135174 us)
[DBG] deferring start (111717 us)
[DBG] deferring start (88259 us)
[DBG] deferring start (64783 us)
[DBG] deferring start (41379 us)
[DBG] deferring start (17966 us)
[DBG] deferring start (63995 us)
[DBG] deferring start (40545 us)
[DBG] deferring start (17133 us)
[DBG] deferring start (16907 us)
[DBG] deferring start (16649 us)
[DBG] deferring start (16427 us)
[DBG] deferring start (15991 us)
[DBG] deferring start (15794 us)
[DBG] deferring start (15591 us)
[DBG] deferring start (15368 us)
[DBG] deferring start (15110 us)
[DBG] deferring start (14900 us)
[DBG] deferring start (14704 us)
[DBG] deferring start (14521 us)
[DBG] deferring start (14209 us)
[DBG] deferring start (13925 us)
[DBG] deferring start (13588 us)
[DBG] deferring start (13355 us)
[DBG] deferring start (13138 us)
[DBG] deferring start (12910 us)
[DBG] deferring start (12671 us)
[DBG] deferring start (12445 us)
[DBG] deferring start (12220 us)
[DBG] deferring start (11996 us)
[DBG] deferring start (11666 us)
[DBG] deferring start (11451 us)
[DBG] deferring start (11230 us)
[DBG] deferring start (11016 us)
[DBG] deferring start (10798 us)
[DBG] deferring start (10568 us)
[DBG] deferring start (10340 us)
[DBG] deferring start (10096 us)
[DBG] started
[DBG] picture displayed late (missing 14 ms)
9:19:19.384 AM [skip] after=120649 ms
[DBG] ES_OUT_RESET_PCR called
9:19:20.090 AM [skip] +30 s (click) before=120649 ms target=150649 ms
9:19:20.095 AM [player] buffering 0.0
[DBG] elst (1) gives 150649ms (movie)-> 150646ms (track)
[DBG] track[Id 0x1] using Sync Sample Box (stss)
[DBG] stss gives 4514 --> 4500 (sample number)
[DBG] track[Id 0x1] sync point found sample 4500(-14)
[DBG] seeking with 496ms preroll (use input-fast-seek to avoid) to 150649000
[DBG] elst (0) gives 150152ms (movie)-> 150152ms (track)
[DBG] track[Id 0x2] preroll offset: -1 samples
[DBG] resolving 192.168.1.250 ...
[DBG] outgoing request:
GET /stream/8 HTTP/1.1
Host: 192.168.1.250:8093
Accept: */*
Accept-Language: en_US
User-Agent: VLC/4.0.0-dev LibVLC/4.0.0-dev
If-Unmodified-Since: Fri, 18 Apr 2025 14:27:12 GMT
Range: bytes=151991555-


[DBG] incoming response:
HTTP/1.1 206 Partial Content
Accept-Ranges: bytes
Content-Length: 3028170132
Content-Range: bytes 151991555-3180161686/3180161687
Content-Type: video/mp4
Last-Modified: Fri, 18 Apr 2025 14:27:12 GMT
Date: Mon, 14 Sep 2026 13:19:20 GMT


[DBG] connection failed
[DBG] Buffering 0%
[DBG] Buffering 1%
9:19:20.206 AM [player] buffering 0.0
[DBG] Buffering 2%
[DBG] Buffering 3%
[DBG] Buffering 4%
[DBG] Buffering 6%
[DBG] Buffering 7%
[DBG] Buffering 8%
[DBG] Buffering 9%
[DBG] Buffering 11%
[DBG] Buffering 12%
[DBG] Buffering 13%
[DBG] Buffering 15%
[DBG] Buffering 16%
[DBG] Buffering 17%
[DBG] Buffering 18%
[DBG] Buffering 19%
[DBG] Buffering 21%
[DBG] Buffering 22%
[DBG] Buffering 24%
[DBG] Buffering 26%
[DBG] Buffering 27%
[DBG] Buffering 28%
[DBG] Buffering 30%
[DBG] Buffering 31%
[DBG] Buffering 32%
[DBG] Buffering 33%
[DBG] Buffering 34%
[DBG] Buffering 36%
[DBG] end of audio preroll
[DBG] Buffering 37%
[DBG] Buffering 39%
[DBG] Buffering 41%
[DBG] Buffering 42%
[DBG] Buffering 43%
[DBG] Buffering 45%
[DBG] Buffering 46%
[DBG] end of video preroll
[DBG] Received first picture
[DBG] Buffering 48%
[DBG] Buffering 50%
[DBG] Buffering 51%
[DBG] Buffering 52%
[DBG] Buffering 53%
[DBG] Buffering 54%
[DBG] Buffering 56%
[DBG] Buffering 57%
[DBG] Buffering 58%
[DBG] Buffering 59%
[DBG] Buffering 61%
[DBG] Buffering 62%
[DBG] Buffering 63%
[DBG] Buffering 65%
[DBG] Buffering 66%
[DBG] Buffering 67%
[DBG] Buffering 68%
[DBG] Buffering 69%
[DBG] Buffering 71%
[DBG] Buffering 72%
[DBG] Buffering 74%
[DBG] Buffering 76%
[DBG] Buffering 77%
[DBG] Buffering 78%
[DBG] Buffering 80%
[DBG] Buffering 81%
[DBG] Buffering 82%
[DBG] Buffering 83%
[DBG] Buffering 85%
[DBG] Buffering 86%
[DBG] Buffering 87%
[DBG] Buffering 89%
[DBG] Buffering 90%
[DBG] Buffering 91%
[DBG] Buffering 92%
[DBG] Buffering 93%
[DBG] Buffering 95%
[DBG] Buffering 97%
[DBG] Buffering 98%
[DBG] Stream buffering done (1537 ms in 72 ms)
[DBG] Decoder wait done in 0 ms
9:19:20.279 AM [player] buffering 1.0
[DBG] deferring start (612079 us)
[DBG] deferring start (582513 us)
[DBG] deferring start (558929 us)
[DBG] deferring start (535250 us)
[DBG] deferring start (511756 us)
[DBG] deferring start (488250 us)
[DBG] deferring start (464548 us)
[DBG] deferring start (441082 us)
[DBG] deferring start (417600 us)
[DBG] deferring start (394134 us)
[DBG] deferring start (370702 us)
[DBG] deferring start (347300 us)
[DBG] deferring start (323896 us)
[DBG] deferring start (300476 us)
[DBG] deferring start (277043 us)
[DBG] deferring start (253641 us)
[DBG] deferring start (230217 us)
[DBG] deferring start (206791 us)
[DBG] deferring start (183364 us)
[DBG] deferring start (159950 us)
[DBG] deferring start (136527 us)
[DBG] deferring start (113114 us)
[DBG] deferring start (89709 us)
[DBG] deferring start (66319 us)
[DBG] deferring start (42879 us)
[DBG] deferring start (42550 us)
[DBG] deferring start (42271 us)
[DBG] deferring start (41984 us)
[DBG] deferring start (41750 us)
[DBG] deferring start (41528 us)
[DBG] deferring start (41293 us)
[DBG] deferring start (41073 us)
[DBG] deferring start (40832 us)
[DBG] deferring start (40562 us)
[DBG] deferring start (40323 us)
[DBG] deferring start (40108 us)
[DBG] deferring start (39891 us)
[DBG] deferring start (39659 us)
[DBG] deferring start (39428 us)
[DBG] deferring start (39209 us)
[DBG] deferring start (38972 us)
[DBG] deferring start (38748 us)
[DBG] deferring start (38517 us)
[DBG] deferring start (38307 us)
[DBG] deferring start (38060 us)
[DBG] deferring start (37818 us)
[DBG] deferring start (60841 us)
[DBG] deferring start (37515 us)
[DBG] deferring start (37386 us)
[DBG] deferring start (37274 us)
[DBG] deferring start (83520 us)
[DBG] deferring start (60219 us)
[DBG] deferring start (36915 us)
[DBG] deferring start (36822 us)
[DBG] deferring start (36663 us)
[DBG] deferring start (36526 us)
[DBG] started
9:19:20.608 AM [skip] after=150649 ms
[DBG] ES_OUT_RESET_PCR called
9:19:21.318 AM [skip] +30 s (click) before=150649 ms target=180649 ms
9:19:21.325 AM [player] buffering 0.0
[DBG] elst (1) gives 180649ms (movie)-> 180646ms (track)
[DBG] track[Id 0x1] using Sync Sample Box (stss)
[DBG] stss gives 5413 --> 5400 (sample number)
[DBG] track[Id 0x1] sync point found sample 5400(-13)
[DBG] seeking with 466ms preroll (use input-fast-seek to avoid) to 180649000
[DBG] elst (0) gives 180182ms (movie)-> 180182ms (track)
[DBG] track[Id 0x2] preroll offset: -1 samples
[DBG] resolving 192.168.1.250 ...
[DBG] outgoing request:
GET /stream/8 HTTP/1.1
Host: 192.168.1.250:8093
Accept: */*
Accept-Language: en_US
User-Agent: VLC/4.0.0-dev LibVLC/4.0.0-dev
If-Unmodified-Since: Fri, 18 Apr 2025 14:27:12 GMT
Range: bytes=182062987-


[DBG] incoming response:
HTTP/1.1 206 Partial Content
Accept-Ranges: bytes
Content-Length: 2998098700
Content-Range: bytes 182062987-3180161686/3180161687
Content-Type: video/mp4
Last-Modified: Fri, 18 Apr 2025 14:27:12 GMT
Date: Mon, 14 Sep 2026 13:19:21 GMT


[DBG] connection failed
[DBG] Buffering 0%
9:19:21.414 AM [player] buffering 0.0
[DBG] Buffering 1%
[DBG] Buffering 2%
[DBG] Buffering 3%
[DBG] Buffering 5%
[DBG] Buffering 6%
[DBG] Buffering 7%
[DBG] Buffering 9%
[DBG] Buffering 10%
[DBG] Buffering 11%
[DBG] Buffering 12%
[DBG] Buffering 13%
[DBG] Buffering 15%
[DBG] Buffering 16%
[DBG] Buffering 18%
[DBG] Buffering 20%
[DBG] Buffering 21%
[DBG] Buffering 22%
[DBG] Buffering 23%
[DBG] Buffering 24%
[DBG] Buffering 26%
[DBG] Buffering 27%
[DBG] Buffering 29%
[DBG] Buffering 30%
[DBG] Buffering 31%
[DBG] Buffering 32%
[DBG] end of audio preroll
[DBG] Buffering 33%
[DBG] Buffering 35%
[DBG] Buffering 36%
[DBG] end of video preroll
[DBG] Received first picture
[DBG] Buffering 38%
[DBG] Buffering 40%
[DBG] Buffering 41%
[DBG] Buffering 42%
[DBG] Buffering 43%
[DBG] Buffering 44%
[DBG] Buffering 46%
[DBG] Buffering 47%
[DBG] Buffering 49%
[DBG] Buffering 50%
[DBG] Buffering 51%
[DBG] Buffering 52%
[DBG] Buffering 53%
[DBG] Buffering 55%
[DBG] Buffering 56%
[DBG] Buffering 58%
[DBG] Buffering 60%
[DBG] Buffering 61%
[DBG] Buffering 62%
[DBG] Buffering 63%
[DBG] Buffering 64%
[DBG] Buffering 66%
[DBG] Buffering 67%
[DBG] Buffering 69%
[DBG] Buffering 71%
[DBG] Buffering 72%
[DBG] Buffering 73%
[DBG] Buffering 75%
[DBG] Buffering 76%
[DBG] Buffering 77%
[DBG] Buffering 78%
[DBG] Buffering 80%
[DBG] Buffering 81%
[DBG] Buffering 82%
[DBG] Buffering 83%
[DBG] Buffering 84%
[DBG] Buffering 86%
[DBG] Buffering 87%
[DBG] Buffering 89%
[DBG] Buffering 91%
[DBG] Buffering 92%
[DBG] Buffering 93%
[DBG] Buffering 95%
[DBG] Buffering 96%
[DBG] Buffering 97%
[DBG] Buffering 98%
[DBG] Stream buffering done (1510 ms in 118 ms)
[DBG] Decoder wait done in 0 ms
9:19:21.532 AM [player] buffering 1.0
[DBG] deferring start (266319 us)
[DBG] deferring start (235400 us)
[DBG] deferring start (211756 us)
[DBG] deferring start (188123 us)
[DBG] deferring start (164636 us)
[DBG] deferring start (141173 us)
[DBG] deferring start (117723 us)
[DBG] deferring start (94239 us)
[DBG] deferring start (70662 us)
[DBG] deferring start (47192 us)
[DBG] deferring start (23719 us)
[DBG] deferring start (23341 us)
[DBG] deferring start (23046 us)
[DBG] deferring start (22782 us)
[DBG] deferring start (22481 us)
[DBG] deferring start (22226 us)
[DBG] deferring start (21969 us)
[DBG] deferring start (21714 us)
[DBG] deferring start (21407 us)
[DBG] deferring start (21131 us)
[DBG] deferring start (20717 us)
[DBG] deferring start (20455 us)
[DBG] deferring start (20189 us)
[DBG] deferring start (19927 us)
[DBG] deferring start (19678 us)
[DBG] deferring start (19439 us)
[DBG] deferring start (19194 us)
[DBG] deferring start (18936 us)
[DBG] deferring start (18689 us)
[DBG] deferring start (18473 us)
[DBG] deferring start (18274 us)
[DBG] deferring start (18029 us)
[DBG] deferring start (17693 us)
[DBG] deferring start (17423 us)
[DBG] deferring start (17199 us)
[DBG] deferring start (16992 us)
[DBG] deferring start (16749 us)
[DBG] deferring start (16533 us)
[DBG] deferring start (16317 us)
[DBG] deferring start (16120 us)
[DBG] deferring start (38974 us)
[DBG] deferring start (14996 us)
[DBG] deferring start (14596 us)
[DBG] deferring start (14330 us)
[DBG] deferring start (14079 us)
[DBG] deferring start (13832 us)
[DBG] deferring start (13599 us)
[DBG] deferring start (13364 us)
[DBG] deferring start (13091 us)
[DBG] deferring start (12848 us)
[DBG] deferring start (12532 us)
[DBG] deferring start (12288 us)
[DBG] deferring start (12059 us)
[DBG] deferring start (11850 us)
[DBG] deferring start (11576 us)
[DBG] deferring start (11299 us)
[DBG] deferring start (11073 us)
[DBG] deferring start (10877 us)
[DBG] started
9:19:21.843 AM [skip] after=180649 ms
[DBG] ES_OUT_RESET_PCR called
9:19:22.553 AM [skip] +30 s (click) before=180649 ms target=210649 ms
9:19:22.557 AM [player] buffering 0.0
[DBG] elst (1) gives 210649ms (movie)-> 210646ms (track)
[DBG] track[Id 0x1] using Sync Sample Box (stss)
[DBG] stss gives 6313 --> 6300 (sample number)
[DBG] track[Id 0x1] sync point found sample 6300(-13)
[DBG] seeking with 436ms preroll (use input-fast-seek to avoid) to 210649000
[DBG] elst (0) gives 210212ms (movie)-> 210212ms (track)
[DBG] track[Id 0x2] preroll offset: -1 samples
[DBG] resolving 192.168.1.250 ...
[DBG] outgoing request:
GET /stream/8 HTTP/1.1
Host: 192.168.1.250:8093
Accept: */*
Accept-Language: en_US
User-Agent: VLC/4.0.0-dev LibVLC/4.0.0-dev
If-Unmodified-Since: Fri, 18 Apr 2025 14:27:12 GMT
Range: bytes=213350164-


[DBG] incoming response:
HTTP/1.1 206 Partial Content
Accept-Ranges: bytes
Content-Length: 2966811523
Content-Range: bytes 213350164-3180161686/3180161687
Content-Type: video/mp4
Last-Modified: Fri, 18 Apr 2025 14:27:12 GMT
Date: Mon, 14 Sep 2026 13:19:22 GMT


[DBG] connection failed
[DBG] Buffering 0%
9:19:22.672 AM [player] buffering 0.0
[DBG] Buffering 1%
[DBG] Buffering 3%
[DBG] Buffering 4%
[DBG] Buffering 5%
[DBG] Buffering 6%
[DBG] Buffering 7%
[DBG] Buffering 10%
[DBG] Buffering 12%
[DBG] Buffering 14%
[DBG] Buffering 15%
[DBG] Buffering 16%
[DBG] Buffering 17%
[DBG] Buffering 19%
[DBG] Buffering 20%
[DBG] Buffering 21%
[DBG] Buffering 23%
[DBG] Buffering 25%
[DBG] Buffering 26%
[DBG] Buffering 28%
[DBG] Buffering 30%
[DBG] Buffering 31%
[DBG] end of audio preroll
[DBG] Buffering 32%
[DBG] Buffering 34%
[DBG] Buffering 35%
[DBG] Buffering 36%
[DBG] Buffering 37%
[DBG] Buffering 39%
[DBG] Buffering 40%
[DBG] Buffering 41%
[DBG] Buffering 42%
[DBG] Buffering 43%
[DBG] Buffering 45%
[DBG] Buffering 46%
[DBG] Buffering 48%
[DBG] Buffering 50%
[DBG] Buffering 51%
[DBG] Buffering 52%
[DBG] Buffering 53%
[DBG] Buffering 54%
[DBG] Buffering 56%
[DBG] end of video preroll
[DBG] Received first picture
[DBG] Buffering 57%
[DBG] Buffering 59%
[DBG] Buffering 60%
[DBG] Buffering 61%
[DBG] Buffering 62%
[DBG] Buffering 63%
[DBG] Buffering 64%
[DBG] Buffering 66%
[DBG] Buffering 67%
[DBG] Buffering 68%
[DBG] Buffering 70%
[DBG] Buffering 71%
[DBG] Buffering 72%
[DBG] Buffering 73%
[DBG] Buffering 75%
[DBG] Buffering 76%
[DBG] Buffering 77%
[DBG] Buffering 78%
[DBG] Buffering 79%
[DBG] Buffering 81%
[DBG] Buffering 82%
[DBG] Buffering 84%
[DBG] Buffering 86%
[DBG] Buffering 87%
[DBG] Buffering 88%
[DBG] Buffering 89%
[DBG] Buffering 90%
[DBG] Buffering 92%
[DBG] Buffering 93%
[DBG] Buffering 95%
[DBG] Buffering 96%
[DBG] Buffering 97%
[DBG] Buffering 98%
[DBG] Buffering 99%
[DBG] Stream buffering done (1486 ms in 75 ms)
[DBG] Decoder wait done in 0 ms
9:19:22.747 AM [player] buffering 1.0
[DBG] deferring start (197014 us)
[DBG] deferring start (167108 us)
[DBG] deferring start (143330 us)
[DBG] deferring start (119840 us)
[DBG] deferring start (96381 us)
[DBG] deferring start (72831 us)
[DBG] deferring start (49418 us)
[DBG] deferring start (25994 us)
[DBG] deferring start (48841 us)
[DBG] deferring start (25366 us)
[DBG] deferring start (48294 us)
[DBG] deferring start (24871 us)
[DBG] deferring start (24647 us)
[DBG] deferring start (24437 us)
[DBG] deferring start (24233 us)
[DBG] deferring start (24028 us)
[DBG] deferring start (23799 us)
[DBG] deferring start (23586 us)
[DBG] deferring start (23364 us)
[DBG] deferring start (23031 us)
[DBG] deferring start (22726 us)
[DBG] deferring start (22422 us)
[DBG] deferring start (22170 us)
[DBG] deferring start (21936 us)
[DBG] deferring start (21700 us)
[DBG] deferring start (21467 us)
[DBG] deferring start (21235 us)
[DBG] deferring start (21010 us)
[DBG] deferring start (20794 us)
[DBG] deferring start (20579 us)
[DBG] deferring start (20368 us)
[DBG] deferring start (20154 us)
[DBG] deferring start (19929 us)
[DBG] deferring start (19697 us)
[DBG] deferring start (19482 us)
[DBG] deferring start (19265 us)
[DBG] deferring start (19042 us)
[DBG] deferring start (18786 us)
[DBG] deferring start (18525 us)
[DBG] deferring start (18302 us)
[DBG] deferring start (18083 us)
[DBG] deferring start (17852 us)
[DBG] deferring start (17638 us)
[DBG] deferring start (17413 us)
[DBG] deferring start (17188 us)
[DBG] deferring start (40138 us)
[DBG] deferring start (16721 us)
[DBG] deferring start (16502 us)
[DBG] deferring start (16284 us)
[DBG] deferring start (16036 us)
[DBG] deferring start (15819 us)
[DBG] deferring start (15595 us)
[DBG] deferring start (61905 us)
[DBG] deferring start (38602 us)
[DBG] deferring start (15289 us)
[DBG] deferring start (15198 us)
[DBG] deferring start (15070 us)
[DBG] deferring start (14893 us)
[DBG] deferring start (14718 us)
[DBG] deferring start (14621 us)
[DBG] started
[WARN] picture is too late to be displayed (missing 42 ms)
[DBG] picture displayed late (missing 11 ms)
9:19:23.066 AM [skip] after=210649 ms
[DBG] ES_OUT_RESET_PCR called
9:19:23.789 AM [skip] +30 s (click) before=210649 ms target=240649 ms
9:19:23.794 AM [player] buffering 0.0
[DBG] elst (1) gives 240649ms (movie)-> 240646ms (track)
[DBG] track[Id 0x1] using Sync Sample Box (stss)
[DBG] stss gives 7212 --> 7200 (sample number)
[DBG] track[Id 0x1] sync point found sample 7200(-12)
[DBG] seeking with 406ms preroll (use input-fast-seek to avoid) to 240649000
[DBG] elst (0) gives 240242ms (movie)-> 240242ms (track)
[DBG] track[Id 0x2] preroll offset: -1 samples
[DBG] resolving 192.168.1.250 ...
[DBG] outgoing request:
GET /stream/8 HTTP/1.1
Host: 192.168.1.250:8093
Accept: */*
Accept-Language: en_US
User-Agent: VLC/4.0.0-dev LibVLC/4.0.0-dev
If-Unmodified-Since: Fri, 18 Apr 2025 14:27:12 GMT
Range: bytes=243410760-


[DBG] incoming response:
HTTP/1.1 206 Partial Content
Accept-Ranges: bytes
Content-Length: 2936750927
Content-Range: bytes 243410760-3180161686/3180161687
Content-Type: video/mp4
Last-Modified: Fri, 18 Apr 2025 14:27:12 GMT
Date: Mon, 14 Sep 2026 13:19:23 GMT


[DBG] connection failed
[DBG] Buffering 0%
9:19:23.899 AM [player] buffering 0.0
[DBG] Buffering 1%
[DBG] Buffering 3%
[DBG] Buffering 4%
[DBG] Buffering 6%
[DBG] Buffering 8%
[DBG] Buffering 9%
[DBG] Buffering 10%
[DBG] Buffering 11%
[DBG] Buffering 12%
[DBG] Buffering 14%
[DBG] Buffering 15%
[DBG] Buffering 17%
[DBG] Buffering 19%
[DBG] Buffering 20%
[DBG] Buffering 22%
[DBG] Buffering 24%
[DBG] Buffering 25%
[DBG] Buffering 26%
[DBG] Buffering 27%
[DBG] Buffering 28%
[DBG] Buffering 30%
[DBG] end of audio preroll
[DBG] Buffering 31%
[DBG] Buffering 33%
[DBG] Buffering 34%
[DBG] Buffering 35%
[DBG] Buffering 36%
[DBG] Buffering 38%
[DBG] Buffering 40%
[DBG] Buffering 41%
[DBG] Buffering 42%
[DBG] Buffering 44%
[DBG] Buffering 46%
[DBG] Buffering 47%
[DBG] Buffering 49%
[DBG] Buffering 50%
[DBG] Buffering 51%
[DBG] Buffering 52%
[DBG] Buffering 54%
[DBG] Buffering 55%
[DBG] end of video preroll
[DBG] Received first picture
[DBG] Buffering 56%
[DBG] Buffering 57%
[DBG] Buffering 58%
[DBG] Buffering 60%
[DBG] Buffering 61%
[DBG] Buffering 63%
[DBG] Buffering 65%
[DBG] Buffering 66%
[DBG] Buffering 67%
[DBG] Buffering 68%
[DBG] Buffering 69%
[DBG] Buffering 71%
[DBG] Buffering 72%
[DBG] Buffering 73%
[DBG] Buffering 74%
[DBG] Buffering 76%
[DBG] Buffering 77%
[DBG] Buffering 79%
[DBG] Buffering 81%
[DBG] Buffering 82%
[DBG] Buffering 83%
[DBG] Buffering 84%
[DBG] Buffering 85%
[DBG] Buffering 87%
[DBG] Buffering 88%
[DBG] Buffering 90%
[DBG] Buffering 92%
[DBG] Buffering 93%
[DBG] Buffering 95%
[DBG] Buffering 97%
[DBG] Buffering 98%
[DBG] Buffering 99%
[DBG] Stream buffering done (1462 ms in 74 ms)
[DBG] Decoder wait done in 0 ms
9:19:23.973 AM [player] buffering 1.0
[DBG] deferring start (426170 us)
[DBG] deferring start (397611 us)
[DBG] deferring start (374060 us)
[DBG] deferring start (350506 us)
[DBG] deferring start (326989 us)
[DBG] deferring start (303553 us)
[DBG] deferring start (280110 us)
[DBG] deferring start (256469 us)
[DBG] deferring start (232993 us)
[DBG] deferring start (209554 us)
[DBG] deferring start (186140 us)
[DBG] deferring start (162722 us)
[DBG] deferring start (139312 us)
[DBG] deferring start (115890 us)
[DBG] deferring start (92489 us)
[DBG] deferring start (69080 us)
[DBG] deferring start (45682 us)
[DBG] deferring start (45223 us)
[DBG] deferring start (44782 us)
[DBG] deferring start (44345 us)
[DBG] deferring start (44087 us)
[DBG] deferring start (43863 us)
[DBG] deferring start (43655 us)
[DBG] deferring start (43432 us)
[DBG] deferring start (43190 us)
[DBG] deferring start (42948 us)
[DBG] deferring start (42711 us)
[DBG] deferring start (42437 us)
[DBG] deferring start (42221 us)
[DBG] deferring start (42013 us)
[DBG] deferring start (41790 us)
[DBG] deferring start (41562 us)
[DBG] deferring start (41344 us)
[DBG] deferring start (41145 us)
[DBG] deferring start (40887 us)
[DBG] deferring start (40659 us)
[DBG] deferring start (40442 us)
[DBG] deferring start (40218 us)
[DBG] deferring start (39996 us)
[DBG] deferring start (39784 us)
[DBG] deferring start (39488 us)
[DBG] deferring start (39277 us)
[DBG] deferring start (39067 us)
[DBG] deferring start (38807 us)
[DBG] deferring start (38566 us)
[DBG] deferring start (38343 us)
[DBG] deferring start (38118 us)
[DBG] deferring start (37902 us)
[DBG] deferring start (37686 us)
[DBG] deferring start (37472 us)
[DBG] deferring start (37290 us)
[DBG] deferring start (37104 us)
[DBG] deferring start (36925 us)
[DBG] deferring start (36706 us)
[DBG] deferring start (36482 us)
[DBG] deferring start (36307 us)
[DBG] deferring start (36125 us)
[DBG] deferring start (35946 us)
[DBG] deferring start (35670 us)
[DBG] deferring start (35465 us)
[DBG] started
9:19:24.324 AM [skip] after=240649 ms
[DBG] ES_OUT_RESET_PCR called
9:19:25.023 AM [skip] +30 s (click) before=240649 ms target=270649 ms
9:19:25.026 AM [player] buffering 0.0
[DBG] elst (1) gives 270649ms (movie)-> 270646ms (track)
[DBG] track[Id 0x1] using Sync Sample Box (stss)
[DBG] stss gives 8111 --> 8100 (sample number)
[DBG] track[Id 0x1] sync point found sample 8100(-11)
[DBG] seeking with 376ms preroll (use input-fast-seek to avoid) to 270649000
[DBG] elst (0) gives 270272ms (movie)-> 270272ms (track)
[DBG] track[Id 0x2] preroll offset: -1 samples
[DBG] resolving 192.168.1.250 ...
[DBG] outgoing request:
GET /stream/8 HTTP/1.1
Host: 192.168.1.250:8093
Accept: */*
Accept-Language: en_US
User-Agent: VLC/4.0.0-dev LibVLC/4.0.0-dev
If-Unmodified-Since: Fri, 18 Apr 2025 14:27:12 GMT
Range: bytes=273991068-


[DBG] incoming response:
HTTP/1.1 206 Partial Content
Accept-Ranges: bytes
Content-Length: 2906170619
Content-Range: bytes 273991068-3180161686/3180161687
Content-Type: video/mp4
Last-Modified: Fri, 18 Apr 2025 14:27:12 GMT
Date: Mon, 14 Sep 2026 13:19:25 GMT


[DBG] connection failed
[DBG] Buffering 0%
9:19:25.129 AM [player] buffering 0.0
[DBG] Buffering 1%
[DBG] Buffering 2%
[DBG] Buffering 3%
[DBG] Buffering 5%
[DBG] Buffering 6%
[DBG] Buffering 7%
[DBG] Buffering 8%
[DBG] Buffering 9%
[DBG] Buffering 12%
[DBG] Buffering 13%
[DBG] Buffering 14%
[DBG] Buffering 16%
[DBG] Buffering 18%
[DBG] Buffering 19%
[DBG] Buffering 21%
[DBG] Buffering 22%
[DBG] Buffering 23%
[DBG] Buffering 24%
[DBG] Buffering 26%
[DBG] Buffering 27%
[DBG] Buffering 28%
[DBG] end of audio preroll
[DBG] Buffering 29%
[DBG] Buffering 31%
[DBG] Buffering 33%
[DBG] Buffering 34%
[DBG] Buffering 35%
[DBG] Buffering 36%
[DBG] Buffering 38%
[DBG] Buffering 39%
[DBG] Buffering 40%
[DBG] Buffering 41%
[DBG] end of video preroll
[DBG] Received first picture
[DBG] Buffering 42%
[DBG] Buffering 44%
[DBG] Buffering 45%
[DBG] Buffering 47%
[DBG] Buffering 49%
[DBG] Buffering 50%
[DBG] Buffering 52%
[DBG] Buffering 54%
[DBG] Buffering 55%
[DBG] Buffering 56%
[DBG] Buffering 57%
[DBG] Buffering 59%
[DBG] Buffering 60%
[DBG] Buffering 61%
[DBG] Buffering 62%
[DBG] Buffering 64%
[DBG] Buffering 65%
[DBG] Buffering 66%
[DBG] Buffering 67%
[DBG] Buffering 68%
[DBG] Buffering 71%
[DBG] Buffering 72%
[DBG] Buffering 73%
[DBG] Buffering 75%
[DBG] Buffering 77%
[DBG] Buffering 78%
[DBG] Buffering 80%
[DBG] Buffering 82%
[DBG] Buffering 83%
[DBG] Buffering 85%
[DBG] Buffering 87%
[DBG] Buffering 88%
[DBG] Buffering 89%
[DBG] Buffering 90%
[DBG] Buffering 92%
[DBG] Buffering 93%
[DBG] Buffering 94%
[DBG] Buffering 95%
[DBG] Buffering 97%
[DBG] Buffering 98%
[DBG] Buffering 99%
[DBG] Stream buffering done (1416 ms in 78 ms)
[DBG] Decoder wait done in 0 ms
9:19:25.207 AM [player] buffering 1.0
[DBG] deferring start (403441 us)
[DBG] deferring start (374981 us)
[DBG] deferring start (351387 us)
[DBG] deferring start (327823 us)
[DBG] deferring start (304405 us)
[DBG] deferring start (280998 us)
[DBG] deferring start (257575 us)
[DBG] deferring start (234174 us)
[DBG] deferring start (210750 us)
[DBG] deferring start (187316 us)
[DBG] deferring start (163880 us)
[DBG] deferring start (140447 us)
[DBG] deferring start (117045 us)
[DBG] deferring start (93633 us)
[DBG] deferring start (70238 us)
[DBG] deferring start (46837 us)
[DBG] deferring start (46612 us)
[DBG] deferring start (46353 us)
[DBG] deferring start (184888 us)
[DBG] deferring start (161293 us)
[DBG] deferring start (137774 us)
[DBG] deferring start (114290 us)
[DBG] deferring start (90844 us)
[DBG] deferring start (67407 us)
[DBG] deferring start (44079 us)
[DBG] deferring start (43883 us)
[DBG] deferring start (43765 us)
[DBG] deferring start (43651 us)
[DBG] deferring start (252277 us)
[DBG] deferring start (228959 us)
[DBG] deferring start (205643 us)
[DBG] deferring start (182174 us)
[DBG] deferring start (158859 us)
[DBG] deferring start (135552 us)
[DBG] deferring start (112199 us)
[DBG] deferring start (88884 us)
[DBG] deferring start (65564 us)
[DBG] deferring start (42259 us)
[DBG] deferring start (42117 us)
[DBG] deferring start (42001 us)
[DBG] deferring start (65084 us)
[DBG] deferring start (41759 us)
[DBG] deferring start (41642 us)
[DBG] deferring start (41542 us)
[DBG] deferring start (41453 us)
[DBG] deferring start (41269 us)
[DBG] deferring start (41036 us)
[DBG] deferring start (40816 us)
[DBG] deferring start (63586 us)
[DBG] deferring start (40109 us)
[DBG] deferring start (39890 us)
[DBG] deferring start (27743 us)
[DBG] deferring start (27560 us)
[DBG] deferring start (27453 us)
[DBG] deferring start (27287 us)
[DBG] deferring start (27127 us)
[DBG] deferring start (73336 us)
[DBG] deferring start (50009 us)
[DBG] deferring start (26680 us)
[DBG] deferring start (26505 us)
[DBG] deferring start (26371 us)
[DBG] deferring start (26266 us)
[DBG] started
9:19:25.556 AM [skip] after=270649 ms
[DBG] ES_OUT_RESET_PCR called
9:19:26.255 AM [skip] +30 s (click) before=270649 ms target=300649 ms
9:19:26.260 AM [player] buffering 0.0
[DBG] elst (1) gives 300649ms (movie)-> 300646ms (track)
[DBG] track[Id 0x1] using Sync Sample Box (stss)
[DBG] stss gives 9010 --> 9000 (sample number)
[DBG] track[Id 0x1] sync point found sample 9000(-10)
[DBG] seeking with 346ms preroll (use input-fast-seek to avoid) to 300649000
[DBG] elst (0) gives 300302ms (movie)-> 300302ms (track)
[DBG] track[Id 0x2] preroll offset: -1 samples
[DBG] resolving 192.168.1.250 ...
[DBG] outgoing request:
GET /stream/8 HTTP/1.1
Host: 192.168.1.250:8093
Accept: */*
Accept-Language: en_US
User-Agent: VLC/4.0.0-dev LibVLC/4.0.0-dev
If-Unmodified-Since: Fri, 18 Apr 2025 14:27:12 GMT
Range: bytes=304666478-


[DBG] incoming response:
HTTP/1.1 206 Partial Content
Accept-Ranges: bytes
Content-Length: 2875495209
Content-Range: bytes 304666478-3180161686/3180161687
Content-Type: video/mp4
Last-Modified: Fri, 18 Apr 2025 14:27:12 GMT
Date: Mon, 14 Sep 2026 13:19:26 GMT


[DBG] connection failed
[DBG] Buffering 0%
9:19:26.382 AM [player] buffering 0.0
[DBG] Buffering 1%
[DBG] Buffering 3%
[DBG] Buffering 5%
[DBG] Buffering 6%
[DBG] Buffering 8%
[DBG] Buffering 10%
[DBG] Buffering 11%
[DBG] Buffering 12%
[DBG] Buffering 13%
[DBG] Buffering 15%
[DBG] Buffering 16%
[DBG] Buffering 17%
[DBG] Buffering 18%
[DBG] Buffering 20%
[DBG] Buffering 21%
[DBG] Buffering 22%
[DBG] Buffering 23%
[DBG] Buffering 24%
[DBG] Buffering 25%
[DBG] Buffering 27%
[DBG] end of audio preroll
[DBG] Buffering 28%
[DBG] Buffering 29%
[DBG] Buffering 30%
[DBG] Buffering 32%
[DBG] Buffering 33%
[DBG] Buffering 34%
[DBG] Buffering 35%
[DBG] Buffering 36%
[DBG] Buffering 38%
[DBG] Buffering 39%
[DBG] Buffering 40%
[DBG] Buffering 41%
[DBG] Buffering 44%
[DBG] Buffering 45%
[DBG] end of video preroll
[DBG] Received first picture
[DBG] Buffering 46%
[DBG] Buffering 48%
[DBG] Buffering 50%
[DBG] Buffering 51%
[DBG] Buffering 53%
[DBG] Buffering 55%
[DBG] Buffering 56%
[DBG] Buffering 58%
[DBG] Buffering 60%
[DBG] Buffering 61%
[DBG] Buffering 63%
[DBG] Buffering 65%
[DBG] Buffering 66%
[DBG] Buffering 67%
[DBG] Buffering 68%
[DBG] Buffering 70%
[DBG] Buffering 71%
[DBG] Buffering 72%
[DBG] Buffering 73%
[DBG] Buffering 75%
[DBG] Buffering 76%
[DBG] Buffering 77%
[DBG] Buffering 78%
[DBG] Buffering 79%
[DBG] Buffering 80%
[DBG] Buffering 82%
[DBG] Buffering 83%
[DBG] Buffering 84%
[DBG] Buffering 85%
[DBG] Buffering 87%
[DBG] Buffering 88%
[DBG] Buffering 89%
[DBG] Buffering 90%
[DBG] Buffering 91%
[DBG] Buffering 93%
[DBG] Buffering 94%
[DBG] Buffering 95%
[DBG] Buffering 96%
[DBG] Buffering 98%
[DBG] Buffering 99%
[DBG] Stream buffering done (1393 ms in 85 ms)
[DBG] Decoder wait done in 0 ms
9:19:26.468 AM [player] buffering 1.0
[DBG] deferring start (311059 us)
[DBG] deferring start (280795 us)
[DBG] deferring start (257067 us)
[DBG] deferring start (233203 us)
[DBG] deferring start (209713 us)
[DBG] deferring start (186156 us)
[DBG] deferring start (162673 us)
[DBG] deferring start (139161 us)
[DBG] deferring start (115660 us)
[DBG] deferring start (91909 us)
[DBG] deferring start (68434 us)
[DBG] deferring start (44963 us)
[DBG] deferring start (44675 us)
[DBG] deferring start (44394 us)
[DBG] deferring start (44135 us)
[DBG] deferring start (43916 us)
[DBG] deferring start (43716 us)
[DBG] deferring start (43509 us)
[DBG] deferring start (43215 us)
[DBG] deferring start (43003 us)
[DBG] deferring start (42784 us)
[DBG] deferring start (42595 us)
[DBG] deferring start (42355 us)
[DBG] deferring start (42142 us)
[DBG] deferring start (41948 us)
[DBG] deferring start (41750 us)
[DBG] deferring start (41546 us)
[DBG] deferring start (41345 us)
[DBG] deferring start (41126 us)
[DBG] deferring start (40937 us)
[DBG] deferring start (40747 us)
[DBG] deferring start (40562 us)
[DBG] deferring start (40358 us)
[DBG] deferring start (39946 us)
[DBG] deferring start (39672 us)
[DBG] deferring start (39412 us)
[DBG] deferring start (39145 us)
[DBG] deferring start (38899 us)
[DBG] deferring start (38674 us)
[DBG] deferring start (38453 us)
[DBG] deferring start (38243 us)
[DBG] deferring start (38014 us)
[DBG] deferring start (37786 us)
[DBG] deferring start (37570 us)
[DBG] deferring start (37361 us)
[DBG] deferring start (60364 us)
[DBG] deferring start (37060 us)
[DBG] deferring start (36971 us)
[DBG] deferring start (36867 us)
[DBG] deferring start (83166 us)
[DBG] deferring start (59860 us)
[DBG] deferring start (36556 us)
[DBG] starting late (-2748 us)
9:19:26.771 AM [skip] after=300649 ms
9:19:27.489 AM [skip] +30 s (click) before=300649 ms target=330649 ms
[DBG] ES_OUT_RESET_PCR called
9:19:27.492 AM [player] buffering 0.0
[DBG] elst (1) gives 330649ms (movie)-> 330646ms (track)
[DBG] track[Id 0x1] using Sync Sample Box (stss)
[DBG] stss gives 9909 --> 9900 (sample number)
[DBG] track[Id 0x1] sync point found sample 9900(-9)
[DBG] seeking with 316ms preroll (use input-fast-seek to avoid) to 330649000
[DBG] elst (0) gives 330332ms (movie)-> 330332ms (track)
[DBG] track[Id 0x2] preroll offset: -1 samples
[DBG] resolving 192.168.1.250 ...
[DBG] outgoing request:
GET /stream/8 HTTP/1.1
Host: 192.168.1.250:8093
Accept: */*
Accept-Language: en_US
User-Agent: VLC/4.0.0-dev LibVLC/4.0.0-dev
If-Unmodified-Since: Fri, 18 Apr 2025 14:27:12 GMT
Range: bytes=335030748-


[DBG] incoming response:
HTTP/1.1 206 Partial Content
Accept-Ranges: bytes
Content-Length: 2845130939
Content-Range: bytes 335030748-3180161686/3180161687
Content-Type: video/mp4
Last-Modified: Fri, 18 Apr 2025 14:27:12 GMT
Date: Mon, 14 Sep 2026 13:19:27 GMT


[DBG] connection failed
[DBG] Buffering 0%
9:19:27.594 AM [player] buffering 0.0
[DBG] Buffering 1%
[DBG] Buffering 3%
[DBG] Buffering 5%
[DBG] Buffering 6%
[DBG] Buffering 8%
[DBG] Buffering 10%
[DBG] Buffering 11%
[DBG] Buffering 13%
[DBG] Buffering 15%
[DBG] Buffering 16%
[DBG] Buffering 18%
[DBG] Buffering 20%
[DBG] Buffering 22%
[DBG] Buffering 23%
[DBG] end of audio preroll
[DBG] Buffering 25%
[DBG] Buffering 27%
[DBG] Buffering 28%
[DBG] Buffering 30%
[DBG] Buffering 32%
[DBG] Buffering 33%
[DBG] Buffering 35%
[DBG] Buffering 37%
[DBG] Buffering 39%
[DBG] Buffering 40%
[DBG] Buffering 42%
[DBG] Buffering 44%
[DBG] end of video preroll
[DBG] Received first picture
[DBG] Buffering 45%
[DBG] Buffering 47%
[DBG] Buffering 49%
[DBG] Buffering 50%
[DBG] Buffering 52%
[DBG] Buffering 55%
[DBG] Buffering 57%
[DBG] Buffering 59%
[DBG] Buffering 61%
[DBG] Buffering 62%
[DBG] Buffering 64%
[DBG] Buffering 66%
[DBG] Buffering 67%
[DBG] Buffering 69%
[DBG] Buffering 71%
[DBG] Buffering 72%
[DBG] Buffering 74%
[DBG] Buffering 76%
[DBG] Buffering 78%
[DBG] Buffering 79%
[DBG] Buffering 81%
[DBG] Buffering 83%
[DBG] Buffering 84%
[DBG] Buffering 86%
[DBG] Buffering 88%
[DBG] Buffering 89%
[DBG] Buffering 91%
[DBG] Buffering 94%
[DBG] Buffering 95%
[DBG] Buffering 96%
[DBG] Buffering 98%
[DBG] Stream buffering done (1369 ms in 70 ms)
[DBG] Decoder wait done in 0 ms
9:19:27.665 AM [player] buffering 1.0
[DBG] deferring start (290841 us)
[DBG] deferring start (262030 us)
[DBG] deferring start (238411 us)
[DBG] deferring start (214841 us)
[DBG] deferring start (191220 us)
[DBG] deferring start (167683 us)
[DBG] deferring start (144041 us)
[DBG] deferring start (120532 us)
[DBG] deferring start (96794 us)
[DBG] deferring start (72903 us)
[DBG] deferring start (49315 us)
[DBG] deferring start (25899 us)
[DBG] deferring start (25676 us)
[DBG] deferring start (25464 us)
[DBG] deferring start (25248 us)
[DBG] deferring start (25057 us)
[DBG] deferring start (24844 us)
[DBG] deferring start (24541 us)
[DBG] deferring start (116658 us)
[DBG] deferring start (93245 us)
[DBG] deferring start (69702 us)
[DBG] deferring start (46193 us)
[DBG] deferring start (22688 us)
[DBG] deferring start (22434 us)
[DBG] deferring start (22179 us)
[DBG] deferring start (21901 us)
[DBG] deferring start (21638 us)
[DBG] deferring start (44471 us)
[DBG] deferring start (21035 us)
[DBG] deferring start (20801 us)
[DBG] deferring start (20517 us)
[DBG] deferring start (20291 us)
[DBG] deferring start (20078 us)
[DBG] deferring start (19855 us)
[DBG] deferring start (19624 us)
[DBG] deferring start (19405 us)
[DBG] deferring start (19102 us)
[DBG] deferring start (18854 us)
[DBG] deferring start (18588 us)
[DBG] deferring start (18372 us)
[DBG] deferring start (18151 us)
[DBG] deferring start (17861 us)
[DBG] deferring start (17644 us)
[DBG] deferring start (17434 us)
[DBG] deferring start (17243 us)
[DBG] deferring start (17052 us)
[DBG] deferring start (16863 us)
[DBG] deferring start (16661 us)
[DBG] deferring start (85969 us)
[DBG] deferring start (62584 us)
[DBG] deferring start (39215 us)
[DBG] deferring start (15841 us)
[DBG] deferring start (15668 us)
[DBG] started
9:19:28.023 AM [skip] after=330649 ms
9:23:26.609 AM [player] dismiss at 568903 ms, state Playing
9:23:26.610 AM [player] state Stopping at 569348 ms
[DBG] killing decoder fourcc `h264'
[DBG] removing "video decoder" module "videotoolbox"
[DBG] saving a free vout
[DBG] ES track unselected: 'video/1' (fourcc: 'h264')
9:23:26.648 AM [player] track selected type=1 selected= unselected=video/1
[DBG] killing decoder fourcc `mp4a'
[DBG] removing "audio decoder" module "avcodec"
[DBG] removing "audio resampler" module "soxr"
[DBG] removing "audio filter" module "scaletempo"
[DBG] removing "audio volume" module "float_mixer"
[DBG] keeping audio output
[DBG] ES track unselected: 'audio/2' (fourcc: 'mp4a')
[DBG] removing "demux" module "mp4"
9:23:26.747 AM [player] track selected type=0 selected= unselected=audio/2
[DBG] freeing all memory
[DBG] ES track deleted: 'video/1' (fourcc: 'h264')
[DBG] ES track deleted: 'audio/2' (fourcc: 'mp4a')
[DBG] Program doesn't contain anymore ES
[DBG] removing "stream_filter" module "record"
[DBG] removing "stream_filter" module "prefetch"
[DBG] removing "access" module "http"
[DBG] connection failed
[DBG] stop free vout
9:23:26.751 AM [player] state Stopped at 569348 ms
