9:24:21.714 AM [player] request The Magicians — S1 E1 · Unauthorized Magic — http://192.168.1.250:8093/stream/8
9:24:21.714 AM [player] file TV/The Magicians (2015)/Season 1/The Magicians (2015) - 1x01 - Unauthorized Magic.mp4 1920x1080 hdr=false video=h264 High audio=aac stereo
[DBG] Creating an input for playback'8'
9:24:21.721 AM [player] play() called
[DBG] using timeshift granularity of 50 MiB
[DBG] using default timeshift path
[DBG] `http://192.168.1.250:8093/stream/8' gives access `http' demux `any' path `192.168.1.250:8093/stream/8'
[DBG] creating access: http://192.168.1.250:8093/stream/8
[DBG] looking for access module matching "http": 2 candidates
[DBG] looking for keystore module matching "any": 1 candidates
[DBG] using keystore module "keychain"
[DBG] Lookup keychain entry for server 192.168.1.250
[WARN] lookup failed (-25300: 'Item not found')
[DBG] resolving 192.168.1.250 ...
[DBG] outgoing request:
GET /stream/8 HTTP/1.1
Host: 192.168.1.250:8093
Accept: */*
Accept-Language: en_US
User-Agent: VLC/4.0.0-dev LibVLC/4.0.0-dev
Range: bytes=0-


9:24:21.729 AM [player] state Opening at 0 ms
9:24:21.729 AM [player] buffering 0.0
[DBG] incoming response:
HTTP/1.1 206 Partial Content
Accept-Ranges: bytes
Content-Length: 3180161687
Content-Range: bytes 0-3180161686/3180161687
Content-Type: video/mp4
Last-Modified: Fri, 18 Apr 2025 14:27:12 GMT
Date: Mon, 14 Sep 2026 13:24:21 GMT


[DBG] removing "keystore" module "keychain"
[DBG] using access module "http"
[DBG] looking for stream_filter module matching "prefetch,cache": 2 candidates
[DBG] using 16777216 bytes buffer
[DBG] using stream_filter module "prefetch"
[DBG] looking for stream_filter module matching "any": 4 candidates
[DBG] no stream_filter modules matched with name any
[DBG] looking for stream_directory module matching "any": 0 candidates
[DBG] no stream_directory modules matched with name any
[DBG] attachment of directory-extractor failed for http://192.168.1.250:8093/stream/8
[DBG] looking for stream_filter module matching "record": 1 candidates
[DBG] using stream_filter module "record"
[DBG] creating demux "any", URL: http://192.168.1.250:8093/stream/8, path: (null)
[DBG] looking for demux module matching "any": 58 candidates
[DBG] resolving 192.168.1.250 ...
[DBG] outgoing request:
GET /stream/8 HTTP/1.1
Host: 192.168.1.250:8093
Accept: */*
Accept-Language: en_US
User-Agent: VLC/4.0.0-dev LibVLC/4.0.0-dev
If-Unmodified-Since: Fri, 18 Apr 2025 14:27:12 GMT
Range: bytes=3176848131-


[DBG] incoming response:
HTTP/1.1 206 Partial Content
Accept-Ranges: bytes
Content-Length: 3313556
Content-Range: bytes 3176848131-3180161686/3180161687
Content-Type: video/mp4
Last-Modified: Fri, 18 Apr 2025 14:27:12 GMT
Date: Mon, 14 Sep 2026 13:24:21 GMT


[DBG] connection failed
[DBG] end of stream
[DBG] dumping root Box "root"
[DBG] |   + ftyp size 32 offset 0
[DBG] |   + free size 8 offset 32
[DBG] |   + mdat size 3176848091 offset 40
[DBG] |   + moov size 3313556 offset 3176848131
[DBG] |   |   + mvhd size 108 offset 3176848139
[DBG] |   |   + trak size 1146792 offset 3176848247
[DBG] |   |   |   + tkhd size 92 offset 3176848255
[DBG] |   |   |   + edts size 48 offset 3176848347
[DBG] |   |   |   |   + elst size 40 offset 3176848355
[DBG] |   |   |   + mdia size 1146644 offset 3176848395
[DBG] |   |   |   |   + mdhd size 32 offset 3176848403
[DBG] |   |   |   |   + hdlr size 45 offset 3176848435
[DBG] |   |   |   |   + minf size 1146559 offset 3176848480
[DBG] |   |   |   |   |   + vmhd size 20 offset 3176848488
[DBG] |   |   |   |   |   + dinf size 36 offset 3176848508
[DBG] |   |   |   |   |   |   + dref size 28 offset 3176848516
[DBG] |   |   |   |   |   |   |   + url  size 12 offset 3176848532
[DBG] |   |   |   |   |   + stbl size 1146495 offset 3176848544
[DBG] |   |   |   |   |   |   + stsd size 203 offset 3176848552
[DBG] |   |   |   |   |   |   |   + avc1 size 187 offset 3176848568
[DBG] |   |   |   |   |   |   |   |   + avcC size 65 offset 3176848654
[DBG] |   |   |   |   |   |   |   |   + pasp size 16 offset 3176848719
[DBG] |   |   |   |   |   |   |   |   + btrt size 20 offset 3176848735
[DBG] |   |   |   |   |   |   + stts size 24 offset 3176848755
[DBG] |   |   |   |   |   |   + stss size 6268 offset 3176848779
[DBG] |   |   |   |   |   |   + ctts size 389832 offset 3176855047
[DBG] |   |   |   |   |   |   + stsc size 28 offset 3177244879
[DBG] |   |   |   |   |   |   + stsz size 375068 offset 3177244907
[DBG] |   |   |   |   |   |   + stco size 375064 offset 3177619975
[DBG] |   |   + trak size 2166550 offset 3177995039
[DBG] |   |   |   + tkhd size 92 offset 3177995047
[DBG] |   |   |   + edts size 36 offset 3177995139
[DBG] |   |   |   |   + elst size 28 offset 3177995147
[DBG] |   |   |   + mdia size 2166414 offset 3177995175
[DBG] |   |   |   |   + mdhd size 32 offset 3177995183
[DBG] |   |   |   |   + hdlr size 45 offset 3177995215
[DBG] |   |   |   |   + minf size 2166329 offset 3177995260
[DBG] |   |   |   |   |   + smhd size 16 offset 3177995268
[DBG] |   |   |   |   |   + dinf size 36 offset 3177995284
[DBG] |   |   |   |   |   |   + dref size 28 offset 3177995292
[DBG] |   |   |   |   |   |   |   + url  size 12 offset 3177995308
[DBG] |   |   |   |   |   + stbl size 2166269 offset 3177995320
[DBG] |   |   |   |   |   |   + stsd size 123 offset 3177995328
[DBG] |   |   |   |   |   |   |   + mp4a size 107 offset 3177995344
[DBG] |   |   |   |   |   |   |   |   + esds size 51 offset 3177995380
[DBG] |   |   |   |   |   |   |   |   + btrt size 20 offset 3177995431
[DBG] |   |   |   |   |   |   + stts size 268720 offset 3177995451
[DBG] |   |   |   |   |   |   + stsc size 983344 offset 3178264171
[DBG] |   |   |   |   |   |   + stsz size 538956 offset 3179247515
[DBG] |   |   |   |   |   |   + stco size 375064 offset 3179786471
[DBG] |   |   |   |   |   |   + sgpd size 26 offset 3180161535
[DBG] |   |   |   |   |   |   + sbgp size 28 offset 3180161561
[DBG] |   |   + udta size 98 offset 3180161589
[DBG] |   |   |   + meta size 90 offset 3180161597
[DBG] |   |   |   |   + hdlr size 33 offset 3180161609
[DBG] |   |   |   |   + ilst size 45 offset 3180161642
[DBG] |   |   |   |   |   + ctoo size 37 offset 3180161650
[DBG] |   |   |   |   |   |   + data size 29 offset 3180161658
[DBG] ISO Media (isom) version 512.
[DBG] found 2 tracks
[WARN] elst box found
[DBG]    - [0] duration=36ms media time=-1ms) rate=1.0
[DBG]    - [1] duration=3128526ms media time=33ms) rate=1.0
[DBG] track[Id 0x1] read 93762 chunk
[WARN] STTS table of 1 entries
[WARN] CTTS table of 48727 entries
[DBG] track[Id 0x1] read 93762 samples length:3128s
[DBG] selecting program id=0
[DBG] ES track added: 'video/1' (fourcc: 'h264')
[DBG] adding track[Id 0x1] video (enable) language undef
[WARN] elst box found
[DBG]    - [0] duration=3128518ms media time=0ms) rate=1.0
9:24:21.925 AM [player] track added video/1 type=1
[DBG] track[Id 0x2] read 93762 chunk
[WARN] STTS table of 33588 entries
[DBG] track[Id 0x2] read 134734 samples length:3128s
[DBG] ES track added: 'audio/2' (fourcc: 'mp4a')
[DBG] adding track[Id 0x2] audio (enable) language undef
9:24:21.929 AM [player] track added audio/2 type=0
[DBG] using demux module "mp4"
9:24:21.931 AM [player] length 3128562 ms
[DBG] looking for video decoder module matching "any": 14 candidates
[DBG] vout: none found
[DBG] vout change: decoder size
[DBG] vout change: visible size
[DBG] looking for text renderer module matching "freetype": 2 candidates
[DBG] using text renderer module "freetype"
[DBG] looking for video converter module matching "any": 13 candidates
[DBG] 32x32 (32x32) chroma: YUVA colorspace: Undefined -> 16x16 (16x16) chroma: RGBA colorspace: Undefined with scaling using Bicubic (good quality)
[DBG] using video converter module "swscale"
[DBG] looking for video converter module matching "any": 13 candidates
[DBG] YUVP to YUVA converter
[DBG] using video converter module "yuvp"
[DBG] Deinterlacing available
[DBG] deinterlace -1, mode auto, is_needed 0
[DBG] looking for vout window module matching "any": 2 candidates
[DBG] resized to 1920x1080
[DBG] using vout window module "uiview_window"
[DBG] looking for inhibit module matching "any": 1 candidates
[DBG] using inhibit module "uikit_inhibit"
[DBG] looking for decoder device module matching "any": 1 candidates
[DBG] using decoder device module "videotoolbox"
[DBG] new SPS parsed: 0
[DBG] new PPS parsed: 0
[WARN] forcing output chroma (kCVPixelFormatType): 420v
[INF] Using Video Toolbox to decode 'h264'
[DBG] using video decoder module "videotoolbox"
[DBG] ES track selected: 'video/1' (fourcc: 'h264')
[DBG] looking for audio decoder module matching "any": 15 candidates
[DBG] using Lavc63.1.100
[DBG] CPU flags: 0x00062360
9:24:21.942 AM [player] track selected type=1 selected=video/1 unselected=
[DBG] codec (aac) started
[DBG] using audio decoder module "avcodec"
[DBG] ES track selected: 'audio/2' (fourcc: 'mp4a')
[DBG] looking for meta reader module matching "any": 1 candidates
[DBG] no meta reader modules matched with name any
9:24:21.944 AM [player] track selected type=0 selected=audio/2 unselected=
[DBG] `http://192.168.1.250:8093/stream/8' successfully opened
[WARN] elst old=0 new=1
9:24:21.944 AM [player] state Playing at 0 ms
[DBG] elst (0) gives 0ms (movie)-> 0ms (track)
[DBG] track[Id 0x2] preroll offset: -1 samples
[DBG] resolving 192.168.1.250 ...
[DBG] outgoing request:
GET /stream/8 HTTP/1.1
Host: 192.168.1.250:8093
Accept: */*
Accept-Language: en_US
User-Agent: VLC/4.0.0-dev LibVLC/4.0.0-dev
If-Unmodified-Since: Fri, 18 Apr 2025 14:27:12 GMT
Range: bytes=48-


[DBG] incoming response:
HTTP/1.1 206 Partial Content
Accept-Ranges: bytes
Content-Length: 3180161639
Content-Range: bytes 48-3180161686/3180161687
Content-Type: video/mp4
Last-Modified: Fri, 18 Apr 2025 14:27:12 GMT
Date: Mon, 14 Sep 2026 13:24:21 GMT


[DBG] program(0): using clock source: 'audio'
9:24:21.959 AM [player] buffering 0.0
[DBG] Buffering 0%
[DBG] Buffering 2%
[DBG] Buffering 4%
[DBG] Buffering 6%
[DBG] new PPS parsed: 0
[DBG] Buffering 11%
[DBG] reusing audio output
[DBG] Buffering 13%
[DBG] Buffering 18%
[DBG] Buffering 20%
[DBG] Buffering 25%
[DBG] Buffering 27%
[DBG] Buffering 32%
[DBG] Buffering 34%
[DBG] Buffering 37%
[DBG] Buffering 41%
[DBG] Buffering 44%
[DBG] Buffering 48%
[DBG] session accepted first frame 69367
[DBG] Buffering 51%
[DBG] Buffering 55%
[DBG] Buffering 58%
[DBG] Buffering 60%
[DBG] Buffering 65%
[DBG] Buffering 67%
[DBG] Buffering 71%
[DBG] Buffering 74%
[DBG] Buffering 78%
[DBG] Buffering 81%
[DBG] Buffering 85%
[DBG] Buffering 88%
[DBG] Buffering 90%
[DBG] Buffering 95%
[DBG] Buffering 97%
[DBG] Stream buffering done (1021 ms in 6 ms)
9:24:21.966 AM [player] buffering 1.0
[DBG] output chroma (kCVPixelFormatType): 420v
[DBG] vout change: decoder size
[DBG] vout change: chroma
[DBG] requested window size: 1920x1080
[DBG] deinterlace -1, mode auto, is_needed 0
[DBG] Opening vout display wrapper
[DBG] looking for vout display module matching "any": 3 candidates
[DBG] using vout display module "samplebufferdisplay"
[DBG] original format sz 1920x1088, of (0,0), vsz 1920x1080, 4cc CVPN, sar 1:1, orient: normal
[DBG] removing "text renderer" module "freetype"
[DBG] looking for text renderer module matching "freetype": 2 candidates
[DBG] using text renderer module "freetype"
[DBG] requested window size: 1920x1080
[DBG] resetting projection_mode to 0
[DBG] setting projection_mode to 0
[DBG] Received first picture
[DBG] Output on HDMI, channel count: 2
[DBG] resized to 3840x2160
[DBG] output 'f32l' 44100 Hz Stereo frame=1 samples/8 bytes
[DBG] looking for audio volume module matching "any": 2 candidates
[DBG] using audio volume module "float_mixer"
[DBG] input 'f32l' 44100 Hz Stereo frame=1 samples/8 bytes
[DBG] looking for audio filter module matching "scaletempo": 1 candidates
[DBG] format: 44100 rate, 2 nch, 4 bps, fl32
[DBG] params: 30 stride, 0.200 overlap, 14 search
[DBG] 1.000 scale, 1323.000 stride_in, 1323 stride_out, 1059 standing, 264 overlap, 617 search, 2204 queue, fl32 mode
[DBG] using audio filter module "scaletempo"
[DBG] conversion: 'f32l'->'f32l' 44100 Hz->44100 Hz Stereo->Stereo
[DBG] conversion pipeline complete
[DBG] conversion: 'f32l'->'f32l' 44100 Hz->44100 Hz Stereo->Stereo
[DBG] conversion pipeline complete
[DBG] looking for audio resampler module matching "soxr": 2 candidates
[DBG] Using SoX Resampler with 'cr32s' engine and 'Medium 16-bit with medium roll-off' quality to convert f32l/44100Hz to f32l/44100Hz.
[DBG] using audio resampler module "soxr"
[DBG] Decoder wait done in 19 ms
[DBG] deferring start (752565 us)
[DBG] deferring start (725417 us)
[DBG] deferring start (702038 us)
[DBG] deferring start (678691 us)
[DBG] deferring start (655346 us)
[DBG] deferring start (632034 us)
[DBG] deferring start (608703 us)
[DBG] deferring start (585380 us)
[DBG] deferring start (562037 us)
[DBG] deferring start (538660 us)
[DBG] deferring start (515256 us)
[DBG] deferring start (491692 us)
[DBG] deferring start (468344 us)
[DBG] deferring start (445031 us)
[DBG] deferring start (421723 us)
[DBG] deferring start (398420 us)
[DBG] deferring start (375120 us)
[DBG] deferring start (351806 us)
[DBG] deferring start (328505 us)
[DBG] deferring start (305065 us)
[DBG] deferring start (281692 us)
[DBG] deferring start (258342 us)
[DBG] deferring start (234995 us)
[DBG] deferring start (211638 us)
[DBG] deferring start (188332 us)
[DBG] deferring start (165034 us)
[DBG] deferring start (141692 us)
[DBG] deferring start (118381 us)
[DBG] deferring start (94926 us)
[DBG] deferring start (71596 us)
[DBG] deferring start (48271 us)
[DBG] deferring start (48118 us)
[DBG] deferring start (47927 us)
[DBG] deferring start (47823 us)
[DBG] deferring start (47679 us)
[DBG] deferring start (47553 us)
[DBG] deferring start (47464 us)
[DBG] deferring start (47354 us)
[DBG] deferring start (47239 us)
[DBG] deferring start (47106 us)
[DBG] deferring start (46973 us)
[DBG] deferring start (46887 us)
[DBG] deferring start (46800 us)
[DBG] deferring start (46710 us)
[DBG] deferring start (46619 us)
[DBG] deferring start (46530 us)
[DBG] deferring start (46421 us)
[DBG] deferring start (46333 us)
[DBG] deferring start (46221 us)
[DBG] deferring start (46130 us)
[DBG] deferring start (46026 us)
[DBG] deferring start (45935 us)
[DBG] deferring start (45848 us)
[DBG] deferring start (45759 us)
[DBG] deferring start (45674 us)
[DBG] started
9:24:53.286 AM [skip] +30 s (click) before=30569 ms target=60569 ms
[DBG] ES_OUT_RESET_PCR called
9:24:53.298 AM [player] buffering 0.0
[DBG] elst (1) gives 60569ms (movie)-> 60566ms (track)
[DBG] track[Id 0x1] using Sync Sample Box (stss)
[DBG] stss gives 1815 --> 1800 (sample number)
[DBG] track[Id 0x1] sync point found sample 1800(-15)
[DBG] seeking with 506ms preroll (use input-fast-seek to avoid) to 60569000
[DBG] elst (0) gives 60062ms (movie)-> 60062ms (track)
[DBG] track[Id 0x2] preroll offset: -1 samples
[DBG] resolving 192.168.1.250 ...
[DBG] outgoing request:
GET /stream/8 HTTP/1.1
Host: 192.168.1.250:8093
Accept: */*
Accept-Language: en_US
User-Agent: VLC/4.0.0-dev LibVLC/4.0.0-dev
If-Unmodified-Since: Fri, 18 Apr 2025 14:27:12 GMT
Range: bytes=60220983-


[DBG] incoming response:
HTTP/1.1 206 Partial Content
Accept-Ranges: bytes
Content-Length: 3119940704
Content-Range: bytes 60220983-3180161686/3180161687
Content-Type: video/mp4
Last-Modified: Fri, 18 Apr 2025 14:27:12 GMT
Date: Mon, 14 Sep 2026 13:24:53 GMT


[DBG] connection failed
[DBG] Buffering 0%
9:24:53.430 AM [player] buffering 0.0
[DBG] Buffering 1%
[DBG] Buffering 2%
[DBG] Buffering 3%
[DBG] Buffering 4%
[DBG] Buffering 6%
[DBG] Buffering 7%
[DBG] Buffering 9%
[DBG] Buffering 10%
[DBG] Buffering 11%
[DBG] Buffering 12%
[DBG] Buffering 13%
[DBG] Buffering 15%
[DBG] Buffering 16%
[DBG] Buffering 17%
[DBG] Buffering 18%
[DBG] Buffering 19%
[DBG] Buffering 21%
[DBG] Buffering 22%
[DBG] Buffering 24%
[DBG] Buffering 25%
[DBG] Buffering 26%
[DBG] Buffering 27%
[DBG] Buffering 28%
[DBG] Buffering 30%
[DBG] Buffering 31%
[DBG] Buffering 32%
[DBG] Buffering 33%
[DBG] end of audio preroll
[DBG] Buffering 34%
[DBG] Buffering 36%
[DBG] Buffering 37%
[DBG] Buffering 39%
[DBG] Buffering 40%
[DBG] Buffering 41%
[DBG] Buffering 42%
[DBG] Buffering 43%
[DBG] Buffering 45%
[DBG] Buffering 46%
[DBG] Buffering 47%
[DBG] Buffering 48%
[DBG] Buffering 50%
[DBG] Buffering 51%
[DBG] Buffering 52%
[DBG] Buffering 54%
[DBG] Buffering 55%
[DBG] Buffering 56%
[DBG] Buffering 57%
[DBG] Buffering 58%
[DBG] Buffering 60%
[DBG] Buffering 61%
[DBG] Buffering 62%
[DBG] Buffering 63%
[DBG] end of video preroll
[DBG] Received first picture
[DBG] Buffering 65%
[DBG] Buffering 66%
[DBG] Buffering 67%
[DBG] Buffering 69%
[DBG] Buffering 70%
[DBG] Buffering 71%
[DBG] Buffering 72%
[DBG] Buffering 73%
[DBG] Buffering 75%
[DBG] Buffering 76%
[DBG] Buffering 78%
[DBG] Buffering 80%
[DBG] Buffering 81%
9:24:53.509 AM [skip] +30 s (click) before=60569 ms target=90569 ms
[DBG] Buffering 82%
[DBG] Buffering 84%
[DBG] ES_OUT_RESET_PCR called
[DBG] elst (1) gives 90569ms (movie)-> 90566ms (track)
[DBG] track[Id 0x1] using Sync Sample Box (stss)
[DBG] stss gives 2714 --> 2700 (sample number)
[DBG] track[Id 0x1] sync point found sample 2700(-14)
[DBG] seeking with 476ms preroll (use input-fast-seek to avoid) to 90569000
[DBG] elst (0) gives 90092ms (movie)-> 90092ms (track)
[DBG] track[Id 0x2] preroll offset: -1 samples
9:24:53.517 AM [player] buffering 0.0
[DBG] resolving 192.168.1.250 ...
[DBG] outgoing request:
GET /stream/8 HTTP/1.1
Host: 192.168.1.250:8093
Accept: */*
Accept-Language: en_US
User-Agent: VLC/4.0.0-dev LibVLC/4.0.0-dev
If-Unmodified-Since: Fri, 18 Apr 2025 14:27:12 GMT
Range: bytes=90977209-


[DBG] incoming response:
HTTP/1.1 206 Partial Content
Accept-Ranges: bytes
Content-Length: 3089184478
Content-Range: bytes 90977209-3180161686/3180161687
Content-Type: video/mp4
Last-Modified: Fri, 18 Apr 2025 14:27:12 GMT
Date: Mon, 14 Sep 2026 13:24:53 GMT


[DBG] connection failed
[DBG] Buffering 0%
9:24:53.547 AM [player] buffering 0.0
[DBG] Buffering 1%
[DBG] Buffering 2%
[DBG] Buffering 3%
[DBG] Buffering 5%
[DBG] Buffering 6%
[DBG] Buffering 7%
[DBG] Buffering 9%
[DBG] Buffering 10%
[DBG] Buffering 11%
[DBG] Buffering 12%
[DBG] Buffering 13%
[DBG] Buffering 15%
[DBG] Buffering 16%
[DBG] Buffering 18%
[DBG] Buffering 19%
[DBG] Buffering 20%
[DBG] Buffering 21%
[DBG] Buffering 22%
[DBG] Buffering 24%
[DBG] Buffering 25%
[DBG] Buffering 27%
[DBG] Buffering 29%
[DBG] Buffering 30%
[DBG] Buffering 31%
[DBG] Buffering 32%
[DBG] Buffering 33%
[DBG] end of audio preroll
[DBG] Buffering 35%
[DBG] Buffering 36%
[DBG] Buffering 38%
[DBG] Buffering 40%
[DBG] Buffering 41%
[DBG] Buffering 42%
[DBG] Buffering 44%
[DBG] Buffering 45%
[DBG] Buffering 46%
[DBG] Buffering 47%
[DBG] Buffering 49%
[DBG] Buffering 50%
[DBG] Buffering 51%
[DBG] Buffering 53%
[DBG] Buffering 54%
[DBG] Buffering 55%
[DBG] Buffering 56%
[DBG] end of video preroll
[DBG] Buffering 57%
[DBG] Buffering 59%
[DBG] Buffering 61%
[DBG] Buffering 62%
[DBG] Buffering 64%
[DBG] Buffering 65%
[DBG] Buffering 66%
[DBG] Buffering 67%
[DBG] Buffering 68%
[DBG] Buffering 70%
[DBG] Buffering 71%
[DBG] Buffering 73%
[DBG] Buffering 75%
[DBG] Buffering 76%
[DBG] Buffering 77%
[DBG] Buffering 79%
[DBG] Buffering 80%
[DBG] Buffering 81%
[DBG] Buffering 82%
[DBG] Buffering 84%
[DBG] Buffering 85%
[DBG] Buffering 86%
[DBG] Buffering 88%
[DBG] Buffering 90%
[DBG] Buffering 91%
[DBG] Buffering 92%
[DBG] Buffering 93%
[DBG] Buffering 95%
[DBG] Buffering 96%
[DBG] Buffering 97%
[DBG] Buffering 99%
[DBG] Stream buffering done (1532 ms in 76 ms)
9:24:53.623 AM [player] buffering 1.0
[DBG] Decoder wait done in 0 ms
[DBG] deferring start (149254 us)
[DBG] deferring start (120134 us)
[DBG] deferring start (96371 us)
[DBG] deferring start (72793 us)
[DBG] deferring start (49284 us)
[DBG] deferring start (48825 us)
[DBG] deferring start (47985 us)
[DBG] deferring start (47649 us)
[DBG] deferring start (116745 us)
[DBG] deferring start (93250 us)
[DBG] deferring start (69819 us)
[DBG] deferring start (46397 us)
[DBG] deferring start (46163 us)
[DBG] deferring start (45944 us)
[DBG] deferring start (45737 us)
[DBG] deferring start (45518 us)
[DBG] deferring start (45309 us)
[DBG] deferring start (45084 us)
[DBG] deferring start (44867 us)
[DBG] deferring start (44655 us)
[DBG] deferring start (44438 us)
[DBG] deferring start (44093 us)
[DBG] deferring start (43811 us)
[DBG] deferring start (43569 us)
[DBG] deferring start (43333 us)
[DBG] deferring start (43067 us)
[DBG] deferring start (42865 us)
[DBG] deferring start (42650 us)
[DBG] deferring start (42450 us)
[DBG] deferring start (42197 us)
[DBG] deferring start (41924 us)
[DBG] deferring start (41692 us)
[DBG] deferring start (41478 us)
[DBG] deferring start (41254 us)
[DBG] deferring start (41028 us)
[DBG] deferring start (40794 us)
[DBG] deferring start (40571 us)
[DBG] deferring start (40219 us)
[DBG] deferring start (39983 us)
[DBG] deferring start (39712 us)
[DBG] deferring start (39543 us)
[DBG] deferring start (39391 us)
[DBG] deferring start (39248 us)
[DBG] deferring start (39072 us)
[DBG] deferring start (38793 us)
[DBG] deferring start (38538 us)
[DBG] deferring start (38322 us)
[DBG] deferring start (38037 us)
[DBG] deferring start (37873 us)
[DBG] deferring start (37713 us)
[DBG] deferring start (37527 us)
[DBG] deferring start (37319 us)
[DBG] deferring start (37117 us)
[DBG] deferring start (36906 us)
[DBG] deferring start (36698 us)
[DBG] deferring start (36522 us)
[DBG] deferring start (36352 us)
[DBG] deferring start (36191 us)
[DBG] started
[DBG] ES_OUT_RESET_PCR called
9:24:53.740 AM [skip] +30 s (click) before=90569 ms target=120569 ms
9:24:53.742 AM [player] buffering 0.0
[DBG] elst (1) gives 120569ms (movie)-> 120566ms (track)
[DBG] track[Id 0x1] using Sync Sample Box (stss)
[DBG] stss gives 3613 --> 3600 (sample number)
[DBG] track[Id 0x1] sync point found sample 3600(-13)
[DBG] seeking with 446ms preroll (use input-fast-seek to avoid) to 120569000
[DBG] elst (0) gives 120122ms (movie)-> 120122ms (track)
[DBG] track[Id 0x2] preroll offset: -1 samples
[DBG] resolving 192.168.1.250 ...
[DBG] outgoing request:
GET /stream/8 HTTP/1.1
Host: 192.168.1.250:8093
Accept: */*
Accept-Language: en_US
User-Agent: VLC/4.0.0-dev LibVLC/4.0.0-dev
If-Unmodified-Since: Fri, 18 Apr 2025 14:27:12 GMT
Range: bytes=121511337-


[DBG] incoming response:
HTTP/1.1 206 Partial Content
Accept-Ranges: bytes
Content-Length: 3058650350
Content-Range: bytes 121511337-3180161686/3180161687
Content-Type: video/mp4
Last-Modified: Fri, 18 Apr 2025 14:27:12 GMT
Date: Mon, 14 Sep 2026 13:24:53 GMT


[DBG] connection failed
[DBG] Buffering 0%
9:24:53.837 AM [player] buffering 0.0
[DBG] Buffering 1%
[DBG] Buffering 3%
[DBG] Buffering 4%
[DBG] Buffering 5%
[DBG] Buffering 6%
[DBG] Buffering 7%
[DBG] Buffering 9%
[DBG] Buffering 10%
[DBG] Buffering 12%
[DBG] Buffering 13%
[DBG] Buffering 14%
[DBG] Buffering 15%
[DBG] Buffering 16%
[DBG] Buffering 17%
[DBG] Buffering 19%
[DBG] Buffering 20%
[DBG] Buffering 21%
[DBG] Buffering 23%
[DBG] Buffering 24%
[DBG] Buffering 25%
[DBG] Buffering 26%
[DBG] Buffering 27%
[DBG] Buffering 29%
[DBG] Buffering 30%
[DBG] Buffering 32%
[DBG] Buffering 34%
[DBG] end of audio preroll
[DBG] Buffering 35%
[DBG] Buffering 36%
[DBG] Buffering 37%
[DBG] Buffering 39%
[DBG] Buffering 40%
[DBG] Buffering 41%
[DBG] Buffering 43%
[DBG] Buffering 44%
[DBG] Buffering 45%
[DBG] Buffering 46%
[DBG] Buffering 48%
[DBG] Buffering 49%
[DBG] Buffering 50%
[DBG] Buffering 51%
[DBG] Buffering 52%
[DBG] Buffering 54%
[DBG] Buffering 55%
[DBG] Buffering 56%
[DBG] Buffering 57%
[DBG] end of video preroll
[DBG] Received first picture
[DBG] Buffering 59%
[DBG] Buffering 60%
[DBG] Buffering 61%
[DBG] Buffering 63%
[DBG] Buffering 65%
[DBG] Buffering 66%
[DBG] Buffering 68%
[DBG] Buffering 70%
[DBG] Buffering 71%
[DBG] Buffering 72%
[DBG] Buffering 74%
[DBG] Buffering 75%
[DBG] Buffering 76%
[DBG] Buffering 77%
[DBG] Buffering 79%
[DBG] Buffering 80%
[DBG] Buffering 81%
[DBG] Buffering 82%
[DBG] Buffering 83%
[DBG] Buffering 85%
[DBG] Buffering 86%
[DBG] Buffering 88%
[DBG] Buffering 90%
[DBG] Buffering 91%
[DBG] Buffering 92%
[DBG] Buffering 94%
[DBG] Buffering 96%
[DBG] Buffering 97%
[DBG] Buffering 99%
[DBG] Stream buffering done (1509 ms in 86 ms)
[DBG] Decoder wait done in 0 ms
9:24:53.924 AM [player] buffering 1.0
[DBG] deferring start (299967 us)
[DBG] deferring start (270883 us)
[DBG] deferring start (247206 us)
[DBG] deferring start (223599 us)
[DBG] deferring start (199986 us)
[DBG] deferring start (176505 us)
[DBG] deferring start (153080 us)
[DBG] deferring start (129665 us)
[DBG] deferring start (106254 us)
[DBG] deferring start (82856 us)
[DBG] deferring start (59317 us)
[DBG] deferring start (35836 us)
[DBG] deferring start (35571 us)
[DBG] deferring start (35287 us)
[DBG] deferring start (34849 us)
[DBG] deferring start (34491 us)
[DBG] deferring start (34275 us)
[DBG] deferring start (80317 us)
[DBG] deferring start (56919 us)
[DBG] deferring start (33488 us)
[DBG] deferring start (33287 us)
[DBG] deferring start (33056 us)
[DBG] deferring start (32850 us)
[DBG] deferring start (32632 us)
[DBG] deferring start (32408 us)
[DBG] deferring start (32186 us)
[DBG] deferring start (31921 us)
[DBG] deferring start (31708 us)
[DBG] deferring start (31481 us)
[DBG] deferring start (31283 us)
[DBG] deferring start (31091 us)
[DBG] deferring start (30878 us)
[DBG] deferring start (30657 us)
[DBG] deferring start (53548 us)
[DBG] deferring start (30143 us)
[DBG] deferring start (29935 us)
[DBG] deferring start (29733 us)
[DBG] deferring start (29496 us)
[DBG] deferring start (29281 us)
[DBG] deferring start (29053 us)
[DBG] deferring start (51888 us)
[DBG] deferring start (28379 us)
[DBG] deferring start (28185 us)
[DBG] deferring start (27986 us)
[DBG] deferring start (27795 us)
[DBG] deferring start (27609 us)
[DBG] deferring start (27418 us)
[DBG] deferring start (27233 us)
[DBG] deferring start (27047 us)
[DBG] deferring start (26793 us)
[DBG] deferring start (26603 us)
[DBG] deferring start (26433 us)
[DBG] deferring start (26244 us)
[DBG] deferring start (26050 us)
[DBG] deferring start (25866 us)
[DBG] deferring start (25683 us)
[DBG] deferring start (25450 us)
[DBG] deferring start (25252 us)
[DBG] deferring start (25080 us)
[DBG] ES_OUT_RESET_PCR called
9:24:53.973 AM [skip] +30 s (click) before=120569 ms target=150569 ms
9:24:53.975 AM [player] buffering 0.0
[DBG] elst (1) gives 150569ms (movie)-> 150566ms (track)
[DBG] track[Id 0x1] using Sync Sample Box (stss)
[DBG] stss gives 4512 --> 4500 (sample number)
[DBG] track[Id 0x1] sync point found sample 4500(-12)
[DBG] seeking with 416ms preroll (use input-fast-seek to avoid) to 150569000
[DBG] elst (0) gives 150152ms (movie)-> 150152ms (track)
[DBG] track[Id 0x2] preroll offset: -1 samples
[DBG] resolving 192.168.1.250 ...
[DBG] outgoing request:
GET /stream/8 HTTP/1.1
Host: 192.168.1.250:8093
Accept: */*
Accept-Language: en_US
User-Agent: VLC/4.0.0-dev LibVLC/4.0.0-dev
If-Unmodified-Since: Fri, 18 Apr 2025 14:27:12 GMT
Range: bytes=151991555-


[DBG] incoming response:
HTTP/1.1 206 Partial Content
Accept-Ranges: bytes
Content-Length: 3028170132
Content-Range: bytes 151991555-3180161686/3180161687
Content-Type: video/mp4
Last-Modified: Fri, 18 Apr 2025 14:27:12 GMT
Date: Mon, 14 Sep 2026 13:24:54 GMT


[DBG] connection failed
[DBG] Buffering 0%
9:24:54.030 AM [player] buffering 0.0
[DBG] Buffering 1%
[DBG] Buffering 2%
[DBG] Buffering 3%
[DBG] Buffering 4%
[DBG] Buffering 7%
[DBG] Buffering 9%
[DBG] Buffering 11%
[DBG] Buffering 12%
[DBG] Buffering 13%
[DBG] Buffering 14%
[DBG] Buffering 16%
[DBG] Buffering 17%
[DBG] Buffering 18%
[DBG] Buffering 19%
[DBG] Buffering 20%
[DBG] Buffering 22%
[DBG] Buffering 23%
[DBG] Buffering 25%
[DBG] Buffering 27%
[DBG] Buffering 28%
[DBG] Buffering 30%
[DBG] end of audio preroll
[DBG] Buffering 32%
[DBG] Buffering 33%
[DBG] Buffering 34%
[DBG] Buffering 35%
[DBG] Buffering 36%
[DBG] Buffering 38%
[DBG] Buffering 39%
[DBG] Buffering 41%
[DBG] Buffering 43%
[DBG] Buffering 44%
[DBG] Buffering 46%
[DBG] Buffering 48%
[DBG] Buffering 49%
[DBG] Buffering 50%
[DBG] Buffering 51%
[DBG] Buffering 53%
[DBG] Buffering 54%
[DBG] Buffering 55%
[DBG] Buffering 57%
[DBG] Buffering 59%
[DBG] Buffering 60%
[DBG] Buffering 62%
[DBG] end of video preroll
[DBG] Received first picture
[DBG] Buffering 64%
[DBG] Buffering 65%
[DBG] Buffering 66%
[DBG] Buffering 67%
[DBG] Buffering 69%
[DBG] Buffering 70%
[DBG] Buffering 71%
[DBG] Buffering 73%
[DBG] Buffering 75%
[DBG] Buffering 76%
[DBG] Buffering 78%
[DBG] Buffering 80%
[DBG] Buffering 81%
[DBG] Buffering 82%
[DBG] Buffering 83%
[DBG] Buffering 85%
[DBG] Buffering 86%
[DBG] Buffering 87%
[DBG] Buffering 89%
[DBG] Buffering 91%
[DBG] Buffering 92%
[DBG] Buffering 94%
[DBG] Buffering 95%
[DBG] Buffering 96%
[DBG] Buffering 97%
[DBG] Buffering 98%
[DBG] Buffering 99%
[DBG] Stream buffering done (1470 ms in 70 ms)
[DBG] Decoder wait done in 0 ms
9:24:54.100 AM [player] buffering 1.0
[DBG] deferring start (323959 us)
[DBG] deferring start (296882 us)
[DBG] deferring start (273443 us)
[DBG] deferring start (250102 us)
[DBG] deferring start (226769 us)
[DBG] deferring start (203437 us)
[DBG] deferring start (180101 us)
[DBG] deferring start (156767 us)
[DBG] deferring start (133443 us)
[DBG] deferring start (110057 us)
[DBG] deferring start (86600 us)
[DBG] deferring start (63260 us)
[DBG] deferring start (39911 us)
[DBG] deferring start (39790 us)
[DBG] deferring start (39670 us)
[DBG] deferring start (39556 us)
[DBG] deferring start (39450 us)
[DBG] deferring start (39334 us)
[DBG] deferring start (39214 us)
[DBG] deferring start (39093 us)
[DBG] deferring start (39003 us)
[DBG] deferring start (38902 us)
[DBG] deferring start (38790 us)
[DBG] deferring start (38671 us)
[DBG] deferring start (38541 us)
[DBG] deferring start (38422 us)
[DBG] deferring start (61464 us)
[DBG] deferring start (38142 us)
[DBG] deferring start (37999 us)
[DBG] deferring start (60976 us)
[DBG] deferring start (37576 us)
[DBG] deferring start (37418 us)
[DBG] deferring start (37298 us)
[DBG] deferring start (37167 us)
[DBG] deferring start (37020 us)
[DBG] deferring start (83282 us)
[DBG] deferring start (59939 us)
[DBG] deferring start (36608 us)
[DBG] deferring start (36486 us)
[DBG] deferring start (36351 us)
[DBG] deferring start (36227 us)
[DBG] deferring start (36101 us)
[DBG] deferring start (35867 us)
[DBG] deferring start (35740 us)
[DBG] deferring start (35616 us)
[DBG] deferring start (35389 us)
[DBG] deferring start (35151 us)
[DBG] deferring start (35021 us)
[DBG] deferring start (34899 us)
[DBG] deferring start (34770 us)
[DBG] deferring start (34611 us)
[DBG] deferring start (34478 us)
[DBG] deferring start (34374 us)
[DBG] deferring start (34193 us)
[DBG] deferring start (34050 us)
[DBG] deferring start (33928 us)
[DBG] deferring start (33803 us)
[DBG] deferring start (33682 us)
[DBG] deferring start (33554 us)
[DBG] started
[DBG] ES_OUT_RESET_PCR called
9:24:54.203 AM [skip] +30 s (click) before=150569 ms target=180569 ms
9:24:54.204 AM [player] buffering 0.0
[DBG] elst (1) gives 180569ms (movie)-> 180566ms (track)
[DBG] track[Id 0x1] using Sync Sample Box (stss)
[DBG] stss gives 5411 --> 5400 (sample number)
[DBG] track[Id 0x1] sync point found sample 5400(-11)
[DBG] seeking with 386ms preroll (use input-fast-seek to avoid) to 180569000
[DBG] elst (0) gives 180182ms (movie)-> 180182ms (track)
[DBG] track[Id 0x2] preroll offset: -1 samples
[DBG] resolving 192.168.1.250 ...
[DBG] outgoing request:
GET /stream/8 HTTP/1.1
Host: 192.168.1.250:8093
Accept: */*
Accept-Language: en_US
User-Agent: VLC/4.0.0-dev LibVLC/4.0.0-dev
If-Unmodified-Since: Fri, 18 Apr 2025 14:27:12 GMT
Range: bytes=182062987-


[DBG] incoming response:
HTTP/1.1 206 Partial Content
Accept-Ranges: bytes
Content-Length: 2998098700
Content-Range: bytes 182062987-3180161686/3180161687
Content-Type: video/mp4
Last-Modified: Fri, 18 Apr 2025 14:27:12 GMT
Date: Mon, 14 Sep 2026 13:24:54 GMT


[DBG] connection failed
[DBG] Buffering 0%
9:24:54.362 AM [player] buffering 0.0
[DBG] Buffering 1%
[DBG] Buffering 2%
[DBG] Buffering 3%
[DBG] Buffering 5%
[DBG] Buffering 6%
[DBG] Buffering 7%
[DBG] Buffering 8%
[DBG] Buffering 9%
[DBG] Buffering 11%
[DBG] Buffering 12%
[DBG] Buffering 13%
[DBG] Buffering 14%
[DBG] Buffering 16%
[DBG] Buffering 17%
[DBG] Buffering 19%
[DBG] Buffering 21%
[DBG] Buffering 22%
[DBG] Buffering 23%
[DBG] Buffering 24%
[DBG] Buffering 26%
[DBG] Buffering 27%
[DBG] Buffering 28%
[DBG] Buffering 29%
[DBG] Buffering 30%
[DBG] Buffering 32%
[DBG] end of audio preroll
[DBG] Buffering 33%
[DBG] Buffering 34%
[DBG] Buffering 35%
[DBG] Buffering 37%
[DBG] Buffering 39%
9:24:54.437 AM [skip] +30 s (click) before=180569 ms target=210569 ms
[DBG] Buffering 40%
[DBG] Buffering 42%
[DBG] Buffering 43%
[DBG] Buffering 44%
[DBG] Buffering 45%
[DBG] Buffering 47%
[DBG] Buffering 48%
[DBG] Buffering 49%
[DBG] Buffering 50%
[DBG] end of video preroll
[DBG] Received first picture
[DBG] Buffering 52%
[DBG] Buffering 53%
[DBG] Buffering 54%
[DBG] Buffering 55%
[DBG] Buffering 56%
[DBG] ES_OUT_RESET_PCR called
9:24:54.451 AM [player] buffering 0.0
[DBG] elst (1) gives 210569ms (movie)-> 210566ms (track)
[DBG] track[Id 0x1] using Sync Sample Box (stss)
[DBG] stss gives 6310 --> 6300 (sample number)
[DBG] track[Id 0x1] sync point found sample 6300(-10)
[DBG] seeking with 356ms preroll (use input-fast-seek to avoid) to 210569000
[DBG] elst (0) gives 210212ms (movie)-> 210212ms (track)
[DBG] track[Id 0x2] preroll offset: -1 samples
[DBG] resolving 192.168.1.250 ...
[DBG] outgoing request:
GET /stream/8 HTTP/1.1
Host: 192.168.1.250:8093
Accept: */*
Accept-Language: en_US
User-Agent: VLC/4.0.0-dev LibVLC/4.0.0-dev
If-Unmodified-Since: Fri, 18 Apr 2025 14:27:12 GMT
Range: bytes=213350164-


[DBG] incoming response:
HTTP/1.1 206 Partial Content
Accept-Ranges: bytes
Content-Length: 2966811523
Content-Range: bytes 213350164-3180161686/3180161687
Content-Type: video/mp4
Last-Modified: Fri, 18 Apr 2025 14:27:12 GMT
Date: Mon, 14 Sep 2026 13:24:54 GMT


[DBG] connection failed
[DBG] Buffering 0%
9:24:54.501 AM [player] buffering 0.0
[DBG] Buffering 1%
[DBG] Buffering 3%
[DBG] Buffering 4%
[DBG] Buffering 5%
[DBG] Buffering 6%
[DBG] Buffering 8%
[DBG] Buffering 10%
[DBG] Buffering 11%
[DBG] Buffering 12%
[DBG] Buffering 13%
[DBG] Buffering 15%
[DBG] Buffering 16%
[DBG] Buffering 17%
[DBG] Buffering 18%
[DBG] Buffering 20%
[DBG] Buffering 21%
[DBG] Buffering 22%
[DBG] Buffering 23%
[DBG] Buffering 24%
[DBG] Buffering 26%
[DBG] Buffering 27%
[DBG] Buffering 28%
[DBG] end of audio preroll
[DBG] Buffering 29%
[DBG] Buffering 31%
[DBG] Buffering 33%
[DBG] Buffering 34%
[DBG] Buffering 36%
[DBG] Buffering 38%
[DBG] Buffering 39%
[DBG] Buffering 41%
[DBG] Buffering 42%
[DBG] Buffering 43%
[DBG] Buffering 44%
[DBG] Buffering 46%
[DBG] Buffering 48%
[DBG] Buffering 49%
[DBG] Buffering 50%
[DBG] Buffering 51%
[DBG] Buffering 53%
[DBG] Buffering 54%
[DBG] Buffering 55%
[DBG] Buffering 56%
[DBG] Buffering 58%
[DBG] Buffering 59%
[DBG] Buffering 60%
[DBG] Buffering 61%
[DBG] end of video preroll
[DBG] Buffering 62%
[DBG] Buffering 64%
[DBG] Buffering 65%
[DBG] Buffering 66%
[DBG] Buffering 67%
[DBG] Buffering 69%
[DBG] Buffering 71%
[DBG] Buffering 72%
[DBG] Buffering 74%
[DBG] Buffering 76%
[DBG] Buffering 77%
[DBG] Buffering 79%
[DBG] Buffering 80%
[DBG] Buffering 81%
[DBG] Buffering 82%
[DBG] Buffering 84%
[DBG] Buffering 86%
[DBG] Buffering 87%
[DBG] Buffering 88%
[DBG] Buffering 89%
[DBG] Buffering 91%
[DBG] Buffering 92%
[DBG] Buffering 93%
[DBG] Buffering 94%
[DBG] Buffering 96%
[DBG] Buffering 97%
[DBG] Buffering 98%
[DBG] Buffering 99%
[DBG] Stream buffering done (1416 ms in 81 ms)
[DBG] Decoder wait done in 0 ms
9:24:54.582 AM [player] buffering 1.0
[DBG] deferring start (311600 us)
[DBG] deferring start (282866 us)
[DBG] deferring start (259214 us)
[DBG] deferring start (235651 us)
[DBG] deferring start (212106 us)
[DBG] deferring start (188568 us)
[DBG] deferring start (165010 us)
[DBG] deferring start (141470 us)
[DBG] deferring start (117929 us)
[DBG] deferring start (94301 us)
[DBG] deferring start (70715 us)
[DBG] deferring start (47172 us)
[DBG] deferring start (46805 us)
[DBG] deferring start (46387 us)
[DBG] deferring start (45233 us)
[DBG] deferring start (44645 us)
[DBG] deferring start (44241 us)
[DBG] deferring start (43871 us)
[DBG] deferring start (43495 us)
[DBG] deferring start (43112 us)
[DBG] deferring start (42770 us)
[DBG] deferring start (42270 us)
[DBG] deferring start (111212 us)
[DBG] deferring start (87687 us)
[DBG] deferring start (64137 us)
[DBG] deferring start (40609 us)
[DBG] deferring start (86492 us)
[DBG] deferring start (62919 us)
[DBG] deferring start (39386 us)
[DBG] deferring start (85311 us)
[DBG] deferring start (61776 us)
[DBG] deferring start (38274 us)
[DBG] deferring start (37887 us)
[DBG] deferring start (130139 us)
[DBG] deferring start (106568 us)
[DBG] deferring start (82897 us)
[DBG] deferring start (59406 us)
[DBG] deferring start (35931 us)
[DBG] deferring start (35650 us)
[DBG] deferring start (35039 us)
[DBG] deferring start (34776 us)
[DBG] deferring start (34404 us)
[DBG] deferring start (34142 us)
[DBG] deferring start (33863 us)
[DBG] deferring start (126300 us)
[DBG] deferring start (102855 us)
[DBG] deferring start (79415 us)
[DBG] deferring start (55919 us)
[DBG] deferring start (32473 us)
[DBG] deferring start (32228 us)
[DBG] deferring start (31976 us)
[DBG] deferring start (6141 us)
[DBG] deferring start (5675 us)
[DBG] deferring start (5287 us)
[DBG] deferring start (4926 us)
[DBG] deferring start (27696 us)
[DBG] deferring start (4151 us)
[DBG] deferring start (3807 us)
[DBG] deferring start (3482 us)
[DBG] deferring start (3161 us)
[DBG] deferring start (2793 us)
[DBG] deferring start (2447 us)
[DBG] deferring start (2108 us)
[DBG] started
[DBG] ES_OUT_RESET_PCR called
9:24:54.661 AM [skip] +30 s (click) before=210569 ms target=240569 ms
9:24:54.663 AM [player] buffering 0.0
[DBG] elst (1) gives 240569ms (movie)-> 240566ms (track)
[DBG] track[Id 0x1] using Sync Sample Box (stss)
[DBG] stss gives 7209 --> 7200 (sample number)
[DBG] track[Id 0x1] sync point found sample 7200(-9)
[DBG] seeking with 326ms preroll (use input-fast-seek to avoid) to 240569000
[DBG] elst (0) gives 240242ms (movie)-> 240242ms (track)
[DBG] track[Id 0x2] preroll offset: -1 samples
[DBG] resolving 192.168.1.250 ...
[DBG] outgoing request:
GET /stream/8 HTTP/1.1
Host: 192.168.1.250:8093
Accept: */*
Accept-Language: en_US
User-Agent: VLC/4.0.0-dev LibVLC/4.0.0-dev
If-Unmodified-Since: Fri, 18 Apr 2025 14:27:12 GMT
Range: bytes=243410760-


[DBG] incoming response:
HTTP/1.1 206 Partial Content
Accept-Ranges: bytes
Content-Length: 2936750927
Content-Range: bytes 243410760-3180161686/3180161687
Content-Type: video/mp4
Last-Modified: Fri, 18 Apr 2025 14:27:12 GMT
Date: Mon, 14 Sep 2026 13:24:54 GMT


[DBG] connection failed
[DBG] Buffering 0%
9:24:54.827 AM [player] buffering 0.0
[DBG] Buffering 1%
[DBG] Buffering 4%
[DBG] Buffering 5%
[DBG] Buffering 6%
[DBG] Buffering 8%
[DBG] Buffering 10%
[DBG] Buffering 11%
[DBG] Buffering 13%
[DBG] Buffering 15%
[DBG] Buffering 16%
[DBG] Buffering 18%
[DBG] Buffering 20%
[DBG] Buffering 21%
[DBG] Buffering 23%
9:24:54.896 AM [skip] +30 s (click) before=240569 ms target=270569 ms
[DBG] ES_OUT_RESET_PCR called
[DBG] elst (1) gives 270569ms (movie)-> 270566ms (track)
[DBG] track[Id 0x1] using Sync Sample Box (stss)
[DBG] stss gives 8108 --> 8100 (sample number)
[DBG] track[Id 0x1] sync point found sample 8100(-8)
[DBG] seeking with 296ms preroll (use input-fast-seek to avoid) to 270569000
[DBG] elst (0) gives 270272ms (movie)-> 270272ms (track)
[DBG] track[Id 0x2] preroll offset: -1 samples
[DBG] resolving 192.168.1.250 ...
[DBG] outgoing request:
GET /stream/8 HTTP/1.1
Host: 192.168.1.250:8093
Accept: */*
Accept-Language: en_US
User-Agent: VLC/4.0.0-dev LibVLC/4.0.0-dev
If-Unmodified-Since: Fri, 18 Apr 2025 14:27:12 GMT
Range: bytes=273991068-


9:24:54.897 AM [player] buffering 0.0
[DBG] incoming response:
HTTP/1.1 206 Partial Content
Accept-Ranges: bytes
Content-Length: 2906170619
Content-Range: bytes 273991068-3180161686/3180161687
Content-Type: video/mp4
Last-Modified: Fri, 18 Apr 2025 14:27:12 GMT
Date: Mon, 14 Sep 2026 13:24:54 GMT


[DBG] connection failed
[DBG] Buffering 0%
9:24:54.938 AM [player] buffering 0.0
[DBG] Buffering 1%
[DBG] Buffering 2%
[DBG] Buffering 3%
[DBG] Buffering 5%
[DBG] Buffering 6%
[DBG] Buffering 7%
[DBG] Buffering 8%
[DBG] Buffering 10%
[DBG] Buffering 12%
[DBG] Buffering 13%
[DBG] Buffering 15%
[DBG] Buffering 17%
[DBG] Buffering 19%
[DBG] Buffering 20%
[DBG] Buffering 22%
[DBG] Buffering 24%
[DBG] end of audio preroll
[DBG] Buffering 25%
[DBG] Buffering 26%
[DBG] Buffering 27%
[DBG] Buffering 29%
[DBG] Buffering 30%
[DBG] Buffering 31%
[DBG] Buffering 32%
[DBG] Buffering 33%
[DBG] Buffering 35%
[DBG] Buffering 36%
[DBG] Buffering 37%
[DBG] Buffering 38%
[DBG] Buffering 40%
[DBG] Buffering 41%
[DBG] Buffering 42%
[DBG] Buffering 43%
[DBG] Buffering 45%
[DBG] Buffering 46%
[DBG] Buffering 47%
[DBG] Buffering 48%
[DBG] Buffering 50%
[DBG] Buffering 52%
[DBG] Buffering 53%
[DBG] Buffering 55%
[DBG] Buffering 57%
[DBG] Buffering 59%
[DBG] Buffering 60%
[DBG] end of video preroll
[DBG] Received first picture
[DBG] Buffering 62%
[DBG] Buffering 64%
[DBG] Buffering 65%
[DBG] Buffering 66%
[DBG] Buffering 67%
[DBG] Buffering 69%
[DBG] Buffering 70%
[DBG] Buffering 71%
[DBG] Buffering 72%
[DBG] Buffering 73%
[DBG] Buffering 75%
[DBG] Buffering 76%
[DBG] Buffering 77%
[DBG] Buffering 78%
[DBG] Buffering 80%
[DBG] Buffering 81%
[DBG] Buffering 82%
[DBG] Buffering 83%
[DBG] Buffering 85%
[DBG] Buffering 86%
[DBG] Buffering 87%
[DBG] Buffering 88%
[DBG] Buffering 90%
[DBG] Buffering 92%
[DBG] Buffering 93%
[DBG] Buffering 95%
[DBG] Buffering 97%
[DBG] Buffering 99%
[DBG] Stream buffering done (1340 ms in 96 ms)
[DBG] Decoder wait done in 0 ms
9:24:55.034 AM [player] buffering 1.0
[DBG] deferring start (231864 us)
[DBG] deferring start (204179 us)
[DBG] deferring start (180756 us)
[DBG] deferring start (157364 us)
[DBG] deferring start (133958 us)
[DBG] deferring start (110519 us)
[DBG] deferring start (86828 us)
[DBG] deferring start (63418 us)
[DBG] deferring start (40019 us)
[DBG] deferring start (39809 us)
[DBG] deferring start (39620 us)
[DBG] deferring start (39441 us)
[DBG] deferring start (39101 us)
[DBG] deferring start (61957 us)
[DBG] deferring start (38538 us)
[DBG] deferring start (38340 us)
[DBG] deferring start (38133 us)
[DBG] deferring start (37904 us)
[DBG] deferring start (37594 us)
[DBG] deferring start (37357 us)
[DBG] deferring start (37137 us)
[DBG] deferring start (36887 us)
[DBG] deferring start (36590 us)
[DBG] deferring start (36349 us)
[DBG] deferring start (36100 us)
[DBG] deferring start (221026 us)
[DBG] deferring start (197420 us)
[DBG] deferring start (173982 us)
[DBG] deferring start (150561 us)
[DBG] deferring start (127151 us)
[DBG] deferring start (103722 us)
[DBG] deferring start (80299 us)
[DBG] deferring start (56899 us)
[DBG] deferring start (33461 us)
[DBG] deferring start (32868 us)
[DBG] deferring start (171202 us)
[DBG] deferring start (147778 us)
[DBG] deferring start (124350 us)
[DBG] deferring start (100958 us)
[DBG] deferring start (77544 us)
[DBG] deferring start (54109 us)
[DBG] deferring start (30605 us)
[DBG] deferring start (30289 us)
[DBG] deferring start (99423 us)
[DBG] deferring start (75972 us)
[DBG] deferring start (52509 us)
[DBG] deferring start (29061 us)
[DBG] deferring start (28807 us)
[DBG] deferring start (28567 us)
[DBG] deferring start (28325 us)
[DBG] deferring start (28073 us)
[DBG] deferring start (27825 us)
[DBG] deferring start (27585 us)
[DBG] deferring start (27338 us)
[DBG] started
9:24:55.117 AM [skip] +30 s (click) before=270569 ms target=300569 ms
[DBG] ES_OUT_RESET_PCR called
9:24:55.118 AM [player] buffering 0.0
[DBG] elst (1) gives 300569ms (movie)-> 300566ms (track)
[DBG] track[Id 0x1] using Sync Sample Box (stss)
[DBG] stss gives 9007 --> 9000 (sample number)
[DBG] track[Id 0x1] sync point found sample 9000(-7)
[DBG] seeking with 266ms preroll (use input-fast-seek to avoid) to 300569000
[DBG] elst (0) gives 300302ms (movie)-> 300302ms (track)
[DBG] track[Id 0x2] preroll offset: -1 samples
[DBG] resolving 192.168.1.250 ...
[DBG] outgoing request:
GET /stream/8 HTTP/1.1
Host: 192.168.1.250:8093
Accept: */*
Accept-Language: en_US
User-Agent: VLC/4.0.0-dev LibVLC/4.0.0-dev
If-Unmodified-Since: Fri, 18 Apr 2025 14:27:12 GMT
Range: bytes=304666478-


[DBG] incoming response:
HTTP/1.1 206 Partial Content
Accept-Ranges: bytes
Content-Length: 2875495209
Content-Range: bytes 304666478-3180161686/3180161687
Content-Type: video/mp4
Last-Modified: Fri, 18 Apr 2025 14:27:12 GMT
Date: Mon, 14 Sep 2026 13:24:55 GMT


[DBG] connection failed
[DBG] Buffering 0%
9:24:55.247 AM [player] buffering 0.0
[DBG] Buffering 1%
[DBG] Buffering 3%
[DBG] Buffering 6%
[DBG] Buffering 7%
[DBG] Buffering 8%
[DBG] Buffering 11%
[DBG] Buffering 12%
[DBG] Buffering 13%
[DBG] Buffering 14%
[DBG] Buffering 16%
[DBG] Buffering 17%
[DBG] Buffering 18%
[DBG] Buffering 19%
[DBG] Buffering 21%
[DBG] Buffering 23%
[DBG] Buffering 24%
[DBG] end of audio preroll
[DBG] Buffering 26%
[DBG] Buffering 28%
[DBG] Buffering 30%
[DBG] Buffering 31%
[DBG] Buffering 33%
[DBG] Buffering 35%
[DBG] Buffering 36%
[DBG] Buffering 37%
[DBG] end of video preroll
[DBG] Buffering 39%
[DBG] Received first picture
[DBG] Buffering 40%
[DBG] Buffering 41%
[DBG] Buffering 42%
[DBG] Buffering 44%
[DBG] Buffering 46%
[DBG] Buffering 47%
[DBG] Buffering 49%
[DBG] Buffering 51%
[DBG] Buffering 53%
[DBG] Buffering 54%
[DBG] Buffering 56%
[DBG] Buffering 58%
[DBG] Buffering 59%
[DBG] Buffering 60%
[DBG] Buffering 61%
[DBG] Buffering 63%
[DBG] Buffering 64%
[DBG] Buffering 65%
[DBG] Buffering 67%
[DBG] Buffering 69%
[DBG] Buffering 70%
[DBG] Buffering 72%
[DBG] Buffering 74%
[DBG] Buffering 76%
[DBG] Buffering 77%
[DBG] Buffering 79%
[DBG] Buffering 81%
[DBG] Buffering 82%
[DBG] Buffering 83%
[DBG] Buffering 84%
[DBG] Buffering 87%
[DBG] Buffering 88%
[DBG] Buffering 89%
[DBG] Buffering 90%
[DBG] Buffering 92%
[DBG] Buffering 93%
[DBG] Buffering 95%
[DBG] Buffering 97%
[DBG] Buffering 99%
[DBG] Stream buffering done (1313 ms in 58 ms)
[DBG] Decoder wait done in 0 ms
9:24:55.306 AM [player] buffering 1.0
[DBG] deferring start (208336 us)
[DBG] deferring start (179394 us)
[DBG] deferring start (155715 us)
[DBG] deferring start (131452 us)
[DBG] deferring start (107754 us)
[DBG] deferring start (83759 us)
[DBG] deferring start (60202 us)
[DBG] deferring start (35863 us)
[DBG] deferring start (35139 us)
[DBG] deferring start (219466 us)
[DBG] deferring start (195664 us)
[DBG] deferring start (172051 us)
[DBG] deferring start (148565 us)
[DBG] deferring start (125118 us)
[DBG] deferring start (101700 us)
[DBG] deferring start (78230 us)
[DBG] deferring start (54794 us)
[DBG] deferring start (31363 us)
[DBG] deferring start (30852 us)
[DBG] deferring start (30534 us)
[DBG] deferring start (30238 us)
[DBG] deferring start (29854 us)
[DBG] deferring start (29562 us)
[DBG] deferring start (29322 us)
[DBG] deferring start (29079 us)
[DBG] deferring start (28868 us)
[DBG] deferring start (28642 us)
[DBG] deferring start (28444 us)
[DBG] deferring start (28228 us)
[DBG] deferring start (28020 us)
[DBG] deferring start (27813 us)
[DBG] deferring start (27615 us)
[DBG] deferring start (27396 us)
[DBG] deferring start (27170 us)
[DBG] deferring start (73336 us)
[DBG] deferring start (49932 us)
[DBG] deferring start (26513 us)
[DBG] deferring start (26281 us)
[DBG] deferring start (26047 us)
[DBG] deferring start (25819 us)
[DBG] deferring start (25583 us)
[DBG] deferring start (25361 us)
[DBG] deferring start (25134 us)
[DBG] deferring start (24924 us)
[DBG] deferring start (24696 us)
[DBG] deferring start (24469 us)
[DBG] deferring start (24260 us)
[DBG] deferring start (24038 us)
[DBG] deferring start (23819 us)
[DBG] deferring start (23594 us)
[DBG] deferring start (23323 us)
[DBG] deferring start (23120 us)
[DBG] deferring start (23006 us)
[DBG] deferring start (22891 us)
[DBG] deferring start (22775 us)
[DBG] ES_OUT_RESET_PCR called
9:24:55.337 AM [skip] +30 s (click) before=300569 ms target=330569 ms
9:24:55.339 AM [player] buffering 0.0
[DBG] elst (1) gives 330569ms (movie)-> 330566ms (track)
[DBG] track[Id 0x1] using Sync Sample Box (stss)
[DBG] stss gives 9907 --> 9900 (sample number)
[DBG] track[Id 0x1] sync point found sample 9900(-7)
[DBG] seeking with 236ms preroll (use input-fast-seek to avoid) to 330569000
[DBG] elst (0) gives 330332ms (movie)-> 330332ms (track)
[DBG] track[Id 0x2] preroll offset: -1 samples
[DBG] resolving 192.168.1.250 ...
[DBG] outgoing request:
GET /stream/8 HTTP/1.1
Host: 192.168.1.250:8093
Accept: */*
Accept-Language: en_US
User-Agent: VLC/4.0.0-dev LibVLC/4.0.0-dev
If-Unmodified-Since: Fri, 18 Apr 2025 14:27:12 GMT
Range: bytes=335030748-


[DBG] incoming response:
HTTP/1.1 206 Partial Content
Accept-Ranges: bytes
Content-Length: 2845130939
Content-Range: bytes 335030748-3180161686/3180161687
Content-Type: video/mp4
Last-Modified: Fri, 18 Apr 2025 14:27:12 GMT
Date: Mon, 14 Sep 2026 13:24:55 GMT


[DBG] connection failed
[DBG] Buffering 0%
9:24:55.362 AM [player] buffering 0.0
[DBG] Buffering 1%
[DBG] Buffering 4%
[DBG] Buffering 5%
[DBG] Buffering 6%
[DBG] Buffering 7%
[DBG] Buffering 9%
[DBG] Buffering 10%
[DBG] Buffering 11%
[DBG] Buffering 12%
[DBG] Buffering 14%
[DBG] Buffering 16%
[DBG] Buffering 18%
[DBG] Buffering 19%
[DBG] Buffering 22%
[DBG] end of audio preroll
[DBG] Buffering 23%
[DBG] Buffering 24%
[DBG] Buffering 25%
[DBG] Buffering 27%
[DBG] Buffering 28%
[DBG] Buffering 29%
[DBG] Buffering 30%
[DBG] Buffering 32%
[DBG] Buffering 34%
[DBG] Buffering 35%
[DBG] Buffering 36%
[DBG] end of video preroll
[DBG] Received first picture
[DBG] Buffering 37%
[DBG] Buffering 40%
[DBG] Buffering 41%
[DBG] Buffering 42%
[DBG] Buffering 43%
[DBG] Buffering 45%
[DBG] Buffering 46%
[DBG] Buffering 48%
[DBG] Buffering 50%
[DBG] Buffering 52%
[DBG] Buffering 53%
[DBG] Buffering 54%
[DBG] Buffering 55%
[DBG] Buffering 58%
[DBG] Buffering 59%
[DBG] Buffering 61%
[DBG] Buffering 63%
[DBG] Buffering 64%
[DBG] Buffering 66%
[DBG] Buffering 68%
[DBG] Buffering 70%
[DBG] Buffering 71%
[DBG] Buffering 72%
[DBG] Buffering 73%
[DBG] Buffering 75%
[DBG] Buffering 76%
[DBG] Buffering 77%
[DBG] Buffering 79%
[DBG] Buffering 81%
[DBG] Buffering 82%
[DBG] Buffering 84%
[DBG] Buffering 86%
[DBG] Buffering 88%
[DBG] Buffering 89%
[DBG] Buffering 90%
[DBG] Buffering 92%
[DBG] Buffering 93%
[DBG] Buffering 94%
[DBG] Buffering 95%
[DBG] Buffering 97%
[DBG] Buffering 99%
[DBG] Stream buffering done (1300 ms in 85 ms)
[DBG] Decoder wait done in 0 ms
9:24:55.447 AM [player] buffering 1.0
[DBG] deferring start (496678 us)
[DBG] deferring start (467917 us)
[DBG] deferring start (444386 us)
[DBG] deferring start (420853 us)
[DBG] deferring start (397417 us)
[DBG] deferring start (373956 us)
[DBG] deferring start (350502 us)
[DBG] deferring start (327080 us)
[DBG] deferring start (303671 us)
[DBG] deferring start (280263 us)
[DBG] deferring start (256865 us)
[DBG] deferring start (233450 us)
[DBG] deferring start (210010 us)
[DBG] deferring start (186569 us)
[DBG] deferring start (163127 us)
[DBG] deferring start (139655 us)
[DBG] deferring start (116005 us)
[DBG] deferring start (92277 us)
[DBG] deferring start (68776 us)
[DBG] deferring start (45319 us)
[DBG] deferring start (44990 us)
[DBG] deferring start (44732 us)
[DBG] deferring start (44468 us)
[DBG] deferring start (44198 us)
[DBG] deferring start (43946 us)
[DBG] deferring start (113202 us)
[DBG] deferring start (89638 us)
[DBG] deferring start (66191 us)
[DBG] deferring start (42795 us)
[DBG] deferring start (42558 us)
[DBG] deferring start (42316 us)
[DBG] deferring start (42083 us)
[DBG] deferring start (41683 us)
[DBG] deferring start (41425 us)
[DBG] deferring start (41167 us)
[DBG] deferring start (40958 us)
[DBG] deferring start (40733 us)
[DBG] deferring start (40453 us)
[DBG] deferring start (40251 us)
[DBG] deferring start (40041 us)
[DBG] deferring start (39825 us)
[DBG] deferring start (39599 us)
[DBG] deferring start (39386 us)
[DBG] deferring start (39243 us)
[DBG] deferring start (39116 us)
[DBG] deferring start (38996 us)
[DBG] deferring start (38858 us)
[DBG] deferring start (38624 us)
[DBG] deferring start (38416 us)
[DBG] deferring start (38200 us)
[DBG] deferring start (37977 us)
[DBG] deferring start (37770 us)
[DBG] deferring start (37570 us)
[DBG] deferring start (37333 us)
[DBG] deferring start (60285 us)
[DBG] deferring start (36891 us)
[DBG] started
9:24:55.861 AM [skip] after=330569 ms
9:28:53.432 AM [player] dismiss at 567808 ms, state Playing
9:28:53.433 AM [player] state Stopping at 568291 ms
[DBG] killing decoder fourcc `h264'
[DBG] removing "video decoder" module "videotoolbox"
[DBG] saving a free vout
[DBG] ES track unselected: 'video/1' (fourcc: 'h264')
9:28:53.455 AM [player] track selected type=1 selected= unselected=video/1
[DBG] killing decoder fourcc `mp4a'
[DBG] removing "audio decoder" module "avcodec"
[DBG] removing "audio resampler" module "soxr"
[DBG] removing "audio filter" module "scaletempo"
[DBG] removing "audio volume" module "float_mixer"
[DBG] keeping audio output
[DBG] ES track unselected: 'audio/2' (fourcc: 'mp4a')
[DBG] removing "demux" module "mp4"
9:28:53.512 AM [player] track selected type=0 selected= unselected=audio/2
[DBG] freeing all memory
[DBG] ES track deleted: 'video/1' (fourcc: 'h264')
[DBG] ES track deleted: 'audio/2' (fourcc: 'mp4a')
[DBG] Program doesn't contain anymore ES
[DBG] removing "stream_filter" module "record"
[DBG] removing "stream_filter" module "prefetch"
[DBG] removing "access" module "http"
[DBG] connection failed
[DBG] stop free vout
9:28:53.515 AM [player] state Stopped at 568291 ms
