8:40:45.575 AM [player] request Divergent — Divergent (2014).mkv · 4K HDR · DTS 7.1 — http://192.168.1.250:8093/stream/1
8:40:45.575 AM [player] file Movies/Divergent/Divergent (2014).mkv 3840x1600 hdr=true video=hevc Main 10 audio=dts 7.1
[DBG] Creating an input for playback'1'
8:40:45.586 AM [player] play() called
[DBG] using timeshift granularity of 50 MiB
[DBG] using default timeshift path
[DBG] `http://192.168.1.250:8093/stream/1' gives access `http' demux `any' path `192.168.1.250:8093/stream/1'
[DBG] creating access: http://192.168.1.250:8093/stream/1
[DBG] looking for access module matching "http": 2 candidates
[DBG] looking for keystore module matching "any": 1 candidates
[DBG] using keystore module "keychain"
[DBG] Lookup keychain entry for server 192.168.1.250
[WARN] lookup failed (-25300: 'Item not found')
[DBG] resolving 192.168.1.250 ...
[DBG] outgoing request:
GET /stream/1 HTTP/1.1
Host: 192.168.1.250:8093
Accept: */*
Accept-Language: en_US
User-Agent: VLC/4.0.0-dev LibVLC/4.0.0-dev
Range: bytes=0-


8:40:45.596 AM [player] state Opening at 0 ms
8:40:45.597 AM [player] buffering 0.0
[DBG] incoming response:
HTTP/1.1 206 Partial Content
Accept-Ranges: bytes
Content-Length: 13214700163
Content-Range: bytes 0-13214700162/13214700163
Content-Type: video/x-matroska
Last-Modified: Tue, 04 May 2021 22:49:24 GMT
Date: Mon, 14 Sep 2026 12:40:45 GMT


[DBG] removing "keystore" module "keychain"
[DBG] using access module "http"
[DBG] looking for stream_filter module matching "prefetch,cache": 2 candidates
[DBG] using 16777216 bytes buffer
[DBG] using stream_filter module "prefetch"
[DBG] looking for stream_filter module matching "any": 4 candidates
[DBG] no stream_filter modules matched with name any
[DBG] looking for stream_directory module matching "any": 0 candidates
[DBG] no stream_directory modules matched with name any
[DBG] attachment of directory-extractor failed for http://192.168.1.250:8093/stream/1
[DBG] looking for stream_filter module matching "record": 1 candidates
[DBG] using stream_filter module "record"
[DBG] creating demux "any", URL: http://192.168.1.250:8093/stream/1, path: (null)
[DBG] looking for demux module matching "any": 58 candidates
[DBG] |   + Seek head
[DBG] |   - info at 4151
[DBG] |   + Information
[DBG] |   |   + TimecodeScale=1000000
[DBG] |   |   + Muxing Application=no_variable_data
[DBG] |   |   + Writing Application=no_variable_data
[DBG] |   |   + Duration=8379371
[DBG] |   |   + Date=Thu Jan 01 00:00:00 1970
[DBG] |   |   + UID=0
[DBG] |   - tracks at 4238
[DBG] |   + Tracks
[DBG] |   |   + Track Entry
[DBG] |   |   |   + Track Number=1
[DBG] |   |   |   + Track UID=1
[DBG] |   |   |   + Track Type=video
[DBG] |   |   |   + Track Lacing=0
[DBG] |   |   |   + Track CodecId=V_MPEGH/ISO/HEVC
[DBG] |   |   |   + Track Language=`und'
[DBG] |   |   |   + Track Video
[DBG] |   |   |   |   + width=3840
[DBG] |   |   |   |   + height=1600
[DBG] |   |   |   |   + display width=3840
[DBG] |   |   |   |   + display height=1600
[DBG] |   |   |   + Track CodecPrivate size=2253
[DBG] |   |   |   + Track Default Duration=41708
[DBG] |   |   + Track Entry
[DBG] |   |   |   + Track Number=2
[DBG] |   |   |   + Track UID=2
[DBG] |   |   |   + Track Type=audio
[DBG] |   |   |   + Track CodecId=A_DTS
[DBG] |   |   |   + Track Default Duration=10666
[DBG] |   |   |   + Track Audio
[DBG] |   |   |   |   + afreq=48000
[DBG] |   |   |   |   + achan=8
[DBG] |   |   |   |   + abits=24
[DBG] |   |   + Track Entry
[DBG] |   |   |   + Track Number=3
[DBG] |   |   |   + Track UID=3
[DBG] |   |   |   + Track Type=subtitle
[DBG] |   |   |   + Track Default=0
[DBG] |   |   |   + Track Lacing=0
[DBG] |   |   |   + Track CodecId=S_TEXT/UTF8
[DBG] |   |   |   + Track Name=Stripped SRT
[DBG] |   |   + Track Entry
[DBG] |   |   |   + Track Number=4
[DBG] |   |   |   + Track UID=4
[DBG] |   |   |   + Track Type=subtitle
[DBG] |   |   |   + Track Default=0
[DBG] |   |   |   + Track Lacing=0
[DBG] |   |   |   + Track CodecId=S_TEXT/UTF8
[DBG] |   |   |   + Track Name=SDH SRT
[DBG] |   |   + Track Entry
[DBG] |   |   |   + Track Number=5
[DBG] |   |   |   + Track UID=5
[DBG] |   |   |   + Track Type=subtitle
[DBG] |   |   |   + Track Default=0
[DBG] |   |   |   + Track Lacing=0
[DBG] |   |   |   + Track CodecId=S_HDMV/PGS
[DBG] |   |   |   + Track Name=SDH (White)
[DBG] |   |   |   + Content Encodings
[DBG] |   |   |   |   + Content Encoding
[DBG] |   |   |   |   |   + Content Compression
[DBG] |   |   + Track Entry
[DBG] |   |   |   + Track Number=6
[DBG] |   |   |   + Track UID=6
[DBG] |   |   |   + Track Type=subtitle
[DBG] |   |   |   + Track Default=0
[DBG] |   |   |   + Track Lacing=0
[DBG] |   |   |   + Track CodecId=S_HDMV/PGS
[DBG] |   |   |   + Track Name=SDH (Grey)
[DBG] |   |   |   + Content Encodings
[DBG] |   |   |   |   + Content Encoding
[DBG] |   |   |   |   |   + Content Compression
[DBG] |   |   + Track Entry
[DBG] |   |   |   + Track Number=7
[DBG] |   |   |   + Track UID=7
[DBG] |   |   |   + Track Type=subtitle
[DBG] |   |   |   + Track Default=0
[DBG] |   |   |   + Track Lacing=0
[DBG] |   |   |   + Track CodecId=S_HDMV/PGS
[DBG] |   |   |   + Track Language=`spa'
[DBG] |   |   |   + Track Name=White
[DBG] |   |   |   + Content Encodings
[DBG] |   |   |   |   + Content Encoding
[DBG] |   |   |   |   |   + Content Compression
[DBG] |   |   + Track Entry
[DBG] |   |   |   + Track Number=8
[DBG] |   |   |   + Track UID=8
[DBG] |   |   |   + Track Type=subtitle
[DBG] |   |   |   + Track Default=0
[DBG] |   |   |   + Track Lacing=0
[DBG] |   |   |   + Track CodecId=S_HDMV/PGS
[DBG] |   |   |   + Track Language=`spa'
[DBG] |   |   |   + Track Name=Grey
[DBG] |   |   |   + Content Encodings
[DBG] |   |   |   |   + Content Encoding
[DBG] |   |   |   |   |   + Content Compression
[DBG] |   - cues at 13214293211
[DBG] resolving 192.168.1.250 ...
[DBG] outgoing request:
GET /stream/1 HTTP/1.1
Host: 192.168.1.250:8093
Accept: */*
Accept-Language: en_US
User-Agent: VLC/4.0.0-dev LibVLC/4.0.0-dev
If-Unmodified-Since: Tue, 04 May 2021 22:49:24 GMT
Range: bytes=13214293211-


[DBG] incoming response:
HTTP/1.1 206 Partial Content
Accept-Ranges: bytes
Content-Length: 406952
Content-Range: bytes 13214293211-13214700162/13214700163
Content-Type: video/x-matroska
Last-Modified: Tue, 04 May 2021 22:49:24 GMT
Date: Mon, 14 Sep 2026 12:40:45 GMT


[DBG] connection failed
[DBG] |   + Cues
[DBG] end of stream
[DBG] |   - loading cues done.
[DBG] resolving 192.168.1.250 ...
[DBG] outgoing request:
GET /stream/1 HTTP/1.1
Host: 192.168.1.250:8093
Accept: */*
Accept-Language: en_US
User-Agent: VLC/4.0.0-dev LibVLC/4.0.0-dev
If-Unmodified-Since: Tue, 04 May 2021 22:49:24 GMT
Range: bytes=108-


[DBG] incoming response:
HTTP/1.1 206 Partial Content
Accept-Ranges: bytes
Content-Length: 13214700055
Content-Range: bytes 108-13214700162/13214700163
Content-Type: video/x-matroska
Last-Modified: Tue, 04 May 2021 22:49:24 GMT
Date: Mon, 14 Sep 2026 12:40:45 GMT


[DBG] |   - tags at 13214697117
[DBG] resolving 192.168.1.250 ...
[DBG] outgoing request:
GET /stream/1 HTTP/1.1
Host: 192.168.1.250:8093
Accept: */*
Accept-Language: en_US
User-Agent: VLC/4.0.0-dev LibVLC/4.0.0-dev
If-Unmodified-Since: Tue, 04 May 2021 22:49:24 GMT
Range: bytes=13214697117-


[DBG] incoming response:
HTTP/1.1 206 Partial Content
Accept-Ranges: bytes
Content-Length: 3046
Content-Range: bytes 13214697117-13214700162/13214700163
Content-Type: video/x-matroska
Last-Modified: Tue, 04 May 2021 22:49:24 GMT
Date: Mon, 14 Sep 2026 12:40:45 GMT


[DBG] connection failed
[DBG] end of stream
[DBG] |   + Tags
[DBG] + Tag
[DBG] |   + Targets
[DBG] |   |   + TargetTypeValue: 50
[DBG] |   |   + TrackUID: 1
[DBG] |   |   + TargetType: MOVIE
[DBG] |   + Simple Tag 
[DBG] |   |   + Meta BPS: 8069705
[DBG] |   + Simple Tag 
[DBG] |   |   + Meta DURATION: 02:19:39.371000000
[DBG] |   + Simple Tag 
[DBG] |   |   + Meta NUMBER_OF_FRAMES: 200904
[DBG] |   + Simple Tag 
[DBG] |   |   + Meta NUMBER_OF_BYTES: 8452381613
[DBG] |   + Simple Tag 
[DBG] |   |   + Meta _STATISTICS_WRITING_APP: no_variable_data
[DBG] |   + Simple Tag 
[DBG] |   |   + Meta _STATISTICS_WRITING_DATE_UTC: 1970-01-01 00:00:00
[DBG] |   + Simple Tag 
[DBG] |   |   + Meta _STATISTICS_TAGS: BPS DURATION NUMBER_OF_FRAMES NUMBER_OF_BYTES
[DBG] + Tag
[DBG] |   + Targets
[DBG] |   |   + TargetTypeValue: 50
[DBG] |   |   + TrackUID: 2
[DBG] |   |   + TargetType: MOVIE
[DBG] |   + Simple Tag 
[DBG] |   |   + Meta BPS: 4510921
[DBG] |   + Simple Tag 
[DBG] |   |   + Meta DURATION: 02:19:39.328000000
[DBG] |   + Simple Tag 
[DBG] |   |   + Meta NUMBER_OF_FRAMES: 785562
[DBG] |   + Simple Tag 
[DBG] |   |   + Meta NUMBER_OF_BYTES: 4724811044
[DBG] |   + Simple Tag 
[DBG] |   |   + Meta _STATISTICS_WRITING_APP: no_variable_data
[DBG] |   + Simple Tag 
[DBG] |   |   + Meta _STATISTICS_WRITING_DATE_UTC: 1970-01-01 00:00:00
[DBG] |   + Simple Tag 
[DBG] |   |   + Meta _STATISTICS_TAGS: BPS DURATION NUMBER_OF_FRAMES NUMBER_OF_BYTES
[DBG] + Tag
[DBG] |   + Targets
[DBG] |   |   + TargetTypeValue: 50
[DBG] |   |   + TrackUID: 3
[DBG] |   |   + TargetType: MOVIE
[DBG] |   + Simple Tag 
[DBG] |   |   + Meta BPS: 38
[DBG] |   + Simple Tag 
[DBG] |   |   + Meta DURATION: 02:09:12.996000000
[DBG] |   + Simple Tag 
[DBG] |   |   + Meta NUMBER_OF_FRAMES: 1377
[DBG] |   + Simple Tag 
[DBG] |   |   + Meta NUMBER_OF_BYTES: 36901
[DBG] |   + Simple Tag 
[DBG] |   |   + Meta _STATISTICS_WRITING_APP: no_variable_data
[DBG] |   + Simple Tag 
[DBG] |   |   + Meta _STATISTICS_WRITING_DATE_UTC: 1970-01-01 00:00:00
[DBG] |   + Simple Tag 
[DBG] |   |   + Meta _STATISTICS_TAGS: BPS DURATION NUMBER_OF_FRAMES NUMBER_OF_BYTES
[DBG] + Tag
[DBG] |   + Targets
[DBG] |   |   + TargetTypeValue: 50
[DBG] |   |   + TrackUID: 4
[DBG] |   |   + TargetType: MOVIE
[DBG] |   + Simple Tag 
[DBG] |   |   + Meta BPS: 43
[DBG] |   + Simple Tag 
[DBG] |   |   + Meta DURATION: 02:09:31.014000000
[DBG] |   + Simple Tag 
[DBG] |   |   + Meta NUMBER_OF_FRAMES: 1635
[DBG] |   + Simple Tag 
[DBG] |   |   + Meta NUMBER_OF_BYTES: 42543
[DBG] |   + Simple Tag 
[DBG] |   |   + Meta _STATISTICS_WRITING_APP: no_variable_data
[DBG] |   + Simple Tag 
[DBG] |   |   + Meta _STATISTICS_WRITING_DATE_UTC: 1970-01-01 00:00:00
[DBG] |   + Simple Tag 
[DBG] |   |   + Meta _STATISTICS_TAGS: BPS DURATION NUMBER_OF_FRAMES NUMBER_OF_BYTES
[DBG] + Tag
[DBG] |   + Targets
[DBG] |   |   + TargetTypeValue: 50
[DBG] |   |   + TrackUID: 5
[DBG] |   |   + TargetType: MOVIE
[DBG] |   + Simple Tag 
[DBG] |   |   + Meta BPS: 28993
[DBG] |   + Simple Tag 
[DBG] |   |   + Meta DURATION: 02:09:31.013000000
[DBG] |   + Simple Tag 
[DBG] |   |   + Meta NUMBER_OF_FRAMES: 3270
[DBG] |   + Simple Tag 
[DBG] |   |   + Meta NUMBER_OF_BYTES: 28163980
[DBG] |   + Simple Tag 
[DBG] |   |   + Meta _STATISTICS_WRITING_APP: no_variable_data
[DBG] |   + Simple Tag 
[DBG] |   |   + Meta _STATISTICS_WRITING_DATE_UTC: 1970-01-01 00:00:00
[DBG] |   + Simple Tag 
[DBG] |   |   + Meta _STATISTICS_TAGS: BPS DURATION NUMBER_OF_FRAMES NUMBER_OF_BYTES
[DBG] + Tag
[DBG] |   + Targets
[DBG] |   |   + TargetTypeValue: 50
[DBG] |   |   + TrackUID: 6
[DBG] |   |   + TargetType: MOVIE
[DBG] |   + Simple Tag 
[DBG] |   |   + Meta BPS: 28993
[DBG] |   + Simple Tag 
[DBG] |   |   + Meta DURATION: 02:09:31.013000000
[DBG] |   + Simple Tag 
[DBG] |   |   + Meta NUMBER_OF_FRAMES: 3270
[DBG] |   + Simple Tag 
[DBG] |   |   + Meta NUMBER_OF_BYTES: 28163980
[DBG] |   + Simple Tag 
[DBG] |   |   + Meta _STATISTICS_WRITING_APP: no_variable_data
[DBG] |   + Simple Tag 
[DBG] |   |   + Meta _STATISTICS_WRITING_DATE_UTC: 1970-01-01 00:00:00
[DBG] |   + Simple Tag 
[DBG] |   |   + Meta _STATISTICS_TAGS: BPS DURATION NUMBER_OF_FRAMES NUMBER_OF_BYTES
[DBG] + Tag
[DBG] |   + Targets
[DBG] |   |   + TargetTypeValue: 50
[DBG] |   |   + TrackUID: 7
[DBG] |   |   + TargetType: MOVIE
[DBG] |   + Simple Tag 
[DBG] |   |   + Meta BPS: 23192
[DBG] |   + Simple Tag 
[DBG] |   |   + Meta DURATION: 02:09:13.037000000
[DBG] |   + Simple Tag 
[DBG] |   |   + Meta NUMBER_OF_FRAMES: 2446
[DBG] |   + Simple Tag 
[DBG] |   |   + Meta NUMBER_OF_BYTES: 22476857
[DBG] |   + Simple Tag 
[DBG] |   |   + Meta _STATISTICS_WRITING_APP: no_variable_data
[DBG] |   + Simple Tag 
[DBG] |   |   + Meta _STATISTICS_WRITING_DATE_UTC: 1970-01-01 00:00:00
[DBG] |   + Simple Tag 
[DBG] |   |   + Meta _STATISTICS_TAGS: BPS DURATION NUMBER_OF_FRAMES NUMBER_OF_BYTES
[DBG] + Tag
[DBG] |   + Targets
[DBG] |   |   + TargetTypeValue: 50
[DBG] |   |   + TrackUID: 8
[DBG] |   |   + TargetType: MOVIE
[DBG] |   + Simple Tag 
[DBG] |   |   + Meta BPS: 23192
[DBG] |   + Simple Tag 
[DBG] |   |   + Meta DURATION: 02:09:13.037000000
[DBG] |   + Simple Tag 
[DBG] |   |   + Meta NUMBER_OF_FRAMES: 2446
[DBG] |   + Simple Tag 
[DBG] |   |   + Meta NUMBER_OF_BYTES: 22476857
[DBG] |   + Simple Tag 
[DBG] |   |   + Meta _STATISTICS_WRITING_APP: no_variable_data
[DBG] |   + Simple Tag 
[DBG] |   |   + Meta _STATISTICS_WRITING_DATE_UTC: 1970-01-01 00:00:00
[DBG] |   + Simple Tag 
[DBG] |   |   + Meta _STATISTICS_TAGS: BPS DURATION NUMBER_OF_FRAMES NUMBER_OF_BYTES
[DBG] loading tags done.
[DBG] resolving 192.168.1.250 ...
[DBG] outgoing request:
GET /stream/1 HTTP/1.1
Host: 192.168.1.250:8093
Accept: */*
Accept-Language: en_US
User-Agent: VLC/4.0.0-dev LibVLC/4.0.0-dev
If-Unmodified-Since: Tue, 04 May 2021 22:49:24 GMT
Range: bytes=126-


[DBG] incoming response:
HTTP/1.1 206 Partial Content
Accept-Ranges: bytes
Content-Length: 13214700037
Content-Range: bytes 126-13214700162/13214700163
Content-Type: video/x-matroska
Last-Modified: Tue, 04 May 2021 22:49:24 GMT
Date: Mon, 14 Sep 2026 12:40:45 GMT


[DBG] |   - chapters at 7938
[DBG] |   + Chapters
[DBG] |   |   |   + ChapterAtom (level=0)
[DBG] |   |   |   |   + ChapterUID=1
[DBG] |   |   |   |   + ChapterTimeStart=0
[DBG] |   |   |   |   + ChapterFlagHidden=no
[DBG] |   |   |   |   + ChapterDisplay
[DBG] |   |   |   |   |   + ChapterString=00:00:00.000
[DBG] |   |   |   |   |   + ChapterLanguage=eng
[DBG] |   |   |   + ChapterAtom (level=0)
[DBG] |   |   |   |   + ChapterUID=2
[DBG] |   |   |   |   + ChapterTimeStart=477477000
[DBG] |   |   |   |   + ChapterFlagHidden=no
[DBG] |   |   |   |   + ChapterDisplay
[DBG] |   |   |   |   |   + ChapterString=00:07:57.477
[DBG] |   |   |   |   |   + ChapterLanguage=eng
[DBG] |   |   |   + ChapterAtom (level=0)
[DBG] |   |   |   |   + ChapterUID=3
[DBG] |   |   |   |   + ChapterTimeStart=929595000
[DBG] |   |   |   |   + ChapterFlagHidden=no
[DBG] |   |   |   |   + ChapterDisplay
[DBG] |   |   |   |   |   + ChapterString=00:15:29.595
[DBG] |   |   |   |   |   + ChapterLanguage=eng
[DBG] |   |   |   + ChapterAtom (level=0)
[DBG] |   |   |   |   + ChapterUID=4
[DBG] |   |   |   |   + ChapterTimeStart=1411035000
[DBG] |   |   |   |   + ChapterFlagHidden=no
[DBG] |   |   |   |   + ChapterDisplay
[DBG] |   |   |   |   |   + ChapterString=00:23:31.035
[DBG] |   |   |   |   |   + ChapterLanguage=eng
[DBG] |   |   |   + ChapterAtom (level=0)
[DBG] |   |   |   |   + ChapterUID=5
[DBG] |   |   |   |   + ChapterTimeStart=2036618000
[DBG] |   |   |   |   + ChapterFlagHidden=no
[DBG] |   |   |   |   + ChapterDisplay
[DBG] |   |   |   |   |   + ChapterString=00:33:56.618
[DBG] |   |   |   |   |   + ChapterLanguage=eng
[DBG] |   |   |   + ChapterAtom (level=0)
[DBG] |   |   |   |   + ChapterUID=6
[DBG] |   |   |   |   + ChapterTimeStart=2332664000
[DBG] |   |   |   |   + ChapterFlagHidden=no
[DBG] |   |   |   |   + ChapterDisplay
[DBG] |   |   |   |   |   + ChapterString=00:38:52.664
[DBG] |   |   |   |   |   + ChapterLanguage=eng
[DBG] |   |   |   + ChapterAtom (level=0)
[DBG] |   |   |   |   + ChapterUID=7
[DBG] |   |   |   |   + ChapterTimeStart=2664036000
[DBG] |   |   |   |   + ChapterFlagHidden=no
[DBG] |   |   |   |   + ChapterDisplay
[DBG] |   |   |   |   |   + ChapterString=00:44:24.036
[DBG] |   |   |   |   |   + ChapterLanguage=eng
[DBG] |   |   |   + ChapterAtom (level=0)
[DBG] |   |   |   |   + ChapterUID=8
[DBG] |   |   |   |   + ChapterTimeStart=3217214000
[DBG] |   |   |   |   + ChapterFlagHidden=no
[DBG] |   |   |   |   + ChapterDisplay
[DBG] |   |   |   |   |   + ChapterString=00:53:37.214
[DBG] |   |   |   |   |   + ChapterLanguage=eng
[DBG] |   |   |   + ChapterAtom (level=0)
[DBG] |   |   |   |   + ChapterUID=9
[DBG] |   |   |   |   + ChapterTimeStart=3602390000
[DBG] |   |   |   |   + ChapterFlagHidden=no
[DBG] |   |   |   |   + ChapterDisplay
[DBG] |   |   |   |   |   + ChapterString=01:00:02.390
[DBG] |   |   |   |   |   + ChapterLanguage=eng
[DBG] |   |   |   + ChapterAtom (level=0)
[DBG] |   |   |   |   + ChapterUID=a
[DBG] |   |   |   |   + ChapterTimeStart=3991779000
[DBG] |   |   |   |   + ChapterFlagHidden=no
[DBG] |   |   |   |   + ChapterDisplay
[DBG] |   |   |   |   |   + ChapterString=01:06:31.779
[DBG] |   |   |   |   |   + ChapterLanguage=eng
[DBG] |   |   |   + ChapterAtom (level=0)
[DBG] |   |   |   |   + ChapterUID=b
[DBG] |   |   |   |   + ChapterTimeStart=4399312000
[DBG] |   |   |   |   + ChapterFlagHidden=no
[DBG] |   |   |   |   + ChapterDisplay
[DBG] |   |   |   |   |   + ChapterString=01:13:19.312
[DBG] |   |   |   |   |   + ChapterLanguage=eng
[DBG] |   |   |   + ChapterAtom (level=0)
[DBG] |   |   |   |   + ChapterUID=c
[DBG] |   |   |   |   + ChapterTimeStart=4807845000
[DBG] |   |   |   |   + ChapterFlagHidden=no
[DBG] |   |   |   |   + ChapterDisplay
[DBG] |   |   |   |   |   + ChapterString=01:20:07.845
[DBG] |   |   |   |   |   + ChapterLanguage=eng
[DBG] |   |   |   + ChapterAtom (level=0)
[DBG] |   |   |   |   + ChapterUID=d
[DBG] |   |   |   |   + ChapterTimeStart=5321149000
[DBG] |   |   |   |   + ChapterFlagHidden=no
[DBG] |   |   |   |   + ChapterDisplay
[DBG] |   |   |   |   |   + ChapterString=01:28:41.149
[DBG] |   |   |   |   |   + ChapterLanguage=eng
[DBG] |   |   |   + ChapterAtom (level=0)
[DBG] |   |   |   |   + ChapterUID=e
[DBG] |   |   |   |   + ChapterTimeStart=5754666000
[DBG] |   |   |   |   + ChapterFlagHidden=no
[DBG] |   |   |   |   + ChapterDisplay
[DBG] |   |   |   |   |   + ChapterString=01:35:54.666
[DBG] |   |   |   |   |   + ChapterLanguage=eng
[DBG] |   |   |   + ChapterAtom (level=0)
[DBG] |   |   |   |   + ChapterUID=f
[DBG] |   |   |   |   + ChapterTimeStart=6379081000
[DBG] |   |   |   |   + ChapterFlagHidden=no
[DBG] |   |   |   |   + ChapterDisplay
[DBG] |   |   |   |   |   + ChapterString=01:46:19.081
[DBG] |   |   |   |   |   + ChapterLanguage=eng
[DBG] |   |   |   + ChapterAtom (level=0)
[DBG] |   |   |   |   + ChapterUID=10
[DBG] |   |   |   |   + ChapterTimeStart=7074401000
[DBG] |   |   |   |   + ChapterFlagHidden=no
[DBG] |   |   |   |   + ChapterDisplay
[DBG] |   |   |   |   |   + ChapterString=01:57:54.401
[DBG] |   |   |   |   |   + ChapterLanguage=eng
[DBG] |   + Void
[DBG] |   + Information
[DBG] |   + Tracks
[DBG] |   + Void
[DBG] |   + Chapters
[DBG] |   + Void
[DBG] |   + Cluster
[DBG] Virtual chapter  00:00:00.000 from 0 to -1 - 
[DBG] Virtual chapter  00:07:57.477 from 477477000 to -1 - 
[DBG] Virtual chapter  00:15:29.595 from 929595000 to -1 - 
[DBG] Virtual chapter  00:23:31.035 from 1411035000 to -1 - 
[DBG] Virtual chapter  00:33:56.618 from 2036618000 to -1 - 
[DBG] Virtual chapter  00:38:52.664 from 2332664000 to -1 - 
[DBG] Virtual chapter  00:44:24.036 from 2664036000 to -1 - 
[DBG] Virtual chapter  00:53:37.214 from 3217214000 to -1 - 
[DBG] Virtual chapter  01:00:02.390 from 3602390000 to -1 - 
[DBG] Virtual chapter  01:06:31.779 from 3991779000 to -1 - 
[DBG] Virtual chapter  01:13:19.312 from 4399312000 to -1 - 
[DBG] Virtual chapter  01:20:07.845 from 4807845000 to -1 - 
[DBG] Virtual chapter  01:28:41.149 from 5321149000 to -1 - 
[DBG] Virtual chapter  01:35:54.666 from 5754666000 to -1 - 
[DBG] Virtual chapter  01:46:19.081 from 6379081000 to -1 - 
[DBG] Virtual chapter  01:57:54.401 from 7074401000 to -1 - 
[DBG] Virtual chapter  from 0 to -1 - 
[DBG] NEW START CHAPTER uid=1
[DBG] found 8 es
[DBG] selecting program id=0
[DBG] ES track added: 'video/1' (fourcc: 'hevc')
[DBG] ES track added: 'audio/2' (fourcc: 'dts ')
[DBG] ES track added: 'spu/3' (fourcc: 'subt')
8:40:45.744 AM [player] track added video/1 type=1
[DBG] ES track added: 'spu/4' (fourcc: 'subt')
[DBG] ES track added: 'spu/5' (fourcc: 'bdpg')
[DBG] ES track added: 'spu/6' (fourcc: 'bdpg')
[DBG] ES track added: 'spu/7' (fourcc: 'bdpg')
[DBG] ES track added: 'spu/8' (fourcc: 'bdpg')
8:40:45.744 AM [player] track added audio/2 type=0
[DBG] seek: preroll{ track: 1, pts: 0, fpos: 8744 skip: 8744} 
[DBG] seek: preroll{ req: 1, start-pts: 1, start-fpos: 8744} 
8:40:45.744 AM [player] track added spu/3 type=2
[DBG] using demux module "mkv"
8:40:45.744 AM [player] track added spu/4 type=2
[DBG] looking for video decoder module matching "any": 14 candidates
8:40:45.744 AM [player] track added spu/5 type=2
8:40:45.744 AM [player] track added spu/6 type=2
8:40:45.744 AM [player] track added spu/7 type=2
8:40:45.744 AM [player] track added spu/8 type=2
8:40:45.744 AM [player] length 8379371 ms
[DBG] vout: none found
[DBG] vout change: decoder size
[DBG] vout change: visible size
[DBG] looking for text renderer module matching "freetype": 2 candidates
[DBG] using text renderer module "freetype"
[DBG] looking for video converter module matching "any": 13 candidates
[DBG] 32x32 (32x32) chroma: YUVA colorspace: Undefined -> 16x16 (16x16) chroma: RGBA colorspace: Undefined with scaling using Bicubic (good quality)
[DBG] using video converter module "swscale"
[DBG] looking for video converter module matching "any": 13 candidates
[DBG] YUVP to YUVA converter
[DBG] using video converter module "yuvp"
[DBG] Deinterlacing available
[DBG] deinterlace -1, mode auto, is_needed 0
[DBG] looking for vout window module matching "any": 2 candidates
[DBG] resized to 1920x1080
[DBG] using vout window module "uiview_window"
[DBG] looking for inhibit module matching "any": 1 candidates
[DBG] using inhibit module "uikit_inhibit"
[DBG] looking for decoder device module matching "any": 1 candidates
[DBG] using decoder device module "videotoolbox"
[DBG] new VPS parsed: 0
[DBG] new SPS parsed: 0
[DBG] new PPS parsed: 0
[WARN] forcing output chroma (kCVPixelFormatType): x420
[INF] Using Video Toolbox to decode 'hevc'
[DBG] using video decoder module "videotoolbox"
[DBG] ES track selected: 'video/1' (fourcc: 'hevc')
[DBG] looking for audio packetizer module matching "any": 11 candidates
[DBG] using audio packetizer module "dts"
[DBG] looking for audio decoder module matching "any": 15 candidates
[DBG] reusing audio output
[WARN] failed to start passthrough audio output, failing back to linear format
8:40:45.761 AM [player] track selected type=1 selected=video/1 unselected=
[DBG] keeping audio output
[DBG] using Lavc63.1.100
[DBG] CPU flags: 0x00062360
[DBG] codec (dca) started
[DBG] using audio decoder module "avcodec"
[DBG] ES track selected: 'audio/2' (fourcc: 'dts ')
[DBG] looking for meta reader module matching "any": 1 candidates
[DBG] no meta reader modules matched with name any
[DBG] `http://192.168.1.250:8093/stream/1' successfully opened
8:40:45.762 AM [player] track selected type=0 selected=audio/2 unselected=
[DBG] program(0): using clock source: 'audio'
[DBG] Buffering 0%
8:40:45.762 AM [player] state Playing at 0 ms
[DBG] new PPS parsed: 0
8:40:45.762 AM [player] buffering 0.0
[DBG] DTS samplerate:48000 bitrate:1536000
[DBG] restarting module due to input format change
[DBG] 'decoder in/packetizer out' i_channels 8 / 6
[DBG] 'decoder in/packetizer out' i_physical_channels 0 / 4199
[DBG] 'decoder in/packetizer out' profile -1 / 1
[DBG] removing "audio decoder" module "avcodec"
[DBG] looking for audio decoder module matching "any": 15 candidates
[DBG] reusing audio output
[WARN] failed to start passthrough audio output, failing back to linear format
[DBG] keeping audio output
[DBG] using Lavc63.1.100
[DBG] CPU flags: 0x00062360
[DBG] Buffering 4%
[DBG] codec (dca) started
[DBG] using audio decoder module "avcodec"
[DBG] Buffering 12%
[DBG] reusing audio output
[DBG] Buffering 16%
[DBG] Buffering 33%
[DBG] Buffering 37%
[DBG] Buffering 54%
[DBG] Buffering 58%
[DBG] Buffering 70%
[DBG] session accepted first frame 1
[DBG] Buffering 75%
[DBG] Buffering 87%
[DBG] output chroma (kCVPixelFormatType): x420
[DBG] vout change: chroma
[DBG] requested window size: 3840x1600
[DBG] deinterlace -1, mode auto, is_needed 0
[DBG] Opening vout display wrapper
[DBG] looking for vout display module matching "any": 3 candidates
[DBG] using vout display module "samplebufferdisplay"
[DBG] original format sz 3840x1600, of (0,0), vsz 3840x1600, 4cc CVPP, sar 1:1, orient: normal
[DBG] removing "text renderer" module "freetype"
[DBG] looking for text renderer module matching "freetype": 2 candidates
[DBG] using text renderer module "freetype"
[DBG] requested window size: 3840x1600
[DBG] resetting projection_mode to 0
[DBG] setting projection_mode to 0
[DBG] Received first picture
[DBG] Buffering 99%
[DBG] Stream buffering done (1001 ms in 27 ms)
8:40:45.791 AM [player] buffering 1.0
[DBG] resized to 3840x2160
[DBG] Output on HDMI, channel count: 8
[DBG] swapping Surround and RearSurround channels for 7.1 Rear Surround
[DBG] VLC keeping the same input layout
[DBG] output 'f32l' 48000 Hz 3F2M2R/LFE frame=1 samples/32 bytes
[DBG] looking for audio volume module matching "any": 2 candidates
[DBG] using audio volume module "float_mixer"
[DBG] input 's32l' 48000 Hz 3F2M2R/LFE frame=1 samples/32 bytes
[DBG] looking for audio filter module matching "scaletempo": 1 candidates
[DBG] format: 48000 rate, 8 nch, 4 bps, fl32
[DBG] params: 30 stride, 0.200 overlap, 14 search
[DBG] 1.000 scale, 1440.000 stride_in, 1440 stride_out, 1152 standing, 288 overlap, 672 search, 2400 queue, fl32 mode
[DBG] using audio filter module "scaletempo"
[DBG] conversion: 's32l'->'f32l' 48000 Hz->48000 Hz 3F2M2R/LFE->3F2M2R/LFE
[DBG] looking for audio converter module matching "any": 8 candidates
[DBG] s32l->f32l, bits per sample: 32->32
[DBG] using audio converter module "audio_format"
[DBG] conversion pipeline complete
[DBG] conversion: 'f32l'->'f32l' 48000 Hz->48000 Hz 3F2M2R/LFE->3F2M2R/LFE
[DBG] conversion pipeline complete
[DBG] looking for audio resampler module matching "soxr": 2 candidates
[DBG] Using SoX Resampler with 'cr32s' engine and 'Medium 16-bit with medium roll-off' quality to convert f32l/48000Hz to f32l/48000Hz.
[DBG] using audio resampler module "soxr"
[DBG] Decoder wait done in 67 ms
[DBG] deferring start (79617 us)
[DBG] deferring start (64848 us)
[DBG] deferring start (64491 us)
[DBG] deferring start (64204 us)
[DBG] deferring start (63998 us)
[DBG] deferring start (63817 us)
[DBG] deferring start (63659 us)
[DBG] deferring start (63488 us)
[DBG] deferring start (63279 us)
[DBG] deferring start (63065 us)
[DBG] deferring start (73509 us)
[DBG] deferring start (62719 us)
[DBG] deferring start (62538 us)
[DBG] deferring start (62373 us)
[DBG] deferring start (62200 us)
[DBG] deferring start (62053 us)
[DBG] deferring start (61958 us)
[DBG] deferring start (62067 us)
[DBG] deferring start (61810 us)
[DBG] deferring start (61578 us)
[DBG] deferring start (61382 us)
[DBG] deferring start (61207 us)
[DBG] deferring start (61038 us)
[DBG] deferring start (60784 us)
[DBG] deferring start (60503 us)
[DBG] deferring start (60325 us)
[DBG] deferring start (60203 us)
[DBG] deferring start (60072 us)
[DBG] deferring start (59919 us)
[DBG] deferring start (59805 us)
[DBG] deferring start (59725 us)
[DBG] deferring start (59632 us)
[DBG] deferring start (59552 us)
[DBG] deferring start (59411 us)
[DBG] deferring start (59224 us)
[DBG] deferring start (143812 us)
[DBG] deferring start (133063 us)
[DBG] deferring start (122286 us)
[DBG] deferring start (111445 us)
[DBG] deferring start (100665 us)
[DBG] deferring start (89898 us)
[DBG] deferring start (79155 us)
[DBG] deferring start (68403 us)
[DBG] deferring start (57640 us)
[DBG] deferring start (68094 us)
[DBG] deferring start (57342 us)
[DBG] deferring start (57194 us)
[DBG] deferring start (57034 us)
[DBG] deferring start (56859 us)
[DBG] deferring start (56692 us)
[DBG] deferring start (56513 us)
[DBG] deferring start (66981 us)
[DBG] deferring start (56234 us)
[DBG] deferring start (56118 us)
[DBG] deferring start (55974 us)
[DBG] deferring start (55895 us)
[DBG] deferring start (55815 us)
[DBG] deferring start (66298 us)
[DBG] deferring start (55516 us)
[DBG] deferring start (55362 us)
[DBG] deferring start (55185 us)
[DBG] deferring start (65620 us)
[DBG] deferring start (54878 us)
[DBG] deferring start (54727 us)
[DBG] deferring start (54583 us)
[DBG] deferring start (54440 us)
[DBG] deferring start (54294 us)
[DBG] deferring start (54155 us)
[DBG] deferring start (54061 us)
[DBG] deferring start (53985 us)
[DBG] deferring start (53897 us)
[DBG] deferring start (53806 us)
[DBG] deferring start (53703 us)
[DBG] deferring start (53614 us)
[DBG] deferring start (53536 us)
[DBG] deferring start (53460 us)
[DBG] deferring start (53380 us)
[DBG] deferring start (53225 us)
[DBG] deferring start (53131 us)
[DBG] deferring start (53033 us)
[DBG] deferring start (52937 us)
[DBG] deferring start (52864 us)
[DBG] deferring start (52786 us)
[DBG] deferring start (52715 us)
[DBG] deferring start (52628 us)
[DBG] deferring start (52542 us)
[DBG] deferring start (52454 us)
[DBG] deferring start (52373 us)
[DBG] deferring start (52258 us)
[DBG] deferring start (52182 us)
[DBG] deferring start (52089 us)
[DBG] deferring start (52015 us)
[DBG] deferring start (51939 us)
[DBG] deferring start (51837 us)
[DBG] deferring start (51720 us)
[DBG] deferring start (51566 us)
[DBG] deferring start (51488 us)
[DBG] deferring start (51347 us)
[DBG] deferring start (51277 us)
[DBG] deferring start (51185 us)
[DBG] deferring start (51111 us)
[DBG] deferring start (51031 us)
[DBG] deferring start (50957 us)
[DBG] deferring start (50881 us)
[DBG] deferring start (50811 us)
[DBG] deferring start (50707 us)
[DBG] deferring start (50627 us)
[DBG] deferring start (50539 us)
[DBG] deferring start (50457 us)
[DBG] deferring start (50383 us)
[DBG] deferring start (50299 us)
[DBG] deferring start (50209 us)
[DBG] deferring start (50133 us)
[DBG] deferring start (50064 us)
[DBG] deferring start (49972 us)
[DBG] deferring start (40436 us)
[DBG] deferring start (40350 us)
[DBG] deferring start (40257 us)
[DBG] deferring start (40067 us)
[DBG] deferring start (39973 us)
[DBG] deferring start (39849 us)
[DBG] deferring start (39770 us)
[DBG] deferring start (39605 us)
[DBG] deferring start (39523 us)
[DBG] deferring start (39395 us)
[DBG] deferring start (39303 us)
[DBG] deferring start (39163 us)
[DBG] deferring start (39023 us)
[DBG] deferring start (38935 us)
[DBG] deferring start (38832 us)
[DBG] deferring start (38715 us)
[DBG] deferring start (38614 us)
[DBG] deferring start (38444 us)
[DBG] deferring start (38368 us)
[DBG] deferring start (38251 us)
[DBG] deferring start (38163 us)
[DBG] deferring start (38058 us)
[DBG] deferring start (37948 us)
[DBG] deferring start (37865 us)
[DBG] started
[DBG] new PPS parsed: 0
[DBG] new PPS parsed: 0
[DBG] new PPS parsed: 0
[DBG] ES_OUT_RESET_PCR called
8:41:16.987 AM [skip] +30 s (click) before=30644 ms target=60644 ms
8:41:16.999 AM [player] buffering 0.0
[DBG] SET_TIME to 60644000
[DBG] seek request to i_pos = 60644000
[DBG] seek: preroll{ track: 1, pts: 29112000, fpos: 24820390 skip: 24820390} 
[DBG] seek: preroll{ track: 2, pts: 32395000, fpos: 27224763 skip: 27224763} 
[DBG] resolving 192.168.1.250 ...
[DBG] outgoing request:
GET /stream/1 HTTP/1.1
Host: 192.168.1.250:8093
Accept: */*
Accept-Language: en_US
User-Agent: VLC/4.0.0-dev LibVLC/4.0.0-dev
If-Unmodified-Since: Tue, 04 May 2021 22:49:24 GMT
Range: bytes=24820379-


[DBG] incoming response:
HTTP/1.1 206 Partial Content
Accept-Ranges: bytes
Content-Length: 13189879784
Content-Range: bytes 24820379-13214700162/13214700163
Content-Type: video/x-matroska
Last-Modified: Tue, 04 May 2021 22:49:24 GMT
Date: Mon, 14 Sep 2026 12:41:17 GMT


[DBG] connection failed
[DBG] seek: preroll{ req: 60644001, start-pts: 29112001, start-fpos: 24820390} 
[DBG] Buffering 0%
8:41:17.123 AM [player] buffering 0.0
[DBG] Buffering 1%
[DBG] Buffering 2%
[DBG] Buffering 3%
[DBG] Buffering 4%
[DBG] Buffering 5%
[DBG] Buffering 6%
8:41:17.205 AM [skip] +30 s (click) before=60644 ms target=90644 ms
[DBG] ES_OUT_RESET_PCR called
[DBG] SET_TIME to 90644000
[DBG] seek request to i_pos = 90644000
[DBG] seek: preroll{ track: 1, pts: 29112000, fpos: 24820390 skip: 24820390} 
[DBG] seek: preroll{ track: 2, pts: 32395000, fpos: 27224763 skip: 27224763} 
[DBG] seek: preroll{ req: 90644001, start-pts: 29112001, start-fpos: 24820390} 
[DBG] Buffering 0%
8:41:17.207 AM [player] buffering 0.0
8:41:17.207 AM [player] buffering 0.0
[DBG] Buffering 1%
[DBG] Buffering 2%
[DBG] Buffering 3%
[DBG] Buffering 4%
[DBG] Buffering 5%
[DBG] Buffering 6%
[DBG] Buffering 7%
[DBG] Buffering 8%
[DBG] Buffering 9%
[DBG] Buffering 10%
[DBG] Buffering 11%
[DBG] Buffering 12%
[DBG] Buffering 13%
[DBG] Buffering 14%
[DBG] Buffering 15%
[DBG] Buffering 16%
8:41:17.425 AM [skip] +30 s (click) before=90644 ms target=120644 ms
[DBG] ES_OUT_RESET_PCR called
[DBG] SET_TIME to 120644000
[DBG] seek request to i_pos = 120644000
[DBG] seek: preroll{ track: 1, pts: 39122000, fpos: 32515822 skip: 32515822} 
[DBG] seek: preroll{ track: 2, pts: 39296000, fpos: 32656120 skip: 32656120} 
[DBG] seek: preroll{ req: 120644001, start-pts: 39122001, start-fpos: 32515822} 
[DBG] Buffering 0%
8:41:17.427 AM [player] buffering 0.0
8:41:17.427 AM [player] buffering 0.0
[DBG] Buffering 1%
[DBG] Buffering 2%
[DBG] Buffering 3%
[DBG] Buffering 4%
[DBG] Buffering 5%
[DBG] Buffering 6%
[DBG] Buffering 7%
[DBG] Buffering 8%
[DBG] Buffering 9%
[DBG] Buffering 10%
8:41:17.650 AM [skip] +30 s (click) before=120644 ms target=150644 ms
[DBG] ES_OUT_RESET_PCR called
[DBG] SET_TIME to 150644000
[DBG] seek request to i_pos = 150644000
[DBG] seek: preroll{ track: 1, pts: 39122000, fpos: 32515822 skip: 32515822} 
[DBG] seek: preroll{ track: 2, pts: 48427000, fpos: 39155618 skip: 39155618} 
[DBG] seek: preroll{ req: 150644001, start-pts: 39122001, start-fpos: 32515822} 
[DBG] Buffering 0%
8:41:17.651 AM [player] buffering 0.0
8:41:17.651 AM [player] buffering 0.0
[DBG] Buffering 1%
[DBG] Buffering 2%
[DBG] Buffering 3%
[DBG] Buffering 4%
[DBG] Buffering 5%
[DBG] Buffering 6%
[DBG] Buffering 7%
[DBG] Buffering 8%
[DBG] Buffering 9%
[DBG] Buffering 10%
[DBG] Buffering 11%
[DBG] Buffering 12%
[DBG] Buffering 13%
[DBG] Buffering 14%
8:41:17.867 AM [skip] +30 s (click) before=150644 ms target=180644 ms
[DBG] ES_OUT_RESET_PCR called
8:41:17.870 AM [player] buffering 0.0
[DBG] SET_TIME to 180644000
[DBG] seek request to i_pos = 180644000
[DBG] seek: preroll{ track: 1, pts: 54763000, fpos: 43978340 skip: 43978340} 
[DBG] seek: preroll{ track: 2, pts: 56053000, fpos: 45227164 skip: 45227164} 
[DBG] seek: preroll{ req: 180644001, start-pts: 54763001, start-fpos: 43978340} 
8:41:17.871 AM [player] buffering 0.0
[DBG] Buffering 0%
[DBG] Buffering 1%
[DBG] Buffering 2%
[DBG] Buffering 3%
8:41:18.086 AM [skip] +30 s (click) before=180644 ms target=210644 ms
[DBG] ES_OUT_RESET_PCR called
8:41:18.093 AM [player] buffering 0.0
[DBG] SET_TIME to 210644000
[DBG] seek request to i_pos = 210644000
[DBG] seek: preroll{ track: 1, pts: 54763000, fpos: 43978340 skip: 43978340} 
[DBG] seek: preroll{ track: 2, pts: 58837000, fpos: 51700818 skip: 51700818} 
[DBG] seek: preroll{ req: 210644001, start-pts: 54763001, start-fpos: 43978340} 
8:41:18.094 AM [player] buffering 0.0
[DBG] Buffering 0%
[DBG] Buffering 1%
[DBG] Buffering 2%
[DBG] Buffering 3%
8:41:18.301 AM [skip] +30 s (click) before=210644 ms target=240644 ms
[DBG] ES_OUT_RESET_PCR called
8:41:18.308 AM [player] buffering 0.0
[DBG] SET_TIME to 240644000
[DBG] seek request to i_pos = 240644000
[DBG] seek: preroll{ track: 1, pts: 54763000, fpos: 43978340 skip: 43978340} 
[DBG] seek: preroll{ track: 2, pts: 60939000, fpos: 57585633 skip: 57585633} 
[DBG] seek: preroll{ req: 240644001, start-pts: 54763001, start-fpos: 43978340} 
8:41:18.309 AM [player] buffering 0.0
[DBG] Buffering 0%
[DBG] Buffering 1%
[DBG] Buffering 2%
[DBG] Buffering 3%
[DBG] Buffering 4%
8:41:18.518 AM [skip] +30 s (click) before=240644 ms target=270644 ms
[DBG] ES_OUT_RESET_PCR called
8:41:18.520 AM [player] buffering 0.0
[DBG] SET_TIME to 270644000
[DBG] seek request to i_pos = 270644000
[DBG] seek: preroll{ track: 1, pts: 54763000, fpos: 43978340 skip: 43978340} 
[DBG] seek: preroll{ track: 2, pts: 63659000, fpos: 63033914 skip: 63033914} 
[DBG] resolving 192.168.1.250 ...
[DBG] outgoing request:
GET /stream/1 HTTP/1.1
Host: 192.168.1.250:8093
Accept: */*
Accept-Language: en_US
User-Agent: VLC/4.0.0-dev LibVLC/4.0.0-dev
If-Unmodified-Since: Tue, 04 May 2021 22:49:24 GMT
Range: bytes=43978329-


[DBG] incoming response:
HTTP/1.1 206 Partial Content
Accept-Ranges: bytes
Content-Length: 13170721834
Content-Range: bytes 43978329-13214700162/13214700163
Content-Type: video/x-matroska
Last-Modified: Tue, 04 May 2021 22:49:24 GMT
Date: Mon, 14 Sep 2026 12:41:18 GMT


[DBG] connection failed
[DBG] seek: preroll{ req: 270644001, start-pts: 54763001, start-fpos: 43978340} 
[DBG] Buffering 0%
8:41:18.595 AM [player] buffering 0.0
[DBG] Buffering 1%
8:41:18.746 AM [skip] +30 s (click) before=270644 ms target=300644 ms
[DBG] ES_OUT_RESET_PCR called
8:41:18.752 AM [player] buffering 0.0
[DBG] SET_TIME to 300644000
[DBG] seek request to i_pos = 300644000
[DBG] seek: preroll{ track: 1, pts: 54763000, fpos: 43978340 skip: 43978340} 
[DBG] seek: preroll{ track: 2, pts: 63659000, fpos: 63033914 skip: 63033914} 
[DBG] seek: preroll{ req: 300644001, start-pts: 54763001, start-fpos: 43978340} 
8:41:18.752 AM [player] buffering 0.0
[DBG] Buffering 0%
[DBG] Buffering 1%
8:41:18.979 AM [skip] +30 s (click) before=300644 ms target=330644 ms
[DBG] ES_OUT_RESET_PCR called
[DBG] SET_TIME to 330644000
[DBG] seek request to i_pos = 330644000
[DBG] seek: preroll{ track: 1, pts: 54763000, fpos: 43978340 skip: 43978340} 
[DBG] seek: preroll{ track: 2, pts: 63659000, fpos: 63033914 skip: 63033914} 
[DBG] seek: preroll{ req: 330644001, start-pts: 54763001, start-fpos: 43978340} 
[DBG] Buffering 0%
8:41:18.981 AM [player] buffering 0.0
8:41:18.981 AM [player] buffering 0.0
[DBG] Buffering 1%
[DBG] Buffering 2%
[DBG] Buffering 3%
[DBG] Buffering 4%
8:41:19.502 AM [skip] after=330644 ms
[DBG] Buffering 5%
[DBG] Buffering 6%
[DBG] Buffering 7%
[DBG] Buffering 8%
[DBG] Buffering 9%
[DBG] Buffering 10%
[DBG] Buffering 11%
[DBG] Buffering 12%
[DBG] Buffering 13%
[DBG] Buffering 14%
[DBG] Buffering 15%
[DBG] Buffering 16%
[DBG] Buffering 17%
[DBG] Buffering 18%
[DBG] Buffering 19%
[DBG] Buffering 20%
[DBG] Buffering 21%
[DBG] Buffering 22%
[DBG] Buffering 23%
[DBG] Buffering 24%
[DBG] Buffering 25%
[DBG] Buffering 26%
[DBG] Buffering 27%
[DBG] Buffering 28%
[DBG] Buffering 29%
[DBG] Buffering 30%
[DBG] Buffering 31%
[DBG] Buffering 32%
[DBG] Buffering 33%
[DBG] Buffering 34%
[DBG] Buffering 35%
[DBG] Buffering 36%
[DBG] Buffering 37%
[DBG] Buffering 38%
[DBG] Buffering 39%
[DBG] Buffering 40%
[DBG] Buffering 41%
[DBG] Buffering 42%
[DBG] Buffering 43%
[DBG] Buffering 44%
[DBG] Buffering 45%
[DBG] Buffering 46%
[DBG] Buffering 47%
[DBG] new PPS parsed: 0
[DBG] Buffering 48%
[DBG] Buffering 49%
[DBG] Buffering 50%
[DBG] Buffering 51%
[DBG] Buffering 52%
[DBG] new PPS parsed: 0
[DBG] Buffering 53%
[DBG] Buffering 54%
[DBG] Buffering 55%
[DBG] Buffering 56%
[DBG] Buffering 57%
[DBG] Buffering 58%
[DBG] Buffering 59%
[DBG] Buffering 60%
[DBG] Buffering 61%
[DBG] Buffering 62%
[DBG] Buffering 63%
[DBG] Buffering 64%
[DBG] Buffering 65%
[DBG] Buffering 66%
[DBG] Buffering 67%
[DBG] new PPS parsed: 0
[DBG] Buffering 68%
[DBG] new PPS parsed: 0
[DBG] Buffering 69%
[DBG] Buffering 70%
[DBG] Buffering 71%
[DBG] Buffering 72%
[DBG] Buffering 73%
[DBG] Buffering 74%
[DBG] new PPS parsed: 0
[DBG] Buffering 75%
[DBG] Buffering 76%
[DBG] Buffering 77%
[DBG] new PPS parsed: 0
[DBG] Buffering 78%
[DBG] Buffering 79%
[DBG] new PPS parsed: 0
[DBG] Buffering 80%
[DBG] new PPS parsed: 0
[DBG] Buffering 81%
[DBG] Buffering 82%
[DBG] Buffering 83%
[DBG] Buffering 84%
[DBG] Buffering 85%
[DBG] Buffering 86%
[DBG] Buffering 87%
[DBG] Buffering 88%
[DBG] Buffering 89%
[DBG] Buffering 90%
[DBG] Buffering 91%
[DBG] Buffering 92%
[DBG] new PPS parsed: 0
[DBG] Buffering 93%
[DBG] new PPS parsed: 0
[DBG] Buffering 94%
[DBG] Buffering 95%
[DBG] Buffering 96%
[DBG] Buffering 97%
[DBG] Buffering 98%
[DBG] Buffering 99%
[DBG] end of audio preroll
[DBG] Stream buffering done (276943 ms in 20176 ms)
8:41:39.157 AM [player] buffering 1.0
[DBG] end of video preroll
[DBG] Received first picture
[DBG] Decoder wait done in 5714 ms
[DBG] deferring start (109104 us)
[DBG] deferring start (88069 us)
[DBG] deferring start (76909 us)
[DBG] deferring start (65871 us)
[DBG] deferring start (54893 us)
[DBG] deferring start (54440 us)
[DBG] deferring start (53506 us)
[DBG] deferring start (52727 us)
[DBG] deferring start (52174 us)
[DBG] deferring start (51598 us)
[DBG] deferring start (51133 us)
[DBG] deferring start (50699 us)
[DBG] deferring start (50305 us)
[DBG] deferring start (49860 us)
[DBG] deferring start (49405 us)
[DBG] deferring start (48650 us)
[DBG] deferring start (48029 us)
[DBG] deferring start (46944 us)
[DBG] deferring start (45534 us)
[DBG] deferring start (65611 us)
[DBG] deferring start (54368 us)
[DBG] deferring start (43327 us)
[DBG] deferring start (105138 us)
[DBG] deferring start (94076 us)
[DBG] deferring start (83121 us)
[DBG] deferring start (72220 us)
[DBG] deferring start (61329 us)
[DBG] deferring start (50437 us)
[DBG] deferring start (39580 us)
[DBG] deferring start (39378 us)
[DBG] deferring start (38921 us)
[DBG] deferring start (38594 us)
[DBG] deferring start (38269 us)
[DBG] deferring start (37938 us)
[DBG] deferring start (37640 us)
[DBG] deferring start (37279 us)
[DBG] deferring start (36934 us)
[DBG] deferring start (36612 us)
[DBG] deferring start (36278 us)
[DBG] deferring start (35881 us)
[DBG] deferring start (35548 us)
[DBG] deferring start (35185 us)
[DBG] deferring start (34963 us)
[DBG] deferring start (34591 us)
[DBG] deferring start (34269 us)
[DBG] deferring start (33925 us)
[DBG] deferring start (33596 us)
[DBG] deferring start (33283 us)
[DBG] deferring start (32976 us)
[DBG] deferring start (32702 us)
[DBG] deferring start (32436 us)
[DBG] deferring start (32170 us)
[DBG] deferring start (31866 us)
[DBG] deferring start (31577 us)
[DBG] deferring start (31359 us)
[DBG] deferring start (31102 us)
[DBG] deferring start (30808 us)
[DBG] deferring start (30547 us)
[DBG] deferring start (30293 us)
[DBG] deferring start (30049 us)
[DBG] deferring start (29778 us)
[DBG] deferring start (29521 us)
[DBG] deferring start (29263 us)
[DBG] deferring start (28989 us)
[DBG] deferring start (28708 us)
[DBG] deferring start (28456 us)
[DBG] deferring start (28123 us)
[DBG] deferring start (27869 us)
[DBG] deferring start (27583 us)
[DBG] deferring start (27288 us)
[DBG] deferring start (27035 us)
[DBG] deferring start (26715 us)
[DBG] deferring start (26485 us)
[DBG] deferring start (26191 us)
[DBG] deferring start (25924 us)
[DBG] deferring start (25673 us)
[DBG] deferring start (25395 us)
[DBG] deferring start (25104 us)
[DBG] deferring start (24855 us)
[DBG] deferring start (24633 us)
[DBG] deferring start (24386 us)
[DBG] deferring start (24109 us)
[DBG] deferring start (23904 us)
[DBG] deferring start (23658 us)
[DBG] deferring start (23407 us)
[DBG] deferring start (23171 us)
[DBG] deferring start (22887 us)
[DBG] deferring start (22703 us)
[DBG] deferring start (22445 us)
[DBG] deferring start (22238 us)
[DBG] deferring start (22007 us)
[DBG] deferring start (21762 us)
[DBG] deferring start (21515 us)
[DBG] deferring start (21220 us)
[DBG] deferring start (21016 us)
[DBG] deferring start (20782 us)
[DBG] deferring start (20517 us)
[DBG] deferring start (20296 us)
[DBG] deferring start (20065 us)
[DBG] deferring start (19818 us)
[DBG] deferring start (19532 us)
[DBG] deferring start (19332 us)
[DBG] deferring start (19072 us)
[DBG] deferring start (18835 us)
[DBG] deferring start (18597 us)
[DBG] deferring start (18362 us)
[DBG] deferring start (18134 us)
[DBG] deferring start (17893 us)
[DBG] deferring start (17600 us)
[DBG] deferring start (17410 us)
[DBG] deferring start (17182 us)
[DBG] deferring start (16911 us)
[DBG] deferring start (16755 us)
[DBG] deferring start (16557 us)
[DBG] deferring start (16331 us)
[DBG] deferring start (16143 us)
[DBG] deferring start (15910 us)
[DBG] deferring start (15692 us)
[DBG] deferring start (15490 us)
[DBG] deferring start (15254 us)
[DBG] deferring start (15061 us)
[DBG] deferring start (14860 us)
[DBG] deferring start (14651 us)
[DBG] deferring start (14385 us)
[DBG] deferring start (14192 us)
[DBG] deferring start (13998 us)
[DBG] started
[WARN] picture is too late to be displayed (missing 27 ms)
[DBG] new PPS parsed: 0
[DBG] new PPS parsed: 0
[DBG] new PPS parsed: 0
[DBG] new PPS parsed: 0
[DBG] new PPS parsed: 0
[DBG] new PPS parsed: 0
[DBG] new PPS parsed: 0
[DBG] new PPS parsed: 0
[DBG] New Chapter 477477000 uid=2
8:45:16.817 AM [player] dismiss at 542007 ms, state Playing
8:45:16.818 AM [player] state Stopping at 542028 ms
[DBG] killing decoder fourcc `hevc'
[DBG] removing "video decoder" module "videotoolbox"
[DBG] saving a free vout
[DBG] ES track unselected: 'video/1' (fourcc: 'hevc')
8:45:16.840 AM [player] track selected type=1 selected= unselected=video/1
[DBG] killing decoder fourcc `dts '
[DBG] removing "audio decoder" module "avcodec"
[DBG] removing "audio packetizer" module "dts"
[DBG] removing "audio resampler" module "soxr"
[DBG] removing "audio converter" module "audio_format"
[DBG] removing "audio filter" module "scaletempo"
[DBG] removing "audio volume" module "float_mixer"
[DBG] keeping audio output
[DBG] ES track unselected: 'audio/2' (fourcc: 'dts ')
[DBG] removing "demux" module "mkv"
8:45:16.921 AM [player] track selected type=0 selected= unselected=audio/2
[DBG] ES track deleted: 'video/1' (fourcc: 'hevc')
[DBG] ES track deleted: 'audio/2' (fourcc: 'dts ')
[DBG] ES track deleted: 'spu/3' (fourcc: 'subt')
[DBG] ES track deleted: 'spu/4' (fourcc: 'subt')
[DBG] ES track deleted: 'spu/5' (fourcc: 'bdpg')
[DBG] ES track deleted: 'spu/6' (fourcc: 'bdpg')
[DBG] ES track deleted: 'spu/7' (fourcc: 'bdpg')
[DBG] ES track deleted: 'spu/8' (fourcc: 'bdpg')
[DBG] Program doesn't contain anymore ES
[DBG] removing "stream_filter" module "record"
[DBG] removing "stream_filter" module "prefetch"
[DBG] removing "access" module "http"
[DBG] connection failed
[DBG] stop free vout
8:45:16.922 AM [player] state Stopped at 542028 ms
