8:35:15.197 AM [player] request Divergent — Divergent (2014).mkv · 4K HDR · DTS 7.1 — http://192.168.1.250:8093/stream/1
8:35:15.198 AM [player] file Movies/Divergent/Divergent (2014).mkv 3840x1600 hdr=true video=hevc Main 10 audio=dts 7.1
[DBG] Creating an input for playback'1'
8:35:15.209 AM [player] play() called
[DBG] using timeshift granularity of 50 MiB
[DBG] using default timeshift path
[DBG] `http://192.168.1.250:8093/stream/1' gives access `http' demux `any' path `192.168.1.250:8093/stream/1'
[DBG] creating access: http://192.168.1.250:8093/stream/1
[DBG] looking for access module matching "http": 2 candidates
[DBG] looking for keystore module matching "any": 1 candidates
[DBG] using keystore module "keychain"
[DBG] Lookup keychain entry for server 192.168.1.250
[WARN] lookup failed (-25300: 'Item not found')
[DBG] resolving 192.168.1.250 ...
[DBG] outgoing request:
GET /stream/1 HTTP/1.1
Host: 192.168.1.250:8093
Accept: */*
Accept-Language: en_US
User-Agent: VLC/4.0.0-dev LibVLC/4.0.0-dev
Range: bytes=0-


8:35:15.219 AM [player] state Opening at 0 ms
8:35:15.223 AM [player] buffering 0.0
[DBG] incoming response:
HTTP/1.1 206 Partial Content
Accept-Ranges: bytes
Content-Length: 13214700163
Content-Range: bytes 0-13214700162/13214700163
Content-Type: video/x-matroska
Last-Modified: Tue, 04 May 2021 22:49:24 GMT
Date: Mon, 14 Sep 2026 12:35:15 GMT


[DBG] removing "keystore" module "keychain"
[DBG] using access module "http"
[DBG] looking for stream_filter module matching "prefetch,cache": 2 candidates
[DBG] using 16777216 bytes buffer
[DBG] using stream_filter module "prefetch"
[DBG] looking for stream_filter module matching "any": 4 candidates
[DBG] no stream_filter modules matched with name any
[DBG] looking for stream_directory module matching "any": 0 candidates
[DBG] no stream_directory modules matched with name any
[DBG] attachment of directory-extractor failed for http://192.168.1.250:8093/stream/1
[DBG] looking for stream_filter module matching "record": 1 candidates
[DBG] using stream_filter module "record"
[DBG] creating demux "any", URL: http://192.168.1.250:8093/stream/1, path: (null)
[DBG] looking for demux module matching "any": 58 candidates
[DBG] |   + Seek head
[DBG] |   - info at 4151
[DBG] |   + Information
[DBG] |   |   + TimecodeScale=1000000
[DBG] |   |   + Muxing Application=no_variable_data
[DBG] |   |   + Writing Application=no_variable_data
[DBG] |   |   + Duration=8379371
[DBG] |   |   + Date=Thu Jan 01 00:00:00 1970
[DBG] |   |   + UID=0
[DBG] |   - tracks at 4238
[DBG] |   + Tracks
[DBG] |   |   + Track Entry
[DBG] |   |   |   + Track Number=1
[DBG] |   |   |   + Track UID=1
[DBG] |   |   |   + Track Type=video
[DBG] |   |   |   + Track Lacing=0
[DBG] |   |   |   + Track CodecId=V_MPEGH/ISO/HEVC
[DBG] |   |   |   + Track Language=`und'
[DBG] |   |   |   + Track Video
[DBG] |   |   |   |   + width=3840
[DBG] |   |   |   |   + height=1600
[DBG] |   |   |   |   + display width=3840
[DBG] |   |   |   |   + display height=1600
[DBG] |   |   |   + Track CodecPrivate size=2253
[DBG] |   |   |   + Track Default Duration=41708
[DBG] |   |   + Track Entry
[DBG] |   |   |   + Track Number=2
[DBG] |   |   |   + Track UID=2
[DBG] |   |   |   + Track Type=audio
[DBG] |   |   |   + Track CodecId=A_DTS
[DBG] |   |   |   + Track Default Duration=10666
[DBG] |   |   |   + Track Audio
[DBG] |   |   |   |   + afreq=48000
[DBG] |   |   |   |   + achan=8
[DBG] |   |   |   |   + abits=24
[DBG] |   |   + Track Entry
[DBG] |   |   |   + Track Number=3
[DBG] |   |   |   + Track UID=3
[DBG] |   |   |   + Track Type=subtitle
[DBG] |   |   |   + Track Default=0
[DBG] |   |   |   + Track Lacing=0
[DBG] |   |   |   + Track CodecId=S_TEXT/UTF8
[DBG] |   |   |   + Track Name=Stripped SRT
[DBG] |   |   + Track Entry
[DBG] |   |   |   + Track Number=4
[DBG] |   |   |   + Track UID=4
[DBG] |   |   |   + Track Type=subtitle
[DBG] |   |   |   + Track Default=0
[DBG] |   |   |   + Track Lacing=0
[DBG] |   |   |   + Track CodecId=S_TEXT/UTF8
[DBG] |   |   |   + Track Name=SDH SRT
[DBG] |   |   + Track Entry
[DBG] |   |   |   + Track Number=5
[DBG] |   |   |   + Track UID=5
[DBG] |   |   |   + Track Type=subtitle
[DBG] |   |   |   + Track Default=0
[DBG] |   |   |   + Track Lacing=0
[DBG] |   |   |   + Track CodecId=S_HDMV/PGS
[DBG] |   |   |   + Track Name=SDH (White)
[DBG] |   |   |   + Content Encodings
[DBG] |   |   |   |   + Content Encoding
[DBG] |   |   |   |   |   + Content Compression
[DBG] |   |   + Track Entry
[DBG] |   |   |   + Track Number=6
[DBG] |   |   |   + Track UID=6
[DBG] |   |   |   + Track Type=subtitle
[DBG] |   |   |   + Track Default=0
[DBG] |   |   |   + Track Lacing=0
[DBG] |   |   |   + Track CodecId=S_HDMV/PGS
[DBG] |   |   |   + Track Name=SDH (Grey)
[DBG] |   |   |   + Content Encodings
[DBG] |   |   |   |   + Content Encoding
[DBG] |   |   |   |   |   + Content Compression
[DBG] |   |   + Track Entry
[DBG] |   |   |   + Track Number=7
[DBG] |   |   |   + Track UID=7
[DBG] |   |   |   + Track Type=subtitle
[DBG] |   |   |   + Track Default=0
[DBG] |   |   |   + Track Lacing=0
[DBG] |   |   |   + Track CodecId=S_HDMV/PGS
[DBG] |   |   |   + Track Language=`spa'
[DBG] |   |   |   + Track Name=White
[DBG] |   |   |   + Content Encodings
[DBG] |   |   |   |   + Content Encoding
[DBG] |   |   |   |   |   + Content Compression
[DBG] |   |   + Track Entry
[DBG] |   |   |   + Track Number=8
[DBG] |   |   |   + Track UID=8
[DBG] |   |   |   + Track Type=subtitle
[DBG] |   |   |   + Track Default=0
[DBG] |   |   |   + Track Lacing=0
[DBG] |   |   |   + Track CodecId=S_HDMV/PGS
[DBG] |   |   |   + Track Language=`spa'
[DBG] |   |   |   + Track Name=Grey
[DBG] |   |   |   + Content Encodings
[DBG] |   |   |   |   + Content Encoding
[DBG] |   |   |   |   |   + Content Compression
[DBG] |   - cues at 13214293211
[DBG] resolving 192.168.1.250 ...
[DBG] outgoing request:
GET /stream/1 HTTP/1.1
Host: 192.168.1.250:8093
Accept: */*
Accept-Language: en_US
User-Agent: VLC/4.0.0-dev LibVLC/4.0.0-dev
If-Unmodified-Since: Tue, 04 May 2021 22:49:24 GMT
Range: bytes=13214293211-


[DBG] incoming response:
HTTP/1.1 206 Partial Content
Accept-Ranges: bytes
Content-Length: 406952
Content-Range: bytes 13214293211-13214700162/13214700163
Content-Type: video/x-matroska
Last-Modified: Tue, 04 May 2021 22:49:24 GMT
Date: Mon, 14 Sep 2026 12:35:15 GMT


[DBG] connection failed
[DBG] |   + Cues
[DBG] end of stream
[DBG] |   - loading cues done.
[DBG] resolving 192.168.1.250 ...
[DBG] outgoing request:
GET /stream/1 HTTP/1.1
Host: 192.168.1.250:8093
Accept: */*
Accept-Language: en_US
User-Agent: VLC/4.0.0-dev LibVLC/4.0.0-dev
If-Unmodified-Since: Tue, 04 May 2021 22:49:24 GMT
Range: bytes=108-


[DBG] incoming response:
HTTP/1.1 206 Partial Content
Accept-Ranges: bytes
Content-Length: 13214700055
Content-Range: bytes 108-13214700162/13214700163
Content-Type: video/x-matroska
Last-Modified: Tue, 04 May 2021 22:49:24 GMT
Date: Mon, 14 Sep 2026 12:35:15 GMT


[DBG] |   - tags at 13214697117
[DBG] resolving 192.168.1.250 ...
[DBG] outgoing request:
GET /stream/1 HTTP/1.1
Host: 192.168.1.250:8093
Accept: */*
Accept-Language: en_US
User-Agent: VLC/4.0.0-dev LibVLC/4.0.0-dev
If-Unmodified-Since: Tue, 04 May 2021 22:49:24 GMT
Range: bytes=13214697117-


[DBG] incoming response:
HTTP/1.1 206 Partial Content
Accept-Ranges: bytes
Content-Length: 3046
Content-Range: bytes 13214697117-13214700162/13214700163
Content-Type: video/x-matroska
Last-Modified: Tue, 04 May 2021 22:49:24 GMT
Date: Mon, 14 Sep 2026 12:35:15 GMT


[DBG] connection failed
[DBG] end of stream
[DBG] |   + Tags
[DBG] + Tag
[DBG] |   + Targets
[DBG] |   |   + TargetTypeValue: 50
[DBG] |   |   + TrackUID: 1
[DBG] |   |   + TargetType: MOVIE
[DBG] |   + Simple Tag 
[DBG] |   |   + Meta BPS: 8069705
[DBG] |   + Simple Tag 
[DBG] |   |   + Meta DURATION: 02:19:39.371000000
[DBG] |   + Simple Tag 
[DBG] |   |   + Meta NUMBER_OF_FRAMES: 200904
[DBG] |   + Simple Tag 
[DBG] |   |   + Meta NUMBER_OF_BYTES: 8452381613
[DBG] |   + Simple Tag 
[DBG] |   |   + Meta _STATISTICS_WRITING_APP: no_variable_data
[DBG] |   + Simple Tag 
[DBG] |   |   + Meta _STATISTICS_WRITING_DATE_UTC: 1970-01-01 00:00:00
[DBG] |   + Simple Tag 
[DBG] |   |   + Meta _STATISTICS_TAGS: BPS DURATION NUMBER_OF_FRAMES NUMBER_OF_BYTES
[DBG] + Tag
[DBG] |   + Targets
[DBG] |   |   + TargetTypeValue: 50
[DBG] |   |   + TrackUID: 2
[DBG] |   |   + TargetType: MOVIE
[DBG] |   + Simple Tag 
[DBG] |   |   + Meta BPS: 4510921
[DBG] |   + Simple Tag 
[DBG] |   |   + Meta DURATION: 02:19:39.328000000
[DBG] |   + Simple Tag 
[DBG] |   |   + Meta NUMBER_OF_FRAMES: 785562
[DBG] |   + Simple Tag 
[DBG] |   |   + Meta NUMBER_OF_BYTES: 4724811044
[DBG] |   + Simple Tag 
[DBG] |   |   + Meta _STATISTICS_WRITING_APP: no_variable_data
[DBG] |   + Simple Tag 
[DBG] |   |   + Meta _STATISTICS_WRITING_DATE_UTC: 1970-01-01 00:00:00
[DBG] |   + Simple Tag 
[DBG] |   |   + Meta _STATISTICS_TAGS: BPS DURATION NUMBER_OF_FRAMES NUMBER_OF_BYTES
[DBG] + Tag
[DBG] |   + Targets
[DBG] |   |   + TargetTypeValue: 50
[DBG] |   |   + TrackUID: 3
[DBG] |   |   + TargetType: MOVIE
[DBG] |   + Simple Tag 
[DBG] |   |   + Meta BPS: 38
[DBG] |   + Simple Tag 
[DBG] |   |   + Meta DURATION: 02:09:12.996000000
[DBG] |   + Simple Tag 
[DBG] |   |   + Meta NUMBER_OF_FRAMES: 1377
[DBG] |   + Simple Tag 
[DBG] |   |   + Meta NUMBER_OF_BYTES: 36901
[DBG] |   + Simple Tag 
[DBG] |   |   + Meta _STATISTICS_WRITING_APP: no_variable_data
[DBG] |   + Simple Tag 
[DBG] |   |   + Meta _STATISTICS_WRITING_DATE_UTC: 1970-01-01 00:00:00
[DBG] |   + Simple Tag 
[DBG] |   |   + Meta _STATISTICS_TAGS: BPS DURATION NUMBER_OF_FRAMES NUMBER_OF_BYTES
[DBG] + Tag
[DBG] |   + Targets
[DBG] |   |   + TargetTypeValue: 50
[DBG] |   |   + TrackUID: 4
[DBG] |   |   + TargetType: MOVIE
[DBG] |   + Simple Tag 
[DBG] |   |   + Meta BPS: 43
[DBG] |   + Simple Tag 
[DBG] |   |   + Meta DURATION: 02:09:31.014000000
[DBG] |   + Simple Tag 
[DBG] |   |   + Meta NUMBER_OF_FRAMES: 1635
[DBG] |   + Simple Tag 
[DBG] |   |   + Meta NUMBER_OF_BYTES: 42543
[DBG] |   + Simple Tag 
[DBG] |   |   + Meta _STATISTICS_WRITING_APP: no_variable_data
[DBG] |   + Simple Tag 
[DBG] |   |   + Meta _STATISTICS_WRITING_DATE_UTC: 1970-01-01 00:00:00
[DBG] |   + Simple Tag 
[DBG] |   |   + Meta _STATISTICS_TAGS: BPS DURATION NUMBER_OF_FRAMES NUMBER_OF_BYTES
[DBG] + Tag
[DBG] |   + Targets
[DBG] |   |   + TargetTypeValue: 50
[DBG] |   |   + TrackUID: 5
[DBG] |   |   + TargetType: MOVIE
[DBG] |   + Simple Tag 
[DBG] |   |   + Meta BPS: 28993
[DBG] |   + Simple Tag 
[DBG] |   |   + Meta DURATION: 02:09:31.013000000
[DBG] |   + Simple Tag 
[DBG] |   |   + Meta NUMBER_OF_FRAMES: 3270
[DBG] |   + Simple Tag 
[DBG] |   |   + Meta NUMBER_OF_BYTES: 28163980
[DBG] |   + Simple Tag 
[DBG] |   |   + Meta _STATISTICS_WRITING_APP: no_variable_data
[DBG] |   + Simple Tag 
[DBG] |   |   + Meta _STATISTICS_WRITING_DATE_UTC: 1970-01-01 00:00:00
[DBG] |   + Simple Tag 
[DBG] |   |   + Meta _STATISTICS_TAGS: BPS DURATION NUMBER_OF_FRAMES NUMBER_OF_BYTES
[DBG] + Tag
[DBG] |   + Targets
[DBG] |   |   + TargetTypeValue: 50
[DBG] |   |   + TrackUID: 6
[DBG] |   |   + TargetType: MOVIE
[DBG] |   + Simple Tag 
[DBG] |   |   + Meta BPS: 28993
[DBG] |   + Simple Tag 
[DBG] |   |   + Meta DURATION: 02:09:31.013000000
[DBG] |   + Simple Tag 
[DBG] |   |   + Meta NUMBER_OF_FRAMES: 3270
[DBG] |   + Simple Tag 
[DBG] |   |   + Meta NUMBER_OF_BYTES: 28163980
[DBG] |   + Simple Tag 
[DBG] |   |   + Meta _STATISTICS_WRITING_APP: no_variable_data
[DBG] |   + Simple Tag 
[DBG] |   |   + Meta _STATISTICS_WRITING_DATE_UTC: 1970-01-01 00:00:00
[DBG] |   + Simple Tag 
[DBG] |   |   + Meta _STATISTICS_TAGS: BPS DURATION NUMBER_OF_FRAMES NUMBER_OF_BYTES
[DBG] + Tag
[DBG] |   + Targets
[DBG] |   |   + TargetTypeValue: 50
[DBG] |   |   + TrackUID: 7
[DBG] |   |   + TargetType: MOVIE
[DBG] |   + Simple Tag 
[DBG] |   |   + Meta BPS: 23192
[DBG] |   + Simple Tag 
[DBG] |   |   + Meta DURATION: 02:09:13.037000000
[DBG] |   + Simple Tag 
[DBG] |   |   + Meta NUMBER_OF_FRAMES: 2446
[DBG] |   + Simple Tag 
[DBG] |   |   + Meta NUMBER_OF_BYTES: 22476857
[DBG] |   + Simple Tag 
[DBG] |   |   + Meta _STATISTICS_WRITING_APP: no_variable_data
[DBG] |   + Simple Tag 
[DBG] |   |   + Meta _STATISTICS_WRITING_DATE_UTC: 1970-01-01 00:00:00
[DBG] |   + Simple Tag 
[DBG] |   |   + Meta _STATISTICS_TAGS: BPS DURATION NUMBER_OF_FRAMES NUMBER_OF_BYTES
[DBG] + Tag
[DBG] |   + Targets
[DBG] |   |   + TargetTypeValue: 50
[DBG] |   |   + TrackUID: 8
[DBG] |   |   + TargetType: MOVIE
[DBG] |   + Simple Tag 
[DBG] |   |   + Meta BPS: 23192
[DBG] |   + Simple Tag 
[DBG] |   |   + Meta DURATION: 02:09:13.037000000
[DBG] |   + Simple Tag 
[DBG] |   |   + Meta NUMBER_OF_FRAMES: 2446
[DBG] |   + Simple Tag 
[DBG] |   |   + Meta NUMBER_OF_BYTES: 22476857
[DBG] |   + Simple Tag 
[DBG] |   |   + Meta _STATISTICS_WRITING_APP: no_variable_data
[DBG] |   + Simple Tag 
[DBG] |   |   + Meta _STATISTICS_WRITING_DATE_UTC: 1970-01-01 00:00:00
[DBG] |   + Simple Tag 
[DBG] |   |   + Meta _STATISTICS_TAGS: BPS DURATION NUMBER_OF_FRAMES NUMBER_OF_BYTES
[DBG] loading tags done.
[DBG] resolving 192.168.1.250 ...
[DBG] outgoing request:
GET /stream/1 HTTP/1.1
Host: 192.168.1.250:8093
Accept: */*
Accept-Language: en_US
User-Agent: VLC/4.0.0-dev LibVLC/4.0.0-dev
If-Unmodified-Since: Tue, 04 May 2021 22:49:24 GMT
Range: bytes=126-


[DBG] incoming response:
HTTP/1.1 206 Partial Content
Accept-Ranges: bytes
Content-Length: 13214700037
Content-Range: bytes 126-13214700162/13214700163
Content-Type: video/x-matroska
Last-Modified: Tue, 04 May 2021 22:49:24 GMT
Date: Mon, 14 Sep 2026 12:35:15 GMT


[DBG] |   - chapters at 7938
[DBG] |   + Chapters
[DBG] |   |   |   + ChapterAtom (level=0)
[DBG] |   |   |   |   + ChapterUID=1
[DBG] |   |   |   |   + ChapterTimeStart=0
[DBG] |   |   |   |   + ChapterFlagHidden=no
[DBG] |   |   |   |   + ChapterDisplay
[DBG] |   |   |   |   |   + ChapterString=00:00:00.000
[DBG] |   |   |   |   |   + ChapterLanguage=eng
[DBG] |   |   |   + ChapterAtom (level=0)
[DBG] |   |   |   |   + ChapterUID=2
[DBG] |   |   |   |   + ChapterTimeStart=477477000
[DBG] |   |   |   |   + ChapterFlagHidden=no
[DBG] |   |   |   |   + ChapterDisplay
[DBG] |   |   |   |   |   + ChapterString=00:07:57.477
[DBG] |   |   |   |   |   + ChapterLanguage=eng
[DBG] |   |   |   + ChapterAtom (level=0)
[DBG] |   |   |   |   + ChapterUID=3
[DBG] |   |   |   |   + ChapterTimeStart=929595000
[DBG] |   |   |   |   + ChapterFlagHidden=no
[DBG] |   |   |   |   + ChapterDisplay
[DBG] |   |   |   |   |   + ChapterString=00:15:29.595
[DBG] |   |   |   |   |   + ChapterLanguage=eng
[DBG] |   |   |   + ChapterAtom (level=0)
[DBG] |   |   |   |   + ChapterUID=4
[DBG] |   |   |   |   + ChapterTimeStart=1411035000
[DBG] |   |   |   |   + ChapterFlagHidden=no
[DBG] |   |   |   |   + ChapterDisplay
[DBG] |   |   |   |   |   + ChapterString=00:23:31.035
[DBG] |   |   |   |   |   + ChapterLanguage=eng
[DBG] |   |   |   + ChapterAtom (level=0)
[DBG] |   |   |   |   + ChapterUID=5
[DBG] |   |   |   |   + ChapterTimeStart=2036618000
[DBG] |   |   |   |   + ChapterFlagHidden=no
[DBG] |   |   |   |   + ChapterDisplay
[DBG] |   |   |   |   |   + ChapterString=00:33:56.618
[DBG] |   |   |   |   |   + ChapterLanguage=eng
[DBG] |   |   |   + ChapterAtom (level=0)
[DBG] |   |   |   |   + ChapterUID=6
[DBG] |   |   |   |   + ChapterTimeStart=2332664000
[DBG] |   |   |   |   + ChapterFlagHidden=no
[DBG] |   |   |   |   + ChapterDisplay
[DBG] |   |   |   |   |   + ChapterString=00:38:52.664
[DBG] |   |   |   |   |   + ChapterLanguage=eng
[DBG] |   |   |   + ChapterAtom (level=0)
[DBG] |   |   |   |   + ChapterUID=7
[DBG] |   |   |   |   + ChapterTimeStart=2664036000
[DBG] |   |   |   |   + ChapterFlagHidden=no
[DBG] |   |   |   |   + ChapterDisplay
[DBG] |   |   |   |   |   + ChapterString=00:44:24.036
[DBG] |   |   |   |   |   + ChapterLanguage=eng
[DBG] |   |   |   + ChapterAtom (level=0)
[DBG] |   |   |   |   + ChapterUID=8
[DBG] |   |   |   |   + ChapterTimeStart=3217214000
[DBG] |   |   |   |   + ChapterFlagHidden=no
[DBG] |   |   |   |   + ChapterDisplay
[DBG] |   |   |   |   |   + ChapterString=00:53:37.214
[DBG] |   |   |   |   |   + ChapterLanguage=eng
[DBG] |   |   |   + ChapterAtom (level=0)
[DBG] |   |   |   |   + ChapterUID=9
[DBG] |   |   |   |   + ChapterTimeStart=3602390000
[DBG] |   |   |   |   + ChapterFlagHidden=no
[DBG] |   |   |   |   + ChapterDisplay
[DBG] |   |   |   |   |   + ChapterString=01:00:02.390
[DBG] |   |   |   |   |   + ChapterLanguage=eng
[DBG] |   |   |   + ChapterAtom (level=0)
[DBG] |   |   |   |   + ChapterUID=a
[DBG] |   |   |   |   + ChapterTimeStart=3991779000
[DBG] |   |   |   |   + ChapterFlagHidden=no
[DBG] |   |   |   |   + ChapterDisplay
[DBG] |   |   |   |   |   + ChapterString=01:06:31.779
[DBG] |   |   |   |   |   + ChapterLanguage=eng
[DBG] |   |   |   + ChapterAtom (level=0)
[DBG] |   |   |   |   + ChapterUID=b
[DBG] |   |   |   |   + ChapterTimeStart=4399312000
[DBG] |   |   |   |   + ChapterFlagHidden=no
[DBG] |   |   |   |   + ChapterDisplay
[DBG] |   |   |   |   |   + ChapterString=01:13:19.312
[DBG] |   |   |   |   |   + ChapterLanguage=eng
[DBG] |   |   |   + ChapterAtom (level=0)
[DBG] |   |   |   |   + ChapterUID=c
[DBG] |   |   |   |   + ChapterTimeStart=4807845000
[DBG] |   |   |   |   + ChapterFlagHidden=no
[DBG] |   |   |   |   + ChapterDisplay
[DBG] |   |   |   |   |   + ChapterString=01:20:07.845
[DBG] |   |   |   |   |   + ChapterLanguage=eng
[DBG] |   |   |   + ChapterAtom (level=0)
[DBG] |   |   |   |   + ChapterUID=d
[DBG] |   |   |   |   + ChapterTimeStart=5321149000
[DBG] |   |   |   |   + ChapterFlagHidden=no
[DBG] |   |   |   |   + ChapterDisplay
[DBG] |   |   |   |   |   + ChapterString=01:28:41.149
[DBG] |   |   |   |   |   + ChapterLanguage=eng
[DBG] |   |   |   + ChapterAtom (level=0)
[DBG] |   |   |   |   + ChapterUID=e
[DBG] |   |   |   |   + ChapterTimeStart=5754666000
[DBG] |   |   |   |   + ChapterFlagHidden=no
[DBG] |   |   |   |   + ChapterDisplay
[DBG] |   |   |   |   |   + ChapterString=01:35:54.666
[DBG] |   |   |   |   |   + ChapterLanguage=eng
[DBG] |   |   |   + ChapterAtom (level=0)
[DBG] |   |   |   |   + ChapterUID=f
[DBG] |   |   |   |   + ChapterTimeStart=6379081000
[DBG] |   |   |   |   + ChapterFlagHidden=no
[DBG] |   |   |   |   + ChapterDisplay
[DBG] |   |   |   |   |   + ChapterString=01:46:19.081
[DBG] |   |   |   |   |   + ChapterLanguage=eng
[DBG] |   |   |   + ChapterAtom (level=0)
[DBG] |   |   |   |   + ChapterUID=10
[DBG] |   |   |   |   + ChapterTimeStart=7074401000
[DBG] |   |   |   |   + ChapterFlagHidden=no
[DBG] |   |   |   |   + ChapterDisplay
[DBG] |   |   |   |   |   + ChapterString=01:57:54.401
[DBG] |   |   |   |   |   + ChapterLanguage=eng
[DBG] |   + Void
[DBG] |   + Information
[DBG] |   + Tracks
[DBG] |   + Void
[DBG] |   + Chapters
[DBG] |   + Void
[DBG] |   + Cluster
[DBG] Virtual chapter  00:00:00.000 from 0 to -1 - 
[DBG] Virtual chapter  00:07:57.477 from 477477000 to -1 - 
[DBG] Virtual chapter  00:15:29.595 from 929595000 to -1 - 
[DBG] Virtual chapter  00:23:31.035 from 1411035000 to -1 - 
[DBG] Virtual chapter  00:33:56.618 from 2036618000 to -1 - 
[DBG] Virtual chapter  00:38:52.664 from 2332664000 to -1 - 
[DBG] Virtual chapter  00:44:24.036 from 2664036000 to -1 - 
[DBG] Virtual chapter  00:53:37.214 from 3217214000 to -1 - 
[DBG] Virtual chapter  01:00:02.390 from 3602390000 to -1 - 
[DBG] Virtual chapter  01:06:31.779 from 3991779000 to -1 - 
[DBG] Virtual chapter  01:13:19.312 from 4399312000 to -1 - 
[DBG] Virtual chapter  01:20:07.845 from 4807845000 to -1 - 
[DBG] Virtual chapter  01:28:41.149 from 5321149000 to -1 - 
[DBG] Virtual chapter  01:35:54.666 from 5754666000 to -1 - 
[DBG] Virtual chapter  01:46:19.081 from 6379081000 to -1 - 
[DBG] Virtual chapter  01:57:54.401 from 7074401000 to -1 - 
[DBG] Virtual chapter  from 0 to -1 - 
[DBG] NEW START CHAPTER uid=1
[DBG] found 8 es
[DBG] selecting program id=0
[DBG] ES track added: 'video/1' (fourcc: 'hevc')
[DBG] ES track added: 'audio/2' (fourcc: 'dts ')
[DBG] ES track added: 'spu/3' (fourcc: 'subt')
[DBG] ES track added: 'spu/4' (fourcc: 'subt')
[DBG] ES track added: 'spu/5' (fourcc: 'bdpg')
8:35:15.414 AM [player] track added video/1 type=1
[DBG] ES track added: 'spu/6' (fourcc: 'bdpg')
[DBG] ES track added: 'spu/7' (fourcc: 'bdpg')
[DBG] ES track added: 'spu/8' (fourcc: 'bdpg')
[DBG] seek: preroll{ track: 1, pts: 0, fpos: 8744 skip: 8744} 
[DBG] seek: preroll{ req: 1, start-pts: 1, start-fpos: 8744} 
[DBG] using demux module "mkv"
8:35:15.415 AM [player] track added audio/2 type=0
8:35:15.415 AM [player] track added spu/3 type=2
[DBG] looking for video decoder module matching "any": 14 candidates
8:35:15.415 AM [player] track added spu/4 type=2
8:35:15.415 AM [player] track added spu/5 type=2
8:35:15.415 AM [player] track added spu/6 type=2
8:35:15.415 AM [player] track added spu/7 type=2
8:35:15.415 AM [player] track added spu/8 type=2
8:35:15.415 AM [player] length 8379371 ms
[DBG] vout: none found
[DBG] vout change: decoder size
[DBG] vout change: visible size
[DBG] looking for text renderer module matching "freetype": 2 candidates
[DBG] using text renderer module "freetype"
[DBG] looking for video converter module matching "any": 13 candidates
[DBG] 32x32 (32x32) chroma: YUVA colorspace: Undefined -> 16x16 (16x16) chroma: RGBA colorspace: Undefined with scaling using Bicubic (good quality)
[DBG] using video converter module "swscale"
[DBG] looking for video converter module matching "any": 13 candidates
[DBG] YUVP to YUVA converter
[DBG] using video converter module "yuvp"
[DBG] Deinterlacing available
[DBG] deinterlace -1, mode auto, is_needed 0
[DBG] looking for vout window module matching "any": 2 candidates
[DBG] resized to 1920x1080
[DBG] using vout window module "uiview_window"
[DBG] looking for inhibit module matching "any": 1 candidates
[DBG] using inhibit module "uikit_inhibit"
[DBG] looking for decoder device module matching "any": 1 candidates
[DBG] using decoder device module "videotoolbox"
[DBG] new VPS parsed: 0
[DBG] new SPS parsed: 0
[DBG] new PPS parsed: 0
[WARN] forcing output chroma (kCVPixelFormatType): x420
[INF] Using Video Toolbox to decode 'hevc'
[DBG] using video decoder module "videotoolbox"
[DBG] ES track selected: 'video/1' (fourcc: 'hevc')
[DBG] looking for audio packetizer module matching "any": 11 candidates
[DBG] using audio packetizer module "dts"
[DBG] looking for audio decoder module matching "any": 15 candidates
[DBG] reusing audio output
8:35:15.430 AM [player] track selected type=1 selected=video/1 unselected=
[WARN] failed to start passthrough audio output, failing back to linear format
[DBG] keeping audio output
[DBG] using Lavc63.1.100
[DBG] CPU flags: 0x00062360
[DBG] codec (dca) started
[DBG] using audio decoder module "avcodec"
[DBG] ES track selected: 'audio/2' (fourcc: 'dts ')
[DBG] looking for meta reader module matching "any": 1 candidates
8:35:15.431 AM [player] track selected type=0 selected=audio/2 unselected=
[DBG] no meta reader modules matched with name any
[DBG] `http://192.168.1.250:8093/stream/1' successfully opened
8:35:15.431 AM [player] state Playing at 0 ms
[DBG] program(0): using clock source: 'audio'
[DBG] Buffering 0%
8:35:15.431 AM [player] buffering 0.0
[DBG] new PPS parsed: 0
[DBG] DTS samplerate:48000 bitrate:1536000
[DBG] restarting module due to input format change
[DBG] 'decoder in/packetizer out' i_channels 8 / 6
[DBG] 'decoder in/packetizer out' i_physical_channels 0 / 4199
[DBG] 'decoder in/packetizer out' profile -1 / 1
[DBG] removing "audio decoder" module "avcodec"
[DBG] looking for audio decoder module matching "any": 15 candidates
[DBG] reusing audio output
[WARN] failed to start passthrough audio output, failing back to linear format
[DBG] keeping audio output
[DBG] using Lavc63.1.100
[DBG] CPU flags: 0x00062360
[DBG] codec (dca) started
[DBG] using audio decoder module "avcodec"
[DBG] Buffering 4%
[DBG] Buffering 12%
[DBG] reusing audio output
[DBG] Buffering 16%
[DBG] Buffering 33%
[DBG] session accepted first frame 1
[DBG] Buffering 37%
[DBG] Buffering 54%
[DBG] Buffering 58%
[DBG] Buffering 70%
[DBG] Buffering 75%
[DBG] Buffering 87%
[DBG] output chroma (kCVPixelFormatType): x420
[DBG] vout change: chroma
[DBG] requested window size: 3840x1600
[DBG] deinterlace -1, mode auto, is_needed 0
[DBG] Opening vout display wrapper
[DBG] looking for vout display module matching "any": 3 candidates
[DBG] using vout display module "samplebufferdisplay"
[DBG] original format sz 3840x1600, of (0,0), vsz 3840x1600, 4cc CVPP, sar 1:1, orient: normal
[DBG] removing "text renderer" module "freetype"
[DBG] looking for text renderer module matching "freetype": 2 candidates
[DBG] using text renderer module "freetype"
[DBG] requested window size: 3840x1600
[DBG] resetting projection_mode to 0
[DBG] setting projection_mode to 0
[DBG] Received first picture
[DBG] resized to 3840x2160
[DBG] Buffering 99%
[DBG] Stream buffering done (1001 ms in 29 ms)
8:35:15.460 AM [player] buffering 1.0
[DBG] Output on HDMI, channel count: 8
[DBG] swapping Surround and RearSurround channels for 7.1 Rear Surround
[DBG] VLC keeping the same input layout
[DBG] output 'f32l' 48000 Hz 3F2M2R/LFE frame=1 samples/32 bytes
[DBG] looking for audio volume module matching "any": 2 candidates
[DBG] using audio volume module "float_mixer"
[DBG] input 's32l' 48000 Hz 3F2M2R/LFE frame=1 samples/32 bytes
[DBG] looking for audio filter module matching "scaletempo": 1 candidates
[DBG] format: 48000 rate, 8 nch, 4 bps, fl32
[DBG] params: 30 stride, 0.200 overlap, 14 search
[DBG] 1.000 scale, 1440.000 stride_in, 1440 stride_out, 1152 standing, 288 overlap, 672 search, 2400 queue, fl32 mode
[DBG] using audio filter module "scaletempo"
[DBG] conversion: 's32l'->'f32l' 48000 Hz->48000 Hz 3F2M2R/LFE->3F2M2R/LFE
[DBG] looking for audio converter module matching "any": 8 candidates
[DBG] s32l->f32l, bits per sample: 32->32
[DBG] using audio converter module "audio_format"
[DBG] conversion pipeline complete
[DBG] conversion: 'f32l'->'f32l' 48000 Hz->48000 Hz 3F2M2R/LFE->3F2M2R/LFE
[DBG] conversion pipeline complete
[DBG] looking for audio resampler module matching "soxr": 2 candidates
[DBG] Using SoX Resampler with 'cr32s' engine and 'Medium 16-bit with medium roll-off' quality to convert f32l/48000Hz to f32l/48000Hz.
[DBG] using audio resampler module "soxr"
[DBG] Decoder wait done in 78 ms
[DBG] deferring start (100886 us)
[DBG] deferring start (86202 us)
[DBG] deferring start (75199 us)
[DBG] deferring start (64273 us)
[DBG] deferring start (63983 us)
[DBG] deferring start (63790 us)
[DBG] deferring start (63604 us)
[DBG] deferring start (63052 us)
[DBG] deferring start (62785 us)
[DBG] deferring start (62558 us)
[DBG] deferring start (62330 us)
[DBG] deferring start (62093 us)
[DBG] deferring start (61900 us)
[DBG] deferring start (61754 us)
[DBG] deferring start (61588 us)
[DBG] deferring start (61420 us)
[DBG] deferring start (61264 us)
[DBG] deferring start (61412 us)
[DBG] deferring start (61256 us)
[DBG] deferring start (61088 us)
[DBG] deferring start (60961 us)
[DBG] deferring start (60754 us)
[DBG] deferring start (81857 us)
[DBG] deferring start (71125 us)
[DBG] deferring start (60385 us)
[DBG] deferring start (70859 us)
[DBG] deferring start (60010 us)
[DBG] deferring start (59905 us)
[DBG] deferring start (59776 us)
[DBG] deferring start (59641 us)
[DBG] deferring start (59484 us)
[DBG] deferring start (69970 us)
[DBG] deferring start (59146 us)
[DBG] deferring start (59004 us)
[DBG] deferring start (58886 us)
[DBG] deferring start (58755 us)
[DBG] deferring start (58682 us)
[DBG] deferring start (58524 us)
[DBG] deferring start (58442 us)
[DBG] deferring start (58366 us)
[DBG] deferring start (58291 us)
[DBG] deferring start (58221 us)
[DBG] deferring start (58147 us)
[DBG] deferring start (58068 us)
[DBG] deferring start (57969 us)
[DBG] deferring start (57894 us)
[DBG] deferring start (57820 us)
[DBG] deferring start (57745 us)
[DBG] deferring start (57661 us)
[DBG] deferring start (57587 us)
[DBG] deferring start (57518 us)
[DBG] deferring start (57443 us)
[DBG] deferring start (57368 us)
[DBG] deferring start (57286 us)
[DBG] deferring start (57213 us)
[DBG] deferring start (57134 us)
[DBG] deferring start (57063 us)
[DBG] deferring start (56990 us)
[DBG] deferring start (56920 us)
[DBG] deferring start (56758 us)
[DBG] deferring start (56625 us)
[DBG] deferring start (56545 us)
[DBG] deferring start (56470 us)
[DBG] deferring start (66912 us)
[DBG] deferring start (56126 us)
[DBG] deferring start (56042 us)
[DBG] deferring start (55973 us)
[DBG] deferring start (55898 us)
[DBG] deferring start (55819 us)
[DBG] deferring start (66336 us)
[DBG] deferring start (55607 us)
[DBG] deferring start (55531 us)
[DBG] deferring start (55387 us)
[DBG] deferring start (55215 us)
[DBG] deferring start (55144 us)
[DBG] deferring start (55072 us)
[DBG] deferring start (55002 us)
[DBG] deferring start (54927 us)
[DBG] deferring start (54857 us)
[DBG] deferring start (54785 us)
[DBG] deferring start (54713 us)
[DBG] deferring start (54629 us)
[DBG] deferring start (54556 us)
[DBG] deferring start (54430 us)
[DBG] deferring start (64954 us)
[DBG] deferring start (54220 us)
[DBG] deferring start (54144 us)
[DBG] deferring start (54074 us)
[DBG] deferring start (53995 us)
[DBG] deferring start (53901 us)
[DBG] deferring start (53828 us)
[DBG] deferring start (53759 us)
[DBG] deferring start (53691 us)
[DBG] deferring start (53619 us)
[DBG] deferring start (53546 us)
[DBG] deferring start (53419 us)
[DBG] deferring start (53316 us)
[DBG] deferring start (53234 us)
[DBG] deferring start (53166 us)
[DBG] deferring start (53086 us)
[DBG] deferring start (63589 us)
[DBG] deferring start (52842 us)
[DBG] deferring start (52764 us)
[DBG] deferring start (52650 us)
[DBG] deferring start (52553 us)
[DBG] deferring start (52378 us)
[DBG] deferring start (52258 us)
[DBG] deferring start (52098 us)
[DBG] deferring start (51940 us)
[DBG] deferring start (51838 us)
[DBG] deferring start (51763 us)
[DBG] deferring start (51663 us)
[DBG] deferring start (51586 us)
[DBG] deferring start (51514 us)
[DBG] deferring start (51443 us)
[DBG] deferring start (53067 us)
[DBG] deferring start (42332 us)
[DBG] deferring start (42253 us)
[DBG] deferring start (42181 us)
[DBG] deferring start (42057 us)
[DBG] deferring start (41980 us)
[DBG] deferring start (41882 us)
[DBG] deferring start (41780 us)
[DBG] deferring start (41697 us)
[DBG] deferring start (41583 us)
[DBG] deferring start (41487 us)
[DBG] deferring start (41398 us)
[DBG] deferring start (41278 us)
[DBG] deferring start (41179 us)
[DBG] deferring start (41086 us)
[DBG] deferring start (40976 us)
[DBG] deferring start (40890 us)
[DBG] deferring start (40779 us)
[DBG] deferring start (40607 us)
[DBG] deferring start (40506 us)
[DBG] deferring start (40375 us)
[DBG] deferring start (40308 us)
[DBG] deferring start (40206 us)
[DBG] deferring start (40114 us)
[DBG] started
[DBG] new PPS parsed: 0
[DBG] new PPS parsed: 0
[DBG] new PPS parsed: 0
[DBG] ES_OUT_RESET_PCR called
8:35:46.706 AM [skip] +30 s (click) before=30632 ms target=60632 ms
8:35:46.720 AM [player] buffering 0.0
[DBG] SET_TIME to 60632000
[DBG] seek request to i_pos = 60632000
[DBG] seek: preroll{ track: 1, pts: 29112000, fpos: 24820390 skip: 24820390} 
[DBG] seek: preroll{ track: 2, pts: 32395000, fpos: 27224763 skip: 27224763} 
[DBG] resolving 192.168.1.250 ...
[DBG] outgoing request:
GET /stream/1 HTTP/1.1
Host: 192.168.1.250:8093
Accept: */*
Accept-Language: en_US
User-Agent: VLC/4.0.0-dev LibVLC/4.0.0-dev
If-Unmodified-Since: Tue, 04 May 2021 22:49:24 GMT
Range: bytes=24820379-


[DBG] incoming response:
HTTP/1.1 206 Partial Content
Accept-Ranges: bytes
Content-Length: 13189879784
Content-Range: bytes 24820379-13214700162/13214700163
Content-Type: video/x-matroska
Last-Modified: Tue, 04 May 2021 22:49:24 GMT
Date: Mon, 14 Sep 2026 12:35:46 GMT


[DBG] connection failed
[DBG] seek: preroll{ req: 60632001, start-pts: 29112001, start-fpos: 24820390} 
[DBG] Buffering 0%
8:35:46.804 AM [player] buffering 0.0
[DBG] Buffering 1%
[DBG] Buffering 2%
[DBG] Buffering 3%
[DBG] Buffering 4%
[DBG] Buffering 5%
[DBG] Buffering 6%
[DBG] Buffering 7%
[DBG] Buffering 8%
[DBG] Buffering 9%
[DBG] Buffering 10%
[DBG] Buffering 11%
[DBG] Buffering 12%
[DBG] Buffering 13%
[DBG] Buffering 14%
[DBG] Buffering 15%
[DBG] Buffering 16%
[DBG] Buffering 17%
[DBG] Buffering 18%
[DBG] Buffering 19%
[DBG] Buffering 20%
[DBG] Buffering 21%
[DBG] Buffering 22%
[DBG] Buffering 23%
[DBG] Buffering 24%
[DBG] Buffering 25%
[DBG] Buffering 26%
[DBG] Buffering 27%
[DBG] Buffering 28%
[DBG] Buffering 29%
[DBG] Buffering 30%
[DBG] Buffering 31%
[DBG] Buffering 32%
[DBG] Buffering 33%
[DBG] Buffering 34%
[DBG] Buffering 35%
[DBG] Buffering 36%
[DBG] Buffering 37%
[DBG] Buffering 38%
[DBG] Buffering 39%
[DBG] Buffering 40%
[DBG] Buffering 41%
[DBG] Buffering 42%
[DBG] Buffering 43%
[DBG] Buffering 44%
[DBG] Buffering 45%
[DBG] Buffering 46%
8:35:47.234 AM [skip] after=60632 ms
[DBG] Buffering 47%
[DBG] Buffering 48%
[DBG] Buffering 49%
[DBG] Buffering 50%
[DBG] Buffering 51%
[DBG] Buffering 52%
[DBG] Buffering 53%
[DBG] Buffering 54%
[DBG] Buffering 55%
[DBG] Buffering 56%
[DBG] Buffering 57%
[DBG] Buffering 58%
[DBG] Buffering 59%
[DBG] Buffering 60%
[DBG] Buffering 61%
[DBG] Buffering 62%
[DBG] Buffering 63%
[DBG] Buffering 64%
[DBG] Buffering 65%
[DBG] Buffering 66%
[DBG] Buffering 67%
[DBG] Buffering 68%
[DBG] Buffering 69%
[DBG] Buffering 70%
[DBG] Buffering 71%
[DBG] Buffering 72%
[DBG] Buffering 73%
[DBG] Buffering 74%
[DBG] Buffering 75%
[DBG] Buffering 76%
[DBG] Buffering 77%
[DBG] Buffering 78%
[DBG] Buffering 79%
[DBG] Buffering 80%
[DBG] Buffering 81%
[DBG] Buffering 82%
[DBG] Buffering 83%
[DBG] Buffering 84%
[DBG] Buffering 85%
[DBG] Buffering 86%
[DBG] Buffering 87%
[DBG] Buffering 88%
[DBG] Buffering 89%
[DBG] Buffering 90%
[DBG] Buffering 91%
[DBG] Buffering 92%
[DBG] Buffering 93%
[DBG] Buffering 94%
[DBG] Buffering 95%
[DBG] Buffering 96%
[DBG] end of audio preroll
8:35:47.933 AM [skip] +30 s (click) before=60632 ms target=90632 ms
[DBG] ES_OUT_RESET_PCR called
[DBG] SET_TIME to 90632000
[DBG] seek request to i_pos = 90632000
[DBG] seek: preroll{ track: 1, pts: 54763000, fpos: 43978340 skip: 43978340} 
[DBG] seek: preroll{ track: 2, pts: 60853000, fpos: 57234268 skip: 57234268} 
[DBG] seek: preroll{ req: 90632001, start-pts: 54763001, start-fpos: 43978340} 
8:35:47.938 AM [player] buffering 0.0
[DBG] Buffering 0%
[DBG] Buffering 1%
8:35:47.939 AM [player] buffering 0.0
[DBG] Buffering 2%
[DBG] Buffering 3%
[DBG] Buffering 4%
[DBG] Buffering 5%
[DBG] Buffering 6%
[DBG] Buffering 7%
[DBG] Buffering 8%
[DBG] Buffering 9%
[DBG] Buffering 10%
[DBG] Buffering 11%
[DBG] Buffering 12%
[DBG] Buffering 13%
[DBG] Buffering 14%
[DBG] Buffering 15%
[DBG] Buffering 16%
[DBG] Buffering 17%
[DBG] Buffering 18%
[DBG] Buffering 19%
[DBG] Buffering 20%
[DBG] Buffering 21%
[DBG] Buffering 22%
[DBG] Buffering 23%
[DBG] Buffering 24%
[DBG] Buffering 25%
[DBG] Buffering 26%
[DBG] Buffering 27%
[DBG] Buffering 28%
[DBG] Buffering 29%
[DBG] Buffering 30%
[DBG] Buffering 31%
[DBG] Buffering 32%
[DBG] Buffering 33%
[DBG] Buffering 34%
8:35:48.446 AM [skip] after=90632 ms
[DBG] Buffering 35%
[DBG] Buffering 36%
[DBG] Buffering 37%
[DBG] Buffering 38%
[DBG] Buffering 39%
[DBG] Buffering 40%
[DBG] Buffering 41%
[DBG] Buffering 42%
[DBG] Buffering 43%
[DBG] Buffering 44%
[DBG] Buffering 45%
[DBG] Buffering 46%
[DBG] Buffering 47%
[DBG] Buffering 48%
[DBG] Buffering 49%
[DBG] Buffering 50%
[DBG] Buffering 51%
[DBG] Buffering 52%
[DBG] Buffering 53%
[DBG] Buffering 54%
[DBG] Buffering 55%
[DBG] Buffering 56%
[DBG] Buffering 57%
[DBG] Buffering 58%
[DBG] Buffering 59%
[DBG] Buffering 60%
[DBG] Buffering 61%
[DBG] Buffering 62%
[DBG] Buffering 63%
[DBG] Buffering 64%
[DBG] Buffering 65%
[DBG] Buffering 66%
[DBG] Buffering 67%
[DBG] Buffering 68%
[DBG] Buffering 69%
8:35:49.164 AM [skip] +30 s (click) before=90632 ms target=120632 ms
[DBG] ES_OUT_RESET_PCR called
8:35:49.168 AM [player] buffering 0.0
[DBG] SET_TIME to 120632000
[DBG] seek request to i_pos = 120632000
[DBG] seek: preroll{ track: 1, pts: 74783000, fpos: 79686894 skip: 79686894} 
[DBG] seek: preroll{ track: 2, pts: 80555000, fpos: 89215822 skip: 89215822} 
[DBG] seek: preroll{ req: 120632001, start-pts: 74783001, start-fpos: 79686894} 
8:35:49.169 AM [player] buffering 0.0
[DBG] Buffering 0%
[DBG] Buffering 1%
[DBG] Buffering 2%
[DBG] Buffering 3%
[DBG] Buffering 4%
[DBG] Buffering 5%
[DBG] Buffering 6%
[DBG] Buffering 7%
[DBG] Buffering 8%
[DBG] Buffering 9%
[DBG] Buffering 10%
[DBG] Buffering 11%
[DBG] Buffering 12%
[DBG] Buffering 13%
[DBG] Buffering 14%
[DBG] Buffering 15%
[DBG] Buffering 16%
[DBG] Buffering 17%
[DBG] Buffering 18%
[DBG] Buffering 19%
[DBG] Buffering 20%
[DBG] Buffering 21%
[DBG] Buffering 22%
[DBG] Buffering 23%
[DBG] Buffering 24%
[DBG] Buffering 25%
[DBG] Buffering 26%
[DBG] Buffering 27%
8:35:49.693 AM [skip] after=120632 ms
[DBG] Buffering 28%
[DBG] Buffering 29%
[DBG] Buffering 30%
[DBG] Buffering 31%
[DBG] Buffering 32%
[DBG] Buffering 33%
[DBG] Buffering 34%
[DBG] Buffering 35%
[DBG] Buffering 36%
[DBG] Buffering 37%
[DBG] Buffering 38%
[DBG] Buffering 39%
[DBG] Buffering 40%
[DBG] Buffering 41%
[DBG] Buffering 42%
[DBG] Buffering 43%
[DBG] Buffering 44%
8:35:50.396 AM [skip] +30 s (click) before=120632 ms target=150632 ms
[DBG] ES_OUT_RESET_PCR called
[DBG] SET_TIME to 150632000
[DBG] seek request to i_pos = 150632000
[DBG] seek: preroll{ track: 1, pts: 94803000, fpos: 123537272 skip: 123537272} 
[DBG] seek: preroll{ track: 2, pts: 96043000, fpos: 127380666 skip: 127380666} 
[DBG] resolving 192.168.1.250 ...
[DBG] outgoing request:
GET /stream/1 HTTP/1.1
Host: 192.168.1.250:8093
Accept: */*
Accept-Language: en_US
User-Agent: VLC/4.0.0-dev LibVLC/4.0.0-dev
If-Unmodified-Since: Tue, 04 May 2021 22:49:24 GMT
Range: bytes=123537260-


8:35:50.404 AM [player] buffering 0.0
[DBG] incoming response:
HTTP/1.1 206 Partial Content
Accept-Ranges: bytes
Content-Length: 13091162903
Content-Range: bytes 123537260-13214700162/13214700163
Content-Type: video/x-matroska
Last-Modified: Tue, 04 May 2021 22:49:24 GMT
Date: Mon, 14 Sep 2026 12:35:50 GMT


[DBG] connection failed
[DBG] seek: preroll{ req: 150632001, start-pts: 94803001, start-fpos: 123537272} 
[DBG] Buffering 0%
8:35:50.531 AM [player] buffering 0.0
[DBG] Buffering 1%
[DBG] Buffering 2%
[DBG] Buffering 3%
[DBG] Buffering 4%
[DBG] Buffering 5%
8:35:50.923 AM [skip] after=150632 ms
[DBG] Buffering 6%
[DBG] Buffering 7%
[DBG] Buffering 8%
[DBG] Buffering 9%
[DBG] Buffering 10%
[DBG] Buffering 11%
[DBG] Buffering 12%
[DBG] Buffering 13%
[DBG] Buffering 14%
[DBG] Buffering 15%
[DBG] Buffering 16%
[DBG] Buffering 17%
[DBG] Buffering 18%
8:35:51.619 AM [skip] +30 s (click) before=150632 ms target=180632 ms
[DBG] ES_OUT_RESET_PCR called
[DBG] SET_TIME to 180632000
[DBG] seek request to i_pos = 180632000
[DBG] seek: preroll{ track: 1, pts: 104813000, fpos: 154691951 skip: 154691951} 
[DBG] seek: preroll{ track: 2, pts: 105163000, fpos: 155480287 skip: 155480287} 
[DBG] seek: preroll{ req: 180632001, start-pts: 104813001, start-fpos: 154691951} 
[DBG] Buffering 0%
8:35:51.624 AM [player] buffering 0.0
8:35:51.624 AM [player] buffering 0.0
[DBG] Buffering 1%
[DBG] Buffering 2%
[DBG] Buffering 3%
[DBG] Buffering 4%
[DBG] Buffering 5%
[DBG] Buffering 6%
[DBG] Buffering 7%
[DBG] Buffering 8%
[DBG] Buffering 9%
[DBG] Buffering 10%
8:35:52.123 AM [skip] after=180632 ms
[DBG] Buffering 11%
[DBG] Buffering 12%
[DBG] Buffering 13%
[DBG] Buffering 14%
[DBG] Buffering 15%
[DBG] Buffering 16%
[DBG] Buffering 17%
[DBG] Buffering 18%
[DBG] Buffering 19%
[DBG] Buffering 20%
[DBG] Buffering 21%
[DBG] Buffering 22%
[DBG] Buffering 23%
[DBG] Buffering 24%
[DBG] Buffering 25%
[DBG] Buffering 26%
8:35:52.848 AM [skip] +30 s (click) before=180632 ms target=210632 ms
[DBG] ES_OUT_RESET_PCR called
[DBG] SET_TIME to 210632000
[DBG] seek request to i_pos = 210632000
[DBG] seek: preroll{ track: 1, pts: 120537000, fpos: 185172449 skip: 185172449} 
[DBG] seek: preroll{ track: 2, pts: 125205000, fpos: 193730238 skip: 193730238} 
[DBG] resolving 192.168.1.250 ...
[DBG] outgoing request:
GET /stream/1 HTTP/1.1
Host: 192.168.1.250:8093
Accept: */*
Accept-Language: en_US
User-Agent: VLC/4.0.0-dev LibVLC/4.0.0-dev
If-Unmodified-Since: Tue, 04 May 2021 22:49:24 GMT
Range: bytes=185172437-


8:35:52.851 AM [player] buffering 0.0
[DBG] incoming response:
HTTP/1.1 206 Partial Content
Accept-Ranges: bytes
Content-Length: 13029527726
Content-Range: bytes 185172437-13214700162/13214700163
Content-Type: video/x-matroska
Last-Modified: Tue, 04 May 2021 22:49:24 GMT
Date: Mon, 14 Sep 2026 12:35:52 GMT


[DBG] connection failed
[DBG] seek: preroll{ req: 210632001, start-pts: 120537001, start-fpos: 185172449} 
[DBG] Buffering 0%
8:35:52.958 AM [player] buffering 0.0
[DBG] Buffering 1%
[DBG] Buffering 2%
[DBG] Buffering 3%
[DBG] Buffering 4%
[DBG] Buffering 5%
[DBG] Buffering 6%
[DBG] Buffering 7%
8:35:53.365 AM [skip] after=210632 ms
[DBG] Buffering 8%
[DBG] Buffering 9%
[DBG] Buffering 10%
[DBG] Buffering 11%
[DBG] Buffering 12%
[DBG] Buffering 13%
[DBG] Buffering 14%
[DBG] Buffering 15%
[DBG] Buffering 16%
[DBG] Buffering 17%
[DBG] Buffering 18%
[DBG] Buffering 19%
8:35:54.068 AM [skip] +30 s (click) before=210632 ms target=240632 ms
[DBG] ES_OUT_RESET_PCR called
[DBG] SET_TIME to 240632000
[DBG] seek request to i_pos = 240632000
[DBG] seek: preroll{ track: 1, pts: 137721000, fpos: 218881260 skip: 218881260} 
[DBG] seek: preroll{ track: 2, pts: 138240000, fpos: 219982384 skip: 219982384} 
[DBG] seek: preroll{ req: 240632001, start-pts: 137721001, start-fpos: 218881260} 
[DBG] Buffering 0%
8:35:54.072 AM [player] buffering 0.0
8:35:54.072 AM [player] buffering 0.0
[DBG] Buffering 1%
[DBG] Buffering 2%
[DBG] Buffering 3%
[DBG] Buffering 4%
[DBG] Buffering 5%
[DBG] Buffering 6%
[DBG] Buffering 7%
8:35:54.598 AM [skip] after=240632 ms
[DBG] Buffering 8%
[DBG] Buffering 9%
[DBG] Buffering 10%
[DBG] Buffering 11%
[DBG] Buffering 12%
[DBG] Buffering 13%
[DBG] Buffering 14%
[DBG] Buffering 15%
[DBG] Buffering 16%
[DBG] Buffering 17%
8:35:55.295 AM [skip] +30 s (click) before=240632 ms target=270632 ms
[DBG] ES_OUT_RESET_PCR called
[DBG] SET_TIME to 270632000
[DBG] seek request to i_pos = 270632000
[DBG] seek: preroll{ track: 1, pts: 152527000, fpos: 247206868 skip: 247206868} 
[DBG] seek: preroll{ track: 2, pts: 156256000, fpos: 254824066 skip: 254824066} 
[DBG] resolving 192.168.1.250 ...
[DBG] outgoing request:
GET /stream/1 HTTP/1.1
Host: 192.168.1.250:8093
Accept: */*
Accept-Language: en_US
User-Agent: VLC/4.0.0-dev LibVLC/4.0.0-dev
If-Unmodified-Since: Tue, 04 May 2021 22:49:24 GMT
Range: bytes=247206856-


8:35:55.298 AM [player] buffering 0.0
[DBG] incoming response:
HTTP/1.1 206 Partial Content
Accept-Ranges: bytes
Content-Length: 12967493307
Content-Range: bytes 247206856-13214700162/13214700163
Content-Type: video/x-matroska
Last-Modified: Tue, 04 May 2021 22:49:24 GMT
Date: Mon, 14 Sep 2026 12:35:55 GMT


[DBG] connection failed
[DBG] seek: preroll{ req: 270632001, start-pts: 152527001, start-fpos: 247206868} 
[DBG] Buffering 0%
8:35:55.420 AM [player] buffering 0.0
[DBG] Buffering 1%
[DBG] Buffering 2%
[DBG] Buffering 3%
[DBG] Buffering 4%
8:35:55.828 AM [skip] after=270632 ms
[DBG] Buffering 5%
[DBG] Buffering 6%
[DBG] Buffering 7%
[DBG] Buffering 8%
[DBG] Buffering 9%
[DBG] Buffering 10%
[DBG] Buffering 11%
[DBG] new PPS parsed: 0
[DBG] Buffering 12%
[DBG] Buffering 13%
8:35:56.520 AM [skip] +30 s (click) before=270632 ms target=300632 ms
[DBG] ES_OUT_RESET_PCR called
[DBG] SET_TIME to 300632000
[DBG] seek request to i_pos = 300632000
[DBG] seek: preroll{ track: 1, pts: 168794000, fpos: 276788719 skip: 276788719} 
[DBG] seek: preroll{ track: 2, pts: 169227000, fpos: 277465173 skip: 277465173} 
[DBG] seek: preroll{ req: 300632001, start-pts: 168794001, start-fpos: 276788719} 
[DBG] Buffering 0%
8:35:56.524 AM [player] buffering 0.0
8:35:56.524 AM [player] buffering 0.0
[DBG] Buffering 1%
[DBG] Buffering 2%
[DBG] Buffering 3%
[DBG] Buffering 4%
[DBG] new PPS parsed: 0
[DBG] Buffering 5%
[DBG] Buffering 6%
[DBG] Buffering 7%
[DBG] Buffering 8%
8:35:57.038 AM [skip] after=300632 ms
[DBG] Buffering 9%
[DBG] Buffering 10%
[DBG] Buffering 11%
[DBG] Buffering 12%
[DBG] Buffering 13%
8:35:57.753 AM [skip] +30 s (click) before=300632 ms target=330632 ms
[DBG] ES_OUT_RESET_PCR called
[DBG] SET_TIME to 330632000
[DBG] seek request to i_pos = 330632000
[DBG] seek: preroll{ track: 1, pts: 185394000, fpos: 309525112 skip: 309525112} 
[DBG] seek: preroll{ track: 2, pts: 186731000, fpos: 312976726 skip: 312976726} 
[DBG] seek: preroll{ req: 330632001, start-pts: 185394001, start-fpos: 309525112} 
[DBG] Buffering 0%
8:35:57.758 AM [player] buffering 0.0
8:35:57.758 AM [player] buffering 0.0
[DBG] Buffering 1%
[DBG] Buffering 2%
[DBG] Buffering 3%
[DBG] Buffering 4%
[DBG] Buffering 5%
[DBG] Buffering 6%
8:35:58.259 AM [skip] after=330632 ms
[DBG] Buffering 7%
[DBG] Buffering 8%
[DBG] Buffering 9%
[DBG] Buffering 10%
[DBG] Buffering 11%
[DBG] Buffering 12%
[DBG] Buffering 13%
[DBG] new PPS parsed: 0
[DBG] Buffering 14%
[DBG] Buffering 15%
[DBG] Buffering 16%
[DBG] new PPS parsed: 0
[DBG] Buffering 17%
[DBG] Buffering 18%
[DBG] Buffering 19%
[DBG] Buffering 20%
[DBG] Buffering 21%
[DBG] Buffering 22%
[DBG] Buffering 23%
[DBG] Buffering 24%
[DBG] Buffering 25%
[DBG] Buffering 26%
[DBG] Buffering 27%
[DBG] Buffering 28%
[DBG] new PPS parsed: 0
[DBG] Buffering 29%
[DBG] Buffering 30%
[DBG] new PPS parsed: 0
[DBG] Buffering 31%
[DBG] Buffering 32%
[DBG] Buffering 33%
[DBG] Buffering 34%
[DBG] Buffering 35%
[DBG] Buffering 36%
[DBG] new PPS parsed: 0
[DBG] Buffering 37%
[DBG] new PPS parsed: 0
[DBG] Buffering 38%
[DBG] Buffering 39%
[DBG] Buffering 40%
[DBG] Buffering 41%
[DBG] Buffering 42%
[DBG] Buffering 43%
[DBG] Buffering 44%
[DBG] Buffering 45%
[DBG] Buffering 46%
[DBG] Buffering 47%
[DBG] Buffering 48%
[DBG] Buffering 49%
[DBG] Buffering 50%
[DBG] Buffering 51%
[DBG] Buffering 52%
[DBG] Buffering 53%
[DBG] Buffering 54%
[DBG] Buffering 55%
[DBG] Buffering 56%
[DBG] Buffering 57%
[DBG] Buffering 58%
[DBG] Buffering 59%
[DBG] Buffering 60%
[DBG] Buffering 61%
[DBG] Buffering 62%
[DBG] Buffering 63%
[DBG] Buffering 64%
[DBG] new PPS parsed: 0
[DBG] Buffering 65%
[DBG] new PPS parsed: 0
[DBG] Buffering 66%
[DBG] Buffering 67%
[DBG] Buffering 68%
[DBG] Buffering 69%
[DBG] Buffering 70%
[DBG] Buffering 71%
[DBG] Buffering 72%
[DBG] Buffering 73%
[DBG] Buffering 74%
[DBG] Buffering 75%
[DBG] Buffering 76%
[DBG] Buffering 77%
[DBG] Buffering 78%
[DBG] Buffering 79%
[DBG] Buffering 80%
[DBG] Buffering 81%
[DBG] Buffering 82%
[DBG] Buffering 83%
[DBG] Buffering 84%
[DBG] Buffering 85%
[DBG] Buffering 86%
[DBG] Buffering 87%
[DBG] Buffering 88%
[DBG] Buffering 89%
[DBG] Buffering 90%
[DBG] Buffering 91%
[DBG] Buffering 92%
[DBG] Buffering 93%
[DBG] Buffering 94%
[DBG] Buffering 95%
[DBG] Buffering 96%
[DBG] Buffering 97%
[DBG] Buffering 98%
[DBG] Buffering 99%
[DBG] end of audio preroll
[DBG] Stream buffering done (146312 ms in 10120 ms)
8:36:07.876 AM [player] buffering 1.0
[DBG] end of video preroll
[DBG] Received first picture
[DBG] Decoder wait done in 3519 ms
[DBG] deferring start (116947 us)
[DBG] deferring start (99005 us)
[DBG] deferring start (87792 us)
[DBG] deferring start (76715 us)
[DBG] deferring start (65627 us)
[DBG] deferring start (54449 us)
[DBG] deferring start (54060 us)
[DBG] deferring start (53542 us)
[DBG] deferring start (53053 us)
[DBG] deferring start (52581 us)
[DBG] deferring start (52209 us)
[DBG] deferring start (51405 us)
[DBG] deferring start (60983 us)
[DBG] deferring start (50047 us)
[DBG] deferring start (48909 us)
[DBG] deferring start (89536 us)
[DBG] deferring start (78481 us)
[DBG] deferring start (67603 us)
[DBG] deferring start (56591 us)
[DBG] deferring start (45409 us)
[DBG] deferring start (86218 us)
[DBG] deferring start (75360 us)
[DBG] deferring start (64361 us)
[DBG] deferring start (53378 us)
[DBG] deferring start (42308 us)
[DBG] deferring start (41694 us)
[DBG] deferring start (41407 us)
[DBG] deferring start (41098 us)
[DBG] deferring start (40808 us)
[DBG] deferring start (40498 us)
[DBG] deferring start (40168 us)
[DBG] deferring start (39839 us)
[DBG] deferring start (39709 us)
[DBG] deferring start (39605 us)
[DBG] deferring start (39474 us)
[DBG] deferring start (39317 us)
[DBG] deferring start (38988 us)
[DBG] deferring start (38588 us)
[DBG] deferring start (38266 us)
[DBG] deferring start (37905 us)
[DBG] deferring start (37593 us)
[DBG] deferring start (37270 us)
[DBG] deferring start (36953 us)
[DBG] deferring start (36632 us)
[DBG] deferring start (36301 us)
[DBG] deferring start (35964 us)
[DBG] deferring start (35671 us)
[DBG] deferring start (35407 us)
[DBG] deferring start (35134 us)
[DBG] deferring start (34842 us)
[DBG] deferring start (34598 us)
[DBG] deferring start (34334 us)
[DBG] deferring start (34046 us)
[DBG] deferring start (33727 us)
[DBG] deferring start (33501 us)
[DBG] deferring start (33230 us)
[DBG] deferring start (32959 us)
[DBG] deferring start (32693 us)
[DBG] deferring start (32431 us)
[DBG] deferring start (32171 us)
[DBG] deferring start (31911 us)
[DBG] deferring start (31651 us)
[DBG] deferring start (31398 us)
[DBG] deferring start (31134 us)
[DBG] deferring start (30855 us)
[DBG] deferring start (30603 us)
[DBG] deferring start (30311 us)
[DBG] deferring start (30010 us)
[DBG] deferring start (29739 us)
[DBG] deferring start (29465 us)
[DBG] deferring start (29174 us)
[DBG] deferring start (28922 us)
[DBG] deferring start (28622 us)
[DBG] deferring start (28360 us)
[DBG] deferring start (28055 us)
[DBG] deferring start (27798 us)
[DBG] deferring start (27530 us)
[DBG] deferring start (27265 us)
[DBG] deferring start (26956 us)
[DBG] deferring start (26683 us)
[DBG] deferring start (26404 us)
[DBG] deferring start (26126 us)
[DBG] deferring start (25887 us)
[DBG] deferring start (25624 us)
[DBG] deferring start (25385 us)
[DBG] deferring start (25149 us)
[DBG] deferring start (24908 us)
[DBG] deferring start (24698 us)
[DBG] deferring start (24405 us)
[DBG] deferring start (24200 us)
[DBG] deferring start (23949 us)
[DBG] deferring start (23647 us)
[DBG] deferring start (23434 us)
[DBG] deferring start (23202 us)
[DBG] deferring start (22959 us)
[DBG] deferring start (22706 us)
[DBG] deferring start (22477 us)
[DBG] deferring start (22244 us)
[DBG] deferring start (21991 us)
[DBG] deferring start (21713 us)
[DBG] deferring start (21509 us)
[DBG] deferring start (21243 us)
[DBG] deferring start (21011 us)
[DBG] deferring start (20778 us)
[DBG] deferring start (20529 us)
[DBG] deferring start (20308 us)
[DBG] deferring start (20086 us)
[DBG] deferring start (19875 us)
[DBG] deferring start (19633 us)
[DBG] deferring start (19454 us)
[DBG] deferring start (19234 us)
[DBG] deferring start (19019 us)
[DBG] deferring start (18817 us)
[DBG] deferring start (18611 us)
[DBG] deferring start (18373 us)
[DBG] deferring start (18183 us)
[DBG] deferring start (17964 us)
[DBG] deferring start (17762 us)
[DBG] deferring start (17548 us)
[DBG] deferring start (17321 us)
[DBG] deferring start (17144 us)
[DBG] deferring start (16938 us)
[DBG] deferring start (16733 us)
[DBG] deferring start (16491 us)
[DBG] deferring start (16322 us)
[DBG] deferring start (16124 us)
[DBG] deferring start (15916 us)
[DBG] started
[DBG] picture displayed late (missing 7 ms)
[DBG] new PPS parsed: 0
[DBG] new PPS parsed: 0
[DBG] new PPS parsed: 0
[DBG] new PPS parsed: 0
[DBG] new PPS parsed: 0
[DBG] new PPS parsed: 0
[DBG] new PPS parsed: 0
[DBG] new PPS parsed: 0
[DBG] New Chapter 477477000 uid=2
8:39:56.506 AM [player] dismiss at 555310 ms, state Playing
8:39:56.507 AM [player] state Stopping at 555383 ms
[DBG] killing decoder fourcc `hevc'
[DBG] removing "video decoder" module "videotoolbox"
[DBG] saving a free vout
[DBG] ES track unselected: 'video/1' (fourcc: 'hevc')
8:39:56.522 AM [player] track selected type=1 selected= unselected=video/1
[DBG] killing decoder fourcc `dts '
[DBG] removing "audio decoder" module "avcodec"
[DBG] removing "audio packetizer" module "dts"
[DBG] removing "audio resampler" module "soxr"
[DBG] removing "audio converter" module "audio_format"
[DBG] removing "audio filter" module "scaletempo"
[DBG] removing "audio volume" module "float_mixer"
[DBG] keeping audio output
[DBG] ES track unselected: 'audio/2' (fourcc: 'dts ')
[DBG] removing "demux" module "mkv"
8:39:56.597 AM [player] track selected type=0 selected= unselected=audio/2
[DBG] ES track deleted: 'video/1' (fourcc: 'hevc')
[DBG] ES track deleted: 'audio/2' (fourcc: 'dts ')
[DBG] ES track deleted: 'spu/3' (fourcc: 'subt')
[DBG] ES track deleted: 'spu/4' (fourcc: 'subt')
[DBG] ES track deleted: 'spu/5' (fourcc: 'bdpg')
[DBG] ES track deleted: 'spu/6' (fourcc: 'bdpg')
[DBG] ES track deleted: 'spu/7' (fourcc: 'bdpg')
[DBG] ES track deleted: 'spu/8' (fourcc: 'bdpg')
[DBG] Program doesn't contain anymore ES
[DBG] removing "stream_filter" module "record"
[DBG] removing "stream_filter" module "prefetch"
[DBG] removing "access" module "http"
[DBG] connection failed
[DBG] stop free vout
8:39:56.598 AM [player] state Stopped at 555383 ms
