9:02:28.252 AM [player] request Stargate — Theatrical · SD · AC-3 5.1 — http://192.168.1.250:8093/stream/3
9:02:28.252 AM [player] file Movies/Stargate (1994)/Stargate (1994) {edition-Theatrical}.mkv 720x480 hdr=false video=mpeg2video Main audio=ac3 5.1(side), ac3 stereo
[DBG] Creating an input for playback'3'
9:02:28.264 AM [player] play() called
[DBG] using timeshift granularity of 50 MiB
[DBG] using default timeshift path
[DBG] `http://192.168.1.250:8093/stream/3' gives access `http' demux `any' path `192.168.1.250:8093/stream/3'
[DBG] creating access: http://192.168.1.250:8093/stream/3
[DBG] looking for access module matching "http": 2 candidates
[DBG] looking for keystore module matching "any": 1 candidates
[DBG] using keystore module "keychain"
[DBG] Lookup keychain entry for server 192.168.1.250
[WARN] lookup failed (-25300: 'Item not found')
[DBG] resolving 192.168.1.250 ...
[DBG] outgoing request:
GET /stream/3 HTTP/1.1
Host: 192.168.1.250:8093
Accept: */*
Accept-Language: en_US
User-Agent: VLC/4.0.0-dev LibVLC/4.0.0-dev
Range: bytes=0-


9:02:28.274 AM [player] state Opening at 0 ms
9:02:28.274 AM [player] buffering 0.0
[DBG] incoming response:
HTTP/1.1 206 Partial Content
Accept-Ranges: bytes
Content-Length: 5346213686
Content-Range: bytes 0-5346213685/5346213686
Content-Type: video/x-matroska
Last-Modified: Fri, 17 Jul 2026 19:34:32 GMT
Date: Mon, 14 Sep 2026 13:02:28 GMT


[DBG] removing "keystore" module "keychain"
[DBG] using access module "http"
[DBG] looking for stream_filter module matching "prefetch,cache": 2 candidates
[DBG] using 16777216 bytes buffer
[DBG] using stream_filter module "prefetch"
[DBG] looking for stream_filter module matching "any": 4 candidates
[DBG] no stream_filter modules matched with name any
[DBG] looking for stream_directory module matching "any": 0 candidates
[DBG] no stream_directory modules matched with name any
[DBG] attachment of directory-extractor failed for http://192.168.1.250:8093/stream/3
[DBG] looking for stream_filter module matching "record": 1 candidates
[DBG] using stream_filter module "record"
[DBG] creating demux "any", URL: http://192.168.1.250:8093/stream/3, path: (null)
[DBG] looking for demux module matching "any": 58 candidates
[DBG] |   + Seek head
[DBG] |   - info at 1207
[DBG] |   + Information
[DBG] |   |   + TimecodeScale=1000000
[DBG] |   |   + Muxing Application=libmakemkv v1.18.4 (1.3.10/1.5.2) darwin(arm64-release)
[DBG] |   |   + Writing Application=MakeMKV v1.18.4 darwin(arm64-release)
[DBG] |   |   + Duration=7265591
[DBG] |   |   + Date=Fri Jul 17 19:22:55 2026
[DBG] |   |   + UID=c6822232a7cb0c08
[DBG] |   - tracks at 1355
[DBG] |   + Tracks
[DBG] |   |   + Track Entry
[DBG] |   |   |   + Track Number=1
[DBG] |   |   |   + Track UID=1
[DBG] |   |   |   + Track Type=video
[DBG] |   |   |   + Track Default=0
[DBG] |   |   |   + Track Lacing=0
[DBG] |   |   |   + Track MinCache=2
[DBG] |   |   |   + Track CodecId=V_MPEG2
[DBG] |   |   |   + Track CodecPrivate size=150
[DBG] |   |   |   + Track Default Duration=33366
[DBG] |   |   |   + Track Video
[DBG] |   |   |   |   + width=720
[DBG] |   |   |   |   + height=480
[DBG] |   |   |   |   + display width=640
[DBG] |   |   |   |   + display height=480
[DBG] |   |   + Track Entry
[DBG] |   |   |   + Track Number=2
[DBG] |   |   |   + Track UID=2
[DBG] |   |   |   + Track Type=audio
[DBG] |   |   |   + Track Default=1
[DBG] |   |   |   + Track Lacing=1
[DBG] |   |   |   + Track CodecId=A_AC3
[DBG] |   |   |   + Track Language=`eng'
[DBG] |   |   |   + Track Default Duration=32000
[DBG] |   |   |   + Track Name=Surround 5.1
[DBG] |   |   |   + Track Audio
[DBG] |   |   |   |   + afreq=48000
[DBG] |   |   |   |   + achan=6
[DBG] |   |   + Track Entry
[DBG] |   |   |   + Track Number=3
[DBG] |   |   |   + Track UID=3
[DBG] |   |   |   + Track Type=audio
[DBG] |   |   |   + Track Default=0
[DBG] |   |   |   + Track Lacing=1
[DBG] |   |   |   + Track CodecId=A_AC3
[DBG] |   |   |   + Track Language=`eng'
[DBG] |   |   |   + Track Default Duration=32000
[DBG] |   |   |   + Track Name=Stereo
[DBG] |   |   |   + Track Audio
[DBG] |   |   |   |   + afreq=48000
[DBG] |   |   |   |   + achan=2
[DBG] |   |   + Track Entry
[DBG] |   |   |   + Track Number=4
[DBG] |   |   |   + Track UID=4
[DBG] |   |   |   + Track Type=subtitle
[DBG] |   |   |   + Track Default=1
[DBG] |   |   |   + Track Lacing=0
[DBG] |   |   |   + Track CodecId=S_TEXT/UTF8
[DBG] |   |   |   + Track Language=`eng'
[DBG] |   - cues at 5345950959
[DBG] resolving 192.168.1.250 ...
[DBG] outgoing request:
GET /stream/3 HTTP/1.1
Host: 192.168.1.250:8093
Accept: */*
Accept-Language: en_US
User-Agent: VLC/4.0.0-dev LibVLC/4.0.0-dev
If-Unmodified-Since: Fri, 17 Jul 2026 19:34:32 GMT
Range: bytes=5345950959-


[DBG] incoming response:
HTTP/1.1 206 Partial Content
Accept-Ranges: bytes
Content-Length: 262727
Content-Range: bytes 5345950959-5346213685/5346213686
Content-Type: video/x-matroska
Last-Modified: Fri, 17 Jul 2026 19:34:32 GMT
Date: Mon, 14 Sep 2026 13:02:28 GMT


[DBG] connection failed
[DBG] |   + Cues
[DBG] end of stream
[DBG] |   - loading cues done.
[DBG] resolving 192.168.1.250 ...
[DBG] outgoing request:
GET /stream/3 HTTP/1.1
Host: 192.168.1.250:8093
Accept: */*
Accept-Language: en_US
User-Agent: VLC/4.0.0-dev LibVLC/4.0.0-dev
If-Unmodified-Since: Fri, 17 Jul 2026 19:34:32 GMT
Range: bytes=123-


[DBG] incoming response:
HTTP/1.1 206 Partial Content
Accept-Ranges: bytes
Content-Length: 5346213563
Content-Range: bytes 123-5346213685/5346213686
Content-Type: video/x-matroska
Last-Modified: Fri, 17 Jul 2026 19:34:32 GMT
Date: Mon, 14 Sep 2026 13:02:28 GMT


[DBG] |   - chapters at 1739
[DBG] |   + Chapters
[DBG] |   |   |   + ChapterAtom (level=0)
[DBG] |   |   |   |   + ChapterUID=b7a9f8201e26b64
[DBG] |   |   |   |   + ChapterTimeStart=0
[DBG] |   |   |   |   + ChapterFlagHidden=no
[DBG] |   |   |   |   + ChapterTimeEnd=165398566
[DBG] |   |   |   |   + ChapterDisplay
[DBG] |   |   |   |   |   + ChapterString=Chapter 01
[DBG] |   |   |   |   |   + ChapterLanguage=eng
[DBG] |   |   |   + ChapterAtom (level=0)
[DBG] |   |   |   |   + ChapterUID=154dd4b3318bd12a
[DBG] |   |   |   |   + ChapterTimeStart=165398566
[DBG] |   |   |   |   + ChapterFlagHidden=no
[DBG] |   |   |   |   + ChapterTimeEnd=182415566
[DBG] |   |   |   |   + ChapterDisplay
[DBG] |   |   |   |   |   + ChapterString=Chapter 02
[DBG] |   |   |   |   |   + ChapterLanguage=eng
[DBG] |   |   |   + ChapterAtom (level=0)
[DBG] |   |   |   |   + ChapterUID=f675518a183af1f5
[DBG] |   |   |   |   + ChapterTimeStart=182415566
[DBG] |   |   |   |   + ChapterFlagHidden=no
[DBG] |   |   |   |   + ChapterTimeEnd=299866233
[DBG] |   |   |   |   + ChapterDisplay
[DBG] |   |   |   |   |   + ChapterString=Chapter 03
[DBG] |   |   |   |   |   + ChapterLanguage=eng
[DBG] |   |   |   + ChapterAtom (level=0)
[DBG] |   |   |   |   + ChapterUID=414c680ecc86cc1
[DBG] |   |   |   |   + ChapterTimeStart=299866233
[DBG] |   |   |   |   + ChapterFlagHidden=no
[DBG] |   |   |   |   + ChapterTimeEnd=405338266
[DBG] |   |   |   |   + ChapterDisplay
[DBG] |   |   |   |   |   + ChapterString=Chapter 04
[DBG] |   |   |   |   |   + ChapterLanguage=eng
[DBG] |   |   |   + ChapterAtom (level=0)
[DBG] |   |   |   |   + ChapterUID=5423a1bd6d7a49fb
[DBG] |   |   |   |   + ChapterTimeStart=405338266
[DBG] |   |   |   |   + ChapterFlagHidden=no
[DBG] |   |   |   |   + ChapterTimeEnd=522421900
[DBG] |   |   |   |   + ChapterDisplay
[DBG] |   |   |   |   |   + ChapterString=Chapter 05
[DBG] |   |   |   |   |   + ChapterLanguage=eng
[DBG] |   |   |   + ChapterAtom (level=0)
[DBG] |   |   |   |   + ChapterUID=203acd4cdb792616
[DBG] |   |   |   |   + ChapterTimeStart=522421900
[DBG] |   |   |   |   + ChapterFlagHidden=no
[DBG] |   |   |   |   + ChapterTimeEnd=626225600
[DBG] |   |   |   |   + ChapterDisplay
[DBG] |   |   |   |   |   + ChapterString=Chapter 06
[DBG] |   |   |   |   |   + ChapterLanguage=eng
[DBG] |   |   |   + ChapterAtom (level=0)
[DBG] |   |   |   |   + ChapterUID=fa1c21426f721a91
[DBG] |   |   |   |   + ChapterTimeStart=626225600
[DBG] |   |   |   |   + ChapterFlagHidden=no
[DBG] |   |   |   |   + ChapterTimeEnd=870269400
[DBG] |   |   |   |   + ChapterDisplay
[DBG] |   |   |   |   |   + ChapterString=Chapter 07
[DBG] |   |   |   |   |   + ChapterLanguage=eng
[DBG] |   |   |   + ChapterAtom (level=0)
[DBG] |   |   |   |   + ChapterUID=201d23d1ef285585
[DBG] |   |   |   |   + ChapterTimeStart=870269400
[DBG] |   |   |   |   + ChapterFlagHidden=no
[DBG] |   |   |   |   + ChapterTimeEnd=1128277150
[DBG] |   |   |   |   + ChapterDisplay
[DBG] |   |   |   |   |   + ChapterString=Chapter 08
[DBG] |   |   |   |   |   + ChapterLanguage=eng
[DBG] |   |   |   + ChapterAtom (level=0)
[DBG] |   |   |   |   + ChapterUID=4a040f9babd62b1
[DBG] |   |   |   |   + ChapterTimeStart=1128277150
[DBG] |   |   |   |   + ChapterFlagHidden=no
[DBG] |   |   |   |   + ChapterTimeEnd=1248513933
[DBG] |   |   |   |   + ChapterDisplay
[DBG] |   |   |   |   |   + ChapterString=Chapter 09
[DBG] |   |   |   |   |   + ChapterLanguage=eng
[DBG] |   |   |   + ChapterAtom (level=0)
[DBG] |   |   |   |   + ChapterUID=42e53f2653a02a58
[DBG] |   |   |   |   + ChapterTimeStart=1248513933
[DBG] |   |   |   |   + ChapterFlagHidden=no
[DBG] |   |   |   |   + ChapterTimeEnd=1362794766
[DBG] |   |   |   |   + ChapterDisplay
[DBG] |   |   |   |   |   + ChapterString=Chapter 10
[DBG] |   |   |   |   |   + ChapterLanguage=eng
[DBG] |   |   |   + ChapterAtom (level=0)
[DBG] |   |   |   |   + ChapterUID=913bc32acb3aed44
[DBG] |   |   |   |   + ChapterTimeStart=1362794766
[DBG] |   |   |   |   + ChapterFlagHidden=no
[DBG] |   |   |   |   + ChapterTimeEnd=1484883400
[DBG] |   |   |   |   + ChapterDisplay
[DBG] |   |   |   |   |   + ChapterString=Chapter 11
[DBG] |   |   |   |   |   + ChapterLanguage=eng
[DBG] |   |   |   + ChapterAtom (level=0)
[DBG] |   |   |   |   + ChapterUID=8dad49907f16869
[DBG] |   |   |   |   + ChapterTimeStart=1484883400
[DBG] |   |   |   |   + ChapterFlagHidden=no
[DBG] |   |   |   |   + ChapterTimeEnd=1534966766
[DBG] |   |   |   |   + ChapterDisplay
[DBG] |   |   |   |   |   + ChapterString=Chapter 12
[DBG] |   |   |   |   |   + ChapterLanguage=eng
[DBG] |   |   |   + ChapterAtom (level=0)
[DBG] |   |   |   |   + ChapterUID=98b8b43b8bf0c49
[DBG] |   |   |   |   + ChapterTimeStart=1534966766
[DBG] |   |   |   |   + ChapterFlagHidden=no
[DBG] |   |   |   |   + ChapterTimeEnd=1568133233
[DBG] |   |   |   |   + ChapterDisplay
[DBG] |   |   |   |   |   + ChapterString=Chapter 13
[DBG] |   |   |   |   |   + ChapterLanguage=eng
[DBG] |   |   |   + ChapterAtom (level=0)
[DBG] |   |   |   |   + ChapterUID=47c788d6a840394c
[DBG] |   |   |   |   + ChapterTimeStart=1568133233
[DBG] |   |   |   |   + ChapterFlagHidden=no
[DBG] |   |   |   |   + ChapterTimeEnd=1606671733
[DBG] |   |   |   |   + ChapterDisplay
[DBG] |   |   |   |   |   + ChapterString=Chapter 14
[DBG] |   |   |   |   |   + ChapterLanguage=eng
[DBG] |   |   |   + ChapterAtom (level=0)
[DBG] |   |   |   |   + ChapterUID=c10e835796f1f376
[DBG] |   |   |   |   + ChapterTimeStart=1606671733
[DBG] |   |   |   |   + ChapterFlagHidden=no
[DBG] |   |   |   |   + ChapterTimeEnd=1780712266
[DBG] |   |   |   |   + ChapterDisplay
[DBG] |   |   |   |   |   + ChapterString=Chapter 15
[DBG] |   |   |   |   |   + ChapterLanguage=eng
[DBG] |   |   |   + ChapterAtom (level=0)
[DBG] |   |   |   |   + ChapterUID=8e87a2aa273fcdf9
[DBG] |   |   |   |   + ChapterTimeStart=1780712266
[DBG] |   |   |   |   + ChapterFlagHidden=no
[DBG] |   |   |   |   + ChapterTimeEnd=1840772266
[DBG] |   |   |   |   + ChapterDisplay
[DBG] |   |   |   |   |   + ChapterString=Chapter 16
[DBG] |   |   |   |   |   + ChapterLanguage=eng
[DBG] |   |   |   + ChapterAtom (level=0)
[DBG] |   |   |   |   + ChapterUID=1ccfa24a556deb64
[DBG] |   |   |   |   + ChapterTimeStart=1840772266
[DBG] |   |   |   |   + ChapterFlagHidden=no
[DBG] |   |   |   |   + ChapterTimeEnd=2003568233
[DBG] |   |   |   |   + ChapterDisplay
[DBG] |   |   |   |   |   + ChapterString=Chapter 17
[DBG] |   |   |   |   |   + ChapterLanguage=eng
[DBG] |   |   |   + ChapterAtom (level=0)
[DBG] |   |   |   |   + ChapterUID=ce8830637d402f1
[DBG] |   |   |   |   + ChapterTimeStart=2003568233
[DBG] |   |   |   |   + ChapterFlagHidden=no
[DBG] |   |   |   |   + ChapterTimeEnd=2112176733
[DBG] |   |   |   |   + ChapterDisplay
[DBG] |   |   |   |   |   + ChapterString=Chapter 18
[DBG] |   |   |   |   |   + ChapterLanguage=eng
[DBG] |   |   |   + ChapterAtom (level=0)
[DBG] |   |   |   |   + ChapterUID=744fd155a4fae1d2
[DBG] |   |   |   |   + ChapterTimeStart=2112176733
[DBG] |   |   |   |   + ChapterFlagHidden=no
[DBG] |   |   |   |   + ChapterTimeEnd=2249146900
[DBG] |   |   |   |   + ChapterDisplay
[DBG] |   |   |   |   |   + ChapterString=Chapter 19
[DBG] |   |   |   |   |   + ChapterLanguage=eng
[DBG] |   |   |   + ChapterAtom (level=0)
[DBG] |   |   |   |   + ChapterUID=f182acb1bdf363dd
[DBG] |   |   |   |   + ChapterTimeStart=2249146900
[DBG] |   |   |   |   + ChapterFlagHidden=no
[DBG] |   |   |   |   + ChapterTimeEnd=2444041600
[DBG] |   |   |   |   + ChapterDisplay
[DBG] |   |   |   |   |   + ChapterString=Chapter 20
[DBG] |   |   |   |   |   + ChapterLanguage=eng
[DBG] |   |   |   + ChapterAtom (level=0)
[DBG] |   |   |   |   + ChapterUID=ddf52457cffcc22
[DBG] |   |   |   |   + ChapterTimeStart=2444041600
[DBG] |   |   |   |   + ChapterFlagHidden=no
[DBG] |   |   |   |   + ChapterTimeEnd=2654885566
[DBG] |   |   |   |   + ChapterDisplay
[DBG] |   |   |   |   |   + ChapterString=Chapter 21
[DBG] |   |   |   |   |   + ChapterLanguage=eng
[DBG] |   |   |   + ChapterAtom (level=0)
[DBG] |   |   |   |   + ChapterUID=498f47ea8a580f30
[DBG] |   |   |   |   + ChapterTimeStart=2654885566
[DBG] |   |   |   |   + ChapterFlagHidden=no
[DBG] |   |   |   |   + ChapterTimeEnd=2810457650
[DBG] |   |   |   |   + ChapterDisplay
[DBG] |   |   |   |   |   + ChapterString=Chapter 22
[DBG] |   |   |   |   |   + ChapterLanguage=eng
[DBG] |   |   |   + ChapterAtom (level=0)
[DBG] |   |   |   |   + ChapterUID=6512cf4716008bfd
[DBG] |   |   |   |   + ChapterTimeStart=2810457650
[DBG] |   |   |   |   + ChapterFlagHidden=no
[DBG] |   |   |   |   + ChapterTimeEnd=2968699066
[DBG] |   |   |   |   + ChapterDisplay
[DBG] |   |   |   |   |   + ChapterString=Chapter 23
[DBG] |   |   |   |   |   + ChapterLanguage=eng
[DBG] |   |   |   + ChapterAtom (level=0)
[DBG] |   |   |   |   + ChapterUID=11df3abbca3b425c
[DBG] |   |   |   |   + ChapterTimeStart=2968699066
[DBG] |   |   |   |   + ChapterFlagHidden=no
[DBG] |   |   |   |   + ChapterTimeEnd=3041438400
[DBG] |   |   |   |   + ChapterDisplay
[DBG] |   |   |   |   |   + ChapterString=Chapter 24
[DBG] |   |   |   |   |   + ChapterLanguage=eng
[DBG] |   |   |   + ChapterAtom (level=0)
[DBG] |   |   |   |   + ChapterUID=3a512eed3506eae3
[DBG] |   |   |   |   + ChapterTimeStart=3041438400
[DBG] |   |   |   |   + ChapterFlagHidden=no
[DBG] |   |   |   |   + ChapterTimeEnd=3189085900
[DBG] |   |   |   |   + ChapterDisplay
[DBG] |   |   |   |   |   + ChapterString=Chapter 25
[DBG] |   |   |   |   |   + ChapterLanguage=eng
[DBG] |   |   |   + ChapterAtom (level=0)
[DBG] |   |   |   |   + ChapterUID=ac2fa95b004b26e5
[DBG] |   |   |   |   + ChapterTimeStart=3189085900
[DBG] |   |   |   |   + ChapterFlagHidden=no
[DBG] |   |   |   |   + ChapterTimeEnd=3392155433
[DBG] |   |   |   |   + ChapterDisplay
[DBG] |   |   |   |   |   + ChapterString=Chapter 26
[DBG] |   |   |   |   |   + ChapterLanguage=eng
[DBG] |   |   |   + ChapterAtom (level=0)
[DBG] |   |   |   |   + ChapterUID=125622fc33b66bfa
[DBG] |   |   |   |   + ChapterTimeStart=3392155433
[DBG] |   |   |   |   + ChapterFlagHidden=no
[DBG] |   |   |   |   + ChapterTimeEnd=3410840766
[DBG] |   |   |   |   + ChapterDisplay
[DBG] |   |   |   |   |   + ChapterString=Chapter 27
[DBG] |   |   |   |   |   + ChapterLanguage=eng
[DBG] |   |   |   + ChapterAtom (level=0)
[DBG] |   |   |   |   + ChapterUID=98745fd467e52289
[DBG] |   |   |   |   + ChapterTimeStart=3410840766
[DBG] |   |   |   |   + ChapterFlagHidden=no
[DBG] |   |   |   |   + ChapterTimeEnd=3533096233
[DBG] |   |   |   |   + ChapterDisplay
[DBG] |   |   |   |   |   + ChapterString=Chapter 28
[DBG] |   |   |   |   |   + ChapterLanguage=eng
[DBG] |   |   |   + ChapterAtom (level=0)
[DBG] |   |   |   |   + ChapterUID=d114153d0c161426
[DBG] |   |   |   |   + ChapterTimeStart=3533096233
[DBG] |   |   |   |   + ChapterFlagHidden=no
[DBG] |   |   |   |   + ChapterTimeEnd=3637300333
[DBG] |   |   |   |   + ChapterDisplay
[DBG] |   |   |   |   |   + ChapterString=Chapter 29
[DBG] |   |   |   |   |   + ChapterLanguage=eng
[DBG] |   |   |   + ChapterAtom (level=0)
[DBG] |   |   |   |   + ChapterUID=d0403b4f267c673
[DBG] |   |   |   |   + ChapterTimeStart=3637300333
[DBG] |   |   |   |   + ChapterFlagHidden=no
[DBG] |   |   |   |   + ChapterTimeEnd=3775738633
[DBG] |   |   |   |   + ChapterDisplay
[DBG] |   |   |   |   |   + ChapterString=Chapter 30
[DBG] |   |   |   |   |   + ChapterLanguage=eng
[DBG] |   |   |   + ChapterAtom (level=0)
[DBG] |   |   |   |   + ChapterUID=48351559d0fd1149
[DBG] |   |   |   |   + ChapterTimeStart=3775738633
[DBG] |   |   |   |   + ChapterFlagHidden=no
[DBG] |   |   |   |   + ChapterTimeEnd=3852515333
[DBG] |   |   |   |   + ChapterDisplay
[DBG] |   |   |   |   |   + ChapterString=Chapter 31
[DBG] |   |   |   |   |   + ChapterLanguage=eng
[DBG] |   |   |   + ChapterAtom (level=0)
[DBG] |   |   |   |   + ChapterUID=4469bce09764ccd1
[DBG] |   |   |   |   + ChapterTimeStart=3852515333
[DBG] |   |   |   |   + ChapterFlagHidden=no
[DBG] |   |   |   |   + ChapterTimeEnd=3922885633
[DBG] |   |   |   |   + ChapterDisplay
[DBG] |   |   |   |   |   + ChapterString=Chapter 32
[DBG] |   |   |   |   |   + ChapterLanguage=eng
[DBG] |   |   |   + ChapterAtom (level=0)
[DBG] |   |   |   |   + ChapterUID=7f97d02cd5145b6b
[DBG] |   |   |   |   + ChapterTimeStart=3922885633
[DBG] |   |   |   |   + ChapterFlagHidden=no
[DBG] |   |   |   |   + ChapterTimeEnd=4067863800
[DBG] |   |   |   |   + ChapterDisplay
[DBG] |   |   |   |   |   + ChapterString=Chapter 33
[DBG] |   |   |   |   |   + ChapterLanguage=eng
[DBG] |   |   |   + ChapterAtom (level=0)
[DBG] |   |   |   |   + ChapterUID=332000f75a0f8a2d
[DBG] |   |   |   |   + ChapterTimeStart=4067863800
[DBG] |   |   |   |   + ChapterFlagHidden=no
[DBG] |   |   |   |   + ChapterTimeEnd=4265060800
[DBG] |   |   |   |   + ChapterDisplay
[DBG] |   |   |   |   |   + ChapterString=Chapter 34
[DBG] |   |   |   |   |   + ChapterLanguage=eng
[DBG] |   |   |   + ChapterAtom (level=0)
[DBG] |   |   |   |   + ChapterUID=e23dc42c1457cbb2
[DBG] |   |   |   |   + ChapterTimeStart=4265060800
[DBG] |   |   |   |   + ChapterFlagHidden=no
[DBG] |   |   |   |   + ChapterTimeEnd=4423719300
[DBG] |   |   |   |   + ChapterDisplay
[DBG] |   |   |   |   |   + ChapterString=Chapter 35
[DBG] |   |   |   |   |   + ChapterLanguage=eng
[DBG] |   |   |   + ChapterAtom (level=0)
[DBG] |   |   |   |   + ChapterUID=3905050c44b5689a
[DBG] |   |   |   |   + ChapterTimeStart=4423719300
[DBG] |   |   |   |   + ChapterFlagHidden=no
[DBG] |   |   |   |   + ChapterTimeEnd=4533362166
[DBG] |   |   |   |   + ChapterDisplay
[DBG] |   |   |   |   |   + ChapterString=Chapter 36
[DBG] |   |   |   |   |   + ChapterLanguage=eng
[DBG] |   |   |   + ChapterAtom (level=0)
[DBG] |   |   |   |   + ChapterUID=55ca3dedddd19aa
[DBG] |   |   |   |   + ChapterTimeStart=4533362166
[DBG] |   |   |   |   + ChapterFlagHidden=no
[DBG] |   |   |   |   + ChapterTimeEnd=4740535800
[DBG] |   |   |   |   + ChapterDisplay
[DBG] |   |   |   |   |   + ChapterString=Chapter 37
[DBG] |   |   |   |   |   + ChapterLanguage=eng
[DBG] |   |   |   + ChapterAtom (level=0)
[DBG] |   |   |   |   + ChapterUID=9f3c3aa57eeae8a5
[DBG] |   |   |   |   + ChapterTimeStart=4740535800
[DBG] |   |   |   |   + ChapterFlagHidden=no
[DBG] |   |   |   |   + ChapterTimeEnd=4903698800
[DBG] |   |   |   |   + ChapterDisplay
[DBG] |   |   |   |   |   + ChapterString=Chapter 38
[DBG] |   |   |   |   |   + ChapterLanguage=eng
[DBG] |   |   |   + ChapterAtom (level=0)
[DBG] |   |   |   |   + ChapterUID=a16682a7f3c5a150
[DBG] |   |   |   |   + ChapterTimeStart=4903698800
[DBG] |   |   |   |   + ChapterFlagHidden=no
[DBG] |   |   |   |   + ChapterTimeEnd=5095056633
[DBG] |   |   |   |   + ChapterDisplay
[DBG] |   |   |   |   |   + ChapterString=Chapter 39
[DBG] |   |   |   |   |   + ChapterLanguage=eng
[DBG] |   |   |   + ChapterAtom (level=0)
[DBG] |   |   |   |   + ChapterUID=e057f40f0031d0c4
[DBG] |   |   |   |   + ChapterTimeStart=5095056633
[DBG] |   |   |   |   + ChapterFlagHidden=no
[DBG] |   |   |   |   + ChapterTimeEnd=5225687133
[DBG] |   |   |   |   + ChapterDisplay
[DBG] |   |   |   |   |   + ChapterString=Chapter 40
[DBG] |   |   |   |   |   + ChapterLanguage=eng
[DBG] |   |   |   + ChapterAtom (level=0)
[DBG] |   |   |   |   + ChapterUID=62fc003cc1fc8a2f
[DBG] |   |   |   |   + ChapterTimeStart=5225687133
[DBG] |   |   |   |   + ChapterFlagHidden=no
[DBG] |   |   |   |   + ChapterTimeEnd=5278106166
[DBG] |   |   |   |   + ChapterDisplay
[DBG] |   |   |   |   |   + ChapterString=Chapter 41
[DBG] |   |   |   |   |   + ChapterLanguage=eng
[DBG] |   |   |   + ChapterAtom (level=0)
[DBG] |   |   |   |   + ChapterUID=980a6bee38debdde
[DBG] |   |   |   |   + ChapterTimeStart=5278106166
[DBG] |   |   |   |   + ChapterFlagHidden=no
[DBG] |   |   |   |   + ChapterTimeEnd=5447742300
[DBG] |   |   |   |   + ChapterDisplay
[DBG] |   |   |   |   |   + ChapterString=Chapter 42
[DBG] |   |   |   |   |   + ChapterLanguage=eng
[DBG] |   |   |   + ChapterAtom (level=0)
[DBG] |   |   |   |   + ChapterUID=ace2a67a9d8ed00e
[DBG] |   |   |   |   + ChapterTimeStart=5447742300
[DBG] |   |   |   |   + ChapterFlagHidden=no
[DBG] |   |   |   |   + ChapterTimeEnd=5512807300
[DBG] |   |   |   |   + ChapterDisplay
[DBG] |   |   |   |   |   + ChapterString=Chapter 43
[DBG] |   |   |   |   |   + ChapterLanguage=eng
[DBG] |   |   |   + ChapterAtom (level=0)
[DBG] |   |   |   |   + ChapterUID=869c0b53ecc75652
[DBG] |   |   |   |   + ChapterTimeStart=5512807300
[DBG] |   |   |   |   + ChapterFlagHidden=no
[DBG] |   |   |   |   + ChapterTimeEnd=5586881300
[DBG] |   |   |   |   + ChapterDisplay
[DBG] |   |   |   |   |   + ChapterString=Chapter 44
[DBG] |   |   |   |   |   + ChapterLanguage=eng
[DBG] |   |   |   + ChapterAtom (level=0)
[DBG] |   |   |   |   + ChapterUID=ddcfee27fba12e12
[DBG] |   |   |   |   + ChapterTimeStart=5586881300
[DBG] |   |   |   |   + ChapterFlagHidden=no
[DBG] |   |   |   |   + ChapterTimeEnd=5747208133
[DBG] |   |   |   |   + ChapterDisplay
[DBG] |   |   |   |   |   + ChapterString=Chapter 45
[DBG] |   |   |   |   |   + ChapterLanguage=eng
[DBG] |   |   |   + ChapterAtom (level=0)
[DBG] |   |   |   |   + ChapterUID=8f21956c0ba86ed5
[DBG] |   |   |   |   + ChapterTimeStart=5747208133
[DBG] |   |   |   |   + ChapterFlagHidden=no
[DBG] |   |   |   |   + ChapterTimeEnd=5820948466
[DBG] |   |   |   |   + ChapterDisplay
[DBG] |   |   |   |   |   + ChapterString=Chapter 46
[DBG] |   |   |   |   |   + ChapterLanguage=eng
[DBG] |   |   |   + ChapterAtom (level=0)
[DBG] |   |   |   |   + ChapterUID=881b95e13738a912
[DBG] |   |   |   |   + ChapterTimeStart=5820948466
[DBG] |   |   |   |   + ChapterFlagHidden=no
[DBG] |   |   |   |   + ChapterTimeEnd=5977304666
[DBG] |   |   |   |   + ChapterDisplay
[DBG] |   |   |   |   |   + ChapterString=Chapter 47
[DBG] |   |   |   |   |   + ChapterLanguage=eng
[DBG] |   |   |   + ChapterAtom (level=0)
[DBG] |   |   |   |   + ChapterUID=2cf22421eedcfd8e
[DBG] |   |   |   |   + ChapterTimeStart=5977304666
[DBG] |   |   |   |   + ChapterFlagHidden=no
[DBG] |   |   |   |   + ChapterTimeEnd=6052679966
[DBG] |   |   |   |   + ChapterDisplay
[DBG] |   |   |   |   |   + ChapterString=Chapter 48
[DBG] |   |   |   |   |   + ChapterLanguage=eng
[DBG] |   |   |   + ChapterAtom (level=0)
[DBG] |   |   |   |   + ChapterUID=334c2c825a92ca2c
[DBG] |   |   |   |   + ChapterTimeStart=6052679966
[DBG] |   |   |   |   + ChapterFlagHidden=no
[DBG] |   |   |   |   + ChapterTimeEnd=6218011800
[DBG] |   |   |   |   + ChapterDisplay
[DBG] |   |   |   |   |   + ChapterString=Chapter 49
[DBG] |   |   |   |   |   + ChapterLanguage=eng
[DBG] |   |   |   + ChapterAtom (level=0)
[DBG] |   |   |   |   + ChapterUID=1de862aeb2479527
[DBG] |   |   |   |   + ChapterTimeStart=6218011800
[DBG] |   |   |   |   + ChapterFlagHidden=no
[DBG] |   |   |   |   + ChapterTimeEnd=6483310166
[DBG] |   |   |   |   + ChapterDisplay
[DBG] |   |   |   |   |   + ChapterString=Chapter 50
[DBG] |   |   |   |   |   + ChapterLanguage=eng
[DBG] |   |   |   + ChapterAtom (level=0)
[DBG] |   |   |   |   + ChapterUID=7cca26ed2dd8a031
[DBG] |   |   |   |   + ChapterTimeStart=6483310166
[DBG] |   |   |   |   + ChapterFlagHidden=no
[DBG] |   |   |   |   + ChapterTimeEnd=6584210966
[DBG] |   |   |   |   + ChapterDisplay
[DBG] |   |   |   |   |   + ChapterString=Chapter 51
[DBG] |   |   |   |   |   + ChapterLanguage=eng
[DBG] |   |   |   + ChapterAtom (level=0)
[DBG] |   |   |   |   + ChapterUID=20eecfcaf46f7536
[DBG] |   |   |   |   + ChapterTimeStart=6584210966
[DBG] |   |   |   |   + ChapterFlagHidden=no
[DBG] |   |   |   |   + ChapterTimeEnd=6772065300
[DBG] |   |   |   |   + ChapterDisplay
[DBG] |   |   |   |   |   + ChapterString=Chapter 52
[DBG] |   |   |   |   |   + ChapterLanguage=eng
[DBG] |   |   |   + ChapterAtom (level=0)
[DBG] |   |   |   |   + ChapterUID=fcb3ab859c53669
[DBG] |   |   |   |   + ChapterTimeStart=6772065300
[DBG] |   |   |   |   + ChapterFlagHidden=no
[DBG] |   |   |   |   + ChapterTimeEnd=6885011466
[DBG] |   |   |   |   + ChapterDisplay
[DBG] |   |   |   |   |   + ChapterString=Chapter 53
[DBG] |   |   |   |   |   + ChapterLanguage=eng
[DBG] |   |   |   + ChapterAtom (level=0)
[DBG] |   |   |   |   + ChapterUID=6dbfaa8e8f0b1de0
[DBG] |   |   |   |   + ChapterTimeStart=6885011466
[DBG] |   |   |   |   + ChapterFlagHidden=no
[DBG] |   |   |   |   + ChapterTimeEnd=7265591666
[DBG] |   |   |   |   + ChapterDisplay
[DBG] |   |   |   |   |   + ChapterString=Chapter 54
[DBG] |   |   |   |   |   + ChapterLanguage=eng
[DBG] |   - tags at 5346212037
[DBG] resolving 192.168.1.250 ...
[DBG] outgoing request:
GET /stream/3 HTTP/1.1
Host: 192.168.1.250:8093
Accept: */*
Accept-Language: en_US
User-Agent: VLC/4.0.0-dev LibVLC/4.0.0-dev
If-Unmodified-Since: Fri, 17 Jul 2026 19:34:32 GMT
Range: bytes=5346212037-


[DBG] incoming response:
HTTP/1.1 206 Partial Content
Accept-Ranges: bytes
Content-Length: 1649
Content-Range: bytes 5346212037-5346213685/5346213686
Content-Type: video/x-matroska
Last-Modified: Fri, 17 Jul 2026 19:34:32 GMT
Date: Mon, 14 Sep 2026 13:02:28 GMT


[DBG] connection failed
[DBG] end of stream
[DBG] |   + Tags
[DBG] + Tag
[DBG] |   + Targets
[DBG] |   |   + TrackUID: 1
[DBG] |   |   + TargetType: MOVIE
[DBG] |   + Simple Tag 
[DBG] |   |   + Meta BPS: 5240727
[DBG] |   + Simple Tag 
[DBG] |   |   + Meta DURATION: 02:01:05.591666666
[DBG] |   + Simple Tag 
[DBG] |   |   + Meta NUMBER_OF_FRAMES: 180045
[DBG] |   + Simple Tag 
[DBG] |   |   + Meta NUMBER_OF_BYTES: 4759622976
[DBG] |   + Simple Tag 
[DBG] |   |   + Meta SOURCE_ID: 0100E0
[DBG] |   + Simple Tag 
[DBG] |   |   + Meta _STATISTICS_WRITING_APP: MakeMKV v1.18.4 darwin(arm64-release)
[DBG] |   + Simple Tag 
[DBG] |   |   + Meta _STATISTICS_WRITING_DATE_UTC: 2026-07-17 19:22:55
[DBG] |   + Simple Tag 
[DBG] |   |   + Meta _STATISTICS_TAGS: BPS DURATION NUMBER_OF_FRAMES NUMBER_OF_BYTES SOURCE_ID
[DBG] + Tag
[DBG] |   + Targets
[DBG] |   |   + TrackUID: 2
[DBG] |   |   + TargetType: MOVIE
[DBG] |   + Simple Tag 
[DBG] |   |   + Meta BPS: 447988
[DBG] |   + Simple Tag 
[DBG] |   |   + Meta DURATION: 02:01:05.569388888
[DBG] |   + Simple Tag 
[DBG] |   |   + Meta NUMBER_OF_FRAMES: 227043
[DBG] |   + Simple Tag 
[DBG] |   |   + Meta NUMBER_OF_BYTES: 406861056
[DBG] |   + Simple Tag 
[DBG] |   |   + Meta SOURCE_ID: 0180BD
[DBG] |   + Simple Tag 
[DBG] |   |   + Meta _STATISTICS_WRITING_APP: MakeMKV v1.18.4 darwin(arm64-release)
[DBG] |   + Simple Tag 
[DBG] |   |   + Meta _STATISTICS_WRITING_DATE_UTC: 2026-07-17 19:22:55
[DBG] |   + Simple Tag 
[DBG] |   |   + Meta _STATISTICS_TAGS: BPS DURATION NUMBER_OF_FRAMES NUMBER_OF_BYTES SOURCE_ID
[DBG] + Tag
[DBG] |   + Targets
[DBG] |   |   + TrackUID: 3
[DBG] |   |   + TargetType: MOVIE
[DBG] |   + Simple Tag 
[DBG] |   |   + Meta BPS: 191994
[DBG] |   + Simple Tag 
[DBG] |   |   + Meta DURATION: 02:01:05.569400000
[DBG] |   + Simple Tag 
[DBG] |   |   + Meta NUMBER_OF_FRAMES: 227043
[DBG] |   + Simple Tag 
[DBG] |   |   + Meta NUMBER_OF_BYTES: 174369024
[DBG] |   + Simple Tag 
[DBG] |   |   + Meta SOURCE_ID: 0181BD
[DBG] |   + Simple Tag 
[DBG] |   |   + Meta _STATISTICS_WRITING_APP: MakeMKV v1.18.4 darwin(arm64-release)
[DBG] |   + Simple Tag 
[DBG] |   |   + Meta _STATISTICS_WRITING_DATE_UTC: 2026-07-17 19:22:55
[DBG] |   + Simple Tag 
[DBG] |   |   + Meta _STATISTICS_TAGS: BPS DURATION NUMBER_OF_FRAMES NUMBER_OF_BYTES SOURCE_ID
[DBG] + Tag
[DBG] |   + Targets
[DBG] |   |   + TrackUID: 4
[DBG] |   |   + TargetType: MOVIE
[DBG] |   + Simple Tag 
[DBG] |   |   + Meta BPS: 54
[DBG] |   + Simple Tag 
[DBG] |   |   + Meta DURATION: 01:53:45.600300000
[DBG] |   + Simple Tag 
[DBG] |   |   + Meta NUMBER_OF_FRAMES: 914
[DBG] |   + Simple Tag 
[DBG] |   |   + Meta NUMBER_OF_BYTES: 46727
[DBG] |   + Simple Tag 
[DBG] |   |   + Meta SOURCE_ID: 0100E0
[DBG] |   + Simple Tag 
[DBG] |   |   + Meta _STATISTICS_WRITING_APP: MakeMKV v1.18.4 darwin(arm64-release)
[DBG] |   + Simple Tag 
[DBG] |   |   + Meta _STATISTICS_WRITING_DATE_UTC: 2026-07-17 19:22:55
[DBG] |   + Simple Tag 
[DBG] |   |   + Meta _STATISTICS_TAGS: BPS DURATION NUMBER_OF_FRAMES NUMBER_OF_BYTES SOURCE_ID
[DBG] loading tags done.
[DBG] resolving 192.168.1.250 ...
[DBG] outgoing request:
GET /stream/3 HTTP/1.1
Host: 192.168.1.250:8093
Accept: */*
Accept-Language: en_US
User-Agent: VLC/4.0.0-dev LibVLC/4.0.0-dev
If-Unmodified-Since: Fri, 17 Jul 2026 19:34:32 GMT
Range: bytes=1213-


[DBG] incoming response:
HTTP/1.1 206 Partial Content
Accept-Ranges: bytes
Content-Length: 5346212473
Content-Range: bytes 1213-5346213685/5346213686
Content-Type: video/x-matroska
Last-Modified: Fri, 17 Jul 2026 19:34:32 GMT
Date: Mon, 14 Sep 2026 13:02:28 GMT


[DBG] resolving 192.168.1.250 ...
[DBG] outgoing request:
GET /stream/3 HTTP/1.1
Host: 192.168.1.250:8093
Accept: */*
Accept-Language: en_US
User-Agent: VLC/4.0.0-dev LibVLC/4.0.0-dev
If-Unmodified-Since: Fri, 17 Jul 2026 19:34:32 GMT
Range: bytes=183-


[DBG] incoming response:
HTTP/1.1 206 Partial Content
Accept-Ranges: bytes
Content-Length: 5346213503
Content-Range: bytes 183-5346213685/5346213686
Content-Type: video/x-matroska
Last-Modified: Fri, 17 Jul 2026 19:34:32 GMT
Date: Mon, 14 Sep 2026 13:02:28 GMT


[DBG] connection failed
[DBG] |   + Void
[DBG] |   + Information
[DBG] |   + Tracks
[DBG] |   + Chapters
[DBG] |   + Void
[DBG] |   + Cluster
[DBG] Virtual chapter  Chapter 01 from 0 to 165398566 - 
[DBG] Virtual chapter  Chapter 02 from 165398566 to 182415566 - 
[DBG] Virtual chapter  Chapter 03 from 182415566 to 299866233 - 
[DBG] Virtual chapter  Chapter 04 from 299866233 to 405338266 - 
[DBG] Virtual chapter  Chapter 05 from 405338266 to 522421900 - 
[DBG] Virtual chapter  Chapter 06 from 522421900 to 626225600 - 
[DBG] Virtual chapter  Chapter 07 from 626225600 to 870269400 - 
[DBG] Virtual chapter  Chapter 08 from 870269400 to 1128277150 - 
[DBG] Virtual chapter  Chapter 09 from 1128277150 to 1248513933 - 
[DBG] Virtual chapter  Chapter 10 from 1248513933 to 1362794766 - 
[DBG] Virtual chapter  Chapter 11 from 1362794766 to 1484883400 - 
[DBG] Virtual chapter  Chapter 12 from 1484883400 to 1534966766 - 
[DBG] Virtual chapter  Chapter 13 from 1534966766 to 1568133233 - 
[DBG] Virtual chapter  Chapter 14 from 1568133233 to 1606671733 - 
[DBG] Virtual chapter  Chapter 15 from 1606671733 to 1780712266 - 
[DBG] Virtual chapter  Chapter 16 from 1780712266 to 1840772266 - 
[DBG] Virtual chapter  Chapter 17 from 1840772266 to 2003568233 - 
[DBG] Virtual chapter  Chapter 18 from 2003568233 to 2112176733 - 
[DBG] Virtual chapter  Chapter 19 from 2112176733 to 2249146900 - 
[DBG] Virtual chapter  Chapter 20 from 2249146900 to 2444041600 - 
[DBG] Virtual chapter  Chapter 21 from 2444041600 to 2654885566 - 
[DBG] Virtual chapter  Chapter 22 from 2654885566 to 2810457650 - 
[DBG] Virtual chapter  Chapter 23 from 2810457650 to 2968699066 - 
[DBG] Virtual chapter  Chapter 24 from 2968699066 to 3041438400 - 
[DBG] Virtual chapter  Chapter 25 from 3041438400 to 3189085900 - 
[DBG] Virtual chapter  Chapter 26 from 3189085900 to 3392155433 - 
[DBG] Virtual chapter  Chapter 27 from 3392155433 to 3410840766 - 
[DBG] Virtual chapter  Chapter 28 from 3410840766 to 3533096233 - 
[DBG] Virtual chapter  Chapter 29 from 3533096233 to 3637300333 - 
[DBG] Virtual chapter  Chapter 30 from 3637300333 to 3775738633 - 
[DBG] Virtual chapter  Chapter 31 from 3775738633 to 3852515333 - 
[DBG] Virtual chapter  Chapter 32 from 3852515333 to 3922885633 - 
[DBG] Virtual chapter  Chapter 33 from 3922885633 to 4067863800 - 
[DBG] Virtual chapter  Chapter 34 from 4067863800 to 4265060800 - 
[DBG] Virtual chapter  Chapter 35 from 4265060800 to 4423719300 - 
[DBG] Virtual chapter  Chapter 36 from 4423719300 to 4533362166 - 
[DBG] Virtual chapter  Chapter 37 from 4533362166 to 4740535800 - 
[DBG] Virtual chapter  Chapter 38 from 4740535800 to 4903698800 - 
[DBG] Virtual chapter  Chapter 39 from 4903698800 to 5095056633 - 
[DBG] Virtual chapter  Chapter 40 from 5095056633 to 5225687133 - 
[DBG] Virtual chapter  Chapter 41 from 5225687133 to 5278106166 - 
[DBG] Virtual chapter  Chapter 42 from 5278106166 to 5447742300 - 
[DBG] Virtual chapter  Chapter 43 from 5447742300 to 5512807300 - 
[DBG] Virtual chapter  Chapter 44 from 5512807300 to 5586881300 - 
[DBG] Virtual chapter  Chapter 45 from 5586881300 to 5747208133 - 
[DBG] Virtual chapter  Chapter 46 from 5747208133 to 5820948466 - 
[DBG] Virtual chapter  Chapter 47 from 5820948466 to 5977304666 - 
[DBG] Virtual chapter  Chapter 48 from 5977304666 to 6052679966 - 
[DBG] Virtual chapter  Chapter 49 from 6052679966 to 6218011800 - 
[DBG] Virtual chapter  Chapter 50 from 6218011800 to 6483310166 - 
[DBG] Virtual chapter  Chapter 51 from 6483310166 to 6584210966 - 
[DBG] Virtual chapter  Chapter 52 from 6584210966 to 6772065300 - 
[DBG] Virtual chapter  Chapter 53 from 6772065300 to 6885011466 - 
[DBG] Virtual chapter  Chapter 54 from 6885011466 to 7265591666 - 
[DBG] Virtual chapter  from 0 to -1 - 
[DBG] NEW START CHAPTER uid=827148862302088036
[DBG] found 4 es
[DBG] selecting program id=0
[DBG] ES track added: 'video/1' (fourcc: 'mpgv')
[DBG] ES track added: 'audio/2' (fourcc: 'a52 ')
[DBG] ES track added: 'audio/3' (fourcc: 'a52 ')
[DBG] ES track added: 'spu/4' (fourcc: 'subt')
9:02:28.392 AM [player] track added video/1 type=1
[DBG] seek: preroll{ track: 1, pts: 0, fpos: 5816 skip: 5816} 
[DBG] seek: preroll{ req: 1, start-pts: 1, start-fpos: 5816} 
[DBG] using demux module "mkv"
[DBG] looking for video packetizer module matching "any": 13 candidates
9:02:28.392 AM [player] track added audio/2 type=0
[DBG] using video packetizer module "mpegvideo"
9:02:28.392 AM [player] track added audio/3 type=0
[DBG] looking for video decoder module matching "any": 14 candidates
[DBG] vout: none found
9:02:28.392 AM [player] track added spu/4 type=2
9:02:28.392 AM [player] length 7265591 ms
[DBG] looking for text renderer module matching "freetype": 2 candidates
[DBG] using text renderer module "freetype"
[DBG] looking for video converter module matching "any": 13 candidates
[DBG] 32x32 (32x32) chroma: YUVA colorspace: Undefined -> 16x16 (16x16) chroma: RGBA colorspace: Undefined with scaling using Bicubic (good quality)
[DBG] using video converter module "swscale"
[DBG] looking for video converter module matching "any": 13 candidates
[DBG] YUVP to YUVA converter
[DBG] using video converter module "yuvp"
[DBG] Deinterlacing available
[DBG] deinterlace -1, mode auto, is_needed 0
[DBG] looking for vout window module matching "any": 2 candidates
[DBG] resized to 1920x1080
[DBG] using vout window module "uiview_window"
[DBG] looking for inhibit module matching "any": 1 candidates
[DBG] using inhibit module "uikit_inhibit"
[DBG] looking for decoder device module matching "any": 1 candidates
[DBG] using decoder device module "videotoolbox"
[WARN] vt session error: 'kVTCouldNotFindVideoDecoderErr'
[DBG] using Lavc63.1.100
[DBG] CPU flags: 0x00062360
[DBG] allowing 6 thread(s) for decoding
[DBG] codec (mpeg2video) started
[DBG] using video decoder module "avcodec"
[DBG] ES track selected: 'video/1' (fourcc: 'mpgv')
[DBG] looking for audio packetizer module matching "any": 11 candidates
[DBG] using audio packetizer module "a52"
[DBG] looking for audio decoder module matching "any": 15 candidates
[DBG] reusing audio output
9:02:28.398 AM [player] track selected type=1 selected=video/1 unselected=
[ERR] too low audio sample frequency (0)
[DBG] keeping audio output
[DBG] using Lavc63.1.100
[DBG] CPU flags: 0x00062360
[DBG] codec (ac3) started
[DBG] using audio decoder module "avcodec"
[DBG] ES track selected: 'audio/2' (fourcc: 'a52 ')
[DBG] looking for spu decoder module matching "any": 19 candidates
[DBG] using Lavc63.1.100
[DBG] CPU flags: 0x00062360
9:02:28.399 AM [player] track selected type=0 selected=audio/2 unselected=
[WARN] refusing to decode non validated subtitle codec
[DBG] trying demuxer-specified character encoding: UTF-8
[DBG] using spu decoder module "subsdec"
[DBG] ES track selected: 'spu/4' (fourcc: 'subt')
[DBG] looking for meta reader module matching "any": 1 candidates
[DBG] no meta reader modules matched with name any
9:02:28.399 AM [player] track selected type=2 selected=spu/4 unselected=
[DBG] `http://192.168.1.250:8093/stream/3' successfully opened
9:02:28.399 AM [player] state Playing at 0 ms
[DBG] program(0): using clock source: 'audio'
[DBG] Buffering 0%
[DBG] A/52 channels:6 samplerate:48000 bitrate:448000
[DBG] restarting module due to input format change
[DBG] size 720x480/720x480 fps 500000:16683
[DBG] 'decoder in/packetizer out' i_rate 0 / 48000
[DBG] restarting module due to input format change
[DBG] 'decoder in/packetizer out' i_physical_channels 0 / 4199
[DBG] 'decoder in/packetizer out' profile -1 / 4
[DBG] 'decoder in/packetizer out' i_width 0 / 720
[DBG] removing "audio decoder" module "avcodec"
[DBG] 'decoder in/packetizer out' i_height 0 / 480
[DBG] looking for audio decoder module matching "any": 15 candidates
[DBG] 'decoder in/packetizer out' i_visible_width 0 / 720
[DBG] reusing audio output
[DBG] 'decoder in/packetizer out' i_visible_height 0 / 480
[WARN] failed to start passthrough audio output, failing back to linear format
[DBG] removing "video decoder" module "avcodec"
[DBG] Buffering 3%
[DBG] keeping audio output
[DBG] looking for video decoder module matching "any": 14 candidates
[DBG] using Lavc63.1.100
[DBG] vout change: decoder size
[DBG] CPU flags: 0x00062360
[DBG] vout change: visible size
[DBG] codec (ac3) started
[DBG] using audio decoder module "avcodec"
[DBG] Buffering 6%
[DBG] Buffering 10%
[DBG] Buffering 13%
[DBG] reusing audio output
[DBG] Buffering 16%
[DBG] Buffering 20%
[WARN] vt session error: 'kVTCouldNotFindVideoDecoderErr'
[DBG] using Lavc63.1.100
[DBG] CPU flags: 0x00062360
[DBG] allowing 6 thread(s) for decoding
[DBG] codec (mpeg2video) started
[DBG] using video decoder module "avcodec"
[DBG] available hardware decoder output format 157 (videotoolbox_vld)
[DBG] available software decoder output format 0 (yuv420p)
[DBG] vout change: chroma
[DBG] vout change: SAR
[DBG] requested window size: 640x480
[DBG] deinterlace -1, mode auto, is_needed 0
[DBG] Opening vout display wrapper
[DBG] looking for vout display module matching "any": 3 candidates
[DBG] looking for video converter module matching "any": 13 candidates
9:02:28.402 AM [player] buffering 0.0
[DBG] Buffering 23%
[DBG] Buffering 26%
[DBG] Buffering 30%
[DBG] Buffering 33%
[DBG] Buffering 36%
[DBG] Buffering 40%
[DBG] Buffering 43%
[DBG] Buffering 54%
[DBG] Buffering 56%
[DBG] Buffering 60%
[DBG] Buffering 63%
[DBG] Buffering 66%
[DBG] Buffering 70%
[INF] Trying to use chroma_chain: [c=18|q=100] I420 -> CVPN -> CVPB...
[DBG] looking for video converter module matching "any": 13 candidates
[DBG] looking for decoder device module matching "any": 1 candidates
[DBG] using decoder device module "videotoolbox"
[DBG] Buffering 73%
[DBG] using video converter module "cvpx"
[DBG] Filter 'cvpx' (0x10dfd0300) appended to chain (0x106452a00)
[DBG] looking for video converter module matching "any": 13 candidates
[DBG] no video converter modules matched with name any
[ERR] Failed to create video converter
[INF] Trying to use chroma_chain: [c=18|q=100] I420 -> CVPI -> CVPB...
[DBG] removing "video converter" module "cvpx"
[DBG] Filter 0x10dfd0300 removed from chain
[DBG] looking for video converter module matching "any": 13 candidates
[DBG] looking for decoder device module matching "any": 1 candidates
[DBG] using decoder device module "videotoolbox"
[DBG] using video converter module "cvpx"
[DBG] Filter 'cvpx' (0x10dfd0300) appended to chain (0x106452a00)
[DBG] looking for video converter module matching "any": 13 candidates
[DBG] no video converter modules matched with name any
[ERR] Failed to create video converter
[INF] Trying to use chroma_chain: [c=118|q=90] I420 -> BGRA -> CVPB...
[DBG] removing "video converter" module "cvpx"
[DBG] Filter 0x10dfd0300 removed from chain
[DBG] looking for video converter module matching "any": 13 candidates
[DBG] 720x480 (720x480) chroma: I420 colorspace: BT601 -> 720x480 (720x480) chroma: BGRA colorspace: BT601 with scaling using Bicubic (good quality)
[DBG] using video converter module "swscale"
[DBG] Filter 'Swscale' (0x10dfd0300) appended to chain (0x106452a00)
[DBG] looking for video converter module matching "any": 13 candidates
[DBG] looking for decoder device module matching "any": 1 candidates
[DBG] using decoder device module "videotoolbox"
[DBG] Buffering 76%
[DBG] Buffering 80%
[DBG] Buffering 83%
[DBG] Buffering 86%
[DBG] Buffering 90%
[DBG] Buffering 92%
[DBG] Buffering 93%
[DBG] using video converter module "cvpx"
[DBG] Filter 'cvpx' (0x10dfd0f00) appended to chain (0x106452a00)
[INF] success
[DBG] using video converter module "chain"
9:02:28.408 AM [player] buffering 1.0
[DBG] Stream buffering done (1056 ms in 9 ms)
[DBG] using vout display module "samplebufferdisplay"
[DBG] original format sz 720x480, of (0,0), vsz 720x480, 4cc I420, sar 8:9, orient: normal
[DBG] removing "text renderer" module "freetype"
[DBG] looking for text renderer module matching "freetype": 2 candidates
[DBG] using text renderer module "freetype"
[DBG] requested window size: 640x480
[DBG] resetting projection_mode to 0
[DBG] setting projection_mode to 0
[DBG] Received first picture
[DBG] Detected interlaced video
[DBG] deinterlace -1, mode auto, is_needed 1
[DBG] resized to 3840x2160
[DBG] Adding 'deinterlace' as static
[DBG] looking for video filter module matching "deinterlace,chain": 2 candidates
[DBG] using x deinterlace method
[DBG] deinterlacing
[DBG] using video filter module "deinterlace"
[DBG] Filter 'deinterlace' (0x10dfd2100) appended to chain (0x10dc65500)
[DBG] Output on HDMI, channel count: 6
[DBG] VLC keeping the same input layout
[DBG] output 'f32l' 48000 Hz 3F2M/LFE frame=1 samples/24 bytes
[DBG] looking for audio volume module matching "any": 2 candidates
[DBG] using audio volume module "float_mixer"
[DBG] input 'f32l' 48000 Hz 3F2M/LFE frame=1 samples/24 bytes
[DBG] looking for audio filter module matching "scaletempo": 1 candidates
[DBG] format: 48000 rate, 6 nch, 4 bps, fl32
[DBG] params: 30 stride, 0.200 overlap, 14 search
[DBG] 1.000 scale, 1440.000 stride_in, 1440 stride_out, 1152 standing, 288 overlap, 672 search, 2400 queue, fl32 mode
[DBG] using audio filter module "scaletempo"
[DBG] conversion: 'f32l'->'f32l' 48000 Hz->48000 Hz 3F2M/LFE->3F2M/LFE
[DBG] conversion pipeline complete
[DBG] conversion: 'f32l'->'f32l' 48000 Hz->48000 Hz 3F2M/LFE->3F2M/LFE
[DBG] conversion pipeline complete
[DBG] looking for audio resampler module matching "soxr": 2 candidates
[DBG] Using SoX Resampler with 'cr32s' engine and 'Medium 16-bit with medium roll-off' quality to convert f32l/48000Hz to f32l/48000Hz.
[DBG] using audio resampler module "soxr"
[DBG] Decoder wait done in 115 ms
[DBG] deferring start (111846 us)
[DBG] deferring start (76441 us)
[DBG] deferring start (44318 us)
[DBG] deferring start (44174 us)
[DBG] deferring start (43988 us)
[DBG] deferring start (43867 us)
[DBG] deferring start (43693 us)
[DBG] deferring start (43492 us)
[DBG] deferring start (43324 us)
[DBG] deferring start (43129 us)
[DBG] deferring start (42930 us)
[DBG] deferring start (42756 us)
[DBG] deferring start (42577 us)
[DBG] deferring start (42404 us)
[DBG] deferring start (42218 us)
[DBG] deferring start (42049 us)
[DBG] deferring start (41871 us)
[DBG] deferring start (41693 us)
[DBG] deferring start (41523 us)
[DBG] deferring start (41360 us)
[DBG] deferring start (41199 us)
[DBG] deferring start (41050 us)
[DBG] deferring start (40888 us)
[DBG] deferring start (40735 us)
[DBG] deferring start (40580 us)
[DBG] deferring start (40433 us)
[DBG] deferring start (40272 us)
[DBG] deferring start (40102 us)
[DBG] deferring start (39927 us)
[DBG] deferring start (39774 us)
[DBG] deferring start (39573 us)
[DBG] deferring start (39359 us)
[DBG] deferring start (39147 us)
[DBG] deferring start (38887 us)
[DBG] deferring start (38685 us)
[DBG] deferring start (38508 us)
[DBG] deferring start (38312 us)
[DBG] deferring start (37995 us)
[DBG] deferring start (37780 us)
[DBG] deferring start (37620 us)
[DBG] started
[DBG] picture displayed late (missing 5 ms)
[WARN] picture is too late to be displayed (missing 74 ms)
[WARN] picture is too late to be displayed (missing 41 ms)
[DBG] picture displayed late (missing 9 ms)
[WARN] picture is too late to be displayed (missing 80 ms)
[WARN] picture is too late to be displayed (missing 47 ms)
[DBG] picture displayed late (missing 10 ms)
[DBG] picture displayed late (missing 9 ms)
[DBG] ES_OUT_RESET_PCR called
9:02:59.699 AM [skip] +30 s (click) before=30656 ms target=60656 ms
9:02:59.716 AM [player] buffering 0.0
[DBG] SET_TIME to 60656000
[DBG] seek request to i_pos = 60656000
[DBG] seek: preroll{ track: 1, pts: 0, fpos: 5816 skip: 5816} 
[DBG] seek: preroll{ track: 2, pts: 32256000, fpos: 18184416 skip: 18184416} 
[DBG] seek: preroll{ track: 4, pts: 26476000, fpos: 14548307 skip: 14548307} 
[DBG] resolving 192.168.1.250 ...
[DBG] outgoing request:
GET /stream/3 HTTP/1.1
Host: 192.168.1.250:8093
Accept: */*
Accept-Language: en_US
User-Agent: VLC/4.0.0-dev LibVLC/4.0.0-dev
If-Unmodified-Since: Fri, 17 Jul 2026 19:34:32 GMT
Range: bytes=5816-


[DBG] incoming response:
HTTP/1.1 206 Partial Content
Accept-Ranges: bytes
Content-Length: 5346207870
Content-Range: bytes 5816-5346213685/5346213686
Content-Type: video/x-matroska
Last-Modified: Fri, 17 Jul 2026 19:34:32 GMT
Date: Mon, 14 Sep 2026 13:02:59 GMT


[DBG] connection failed
[DBG] seek: preroll{ req: 60656001, start-pts: 1, start-fpos: 5816} 
[DBG] Buffering 0%
9:02:59.805 AM [player] buffering 0.0
9:02:59.917 AM [skip] +30 s (click) before=60656 ms target=90656 ms
[DBG] ES_OUT_RESET_PCR called
9:02:59.920 AM [player] buffering 0.0
[DBG] SET_TIME to 90656000
[DBG] seek request to i_pos = 90656000
[DBG] seek: preroll{ track: 1, pts: 0, fpos: 5816 skip: 5816} 
[DBG] seek: preroll{ track: 2, pts: 32256000, fpos: 18184416 skip: 18184416} 
[DBG] seek: preroll{ track: 4, pts: 26476000, fpos: 14548307 skip: 14548307} 
[DBG] seek: preroll{ req: 90656001, start-pts: 1, start-fpos: 5816} 
9:02:59.920 AM [player] buffering 0.0
[DBG] Buffering 0%
9:03:00.135 AM [skip] +30 s (click) before=90656 ms target=120656 ms
[DBG] ES_OUT_RESET_PCR called
[DBG] SET_TIME to 120656000
[DBG] seek request to i_pos = 120656000
[DBG] seek: preroll{ track: 1, pts: 0, fpos: 5816 skip: 5816} 
9:03:00.136 AM [player] buffering 0.0
[DBG] seek: preroll{ track: 2, pts: 32256000, fpos: 18184416 skip: 18184416} 
[DBG] seek: preroll{ track: 4, pts: 26476000, fpos: 14548307 skip: 14548307} 
[DBG] seek: preroll{ req: 120656001, start-pts: 1, start-fpos: 5816} 
[DBG] Buffering 0%
9:03:00.137 AM [player] buffering 0.0
9:03:00.361 AM [skip] +30 s (click) before=120656 ms target=150656 ms
[DBG] ES_OUT_RESET_PCR called
9:03:00.363 AM [player] buffering 0.0
[DBG] SET_TIME to 150656000
[DBG] seek request to i_pos = 150656000
[DBG] seek: preroll{ track: 1, pts: 0, fpos: 5816 skip: 5816} 
[DBG] seek: preroll{ track: 2, pts: 32256000, fpos: 18184416 skip: 18184416} 
[DBG] seek: preroll{ track: 4, pts: 26476000, fpos: 14548307 skip: 14548307} 
[DBG] seek: preroll{ req: 150656001, start-pts: 1, start-fpos: 5816} 
9:03:00.363 AM [player] buffering 0.0
[DBG] Buffering 0%
[DBG] Buffering 1%
[DBG] Buffering 2%
[DBG] Buffering 3%
9:03:00.582 AM [skip] +30 s (click) before=150656 ms target=180656 ms
[DBG] ES_OUT_RESET_PCR called
9:03:00.584 AM [player] buffering 0.0
[DBG] SET_TIME to 180656000
[DBG] seek request to i_pos = 180656000
[DBG] seek: preroll{ track: 1, pts: 0, fpos: 5816 skip: 5816} 
[DBG] seek: preroll{ track: 2, pts: 36544000, fpos: 20823389 skip: 20823389} 
[DBG] seek: preroll{ track: 4, pts: 26476000, fpos: 14548307 skip: 14548307} 
[DBG] resolving 192.168.1.250 ...
[DBG] outgoing request:
GET /stream/3 HTTP/1.1
Host: 192.168.1.250:8093
Accept: */*
Accept-Language: en_US
User-Agent: VLC/4.0.0-dev LibVLC/4.0.0-dev
If-Unmodified-Since: Fri, 17 Jul 2026 19:34:32 GMT
Range: bytes=5816-


[DBG] incoming response:
HTTP/1.1 206 Partial Content
Accept-Ranges: bytes
Content-Length: 5346207870
Content-Range: bytes 5816-5346213685/5346213686
Content-Type: video/x-matroska
Last-Modified: Fri, 17 Jul 2026 19:34:32 GMT
Date: Mon, 14 Sep 2026 13:03:00 GMT


[DBG] connection failed
[DBG] seek: preroll{ req: 180656001, start-pts: 1, start-fpos: 5816} 
9:03:00.654 AM [player] buffering 0.0
[DBG] Buffering 0%
9:03:00.812 AM [skip] +30 s (click) before=180656 ms target=210656 ms
[DBG] ES_OUT_RESET_PCR called
[DBG] SET_TIME to 210656000
[DBG] seek request to i_pos = 210656000
9:03:00.814 AM [player] buffering 0.0
[DBG] seek: preroll{ track: 1, pts: 0, fpos: 5816 skip: 5816} 
[DBG] seek: preroll{ track: 2, pts: 36544000, fpos: 20823389 skip: 20823389} 
[DBG] seek: preroll{ track: 4, pts: 26476000, fpos: 14548307 skip: 14548307} 
[DBG] seek: preroll{ req: 210656001, start-pts: 1, start-fpos: 5816} 
9:03:00.814 AM [player] buffering 0.0
[DBG] Buffering 0%
[DBG] Detected progressive video
[DBG] deinterlace -1, mode auto, is_needed 0
9:03:01.038 AM [skip] +30 s (click) before=210656 ms target=240656 ms
[DBG] ES_OUT_RESET_PCR called
[DBG] SET_TIME to 240656000
[DBG] seek request to i_pos = 240656000
[DBG] seek: preroll{ track: 1, pts: 0, fpos: 5816 skip: 5816} 
[DBG] seek: preroll{ track: 2, pts: 36544000, fpos: 20823389 skip: 20823389} 
[DBG] seek: preroll{ track: 4, pts: 26476000, fpos: 14548307 skip: 14548307} 
[DBG] seek: preroll{ req: 240656001, start-pts: 1, start-fpos: 5816} 
[DBG] Buffering 0%
9:03:01.039 AM [player] buffering 0.0
9:03:01.040 AM [player] buffering 0.0
[DBG] removing "video filter" module "deinterlace"
[DBG] Filter 0x10dfd2100 removed from chain
9:03:01.266 AM [skip] +30 s (click) before=240656 ms target=270656 ms
[DBG] ES_OUT_RESET_PCR called
9:03:01.268 AM [player] buffering 0.0
[DBG] SET_TIME to 270656000
[DBG] seek request to i_pos = 270656000
[DBG] seek: preroll{ track: 1, pts: 0, fpos: 5816 skip: 5816} 
[DBG] seek: preroll{ track: 2, pts: 36544000, fpos: 20823389 skip: 20823389} 
[DBG] seek: preroll{ track: 4, pts: 26476000, fpos: 14548307 skip: 14548307} 
[DBG] seek: preroll{ req: 270656001, start-pts: 1, start-fpos: 5816} 
9:03:01.268 AM [player] buffering 0.0
[DBG] Buffering 0%
9:03:01.483 AM [skip] +30 s (click) before=270656 ms target=300656 ms
[DBG] ES_OUT_RESET_PCR called
9:03:01.485 AM [player] buffering 0.0
[DBG] SET_TIME to 300656000
[DBG] seek request to i_pos = 300656000
[DBG] seek: preroll{ track: 1, pts: 0, fpos: 5816 skip: 5816} 
[DBG] seek: preroll{ track: 2, pts: 38048000, fpos: 21758757 skip: 21758757} 
[DBG] seek: preroll{ track: 4, pts: 26476000, fpos: 14548307 skip: 14548307} 
[DBG] resolving 192.168.1.250 ...
[DBG] outgoing request:
GET /stream/3 HTTP/1.1
Host: 192.168.1.250:8093
Accept: */*
Accept-Language: en_US
User-Agent: VLC/4.0.0-dev LibVLC/4.0.0-dev
If-Unmodified-Since: Fri, 17 Jul 2026 19:34:32 GMT
Range: bytes=5816-


[DBG] incoming response:
HTTP/1.1 206 Partial Content
Accept-Ranges: bytes
Content-Length: 5346207870
Content-Range: bytes 5816-5346213685/5346213686
Content-Type: video/x-matroska
Last-Modified: Fri, 17 Jul 2026 19:34:32 GMT
Date: Mon, 14 Sep 2026 13:03:01 GMT


[DBG] connection failed
[DBG] seek: preroll{ req: 300656001, start-pts: 1, start-fpos: 5816} 
[DBG] Buffering 0%
9:03:01.548 AM [player] buffering 0.0
9:03:01.714 AM [skip] +30 s (click) before=300656 ms target=330656 ms
[DBG] ES_OUT_RESET_PCR called
9:03:01.719 AM [player] buffering 0.0
[DBG] SET_TIME to 330656000
[DBG] seek request to i_pos = 330656000
[DBG] seek: preroll{ track: 1, pts: 0, fpos: 5816 skip: 5816} 
[DBG] seek: preroll{ track: 2, pts: 38048000, fpos: 21758757 skip: 21758757} 
[DBG] seek: preroll{ track: 4, pts: 26476000, fpos: 14548307 skip: 14548307} 
[DBG] seek: preroll{ req: 330656001, start-pts: 1, start-fpos: 5816} 
9:03:01.719 AM [player] buffering 0.0
[DBG] Buffering 0%
9:03:02.232 AM [skip] after=330656 ms
[DBG] Buffering 1%
[DBG] Buffering 2%
[DBG] Buffering 3%
[DBG] Buffering 4%
[DBG] Buffering 5%
[DBG] Buffering 6%
[DBG] Buffering 7%
[DBG] Buffering 8%
[DBG] Buffering 9%
[DBG] Buffering 10%
[DBG] Buffering 11%
[DBG] Buffering 12%
[DBG] Buffering 13%
[DBG] Buffering 14%
[DBG] Buffering 15%
[DBG] Buffering 16%
[DBG] Buffering 17%
[DBG] Buffering 18%
[DBG] Buffering 19%
[DBG] Buffering 20%
[DBG] Buffering 21%
[DBG] Buffering 22%
[DBG] Buffering 23%
[DBG] Buffering 24%
[DBG] Buffering 25%
[DBG] Buffering 26%
[DBG] Buffering 27%
[DBG] Buffering 28%
[DBG] Buffering 29%
[DBG] Buffering 30%
[DBG] Buffering 31%
[DBG] Buffering 32%
[DBG] Buffering 33%
[DBG] Buffering 34%
[DBG] Buffering 35%
[DBG] Buffering 36%
[DBG] Buffering 37%
[DBG] Buffering 38%
[DBG] Buffering 39%
[DBG] Buffering 40%
[DBG] Buffering 41%
[DBG] Buffering 42%
[DBG] Buffering 43%
[DBG] Buffering 44%
[DBG] Buffering 45%
[DBG] Buffering 46%
[DBG] Buffering 47%
[DBG] Buffering 48%
[DBG] Buffering 49%
[DBG] Buffering 50%
[DBG] Buffering 51%
[DBG] Buffering 52%
[DBG] Buffering 53%
[DBG] Buffering 54%
[DBG] Buffering 55%
[DBG] Buffering 56%
[DBG] Buffering 57%
[DBG] Buffering 58%
[DBG] Buffering 59%
[DBG] Buffering 60%
[DBG] Buffering 61%
[DBG] Buffering 62%
[DBG] Buffering 63%
[DBG] Buffering 64%
[DBG] Buffering 65%
[DBG] Buffering 66%
[DBG] Buffering 67%
[DBG] Buffering 68%
[DBG] Buffering 69%
[DBG] Buffering 70%
[DBG] Buffering 71%
[DBG] Buffering 72%
[DBG] Buffering 73%
[DBG] Buffering 74%
[DBG] Buffering 75%
[DBG] Buffering 76%
[DBG] Buffering 77%
[DBG] Buffering 78%
[DBG] Buffering 79%
[DBG] Buffering 80%
[DBG] Buffering 81%
[DBG] Buffering 82%
[DBG] Buffering 83%
[DBG] Buffering 84%
[DBG] Buffering 85%
[DBG] Buffering 86%
[DBG] Buffering 87%
[DBG] Buffering 88%
[DBG] Buffering 89%
[DBG] Buffering 90%
[DBG] Buffering 91%
[DBG] Buffering 92%
[DBG] Buffering 93%
[DBG] Buffering 94%
[DBG] Buffering 95%
[DBG] Buffering 96%
[DBG] Buffering 97%
[DBG] Buffering 98%
[DBG] Buffering 99%
[DBG] end of audio preroll
[DBG] end of video preroll
[DBG] Received first picture
[DBG] Stream buffering done (293633 ms in 8322 ms)
9:03:10.042 AM [player] buffering 1.0
[DBG] Decoder wait done in 0 ms
[DBG] deferring start (143680 us)
[DBG] deferring start (108388 us)
[DBG] deferring start (76160 us)
[DBG] deferring start (43942 us)
[DBG] deferring start (43657 us)
[DBG] deferring start (75450 us)
[DBG] deferring start (43365 us)
[DBG] deferring start (43118 us)
[DBG] deferring start (74882 us)
[DBG] deferring start (42757 us)
[DBG] deferring start (74370 us)
[DBG] deferring start (42139 us)
[DBG] deferring start (41976 us)
[DBG] deferring start (41727 us)
[DBG] deferring start (73512 us)
[DBG] deferring start (41425 us)
[DBG] deferring start (41219 us)
[DBG] deferring start (40843 us)
[DBG] deferring start (72600 us)
[DBG] deferring start (40464 us)
[DBG] deferring start (40232 us)
[DBG] deferring start (40003 us)
[DBG] deferring start (39729 us)
[DBG] deferring start (39475 us)
[DBG] deferring start (39223 us)
[DBG] deferring start (38926 us)
[DBG] deferring start (38676 us)
[DBG] deferring start (38436 us)
[DBG] deferring start (38228 us)
[DBG] deferring start (38027 us)
[DBG] deferring start (37790 us)
[DBG] deferring start (37555 us)
[DBG] deferring start (37260 us)
[DBG] deferring start (68843 us)
[DBG] deferring start (36661 us)
[DBG] deferring start (36395 us)
[DBG] deferring start (36155 us)
[DBG] deferring start (35961 us)
[DBG] deferring start (35630 us)
[DBG] deferring start (35429 us)
[DBG] started
[DBG] Detected interlaced video
[DBG] deinterlace -1, mode auto, is_needed 1
[DBG] Adding 'deinterlace' as static
[DBG] looking for video filter module matching "deinterlace,chain": 2 candidates
[DBG] using x deinterlace method
[DBG] deinterlacing
[DBG] using video filter module "deinterlace"
[DBG] Filter 'deinterlace' (0x10dc67600) appended to chain (0x10dc65500)
[DBG] picture displayed late (missing 16 ms)
[DBG] Detected progressive video
[DBG] deinterlace -1, mode auto, is_needed 0
[DBG] removing "video filter" module "deinterlace"
[DBG] Filter 0x10dc67600 removed from chain
[DBG] picture displayed late (missing 7 ms)
[DBG] New Chapter 405344000 uid=6062867358328441339
[DBG] Detected interlaced video
[DBG] deinterlace -1, mode auto, is_needed 1
[DBG] Adding 'deinterlace' as static
[DBG] looking for video filter module matching "deinterlace,chain": 2 candidates
[DBG] using x deinterlace method
[DBG] deinterlacing
[DBG] using video filter module "deinterlace"
[DBG] Filter 'deinterlace' (0x10d74ea00) appended to chain (0x10dc65500)
[DBG] picture displayed late (missing 17 ms)
[DBG] Detected progressive video
[DBG] deinterlace -1, mode auto, is_needed 0
[DBG] removing "video filter" module "deinterlace"
[DBG] Filter 0x10d74ea00 removed from chain
[DBG] picture displayed late (missing 9 ms)
[DBG] New Chapter 522422000 uid=2322394287846270486
[DBG] Detected interlaced video
[DBG] deinterlace -1, mode auto, is_needed 1
[DBG] Adding 'deinterlace' as static
[DBG] looking for video filter module matching "deinterlace,chain": 2 candidates
[DBG] using x deinterlace method
[DBG] deinterlacing
[DBG] using video filter module "deinterlace"
[DBG] Filter 'deinterlace' (0x10dfd2100) appended to chain (0x10dc65500)
[DBG] picture displayed late (missing 16 ms)
[DBG] Detected progressive video
[DBG] deinterlace -1, mode auto, is_needed 0
[DBG] removing "video filter" module "deinterlace"
[DBG] Filter 0x10dfd2100 removed from chain
[DBG] picture displayed late (missing 11 ms)
[DBG] Detected interlaced video
[DBG] deinterlace -1, mode auto, is_needed 1
[DBG] Adding 'deinterlace' as static
[DBG] looking for video filter module matching "deinterlace,chain": 2 candidates
[DBG] using x deinterlace method
[DBG] deinterlacing
[DBG] using video filter module "deinterlace"
[DBG] Filter 'deinterlace' (0x10d74cc00) appended to chain (0x10dc65500)
[DBG] picture displayed late (missing 13 ms)
[WARN] picture is too late to be displayed (missing 79 ms)
[WARN] picture is too late to be displayed (missing 47 ms)
[DBG] picture displayed late (missing 13 ms)
[WARN] picture is too late to be displayed (missing 82 ms)
[WARN] picture is too late to be displayed (missing 49 ms)
[DBG] picture displayed late (missing 12 ms)
9:06:59.109 AM [player] dismiss at 558649 ms, state Playing
9:06:59.111 AM [player] state Stopping at 559355 ms
[DBG] killing decoder fourcc `mpgv'
[DBG] removing "video decoder" module "avcodec"
[DBG] removing "video packetizer" module "mpegvideo"
[DBG] removing "video converter" module "swscale"
[DBG] Filter 0x10dfd0300 removed from chain
[DBG] removing "video converter" module "cvpx"
[DBG] Filter 0x10dfd0f00 removed from chain
[DBG] removing "video converter" module "chain"
[DBG] removing "video filter" module "deinterlace"
[DBG] Filter 0x10d74cc00 removed from chain
[DBG] saving a free vout
[DBG] ES track unselected: 'video/1' (fourcc: 'mpgv')
9:06:59.121 AM [player] track selected type=1 selected= unselected=video/1
[DBG] killing decoder fourcc `a52 '
[DBG] removing "audio decoder" module "avcodec"
[DBG] removing "audio packetizer" module "a52"
[DBG] removing "audio resampler" module "soxr"
[DBG] removing "audio filter" module "scaletempo"
[DBG] removing "audio volume" module "float_mixer"
[DBG] keeping audio output
[DBG] ES track unselected: 'audio/2' (fourcc: 'a52 ')
9:06:59.196 AM [player] track selected type=0 selected= unselected=audio/2
[DBG] killing decoder fourcc `subt'
[DBG] removing "spu decoder" module "subsdec"
[DBG] ES track unselected: 'spu/4' (fourcc: 'subt')
[DBG] removing "demux" module "mkv"
9:06:59.196 AM [player] track selected type=2 selected= unselected=spu/4
[DBG] ES track deleted: 'video/1' (fourcc: 'mpgv')
[DBG] ES track deleted: 'audio/2' (fourcc: 'a52 ')
[DBG] ES track deleted: 'audio/3' (fourcc: 'a52 ')
[DBG] ES track deleted: 'spu/4' (fourcc: 'subt')
[DBG] Program doesn't contain anymore ES
[DBG] removing "stream_filter" module "record"
[DBG] removing "stream_filter" module "prefetch"
[DBG] removing "access" module "http"
[DBG] connection failed
9:06:59.197 AM [player] state Stopped at 559355 ms
[DBG] stop free vout
