9:58:17.319 PM [log] started 2026-09-14 01:58:17 +0000 VLCKit 4.0.0-dev Otto Chriek
[DBG] VLC media player - 4.0.0-dev Otto Chriek
[DBG] Copyright © 1996-2026 the VideoLAN team
[DBG] revision 4.0.0-dev-38816-g2d998d8f90
[DBG] configured with /Users/videolanci/builds/Thy43VtNm/0/videolan/VLCKit/libvlc/vlc/configure  '--host=aarch64-apple-darwin' '--build=aarch64-apple-darwin25.5.0' '--prefix=/Users/videolanci/builds/Thy43VtNm/0/videolan/VLCKit/libvlc/vlc/build-appletvos-arm64/vlc-appletvos26.2-arm64' '--with-contrib=/Users/videolanci/builds/Thy43VtNm/0/videolan/VLCKit/libvlc/vlc/contrib/arm64-appletvos26.2' '--disable-sse' '--disable-vcd' '--disable-macosx' '--disable-macosx-avfoundation' '--disable-lua' '--disable-qt' '--disable-skins2' '--disable-vlc' '--disable-vlm' '--disable-nls' '--disable-notify' '--disable-projectm' '--disable-goom' '--disable-dvdread' '--disable-dvdnav' '--disable-bluray' '--disable-linsys' '--disable-libva' '--disable-gme' '--disable-tremor' '--disable-fluidsynth' '--disable-jack' '--disable-pulse' '--disable-mtp' '--disable-screen' '--disable-sparkle' '--disable-addonmanagermodules' '--disable-mad' '--disable-upnp-server' '--disable-shared' '--enable-static' 'CFLAGS=-mtvos-version-min=11.0 -arch arm64 -isysroot /Applications/Xcode.app/Contents/Developer/Platforms/AppleTVOS.platform/Developer/SDKs/AppleTVOS26.2.sdk -g' 'OBJCFLAGS=-mtvos-version-min=11.0 -arch arm64 -isysroot /Applications/Xcode.app/Contents/Developer/Platforms/AppleTVOS.platform/Developer/SDKs/AppleTVOS26.2.sdk -g' 'CXXFLAGS=-mtvos-version-min=11.0 -arch arm64 -isysroot /Applications/Xcode.app/Contents/Developer/Platforms/AppleTVOS.platform/Developer/SDKs/AppleTVOS26.2.sdk -g' 'OBJCXXFLAGS=-mtvos-version-min=11.0 -arch arm64 -isysroot /Applications/Xcode.app/Contents/Developer/Platforms/AppleTVOS.platform/Developer/SDKs/AppleTVOS26.2.sdk -g' 'ac_cv_prog_cc_c23=no' 'ac_cv_func_basename_r=no' 'ac_cv_func_clock_getres=no' 'ac_cv_func_clock_gettime=no' 'ac_cv_func_clock_settime=no' 'ac_cv_func_dirname_r=no' 'ac_cv_func_getentropy=no' 'ac_cv_func_mkostemp=no' 'ac_cv_func_mkostemps=no' 'ac_cv_func_timingsafe_bcmp=no' 'ac_cv_func_open_wmemstream=no' 'ac_cv_func_fmemopen=no' 'ac_cv_func_open_memstream=no' 'ac_cv_func_futimens=no' 'ac_cv_func_utimensat=no' 'ac_cv_func_dup3=no' 'ac_cv_func_pipe2=no' 'ac_cv_func_thread_get_register_pointer_values=no' 'ac_cv_func_aligned_alloc=no' 'ac_cv_func_timespec_get=no' 'build_alias=aarch64-apple-darwin25.5.0' 'host_alias=aarch64-apple-darwin' 'CC=/Applications/Xcode.app/Contents/Developer/Toolchains/XcodeDefault.xctoolchain/usr/bin/clang' 'LDFLAGS=-mtvos-version-min=11.0 -mtvos-version-min=11.0 -arch arm64 -isysroot /Applications/Xcode.app/Contents/Developer/Platforms/AppleTVOS.platform/Developer/SDKs/AppleTVOS26.2.sdk ' 'CPPFLAGS=-arch arm64 -isysroot /Applications/Xcode.app/Contents/Developer/Platforms/AppleTVOS.platform/Developer/SDKs/AppleTVOS26.2.sdk' 'CXX=/Applications/Xcode.app/Contents/Developer/Toolchains/XcodeDefault.xctoolchain/usr/bin/clang++' 'CPP=/Applications/Xcode.app/Contents/Developer/Toolchains/XcodeDefault.xctoolchain/usr/bin/clang -E' 'OBJC=/Applications/Xcode.app/Contents/Developer/Toolchains/XcodeDefault.xctoolchain/usr/bin/clang' 'OBJCXX=/Applications/Xcode.app/Contents/Developer/Toolchains/XcodeDefault.xctoolchain/usr/bin/clang++' 'PKG_CONFIG_LIBDIR='
[DBG] creating audio output
[DBG] looking for audio output module matching "any": 2 candidates
[DBG] using audio output module "avsamplebuffer"
[DBG] keeping audio output
9:58:17.329 PM [player] request Wonder Woman — Wonder Woman (2017).mkv · 4K HDR · TrueHD 7.1 — http://192.168.1.250:8093/stream/4
9:58:17.329 PM [player] file Movies/Wonder Woman/Wonder Woman (2017).mkv 3840x2160 hdr=true video=hevc Main 10 audio=truehd 7.1, ac3 5.1(side), ac3 5.1(side)
[DBG] Creating an input for playback'4'
9:58:17.340 PM [player] play() called
[DBG] using timeshift granularity of 50 MiB
[DBG] using default timeshift path
[DBG] `http://192.168.1.250:8093/stream/4' gives access `http' demux `any' path `192.168.1.250:8093/stream/4'
[DBG] creating access: http://192.168.1.250:8093/stream/4
[DBG] looking for access module matching "http": 2 candidates
[DBG] looking for keystore module matching "any": 1 candidates
[DBG] using keystore module "keychain"
[DBG] Lookup keychain entry for server 192.168.1.250
[WARN] lookup failed (-25300: 'Item not found')
[DBG] resolving 192.168.1.250 ...
[DBG] outgoing request:
GET /stream/4 HTTP/1.1
Host: 192.168.1.250:8093
Accept: */*
Accept-Language: en_US
User-Agent: VLC/4.0.0-dev LibVLC/4.0.0-dev
Range: bytes=0-


9:58:17.351 PM [player] state Opening at 0 ms
9:58:17.352 PM [player] buffering 0.0
[DBG] incoming response:
HTTP/1.1 206 Partial Content
Accept-Ranges: bytes
Content-Length: 58483322537
Content-Range: bytes 0-58483322536/58483322537
Content-Type: video/x-matroska
Last-Modified: Sat, 18 Jul 2026 03:52:34 GMT
Date: Mon, 14 Sep 2026 01:58:17 GMT


[DBG] removing "keystore" module "keychain"
[DBG] using access module "http"
[DBG] looking for stream_filter module matching "prefetch,cache": 2 candidates
[DBG] using 16777216 bytes buffer
[DBG] using stream_filter module "prefetch"
[DBG] looking for stream_filter module matching "any": 4 candidates
[DBG] no stream_filter modules matched with name any
[DBG] looking for stream_directory module matching "any": 0 candidates
[DBG] no stream_directory modules matched with name any
[DBG] attachment of directory-extractor failed for http://192.168.1.250:8093/stream/4
[DBG] looking for stream_filter module matching "record": 1 candidates
[DBG] using stream_filter module "record"
[DBG] creating demux "any", URL: http://192.168.1.250:8093/stream/4, path: (null)
[DBG] looking for demux module matching "any": 58 candidates
[DBG] |   + Seek head
[DBG] |   - info at 1207
[DBG] |   + Information
[DBG] |   |   + TimecodeScale=1000000
[DBG] |   |   + Muxing Application=libmakemkv v1.18.4 (1.3.10/1.5.2) darwin(arm64-release)
[DBG] |   |   + Writing Application=MakeMKV v1.18.4 darwin(arm64-release)
[DBG] |   |   + Duration=8476217
[DBG] |   |   + Title=Wonder Woman
[DBG] |   |   + Date=Sat Jul 18 02:53:09 2026
[DBG] |   |   + UID=eeb254af3d3f42f7
[DBG] |   - tracks at 1370
[DBG] |   + Tracks
[DBG] |   |   + Track Entry
[DBG] |   |   |   + Track Number=1
[DBG] |   |   |   + Track UID=1
[DBG] |   |   |   + Track Type=video
[DBG] |   |   |   + Track Default=0
[DBG] |   |   |   + Track Lacing=0
[DBG] |   |   |   + Track MinCache=1
[DBG] |   |   |   + Track CodecId=V_MPEGH/ISO/HEVC
[DBG] |   |   |   + Track CodecPrivate size=140
[DBG] |   |   |   + Track Default Duration=41708
[DBG] |   |   |   + Track Video
[DBG] |   |   |   |   + width=3840
[DBG] |   |   |   |   + height=2160
[DBG] |   |   |   |   + display width=3840
[DBG] |   |   |   |   + display height=2160
[DBG] |   |   + Track Entry
[DBG] |   |   |   + Track Number=2
[DBG] |   |   |   + Track UID=2
[DBG] |   |   |   + Track Type=audio
[DBG] |   |   |   + Track Default=1
[DBG] |   |   |   + Track Lacing=1
[DBG] |   |   |   + Track CodecId=A_TRUEHD
[DBG] |   |   |   + Track Language=`eng'
[DBG] |   |   |   + Track Default Duration=833
[DBG] |   |   |   + Track Name=Surround 7.1
[DBG] |   |   |   + Track Audio
[DBG] |   |   |   |   + afreq=48000
[DBG] |   |   |   |   + achan=8
[DBG] |   |   |   |   + abits=24
[DBG] |   |   + Track Entry
[DBG] |   |   |   + Track Number=3
[DBG] |   |   |   + Track UID=3
[DBG] |   |   |   + Track Type=audio
[DBG] |   |   |   + Track Default=0
[DBG] |   |   |   + Track Lacing=1
[DBG] |   |   |   + Track CodecId=A_AC3
[DBG] |   |   |   + Track Language=`eng'
[DBG] |   |   |   + Track Default Duration=32000
[DBG] |   |   |   + Track Name=Surround 5.1
[DBG] |   |   |   + Track Audio
[DBG] |   |   |   |   + afreq=48000
[DBG] |   |   |   |   + achan=6
[DBG] |   |   + Track Entry
[DBG] |   |   |   + Track Number=4
[DBG] |   |   |   + Track UID=4
[DBG] |   |   |   + Track Type=audio
[DBG] |   |   |   + Track Default=0
[DBG] |   |   |   + Track Lacing=1
[DBG] |   |   |   + Track CodecId=A_AC3
[DBG] |   |   |   + Track Language=`eng'
[DBG] |   |   |   + Track Default Duration=32000
[DBG] |   |   |   + Track Name=Surround 5.1
[DBG] |   |   |   + Track Audio
[DBG] |   |   |   |   + afreq=48000
[DBG] |   |   |   |   + achan=6
[DBG] |   |   + Track Entry
[DBG] |   |   |   + Track Number=5
[DBG] |   |   |   + Track UID=5
[DBG] |   |   |   + Track Type=subtitle
[DBG] |   |   |   + Track Default=0
[DBG] |   |   |   + Track Lacing=0
[DBG] |   |   |   + Track CodecId=S_HDMV/PGS
[DBG] |   |   |   + Track Language=`eng'
[DBG] |   - cues at 58483154136
[DBG] resolving 192.168.1.250 ...
[DBG] outgoing request:
GET /stream/4 HTTP/1.1
Host: 192.168.1.250:8093
Accept: */*
Accept-Language: en_US
User-Agent: VLC/4.0.0-dev LibVLC/4.0.0-dev
If-Unmodified-Since: Sat, 18 Jul 2026 03:52:34 GMT
Range: bytes=58483154136-


[DBG] incoming response:
HTTP/1.1 206 Partial Content
Accept-Ranges: bytes
Content-Length: 168401
Content-Range: bytes 58483154136-58483322536/58483322537
Content-Type: video/x-matroska
Last-Modified: Sat, 18 Jul 2026 03:52:34 GMT
Date: Mon, 14 Sep 2026 01:58:17 GMT


[DBG] connection failed
[DBG] |   + Cues
[DBG] end of stream
[DBG] |   - loading cues done.
[DBG] resolving 192.168.1.250 ...
[DBG] outgoing request:
GET /stream/4 HTTP/1.1
Host: 192.168.1.250:8093
Accept: */*
Accept-Language: en_US
User-Agent: VLC/4.0.0-dev LibVLC/4.0.0-dev
If-Unmodified-Since: Sat, 18 Jul 2026 03:52:34 GMT
Range: bytes=123-


[DBG] incoming response:
HTTP/1.1 206 Partial Content
Accept-Ranges: bytes
Content-Length: 58483322414
Content-Range: bytes 123-58483322536/58483322537
Content-Type: video/x-matroska
Last-Modified: Sat, 18 Jul 2026 03:52:34 GMT
Date: Mon, 14 Sep 2026 01:58:17 GMT


[DBG] |   - chapters at 1867
[DBG] |   + Chapters
[DBG] |   |   |   + ChapterAtom (level=0)
[DBG] |   |   |   |   + ChapterUID=51a2015c4c6a68bf
[DBG] |   |   |   |   + ChapterTimeStart=0
[DBG] |   |   |   |   + ChapterFlagHidden=no
[DBG] |   |   |   |   + ChapterTimeEnd=626876250
[DBG] |   |   |   |   + ChapterDisplay
[DBG] |   |   |   |   |   + ChapterString=Chapter 01
[DBG] |   |   |   |   |   + ChapterLanguage=eng
[DBG] |   |   |   + ChapterAtom (level=0)
[DBG] |   |   |   |   + ChapterUID=c4fa5d8dea3aa499
[DBG] |   |   |   |   + ChapterTimeStart=626876250
[DBG] |   |   |   |   + ChapterFlagHidden=no
[DBG] |   |   |   |   + ChapterTimeEnd=1392182458
[DBG] |   |   |   |   + ChapterDisplay
[DBG] |   |   |   |   |   + ChapterString=Chapter 02
[DBG] |   |   |   |   |   + ChapterLanguage=eng
[DBG] |   |   |   + ChapterAtom (level=0)
[DBG] |   |   |   |   + ChapterUID=c7b4812d013bd5f5
[DBG] |   |   |   |   + ChapterTimeStart=1392182458
[DBG] |   |   |   |   + ChapterFlagHidden=no
[DBG] |   |   |   |   + ChapterTimeEnd=1990488500
[DBG] |   |   |   |   + ChapterDisplay
[DBG] |   |   |   |   |   + ChapterString=Chapter 03
[DBG] |   |   |   |   |   + ChapterLanguage=eng
[DBG] |   |   |   + ChapterAtom (level=0)
[DBG] |   |   |   |   + ChapterUID=e8e45c9bd8dc3ec3
[DBG] |   |   |   |   + ChapterTimeStart=1990488500
[DBG] |   |   |   |   + ChapterFlagHidden=no
[DBG] |   |   |   |   + ChapterTimeEnd=2635132500
[DBG] |   |   |   |   + ChapterDisplay
[DBG] |   |   |   |   |   + ChapterString=Chapter 04
[DBG] |   |   |   |   |   + ChapterLanguage=eng
[DBG] |   |   |   + ChapterAtom (level=0)
[DBG] |   |   |   |   + ChapterUID=3403ecb3e4626f89
[DBG] |   |   |   |   + ChapterTimeStart=2635132500
[DBG] |   |   |   |   + ChapterFlagHidden=no
[DBG] |   |   |   |   + ChapterTimeEnd=3265553958
[DBG] |   |   |   |   + ChapterDisplay
[DBG] |   |   |   |   |   + ChapterString=Chapter 05
[DBG] |   |   |   |   |   + ChapterLanguage=eng
[DBG] |   |   |   + ChapterAtom (level=0)
[DBG] |   |   |   |   + ChapterUID=41cdff1db36ec6c8
[DBG] |   |   |   |   + ChapterTimeStart=3265553958
[DBG] |   |   |   |   + ChapterFlagHidden=no
[DBG] |   |   |   |   + ChapterTimeEnd=4057928875
[DBG] |   |   |   |   + ChapterDisplay
[DBG] |   |   |   |   |   + ChapterString=Chapter 06
[DBG] |   |   |   |   |   + ChapterLanguage=eng
[DBG] |   |   |   + ChapterAtom (level=0)
[DBG] |   |   |   |   + ChapterUID=f3c45d12ce17a665
[DBG] |   |   |   |   + ChapterTimeStart=4057928875
[DBG] |   |   |   |   + ChapterFlagHidden=no
[DBG] |   |   |   |   + ChapterTimeEnd=4949903291
[DBG] |   |   |   |   + ChapterDisplay
[DBG] |   |   |   |   |   + ChapterString=Chapter 07
[DBG] |   |   |   |   |   + ChapterLanguage=eng
[DBG] |   |   |   + ChapterAtom (level=0)
[DBG] |   |   |   |   + ChapterUID=13535fb7c0c22a51
[DBG] |   |   |   |   + ChapterTimeStart=4949903291
[DBG] |   |   |   |   + ChapterFlagHidden=no
[DBG] |   |   |   |   + ChapterTimeEnd=5642845541
[DBG] |   |   |   |   + ChapterDisplay
[DBG] |   |   |   |   |   + ChapterString=Chapter 08
[DBG] |   |   |   |   |   + ChapterLanguage=eng
[DBG] |   |   |   + ChapterAtom (level=0)
[DBG] |   |   |   |   + ChapterUID=dd56efa8c1a99720
[DBG] |   |   |   |   + ChapterTimeStart=5642845541
[DBG] |   |   |   |   + ChapterFlagHidden=no
[DBG] |   |   |   |   + ChapterTimeEnd=6337873208
[DBG] |   |   |   |   + ChapterDisplay
[DBG] |   |   |   |   |   + ChapterString=Chapter 09
[DBG] |   |   |   |   |   + ChapterLanguage=eng
[DBG] |   |   |   + ChapterAtom (level=0)
[DBG] |   |   |   |   + ChapterUID=d8355c87bf2c7226
[DBG] |   |   |   |   + ChapterTimeStart=6337873208
[DBG] |   |   |   |   + ChapterFlagHidden=no
[DBG] |   |   |   |   + ChapterTimeEnd=7063556500
[DBG] |   |   |   |   + ChapterDisplay
[DBG] |   |   |   |   |   + ChapterString=Chapter 10
[DBG] |   |   |   |   |   + ChapterLanguage=eng
[DBG] |   |   |   + ChapterAtom (level=0)
[DBG] |   |   |   |   + ChapterUID=b9e58f4978c89894
[DBG] |   |   |   |   + ChapterTimeStart=7063556500
[DBG] |   |   |   |   + ChapterFlagHidden=no
[DBG] |   |   |   |   + ChapterTimeEnd=7841416916
[DBG] |   |   |   |   + ChapterDisplay
[DBG] |   |   |   |   |   + ChapterString=Chapter 11
[DBG] |   |   |   |   |   + ChapterLanguage=eng
[DBG] |   |   |   + ChapterAtom (level=0)
[DBG] |   |   |   |   + ChapterUID=7ec30063235a7997
[DBG] |   |   |   |   + ChapterTimeStart=7841416916
[DBG] |   |   |   |   + ChapterFlagHidden=no
[DBG] |   |   |   |   + ChapterTimeEnd=8476217750
[DBG] |   |   |   |   + ChapterDisplay
[DBG] |   |   |   |   |   + ChapterString=Chapter 12
[DBG] |   |   |   |   |   + ChapterLanguage=eng
[DBG] |   - tags at 58483320462
[DBG] resolving 192.168.1.250 ...
[DBG] outgoing request:
GET /stream/4 HTTP/1.1
Host: 192.168.1.250:8093
Accept: */*
Accept-Language: en_US
User-Agent: VLC/4.0.0-dev LibVLC/4.0.0-dev
If-Unmodified-Since: Sat, 18 Jul 2026 03:52:34 GMT
Range: bytes=58483320462-


[DBG] incoming response:
HTTP/1.1 206 Partial Content
Accept-Ranges: bytes
Content-Length: 2075
Content-Range: bytes 58483320462-58483322536/58483322537
Content-Type: video/x-matroska
Last-Modified: Sat, 18 Jul 2026 03:52:34 GMT
Date: Mon, 14 Sep 2026 01:58:17 GMT


[DBG] connection failed
[DBG] end of stream
[DBG] |   + Tags
[DBG] + Tag
[DBG] |   + Targets
[DBG] |   |   + TrackUID: 1
[DBG] |   |   + TargetType: MOVIE
[DBG] |   + Simple Tag 
[DBG] |   |   + Meta BPS: 49979184
[DBG] |   + Simple Tag 
[DBG] |   |   + Meta DURATION: 02:21:16.217750000
[DBG] |   + Simple Tag 
[DBG] |   |   + Meta NUMBER_OF_FRAMES: 203226
[DBG] |   + Simple Tag 
[DBG] |   |   + Meta NUMBER_OF_BYTES: 52954301233
[DBG] |   + Simple Tag 
[DBG] |   |   + Meta SOURCE_ID: 001011
[DBG] |   + Simple Tag 
[DBG] |   |   + Meta _STATISTICS_WRITING_APP: MakeMKV v1.18.4 darwin(arm64-release)
[DBG] |   + Simple Tag 
[DBG] |   |   + Meta _STATISTICS_WRITING_DATE_UTC: 2026-07-18 02:53:09
[DBG] |   + Simple Tag 
[DBG] |   |   + Meta _STATISTICS_TAGS: BPS DURATION NUMBER_OF_FRAMES NUMBER_OF_BYTES SOURCE_ID
[DBG] + Tag
[DBG] |   + Targets
[DBG] |   |   + TrackUID: 2
[DBG] |   |   + TargetType: MOVIE
[DBG] |   + Simple Tag 
[DBG] |   |   + Meta BPS: 4278858
[DBG] |   + Simple Tag 
[DBG] |   |   + Meta DURATION: 02:21:16.217500000
[DBG] |   + Simple Tag 
[DBG] |   |   + Meta NUMBER_OF_FRAMES: 10171461
[DBG] |   + Simple Tag 
[DBG] |   |   + Meta NUMBER_OF_BYTES: 4533566668
[DBG] |   + Simple Tag 
[DBG] |   |   + Meta SOURCE_ID: 001100
[DBG] |   + Simple Tag 
[DBG] |   |   + Meta _STATISTICS_WRITING_APP: MakeMKV v1.18.4 darwin(arm64-release)
[DBG] |   + Simple Tag 
[DBG] |   |   + Meta _STATISTICS_WRITING_DATE_UTC: 2026-07-18 02:53:09
[DBG] |   + Simple Tag 
[DBG] |   |   + Meta _STATISTICS_TAGS: BPS DURATION NUMBER_OF_FRAMES NUMBER_OF_BYTES SOURCE_ID
[DBG] + Tag
[DBG] |   + Targets
[DBG] |   |   + TrackUID: 3
[DBG] |   |   + TargetType: MOVIE
[DBG] |   + Simple Tag 
[DBG] |   |   + Meta BPS: 448000
[DBG] |   + Simple Tag 
[DBG] |   |   + Meta DURATION: 02:21:16.224000000
[DBG] |   + Simple Tag 
[DBG] |   |   + Meta NUMBER_OF_FRAMES: 264882
[DBG] |   + Simple Tag 
[DBG] |   |   + Meta NUMBER_OF_BYTES: 474668544
[DBG] |   + Simple Tag 
[DBG] |   |   + Meta SOURCE_ID: 001100
[DBG] |   + Simple Tag 
[DBG] |   |   + Meta _STATISTICS_WRITING_APP: MakeMKV v1.18.4 darwin(arm64-release)
[DBG] |   + Simple Tag 
[DBG] |   |   + Meta _STATISTICS_WRITING_DATE_UTC: 2026-07-18 02:53:09
[DBG] |   + Simple Tag 
[DBG] |   |   + Meta _STATISTICS_TAGS: BPS DURATION NUMBER_OF_FRAMES NUMBER_OF_BYTES SOURCE_ID
[DBG] + Tag
[DBG] |   + Targets
[DBG] |   |   + TrackUID: 4
[DBG] |   |   + TargetType: MOVIE
[DBG] |   + Simple Tag 
[DBG] |   |   + Meta BPS: 448000
[DBG] |   + Simple Tag 
[DBG] |   |   + Meta DURATION: 02:21:16.224000000
[DBG] |   + Simple Tag 
[DBG] |   |   + Meta NUMBER_OF_FRAMES: 264882
[DBG] |   + Simple Tag 
[DBG] |   |   + Meta NUMBER_OF_BYTES: 474668544
[DBG] |   + Simple Tag 
[DBG] |   |   + Meta SOURCE_ID: 001101
[DBG] |   + Simple Tag 
[DBG] |   |   + Meta _STATISTICS_WRITING_APP: MakeMKV v1.18.4 darwin(arm64-release)
[DBG] |   + Simple Tag 
[DBG] |   |   + Meta _STATISTICS_WRITING_DATE_UTC: 2026-07-18 02:53:09
[DBG] |   + Simple Tag 
[DBG] |   |   + Meta _STATISTICS_TAGS: BPS DURATION NUMBER_OF_FRAMES NUMBER_OF_BYTES SOURCE_ID
[DBG] + Tag
[DBG] |   + Targets
[DBG] |   |   + TrackUID: 5
[DBG] |   |   + TargetType: MOVIE
[DBG] |   + Simple Tag 
[DBG] |   |   + Meta BPS: 29579
[DBG] |   + Simple Tag 
[DBG] |   |   + Meta DURATION: 02:20:19.890645833
[DBG] |   + Simple Tag 
[DBG] |   |   + Meta NUMBER_OF_FRAMES: 3654
[DBG] |   + Simple Tag 
[DBG] |   |   + Meta NUMBER_OF_BYTES: 31131628
[DBG] |   + Simple Tag 
[DBG] |   |   + Meta SOURCE_ID: 0012A0
[DBG] |   + Simple Tag 
[DBG] |   |   + Meta _STATISTICS_WRITING_APP: MakeMKV v1.18.4 darwin(arm64-release)
[DBG] |   + Simple Tag 
[DBG] |   |   + Meta _STATISTICS_WRITING_DATE_UTC: 2026-07-18 02:53:09
[DBG] |   + Simple Tag 
[DBG] |   |   + Meta _STATISTICS_TAGS: BPS DURATION NUMBER_OF_FRAMES NUMBER_OF_BYTES SOURCE_ID
[DBG] loading tags done.
[DBG] resolving 192.168.1.250 ...
[DBG] outgoing request:
GET /stream/4 HTTP/1.1
Host: 192.168.1.250:8093
Accept: */*
Accept-Language: en_US
User-Agent: VLC/4.0.0-dev LibVLC/4.0.0-dev
If-Unmodified-Since: Sat, 18 Jul 2026 03:52:34 GMT
Range: bytes=183-


[DBG] incoming response:
HTTP/1.1 206 Partial Content
Accept-Ranges: bytes
Content-Length: 58483322354
Content-Range: bytes 183-58483322536/58483322537
Content-Type: video/x-matroska
Last-Modified: Sat, 18 Jul 2026 03:52:34 GMT
Date: Mon, 14 Sep 2026 01:58:17 GMT


[DBG] |   + Void
[DBG] |   + Information
[DBG] |   + Tracks
[DBG] |   + Chapters
[DBG] |   + Void
[DBG] |   + Cluster
[DBG] Virtual chapter  Chapter 01 from 0 to 626876250 - 
[DBG] Virtual chapter  Chapter 02 from 626876250 to 1392182458 - 
[DBG] Virtual chapter  Chapter 03 from 1392182458 to 1990488500 - 
[DBG] Virtual chapter  Chapter 04 from 1990488500 to 2635132500 - 
[DBG] Virtual chapter  Chapter 05 from 2635132500 to 3265553958 - 
[DBG] Virtual chapter  Chapter 06 from 3265553958 to 4057928875 - 
[DBG] Virtual chapter  Chapter 07 from 4057928875 to 4949903291 - 
[DBG] Virtual chapter  Chapter 08 from 4949903291 to 5642845541 - 
[DBG] Virtual chapter  Chapter 09 from 5642845541 to 6337873208 - 
[DBG] Virtual chapter  Chapter 10 from 6337873208 to 7063556500 - 
[DBG] Virtual chapter  Chapter 11 from 7063556500 to 7841416916 - 
[DBG] Virtual chapter  Chapter 12 from 7841416916 to 8476217750 - 
[DBG] Virtual chapter  from 0 to -1 - 
[DBG] NEW START CHAPTER uid=5882265559229950143
[DBG] found 5 es
[DBG] selecting program id=0
[DBG] ES track added: 'video/1' (fourcc: 'hevc')
[DBG] ES track added: 'audio/2' (fourcc: 'mlpa')
9:58:17.447 PM [player] track added video/1 type=1
[DBG] ES track added: 'audio/3' (fourcc: 'a52 ')
[DBG] ES track added: 'audio/4' (fourcc: 'a52 ')
[DBG] ES track added: 'spu/5' (fourcc: 'bdpg')
9:58:17.447 PM [player] track added audio/2 type=0
[DBG] seek: preroll{ track: 1, pts: 0, fpos: 3592 skip: 3592} 
[DBG] seek: preroll{ req: 1, start-pts: 1, start-fpos: 3592} 
[DBG] using demux module "mkv"
9:58:17.447 PM [player] track added audio/3 type=0
[DBG] looking for video decoder module matching "any": 14 candidates
9:58:17.448 PM [player] track added audio/4 type=0
9:58:17.448 PM [player] track added spu/5 type=2
9:58:17.448 PM [player] length 8476217 ms
[DBG] vout: none found
[DBG] vout change: decoder size
[DBG] vout change: visible size
[DBG] looking for text renderer module matching "freetype": 2 candidates
[DBG] using text renderer module "freetype"
[DBG] looking for video converter module matching "any": 13 candidates
[DBG] 32x32 (32x32) chroma: YUVA colorspace: Undefined -> 16x16 (16x16) chroma: RGBA colorspace: Undefined with scaling using Bicubic (good quality)
[DBG] using video converter module "swscale"
[DBG] looking for video converter module matching "any": 13 candidates
[DBG] YUVP to YUVA converter
[DBG] using video converter module "yuvp"
[DBG] Deinterlacing available
[DBG] deinterlace -1, mode auto, is_needed 0
[DBG] looking for vout window module matching "any": 2 candidates
[DBG] resized to 1920x1080
[DBG] using vout window module "uiview_window"
[DBG] looking for inhibit module matching "any": 1 candidates
[DBG] using inhibit module "uikit_inhibit"
[DBG] looking for decoder device module matching "any": 1 candidates
[DBG] using decoder device module "videotoolbox"
[DBG] new VPS parsed: 0
[DBG] new SPS parsed: 0
[DBG] new PPS parsed: 0
[WARN] forcing output chroma (kCVPixelFormatType): x420
[INF] Using Video Toolbox to decode 'hevc'
[DBG] using video decoder module "videotoolbox"
[DBG] ES track selected: 'video/1' (fourcc: 'hevc')
[DBG] looking for audio packetizer module matching "any": 11 candidates
[DBG] using audio packetizer module "mlp"
[DBG] looking for audio decoder module matching "any": 15 candidates
9:58:17.464 PM [player] track selected type=1 selected=video/1 unselected=
[DBG] reusing audio output
[ERR] too low audio sample frequency (0)
[DBG] keeping audio output
[DBG] using Lavc63.1.100
[DBG] CPU flags: 0x00062360
[DBG] codec not found (TrueHD Audio)
[DBG] no audio decoder modules matched with name any
[ERR] Codec `mlpa' (TrueHD Audio) is not supported.
[ERR] Codec not supported
[ERR] VLC could not decode the format "mlpa" (TrueHD Audio)
[DBG] killing decoder fourcc `    '
[DBG] removing "audio packetizer" module "mlp"
[DBG] looking for audio packetizer module matching "any": 11 candidates
[DBG] using audio packetizer module "a52"
[DBG] looking for audio decoder module matching "any": 15 candidates
[DBG] reusing audio output
[ERR] too low audio sample frequency (0)
[DBG] keeping audio output
[DBG] using Lavc63.1.100
[DBG] CPU flags: 0x00062360
[DBG] codec (ac3) started
[DBG] using audio decoder module "avcodec"
[DBG] ES track selected: 'audio/3' (fourcc: 'a52 ')
[DBG] looking for meta reader module matching "any": 1 candidates
[DBG] no meta reader modules matched with name any
9:58:17.465 PM [player] track selected type=0 selected=audio/3 unselected=
[DBG] `http://192.168.1.250:8093/stream/4' successfully opened
9:58:17.465 PM [player] state Playing at 0 ms
[DBG] program(0): using clock source: 'audio'
[DBG] Buffering 0%
9:58:17.465 PM [player] buffering 0.0
[DBG] A/52 channels:6 samplerate:48000 bitrate:448000
[DBG] restarting module due to input format change
[DBG] 'decoder in/packetizer out' i_rate 0 / 48000
[DBG] 'decoder in/packetizer out' i_physical_channels 0 / 4199
[DBG] Buffering 4%
[DBG] Buffering 6%
[DBG] removing "audio decoder" module "avcodec"
[DBG] looking for audio decoder module matching "any": 15 candidates
[DBG] reusing audio output
[WARN] failed to start passthrough audio output, failing back to linear format
[DBG] Buffering 16%
[DBG] keeping audio output
[DBG] using Lavc63.1.100
[DBG] CPU flags: 0x00062360
[DBG] codec (ac3) started
[DBG] using audio decoder module "avcodec"
[DBG] Buffering 20%
[DBG] Buffering 25%
[DBG] reusing audio output
[DBG] Buffering 35%
[DBG] Buffering 37%
[DBG] Buffering 41%
[DBG] Buffering 44%
[DBG] Buffering 45%
[DBG] Buffering 58%
[DBG] Buffering 62%
[DBG] Buffering 64%
[DBG] Buffering 66%
[DBG] session accepted first frame 1
[DBG] Buffering 79%
[DBG] Buffering 83%
[DBG] Buffering 91%
[DBG] Buffering 99%
9:58:17.473 PM [player] buffering 1.0
[DBG] Stream buffering done (1001 ms in 8 ms)
[DBG] output chroma (kCVPixelFormatType): x420
[DBG] vout change: chroma
[DBG] requested window size: 3840x2160
[DBG] deinterlace -1, mode auto, is_needed 0
[DBG] Opening vout display wrapper
[DBG] looking for vout display module matching "any": 3 candidates
[DBG] using vout display module "samplebufferdisplay"
[DBG] original format sz 3840x2160, of (0,0), vsz 3840x2160, 4cc CVPP, sar 1:1, orient: normal
[DBG] removing "text renderer" module "freetype"
[DBG] looking for text renderer module matching "freetype": 2 candidates
[DBG] using text renderer module "freetype"
[DBG] requested window size: 3840x2160
[DBG] resetting projection_mode to 0
[DBG] setting projection_mode to 0
[DBG] Received first picture
[DBG] resized to 3840x2160
[DBG] Output on HDMI, channel count: 6
[DBG] VLC keeping the same input layout
[DBG] output 'f32l' 48000 Hz 3F2M/LFE frame=1 samples/24 bytes
[DBG] looking for audio volume module matching "any": 2 candidates
[DBG] using audio volume module "float_mixer"
[DBG] input 'f32l' 48000 Hz 3F2M/LFE frame=1 samples/24 bytes
[DBG] looking for audio filter module matching "scaletempo": 1 candidates
[DBG] format: 48000 rate, 6 nch, 4 bps, fl32
[DBG] params: 30 stride, 0.200 overlap, 14 search
[DBG] 1.000 scale, 1440.000 stride_in, 1440 stride_out, 1152 standing, 288 overlap, 672 search, 2400 queue, fl32 mode
[DBG] using audio filter module "scaletempo"
[DBG] conversion: 'f32l'->'f32l' 48000 Hz->48000 Hz 3F2M/LFE->3F2M/LFE
[DBG] conversion pipeline complete
[DBG] conversion: 'f32l'->'f32l' 48000 Hz->48000 Hz 3F2M/LFE->3F2M/LFE
[DBG] conversion pipeline complete
[DBG] looking for audio resampler module matching "soxr": 2 candidates
[DBG] Using SoX Resampler with 'cr32s' engine and 'Medium 16-bit with medium roll-off' quality to convert f32l/48000Hz to f32l/48000Hz.
[DBG] using audio resampler module "soxr"
[DBG] Decoder wait done in 98 ms
[DBG] control type=26
[DBG] deferring start (111729 us)
[DBG] deferring start (75793 us)
[DBG] deferring start (43630 us)
[DBG] deferring start (43429 us)
[DBG] deferring start (75081 us)
[DBG] deferring start (42976 us)
[DBG] deferring start (42780 us)
[DBG] deferring start (74545 us)
[DBG] deferring start (42443 us)
[DBG] deferring start (74201 us)
[DBG] deferring start (42113 us)
[DBG] deferring start (41924 us)
[DBG] deferring start (41747 us)
[DBG] deferring start (73338 us)
[DBG] deferring start (41247 us)
[DBG] deferring start (41058 us)
[DBG] deferring start (40900 us)
[DBG] deferring start (40725 us)
[DBG] deferring start (40528 us)
[DBG] deferring start (40381 us)
[DBG] deferring start (72131 us)
[DBG] deferring start (40022 us)
[DBG] deferring start (39897 us)
[DBG] deferring start (71707 us)
[DBG] deferring start (39595 us)
[DBG] deferring start (71296 us)
[DBG] deferring start (39214 us)
[DBG] deferring start (39053 us)
[DBG] deferring start (70794 us)
[DBG] deferring start (38718 us)
[DBG] deferring start (38577 us)
[DBG] deferring start (38427 us)
[DBG] deferring start (38274 us)
[DBG] deferring start (165933 us)
[DBG] deferring start (133842 us)
[DBG] deferring start (101770 us)
[DBG] deferring start (69698 us)
[DBG] deferring start (37580 us)
[DBG] started
[WARN] picture is too late to be displayed (missing 46 ms)
[WARN] picture is too late to be displayed (missing 46 ms)
[WARN] picture is too late to be displayed (missing 46 ms)
[WARN] picture is too late to be displayed (missing 48 ms)
[WARN] picture is too late to be displayed (missing 46 ms)
[WARN] playback too late (159885): up-sampling
[WARN] picture is too late to be displayed (missing 48 ms)
[WARN] picture is too late to be displayed (missing 46 ms)
[WARN] picture is too late to be displayed (missing 47 ms)
[WARN] picture is too late to be displayed (missing 47 ms)
[WARN] picture is too late to be displayed (missing 47 ms)
[WARN] picture is too late to be displayed (missing 47 ms)
[WARN] picture is too late to be displayed (missing 45 ms)
[WARN] picture is too late to be displayed (missing 45 ms)
[WARN] picture is too late to be displayed (missing 45 ms)
[WARN] picture is too late to be displayed (missing 47 ms)
[WARN] picture is too late to be displayed (missing 50 ms)
[WARN] picture is too late to be displayed (missing 47 ms)
[WARN] picture is too late to be displayed (missing 47 ms)
[WARN] picture is too late to be displayed (missing 45 ms)
[WARN] picture is too late to be displayed (missing 49 ms)
[WARN] picture is too late to be displayed (missing 47 ms)
[WARN] picture is too late to be displayed (missing 45 ms)
[WARN] picture is too late to be displayed (missing 49 ms)
[WARN] picture is too late to be displayed (missing 48 ms)
[WARN] picture is too late to be displayed (missing 45 ms)
[WARN] picture is too late to be displayed (missing 46 ms)
[WARN] picture is too late to be displayed (missing 47 ms)
[WARN] picture is too late to be displayed (missing 47 ms)
[WARN] picture is too late to be displayed (missing 48 ms)
[WARN] picture is too late to be displayed (missing 47 ms)
[WARN] picture is too late to be displayed (missing 46 ms)
[WARN] picture is too late to be displayed (missing 45 ms)
[WARN] picture is too late to be displayed (missing 43 ms)
[WARN] picture is too late to be displayed (missing 46 ms)
[WARN] picture is too late to be displayed (missing 47 ms)
[WARN] picture is too late to be displayed (missing 44 ms)
[WARN] picture is too late to be displayed (missing 48 ms)
[WARN] picture is too late to be displayed (missing 46 ms)
[WARN] picture is too late to be displayed (missing 46 ms)
[WARN] picture is too late to be displayed (missing 46 ms)
[WARN] picture is too late to be displayed (missing 46 ms)
[WARN] picture is too late to be displayed (missing 47 ms)
[WARN] picture is too late to be displayed (missing 45 ms)
[WARN] picture is too late to be displayed (missing 45 ms)
[WARN] picture is too late to be displayed (missing 47 ms)
[WARN] picture is too late to be displayed (missing 47 ms)
[WARN] picture is too late to be displayed (missing 47 ms)
[WARN] picture is too late to be displayed (missing 46 ms)
[WARN] picture is too late to be displayed (missing 47 ms)
[WARN] picture is too late to be displayed (missing 46 ms)
[WARN] picture is too late to be displayed (missing 49 ms)
[WARN] picture is too late to be displayed (missing 45 ms)
[WARN] picture is too late to be displayed (missing 46 ms)
[WARN] picture is too late to be displayed (missing 47 ms)
[WARN] picture is too late to be displayed (missing 45 ms)
[WARN] picture is too late to be displayed (missing 45 ms)
[WARN] picture is too late to be displayed (missing 46 ms)
[WARN] picture is too late to be displayed (missing 48 ms)
[WARN] picture is too late to be displayed (missing 44 ms)
[WARN] picture is too late to be displayed (missing 47 ms)
[WARN] picture is too late to be displayed (missing 44 ms)
[WARN] picture is too late to be displayed (missing 47 ms)
[WARN] picture is too late to be displayed (missing 48 ms)
[DBG] resampling stopped (drift: 8963 us)
[WARN] picture is too late to be displayed (missing 47 ms)
[WARN] picture is too late to be displayed (missing 46 ms)
[WARN] picture is too late to be displayed (missing 46 ms)
[WARN] picture is too late to be displayed (missing 46 ms)
[WARN] picture is too late to be displayed (missing 45 ms)
[WARN] picture is too late to be displayed (missing 44 ms)
[WARN] picture is too late to be displayed (missing 46 ms)
[WARN] picture is too late to be displayed (missing 46 ms)
[WARN] picture is too late to be displayed (missing 45 ms)
[WARN] picture is too late to be displayed (missing 44 ms)
[WARN] picture is too late to be displayed (missing 46 ms)
[WARN] picture is too late to be displayed (missing 46 ms)
9:58:45.656 PM [player] pause (select) at 27809 ms
[DBG] control type=0
[DBG] pausing
[DBG] pausing audio
9:58:45.675 PM [player] state Paused at 28004 ms
[DBG] picture displayed late (missing 6 ms)
[DBG] pausing video
9:58:46.895 PM [player] play (select) at 28111 ms
[DBG] control type=0
[DBG] resuming
9:58:46.896 PM [player] state Playing at 28111 ms
[DBG] resuming audio
[DBG] resuming video
[DBG] picture displayed late (missing 0 ms)
[WARN] picture is too late to be displayed (missing 47 ms)
[WARN] picture is too late to be displayed (missing 47 ms)
[WARN] picture is too late to be displayed (missing 50 ms)
[WARN] picture is too late to be displayed (missing 45 ms)
[WARN] picture is too late to be displayed (missing 50 ms)
[DBG] control type=3
9:58:48.563 PM [skip] +30 s (click) before=29655 ms target=59655 ms
[DBG] ES_OUT_RESET_PCR called
9:58:48.568 PM [player] buffering 0.0
[DBG] SET_TIME to 59655000
[DBG] seek request to i_pos = 59655000
[DBG] seek: preroll{ track: 1, pts: 30906000, fpos: 45299773 skip: 45299773} 
[DBG] resolving 192.168.1.250 ...
[DBG] outgoing request:
GET /stream/4 HTTP/1.1
Host: 192.168.1.250:8093
Accept: */*
Accept-Language: en_US
User-Agent: VLC/4.0.0-dev LibVLC/4.0.0-dev
If-Unmodified-Since: Sat, 18 Jul 2026 03:52:34 GMT
Range: bytes=45299756-


[DBG] incoming response:
HTTP/1.1 206 Partial Content
Accept-Ranges: bytes
Content-Length: 58438022781
Content-Range: bytes 45299756-58483322536/58483322537
Content-Type: video/x-matroska
Last-Modified: Sat, 18 Jul 2026 03:52:34 GMT
Date: Mon, 14 Sep 2026 01:58:48 GMT


[DBG] connection failed
[DBG] seek: preroll{ req: 59655001, start-pts: 30906001, start-fpos: 45299773} 
[DBG] Buffering 0%
9:58:48.718 PM [player] buffering 0.0
[DBG] Buffering 1%
[DBG] Buffering 2%
[DBG] Buffering 3%
[DBG] Buffering 4%
[DBG] Buffering 5%
[DBG] Buffering 6%
[DBG] Buffering 7%
[DBG] Buffering 8%
[DBG] Buffering 9%
[DBG] Buffering 10%
[DBG] Buffering 11%
[DBG] Buffering 12%
[DBG] Buffering 13%
[DBG] Buffering 14%
9:58:49.089 PM [skip] after=59655 ms
[DBG] Buffering 15%
[DBG] Buffering 16%
[DBG] Buffering 17%
[DBG] Buffering 18%
[DBG] Buffering 19%
[DBG] Buffering 20%
[DBG] Buffering 21%
[DBG] Buffering 22%
[DBG] Buffering 23%
[DBG] Buffering 24%
[DBG] Buffering 25%
[DBG] Buffering 26%
[DBG] Buffering 27%
[DBG] Buffering 28%
[DBG] Buffering 29%
[DBG] Buffering 30%
[DBG] Buffering 31%
[DBG] Buffering 32%
[DBG] Buffering 33%
[DBG] Buffering 34%
[DBG] Buffering 35%
[DBG] Buffering 36%
[DBG] Buffering 37%
[DBG] Buffering 38%
[DBG] Buffering 39%
[DBG] Buffering 40%
[DBG] Buffering 41%
[DBG] Buffering 42%
[DBG] Buffering 43%
[DBG] Buffering 44%
[DBG] Buffering 45%
[DBG] Buffering 46%
[DBG] Buffering 47%
[DBG] Buffering 48%
[DBG] Buffering 49%
[DBG] Buffering 50%
[DBG] Buffering 51%
[DBG] Buffering 52%
[DBG] Buffering 53%
[DBG] Buffering 54%
[DBG] Buffering 55%
[DBG] Buffering 56%
[DBG] Buffering 57%
[DBG] Buffering 58%
[DBG] Buffering 59%
[DBG] Buffering 60%
[DBG] Buffering 61%
[DBG] Buffering 62%
[DBG] Buffering 63%
[DBG] Buffering 64%
[DBG] Buffering 65%
[DBG] Buffering 66%
[DBG] Buffering 67%
[DBG] Buffering 68%
[DBG] Buffering 69%
[DBG] Buffering 70%
[DBG] Buffering 71%
[DBG] Buffering 72%
[DBG] Buffering 73%
[DBG] Buffering 74%
[DBG] Buffering 75%
[DBG] Buffering 76%
[DBG] Buffering 77%
[DBG] Buffering 78%
[DBG] Buffering 79%
[DBG] Buffering 80%
[DBG] Buffering 81%
[DBG] Buffering 82%
[DBG] Buffering 83%
[DBG] Buffering 84%
[DBG] Buffering 85%
[DBG] Buffering 86%
[DBG] Buffering 87%
[DBG] Buffering 88%
[DBG] Buffering 89%
[DBG] Buffering 90%
[DBG] Buffering 91%
[DBG] Buffering 92%
[DBG] Buffering 93%
9:58:51.535 PM [skip] -10 s (click) before=59655 ms target=49655 ms
[DBG] control type=3
[DBG] ES_OUT_RESET_PCR called
[DBG] SET_TIME to 49655000
[DBG] seek request to i_pos = 49655000
[DBG] seek: preroll{ track: 1, pts: 48757000, fpos: 98394990 skip: 98394990} 
[DBG] seek: preroll{ track: 3, pts: 49632000, fpos: 98869814 skip: 98869814} 
[DBG] resolving 192.168.1.250 ...
[DBG] outgoing request:
GET /stream/4 HTTP/1.1
Host: 192.168.1.250:8093
Accept: */*
Accept-Language: en_US
User-Agent: VLC/4.0.0-dev LibVLC/4.0.0-dev
If-Unmodified-Since: Sat, 18 Jul 2026 03:52:34 GMT
Range: bytes=98394973-


9:58:51.540 PM [player] buffering 0.0
[DBG] incoming response:
HTTP/1.1 206 Partial Content
Accept-Ranges: bytes
Content-Length: 58384927564
Content-Range: bytes 98394973-58483322536/58483322537
Content-Type: video/x-matroska
Last-Modified: Sat, 18 Jul 2026 03:52:34 GMT
Date: Mon, 14 Sep 2026 01:58:51 GMT


[DBG] connection failed
[DBG] seek: preroll{ req: 49655001, start-pts: 48757001, start-fpos: 98394990} 
[DBG] Buffering 0%
9:58:51.604 PM [player] buffering 0.0
[DBG] Buffering 2%
[DBG] Buffering 6%
[DBG] Buffering 8%
[DBG] Buffering 10%
[DBG] Buffering 17%
[DBG] Buffering 19%
[DBG] Buffering 21%
[DBG] Buffering 28%
[DBG] Buffering 30%
[DBG] Buffering 32%
[DBG] Buffering 39%
[DBG] Buffering 41%
[DBG] Buffering 43%
[DBG] Buffering 48%
[DBG] end of audio preroll
[DBG] Buffering 51%
[DBG] Buffering 52%
[DBG] Buffering 54%
[DBG] Buffering 56%
[DBG] Buffering 61%
[DBG] Buffering 63%
[DBG] Buffering 65%
[DBG] Buffering 68%
[DBG] Buffering 71%
[DBG] Buffering 72%
[DBG] Buffering 76%
[DBG] Buffering 79%
[DBG] Buffering 81%
[DBG] Buffering 86%
[DBG] Buffering 87%
[DBG] Buffering 90%
[DBG] Buffering 91%
[DBG] Buffering 92%
[DBG] Buffering 98%
[DBG] Stream buffering done (1918 ms in 106 ms)
9:58:51.711 PM [player] buffering 1.0
[DBG] end of video preroll
[DBG] Received first picture
[DBG] Decoder wait done in 92 ms
[DBG] deferring start (147488 us)
[DBG] deferring start (107922 us)
[DBG] deferring start (75486 us)
[DBG] deferring start (43101 us)
[DBG] deferring start (41888 us)
[DBG] deferring start (41412 us)
[DBG] deferring start (41140 us)
[DBG] deferring start (40844 us)
[DBG] deferring start (40475 us)
[DBG] deferring start (40196 us)
[DBG] deferring start (39253 us)
[DBG] deferring start (101571 us)
[DBG] deferring start (69233 us)
[DBG] deferring start (36953 us)
[DBG] deferring start (194572 us)
[DBG] deferring start (161222 us)
[DBG] deferring start (129002 us)
[DBG] deferring start (96631 us)
[DBG] deferring start (64355 us)
[DBG] deferring start (32164 us)
[DBG] deferring start (31927 us)
[DBG] deferring start (31703 us)
[DBG] deferring start (31480 us)
[DBG] deferring start (31258 us)
[DBG] deferring start (31053 us)
[DBG] deferring start (30517 us)
[DBG] deferring start (30209 us)
[DBG] deferring start (29899 us)
[DBG] deferring start (29712 us)
[DBG] deferring start (29581 us)
[DBG] deferring start (29484 us)
[DBG] deferring start (29359 us)
[DBG] deferring start (29247 us)
[DBG] deferring start (29150 us)
[DBG] deferring start (29065 us)
[DBG] deferring start (28965 us)
[DBG] deferring start (28731 us)
[DBG] deferring start (28518 us)
[DBG] started
9:58:52.052 PM [skip] after=49667 ms
[WARN] picture is too late to be displayed (missing 51 ms)
[WARN] picture is too late to be displayed (missing 51 ms)
[WARN] picture is too late to be displayed (missing 46 ms)
[WARN] picture is too late to be displayed (missing 48 ms)
[WARN] playback way too late (387797): flushing buffers
[WARN] picture is too late to be displayed (missing 50 ms)
[DBG] deferring start (1066439 us)
[DBG] deferring start (1029275 us)
[DBG] deferring start (1028946 us)
[DBG] deferring start (1028694 us)
[DBG] deferring start (1028513 us)
[DBG] deferring start (1028367 us)
[DBG] deferring start (1028230 us)
[DBG] deferring start (1028084 us)
[DBG] deferring start (1027850 us)
[DBG] deferring start (1027609 us)
[DBG] deferring start (870904 us)
[DBG] deferring start (870009 us)
[DBG] deferring start (869231 us)
[DBG] deferring start (824643 us)
[DBG] deferring start (726306 us)
[DBG] deferring start (725361 us)
[DBG] deferring start (724373 us)
[DBG] deferring start (657629 us)
[DBG] deferring start (656734 us)
[DBG] deferring start (655978 us)
[DBG] deferring start (617903 us)
[DBG] deferring start (617029 us)
[DBG] deferring start (616273 us)
[DBG] deferring start (439872 us)
[DBG] deferring start (439058 us)
[DBG] deferring start (438325 us)
[DBG] deferring start (412198 us)
[DBG] deferring start (411397 us)
[DBG] deferring start (410982 us)
[DBG] deferring start (410686 us)
[DBG] deferring start (410401 us)
[DBG] deferring start (409983 us)
[WARN] picture is too late to be displayed (missing 49 ms)
[DBG] deferring start (179567 us)
[DBG] deferring start (146801 us)
[DBG] deferring start (146055 us)
[DBG] deferring start (145371 us)
[DBG] deferring start (144749 us)
[DBG] deferring start (144232 us)
9:58:54.459 PM [player] pause (select) at 51760 ms
[DBG] control type=0
9:58:54.460 PM [player] state Paused at 52230 ms
[DBG] pausing
[DBG] pausing audio
[DBG] started
[DBG] picture displayed late (missing 12 ms)
[DBG] pausing video
9:58:55.693 PM [player] play (select) at 52344 ms
[DBG] control type=0
[DBG] resuming
[DBG] resuming audio
[DBG] resuming video
9:58:55.694 PM [player] state Playing at 52344 ms
[WARN] playback way too early (-1016554): playing silence
[DBG] inserting 48794 zeroes / 1016ms
[WARN] picture is too late to be displayed (missing 43 ms)
[WARN] picture is too late to be displayed (missing 48 ms)
[WARN] picture is too late to be displayed (missing 45 ms)
9:58:58.158 PM [audio] panel opened: audio/2 English TrueHD 7.1 | audio/3 English AC-3 5.1 ✓ | audio/4 English AC-3 5.1
[WARN] picture is too late to be displayed (missing 48 ms)
[WARN] picture is too late to be displayed (missing 46 ms)
[WARN] picture is too late to be displayed (missing 49 ms)
[WARN] picture is too late to be displayed (missing 47 ms)
[WARN] picture is too late to be displayed (missing 48 ms)
[WARN] picture is too late to be displayed (missing 47 ms)
[WARN] picture is too late to be displayed (missing 46 ms)
[WARN] picture is too late to be displayed (missing 48 ms)
[WARN] picture is too late to be displayed (missing 48 ms)
[WARN] picture is too late to be displayed (missing 47 ms)
9:59:02.051 PM [player] audio panel row 0
[WARN] picture is too late to be displayed (missing 46 ms)
[WARN] picture is too late to be displayed (missing 47 ms)
[WARN] picture is too late to be displayed (missing 48 ms)
[WARN] picture is too late to be displayed (missing 47 ms)
[WARN] picture is too late to be displayed (missing 45 ms)
9:59:03.285 PM [audio] select audio/2 Surround 7.1 - [English] TrueHD Audio ch=8
9:59:03.285 PM [player] panel closed
[DBG] control type=20
[DBG] killing decoder fourcc `a52 '
[DBG] removing "audio decoder" module "avcodec"
[DBG] removing "audio packetizer" module "a52"
[DBG] removing "audio resampler" module "soxr"
[DBG] removing "audio filter" module "scaletempo"
[DBG] removing "audio volume" module "float_mixer"
[DBG] keeping audio output
[DBG] ES track unselected: 'audio/3' (fourcc: 'a52 ')
[DBG] looking for audio packetizer module matching "any": 11 candidates
[DBG] using audio packetizer module "mlp"
[DBG] looking for audio decoder module matching "any": 15 candidates
[DBG] reusing audio output
[ERR] too low audio sample frequency (0)
9:59:03.382 PM [player] track selected type=0 selected= unselected=audio/3
[DBG] keeping audio output
[DBG] using Lavc63.1.100
[DBG] CPU flags: 0x00062360
[DBG] codec not found (TrueHD Audio)
[DBG] no audio decoder modules matched with name any
[ERR] Codec `mlpa' (TrueHD Audio) is not supported.
[ERR] Codec not supported
[ERR] VLC could not decode the format "mlpa" (TrueHD Audio)
[DBG] killing decoder fourcc `    '
[DBG] removing "audio packetizer" module "mlp"
[WARN] picture is too late to be displayed (missing 47 ms)
9:59:03.597 PM [audio] now selected: audio=[] text=[]
[WARN] picture is too late to be displayed (missing 47 ms)
[WARN] picture is too late to be displayed (missing 48 ms)
[WARN] picture is too late to be displayed (missing 46 ms)
[WARN] picture is too late to be displayed (missing 46 ms)
[WARN] picture is too late to be displayed (missing 47 ms)
[WARN] picture is too late to be displayed (missing 47 ms)
[WARN] picture is too late to be displayed (missing 46 ms)
[WARN] picture is too late to be displayed (missing 46 ms)
[WARN] picture is too late to be displayed (missing 46 ms)
[WARN] picture is too late to be displayed (missing 46 ms)
[WARN] picture is too late to be displayed (missing 49 ms)
[WARN] picture is too late to be displayed (missing 46 ms)
[WARN] picture is too late to be displayed (missing 48 ms)
[WARN] picture is too late to be displayed (missing 47 ms)
[WARN] picture is too late to be displayed (missing 45 ms)
[WARN] picture is too late to be displayed (missing 47 ms)
[WARN] picture is too late to be displayed (missing 47 ms)
[WARN] picture is too late to be displayed (missing 45 ms)
[WARN] picture is too late to be displayed (missing 44 ms)
9:59:10.012 PM [player] pause (select) at 66400 ms
[DBG] control type=0
[DBG] pausing
9:59:10.018 PM [player] state Paused at 66550 ms
[DBG] picture displayed late (missing 5 ms)
[DBG] pausing video
9:59:11.249 PM [player] play (select) at 66650 ms
[DBG] control type=0
[DBG] resuming
[DBG] resuming video
9:59:11.250 PM [player] state Playing at 66650 ms
[WARN] picture is too late to be displayed (missing 45 ms)
[WARN] picture is too late to be displayed (missing 44 ms)
[WARN] picture is too late to be displayed (missing 45 ms)
9:59:13.722 PM [audio] panel opened: audio/2 English TrueHD 7.1 | audio/3 English AC-3 5.1 | audio/4 English AC-3 5.1
[WARN] picture is too late to be displayed (missing 46 ms)
[WARN] picture is too late to be displayed (missing 45 ms)
[WARN] picture is too late to be displayed (missing 44 ms)
[WARN] picture is too late to be displayed (missing 44 ms)
9:59:15.959 PM [player] audio panel row 1
[WARN] picture is too late to be displayed (missing 46 ms)
[WARN] picture is too late to be displayed (missing 46 ms)
[WARN] picture is too late to be displayed (missing 46 ms)
[WARN] picture is too late to be displayed (missing 45 ms)
9:59:17.194 PM [player] audio panel row 2
[WARN] picture is too late to be displayed (missing 46 ms)
[WARN] picture is too late to be displayed (missing 45 ms)
[WARN] picture is too late to be displayed (missing 45 ms)
[WARN] picture is too late to be displayed (missing 46 ms)
[WARN] picture is too late to be displayed (missing 46 ms)
9:59:18.432 PM [audio] select audio/4 Surround 5.1 - [English] Audio Coding 3 (AC-3) ch=6
9:59:18.433 PM [player] panel closed
[DBG] control type=20
[WARN] ES 0x3 is already unselected
[DBG] looking for audio packetizer module matching "any": 11 candidates
[DBG] using audio packetizer module "a52"
[DBG] looking for audio decoder module matching "any": 15 candidates
[DBG] reusing audio output
[ERR] too low audio sample frequency (0)
[DBG] keeping audio output
[DBG] using Lavc63.1.100
[DBG] CPU flags: 0x00062360
[DBG] codec (ac3) started
[DBG] using audio decoder module "avcodec"
[DBG] ES track selected (forced): 'audio/4' (fourcc: 'a52 ')
9:59:18.437 PM [player] track selected type=0 selected=audio/4 unselected=
[DBG] A/52 channels:6 samplerate:48000 bitrate:448000
[DBG] restarting module due to input format change
[DBG] 'decoder in/packetizer out' i_rate 0 / 48000
[DBG] 'decoder in/packetizer out' i_physical_channels 0 / 4199
[DBG] removing "audio decoder" module "avcodec"
[DBG] looking for audio decoder module matching "any": 15 candidates
[DBG] reusing audio output
[WARN] failed to start passthrough audio output, failing back to linear format
[DBG] keeping audio output
[DBG] using Lavc63.1.100
[DBG] CPU flags: 0x00062360
[DBG] codec (ac3) started
[DBG] using audio decoder module "avcodec"
[DBG] reusing audio output
[DBG] Output on HDMI, channel count: 6
[DBG] VLC keeping the same input layout
[DBG] output 'f32l' 48000 Hz 3F2M/LFE frame=1 samples/24 bytes
[DBG] looking for audio volume module matching "any": 2 candidates
[DBG] using audio volume module "float_mixer"
[DBG] input 'f32l' 48000 Hz 3F2M/LFE frame=1 samples/24 bytes
[DBG] looking for audio filter module matching "scaletempo": 1 candidates
[DBG] format: 48000 rate, 6 nch, 4 bps, fl32
[DBG] params: 30 stride, 0.200 overlap, 14 search
[DBG] 1.000 scale, 1440.000 stride_in, 1440 stride_out, 1152 standing, 288 overlap, 672 search, 2400 queue, fl32 mode
[DBG] using audio filter module "scaletempo"
[DBG] conversion: 'f32l'->'f32l' 48000 Hz->48000 Hz 3F2M/LFE->3F2M/LFE
[DBG] conversion pipeline complete
[DBG] conversion: 'f32l'->'f32l' 48000 Hz->48000 Hz 3F2M/LFE->3F2M/LFE
[DBG] conversion pipeline complete
[DBG] looking for audio resampler module matching "soxr": 2 candidates
[DBG] Using SoX Resampler with 'cr32s' engine and 'Medium 16-bit with medium roll-off' quality to convert f32l/48000Hz to f32l/48000Hz.
[DBG] using audio resampler module "soxr"
[DBG] deferring start (1096385 us)
[DBG] deferring start (1059150 us)
[DBG] deferring start (1058614 us)
[DBG] deferring start (1058338 us)
[DBG] deferring start (1058098 us)
[DBG] deferring start (1057857 us)
[WARN] picture is too late to be displayed (missing 47 ms)
[DBG] deferring start (983449 us)
[DBG] deferring start (982588 us)
[DBG] deferring start (981702 us)
[DBG] deferring start (971876 us)
9:59:18.754 PM [audio] now selected: audio=["audio/4"] text=[]
[DBG] deferring start (856376 us)
[DBG] deferring start (855495 us)
[DBG] deferring start (854725 us)
[WARN] picture is too late to be displayed (missing 47 ms)
[DBG] deferring start (755793 us)
[DBG] deferring start (754371 us)
[DBG] deferring start (753379 us)
[DBG] deferring start (675843 us)
[DBG] deferring start (674964 us)
[DBG] deferring start (674129 us)
[DBG] deferring start (566681 us)
[DBG] deferring start (565787 us)
[DBG] deferring start (565297 us)
[DBG] deferring start (471400 us)
[DBG] deferring start (470415 us)
[DBG] deferring start (469652 us)
[WARN] picture is too late to be displayed (missing 46 ms)
[DBG] deferring start (374298 us)
[DBG] deferring start (373099 us)
[DBG] deferring start (372368 us)
[DBG] deferring start (277407 us)
[DBG] deferring start (276566 us)
[DBG] deferring start (275793 us)
[WARN] picture is too late to be displayed (missing 47 ms)
[DBG] deferring start (180786 us)
[DBG] deferring start (180121 us)
[DBG] deferring start (179366 us)
[DBG] deferring start (178617 us)
[DBG] deferring start (177895 us)
[DBG] deferring start (177076 us)
[WARN] picture is too late to be displayed (missing 44 ms)
[DBG] started
[WARN] picture is too late to be displayed (missing 47 ms)
[WARN] picture is too late to be displayed (missing 46 ms)
[WARN] picture is too late to be displayed (missing 46 ms)
[WARN] picture is too late to be displayed (missing 45 ms)
[WARN] picture is too late to be displayed (missing 46 ms)
[WARN] playback way too late (284185): flushing buffers
[DBG] deferring start (1063480 us)
[DBG] deferring start (1026742 us)
[DBG] deferring start (1026493 us)
[DBG] deferring start (1026194 us)
[DBG] deferring start (1025760 us)
[DBG] deferring start (1025489 us)
[DBG] deferring start (1025252 us)
[DBG] deferring start (952846 us)
[DBG] deferring start (952187 us)
[DBG] deferring start (951743 us)
[WARN] picture is too late to be displayed (missing 45 ms)
[DBG] deferring start (883873 us)
[DBG] deferring start (851017 us)
[DBG] deferring start (849831 us)
[DBG] deferring start (849036 us)
[DBG] deferring start (848355 us)
[DBG] deferring start (847653 us)
[WARN] picture is too late to be displayed (missing 47 ms)
[DBG] deferring start (660898 us)
[DBG] deferring start (660270 us)
[DBG] deferring start (659981 us)
[DBG] deferring start (642607 us)
[DBG] deferring start (641883 us)
[DBG] deferring start (641152 us)
[DBG] deferring start (513531 us)
[DBG] deferring start (512631 us)
[DBG] deferring start (511829 us)
[WARN] picture is too late to be displayed (missing 45 ms)
[DBG] deferring start (389895 us)
[DBG] deferring start (388868 us)
[DBG] deferring start (313990 us)
[DBG] deferring start (312873 us)
[DBG] deferring start (312076 us)
[WARN] picture is too late to be displayed (missing 46 ms)
[DBG] deferring start (243163 us)
[DBG] deferring start (210394 us)
[DBG] deferring start (209773 us)
[DBG] deferring start (137089 us)
[DBG] deferring start (136190 us)
[DBG] deferring start (135200 us)
[DBG] deferring start (20026 us)
[DBG] deferring start (18641 us)
[DBG] deferring start (17850 us)
[DBG] started
[WARN] picture is too late to be displayed (missing 46 ms)
[WARN] picture is too late to be displayed (missing 45 ms)
[WARN] picture is too late to be displayed (missing 45 ms)
9:59:22.655 PM [player] pause (select) at 77703 ms
[DBG] control type=0
[DBG] pausing
[DBG] pausing audio
[DBG] pausing video
9:59:22.662 PM [player] state Paused at 77957 ms
9:59:23.886 PM [player] play (select) at 77995 ms
[DBG] control type=0
9:59:23.887 PM [player] state Playing at 77995 ms
[DBG] resuming
[DBG] resuming audio
[DBG] resuming video
[DBG] picture displayed late (missing 10 ms)
[WARN] playback way too late (256834): flushing buffers
[WARN] picture is too late to be displayed (missing 47 ms)
[DBG] deferring start (1088761 us)
[DBG] deferring start (1052602 us)
[DBG] deferring start (1052298 us)
[DBG] deferring start (1052088 us)
[DBG] deferring start (1051267 us)
[DBG] deferring start (1051010 us)
[DBG] deferring start (1050797 us)
[DBG] deferring start (961105 us)
[DBG] deferring start (960702 us)
[DBG] deferring start (960313 us)
[DBG] deferring start (856540 us)
[DBG] deferring start (855743 us)
[DBG] deferring start (854993 us)
[DBG] deferring start (758408 us)
[DBG] deferring start (757362 us)
[DBG] deferring start (756582 us)
[WARN] picture is too late to be displayed (missing 46 ms)
[DBG] deferring start (664008 us)
[DBG] deferring start (694585 us)
[DBG] deferring start (661908 us)
[DBG] deferring start (569503 us)
[DBG] deferring start (568554 us)
[DBG] deferring start (567806 us)
[WARN] picture is too late to be displayed (missing 47 ms)
[DBG] deferring start (474090 us)
[DBG] deferring start (473701 us)
[DBG] deferring start (404738 us)
[DBG] deferring start (403904 us)
[DBG] deferring start (403186 us)
[WARN] picture is too late to be displayed (missing 45 ms)
[DBG] deferring start (340428 us)
[DBG] deferring start (307896 us)
[DBG] deferring start (307189 us)
[DBG] deferring start (213525 us)
[DBG] deferring start (212411 us)
[DBG] deferring start (211588 us)
[WARN] picture is too late to be displayed (missing 47 ms)
[DBG] deferring start (177852 us)
[DBG] deferring start (144879 us)
[DBG] deferring start (112202 us)
[DBG] deferring start (21551 us)
[DBG] deferring start (21016 us)
[DBG] deferring start (20590 us)
[DBG] started
[WARN] picture is too late to be displayed (missing 46 ms)
[WARN] picture is too late to be displayed (missing 47 ms)
[WARN] picture is too late to be displayed (missing 45 ms)
[WARN] picture is too late to be displayed (missing 47 ms)
[WARN] picture is too late to be displayed (missing 47 ms)
[WARN] playback way too late (195211): flushing buffers
[DBG] deferring start (1067093 us)
[DBG] deferring start (1030389 us)
[DBG] deferring start (1030043 us)
[DBG] deferring start (1029743 us)
[DBG] deferring start (1029479 us)
[DBG] deferring start (1029250 us)
[DBG] deferring start (1029071 us)
[WARN] picture is too late to be displayed (missing 47 ms)
[DBG] deferring start (952465 us)
[DBG] deferring start (983795 us)
[DBG] deferring start (951306 us)
[DBG] deferring start (936927 us)
[DBG] deferring start (822946 us)
[DBG] deferring start (853823 us)
[DBG] deferring start (821195 us)
[WARN] picture is too late to be displayed (missing 48 ms)
[DBG] deferring start (723150 us)
[DBG] deferring start (722287 us)
[DBG] deferring start (721522 us)
[DBG] deferring start (642873 us)
[DBG] deferring start (641975 us)
[DBG] deferring start (641313 us)
[DBG] deferring start (536170 us)
[DBG] deferring start (535361 us)
[DBG] deferring start (534587 us)
[DBG] deferring start (440612 us)
[DBG] deferring start (440277 us)
[DBG] deferring start (439477 us)
[WARN] picture is too late to be displayed (missing 47 ms)
[DBG] deferring start (341413 us)
[DBG] deferring start (370630 us)
[DBG] deferring start (337865 us)
[DBG] deferring start (249948 us)
[DBG] deferring start (249052 us)
[DBG] deferring start (248305 us)
[WARN] picture is too late to be displayed (missing 47 ms)
[DBG] deferring start (150773 us)
[DBG] deferring start (149888 us)
[DBG] deferring start (149120 us)
[DBG] deferring start (143420 us)
[DBG] deferring start (142379 us)
[DBG] deferring start (141663 us)
[WARN] picture is too late to be displayed (missing 46 ms)
[DBG] started
9:59:27.586 PM [subtitles] panel opened: spu/5 English BD PGS subtitles 
[WARN] picture is too late to be displayed (missing 47 ms)
[WARN] picture is too late to be displayed (missing 48 ms)
[WARN] picture is too late to be displayed (missing 47 ms)
[WARN] picture is too late to be displayed (missing 47 ms)
[WARN] picture is too late to be displayed (missing 47 ms)
[WARN] playback way too late (195168): flushing buffers
[DBG] deferring start (1067621 us)
[DBG] deferring start (1030394 us)
[DBG] deferring start (1030030 us)
[DBG] deferring start (1029683 us)
[DBG] deferring start (1029380 us)
[DBG] deferring start (1029093 us)
[DBG] deferring start (1028863 us)
[DBG] deferring start (984653 us)
[DBG] deferring start (952332 us)
[DBG] deferring start (951971 us)
[DBG] deferring start (861940 us)
[DBG] deferring start (861013 us)
[DBG] deferring start (860295 us)
[WARN] picture is too late to be displayed (missing 47 ms)
[DBG] deferring start (756064 us)
[DBG] deferring start (755153 us)
[DBG] deferring start (754382 us)
[DBG] deferring start (665706 us)
[DBG] deferring start (664808 us)
[DBG] deferring start (664076 us)
[WARN] picture is too late to be displayed (missing 48 ms)
[DBG] deferring start (564569 us)
[DBG] deferring start (563295 us)
[DBG] deferring start (562409 us)
[DBG] deferring start (470664 us)
[DBG] deferring start (469735 us)
[DBG] deferring start (468947 us)
[WARN] picture is too late to be displayed (missing 46 ms)
[DBG] deferring start (374303 us)
[DBG] deferring start (373363 us)
[DBG] deferring start (372583 us)
[DBG] deferring start (365193 us)
[DBG] deferring start (247874 us)
[DBG] deferring start (247011 us)
[DBG] deferring start (246211 us)
[WARN] picture is too late to be displayed (missing 48 ms)
[DBG] deferring start (147554 us)
[DBG] deferring start (146557 us)
[DBG] deferring start (145429 us)
[DBG] deferring start (68954 us)
[DBG] deferring start (68044 us)
[DBG] deferring start (67186 us)
[DBG] started
[WARN] picture is too late to be displayed (missing 47 ms)
[WARN] picture is too late to be displayed (missing 46 ms)
[WARN] picture is too late to be displayed (missing 46 ms)
[WARN] picture is too late to be displayed (missing 47 ms)
[WARN] picture is too late to be displayed (missing 45 ms)
[WARN] playback way too late (195160): flushing buffers
[DBG] deferring start (1089611 us)
[DBG] deferring start (1054099 us)
[DBG] deferring start (1053826 us)
[DBG] deferring start (1053699 us)
[DBG] deferring start (1083218 us)
[DBG] deferring start (1051140 us)
[DBG] deferring start (1051057 us)
[WARN] picture is too late to be displayed (missing 47 ms)
[DBG] deferring start (951758 us)
[DBG] deferring start (951085 us)
[DBG] deferring start (950791 us)
[DBG] deferring start (939190 us)
[DBG] deferring start (938913 us)
[DBG] deferring start (938717 us)
9:59:31.442 PM [player] subtitles panel row 1
[WARN] picture is too late to be displayed (missing 45 ms)
[DBG] deferring start (824260 us)
[DBG] deferring start (791848 us)
[DBG] deferring start (759580 us)
[DBG] deferring start (727915 us)
[DBG] deferring start (696662 us)
[DBG] deferring start (664287 us)
[DBG] deferring start (631985 us)
[WARN] picture is too late to be displayed (missing 47 ms)
[DBG] deferring start (537608 us)
[DBG] deferring start (537205 us)
[DBG] deferring start (536933 us)
[DBG] deferring start (438254 us)
[DBG] deferring start (437765 us)
[DBG] deferring start (437512 us)
[DBG] deferring start (346891 us)
[DBG] deferring start (346496 us)
[DBG] deferring start (346244 us)
[DBG] deferring start (247486 us)
[DBG] deferring start (247092 us)
[DBG] deferring start (246818 us)
[WARN] picture is too late to be displayed (missing 44 ms)
[DBG] deferring start (149712 us)
[DBG] deferring start (149234 us)
[DBG] deferring start (148871 us)
[DBG] deferring start (148590 us)
[DBG] deferring start (148375 us)
[DBG] deferring start (148141 us)
[WARN] picture is too late to be displayed (missing 45 ms)
[DBG] started
[WARN] picture is too late to be displayed (missing 46 ms)
9:59:32.669 PM [subtitles] select spu/5 Track 0 - [English] BD PGS subtitles
9:59:32.669 PM [player] panel closed
[DBG] control type=20
[DBG] looking for spu decoder module matching "any": 19 candidates
[DBG] using Lavc63.1.100
[DBG] CPU flags: 0x00062360
[DBG] libavcodec codec (pgssub) started
[DBG] using spu decoder module "avcodec"
[DBG] ES track selected (forced): 'spu/5' (fourcc: 'bdpg')
9:59:32.672 PM [player] track selected type=2 selected=spu/5 unselected=
[WARN] picture is too late to be displayed (missing 51 ms)
9:59:32.982 PM [subtitles] now selected: audio=["audio/4"] text=["spu/5"]
[WARN] picture is too late to be displayed (missing 47 ms)
[WARN] picture is too late to be displayed (missing 45 ms)
[WARN] picture is too late to be displayed (missing 45 ms)
[WARN] playback way too late (195135): flushing buffers
[DBG] deferring start (1099778 us)
[DBG] deferring start (1063754 us)
[DBG] deferring start (1063497 us)
[DBG] deferring start (1063244 us)
[DBG] deferring start (1063044 us)
[DBG] deferring start (1014257 us)
[DBG] deferring start (1013822 us)
[DBG] deferring start (1013546 us)
[WARN] picture is too late to be displayed (missing 47 ms)
[DBG] deferring start (920585 us)
[DBG] deferring start (920008 us)
[DBG] deferring start (919145 us)
[DBG] deferring start (835129 us)
[DBG] deferring start (834188 us)
[DBG] deferring start (833211 us)
[DBG] deferring start (754663 us)
[DBG] deferring start (721811 us)
[DBG] deferring start (721103 us)
[DBG] deferring start (633768 us)
[DBG] deferring start (633334 us)
[DBG] deferring start (632565 us)
[WARN] picture is too late to be displayed (missing 46 ms)
[DBG] deferring start (535310 us)
[DBG] deferring start (564209 us)
[DBG] deferring start (531181 us)
[DBG] deferring start (437725 us)
[DBG] deferring start (436809 us)
[DBG] deferring start (436101 us)
[WARN] picture is too late to be displayed (missing 46 ms)
[DBG] deferring start (343888 us)
[DBG] deferring start (343000 us)
[DBG] deferring start (342225 us)
[DBG] deferring start (336093 us)
[DBG] deferring start (335243 us)
[DBG] deferring start (334545 us)
[WARN] picture is too late to be displayed (missing 44 ms)
[DBG] deferring start (154070 us)
[DBG] deferring start (153195 us)
[DBG] deferring start (152480 us)
[DBG] deferring start (124528 us)
[DBG] deferring start (21118 us)
[DBG] deferring start (20246 us)
[DBG] deferring start (19434 us)
[DBG] started
[WARN] picture is too late to be displayed (missing 46 ms)
[WARN] picture is too late to be displayed (missing 47 ms)
[WARN] picture is too late to be displayed (missing 46 ms)
[WARN] picture is too late to be displayed (missing 46 ms)
[WARN] picture is too late to be displayed (missing 47 ms)
[WARN] playback way too late (205816): flushing buffers
[DBG] deferring start (1067368 us)
[DBG] deferring start (1030391 us)
[DBG] deferring start (1030088 us)
[DBG] deferring start (1029864 us)
[DBG] deferring start (1029635 us)
[DBG] deferring start (1029410 us)
[DBG] deferring start (1029225 us)
[WARN] picture is too late to be displayed (missing 48 ms)
[DBG] deferring start (949374 us)
[DBG] deferring start (948903 us)
[DBG] deferring start (948512 us)
[DBG] deferring start (944461 us)
[DBG] deferring start (944044 us)
[DBG] deferring start (943711 us)
[WARN] picture is too late to be displayed (missing 45 ms)
[DBG] deferring start (760567 us)
[DBG] deferring start (759969 us)
[DBG] deferring start (759262 us)
[DBG] deferring start (734179 us)
[DBG] deferring start (733276 us)
[DBG] deferring start (732425 us)
[DBG] deferring start (606794 us)
[DBG] deferring start (605837 us)
[DBG] deferring start (605088 us)
[WARN] picture is too late to be displayed (missing 46 ms)
[DBG] deferring start (483626 us)
[DBG] deferring start (483150 us)
[DBG] deferring start (407243 us)
[DBG] deferring start (406378 us)
[DBG] deferring start (405624 us)
[WARN] picture is too late to be displayed (missing 45 ms)
[DBG] deferring start (309405 us)
[DBG] deferring start (308542 us)
[DBG] deferring start (307747 us)
[DBG] deferring start (233865 us)
[DBG] deferring start (232946 us)
[DBG] deferring start (232151 us)
[DBG] deferring start (117181 us)
[DBG] deferring start (116394 us)
[DBG] deferring start (115534 us)
[DBG] deferring start (23698 us)
[DBG] deferring start (22791 us)
[DBG] deferring start (21999 us)
[WARN] picture is too late to be displayed (missing 47 ms)
[DBG] started
[WARN] picture is too late to be displayed (missing 45 ms)
[WARN] picture is too late to be displayed (missing 46 ms)
[WARN] picture is too late to be displayed (missing 48 ms)
[WARN] picture is too late to be displayed (missing 46 ms)
[WARN] picture is too late to be displayed (missing 47 ms)
[WARN] playback way too late (216453): flushing buffers
[DBG] deferring start (1078371 us)
[DBG] deferring start (1041752 us)
[DBG] deferring start (1041397 us)
[DBG] deferring start (1041067 us)
[DBG] deferring start (1040741 us)
[DBG] deferring start (1040533 us)
[DBG] deferring start (1040316 us)
[WARN] picture is too late to be displayed (missing 44 ms)
[DBG] deferring start (983580 us)
[DBG] deferring start (950955 us)
[DBG] deferring start (950401 us)
[DBG] deferring start (921994 us)
[DBG] deferring start (821267 us)
[DBG] deferring start (820425 us)
[DBG] deferring start (819684 us)
[WARN] picture is too late to be displayed (missing 47 ms)
[DBG] deferring start (788629 us)
[DBG] deferring start (755825 us)
[DBG] deferring start (723287 us)
9:59:38.903 PM [player] pause (select) at 92957 ms
[DBG] control type=0
[DBG] pausing
[DBG] not really pausing SPU
[DBG] pausing audio
[DBG] pausing video
9:59:38.919 PM [player] state Paused at 92978 ms
[DBG] started
9:59:40.136 PM [player] play (select) at 93010 ms
[DBG] control type=0
9:59:40.138 PM [player] state Playing at 93010 ms
[DBG] resuming
[DBG] not really resuming SPU
[DBG] resuming audio
[DBG] resuming video
[DBG] picture displayed late (missing 7 ms)
[WARN] picture is too late to be displayed (missing 46 ms)
[WARN] picture is too late to be displayed (missing 45 ms)
[WARN] playback way too early (-1024271): playing silence
[DBG] inserting 49165 zeroes / 1024ms
[WARN] picture is too late to be displayed (missing 45 ms)
[WARN] picture is too late to be displayed (missing 47 ms)
[WARN] picture is too late to be displayed (missing 45 ms)
[WARN] picture is too late to be displayed (missing 47 ms)
[WARN] picture is too late to be displayed (missing 45 ms)
9:59:41.919 PM [player] dismiss at 93978 ms, state Playing
9:59:41.920 PM [player] state Stopping at 94759 ms
[DBG] killing decoder fourcc `hevc'
[DBG] removing "video decoder" module "videotoolbox"
[DBG] saving a free vout
[DBG] ES track unselected: 'video/1' (fourcc: 'hevc')
9:59:41.930 PM [player] track selected type=1 selected= unselected=video/1
[DBG] killing decoder fourcc `a52 '
[DBG] removing "audio decoder" module "avcodec"
[DBG] removing "audio packetizer" module "a52"
[DBG] removing "audio resampler" module "soxr"
[DBG] removing "audio filter" module "scaletempo"
[DBG] removing "audio volume" module "float_mixer"
[DBG] keeping audio output
[DBG] ES track unselected: 'audio/4' (fourcc: 'a52 ')
9:59:42.015 PM [player] track selected type=0 selected= unselected=audio/4
[DBG] killing decoder fourcc `bdpg'
[DBG] removing "spu decoder" module "avcodec"
[DBG] ES track unselected: 'spu/5' (fourcc: 'bdpg')
[DBG] removing "demux" module "mkv"
9:59:42.015 PM [player] track selected type=2 selected= unselected=spu/5
[DBG] ES track deleted: 'video/1' (fourcc: 'hevc')
[DBG] ES track deleted: 'audio/2' (fourcc: 'mlpa')
[DBG] ES track deleted: 'audio/3' (fourcc: 'a52 ')
[DBG] ES track deleted: 'audio/4' (fourcc: 'a52 ')
[DBG] ES track deleted: 'spu/5' (fourcc: 'bdpg')
[DBG] Program doesn't contain anymore ES
[DBG] removing "stream_filter" module "record"
[DBG] removing "stream_filter" module "prefetch"
[DBG] removing "access" module "http"
[DBG] connection failed
9:59:42.016 PM [player] state Stopped at 94759 ms
[DBG] destroying input for 'Wonder Woman'
[DBG] stop free vout
